[0.000000] (-) TimerEvent: {}
[0.011731] (rplidar_ros) JobQueued: {'identifier': 'rplidar_ros', 'dependencies': OrderedDict()}
[0.011915] (servo_control) JobQueued: {'identifier': 'servo_control', 'dependencies': OrderedDict()}
[0.012029] (rplidar_ros) JobStarted: {'identifier': 'rplidar_ros'}
[0.062798] (servo_control) JobStarted: {'identifier': 'servo_control'}
[0.099519] (-) TimerEvent: {}
[0.115813] (rplidar_ros) JobProgress: {'identifier': 'rplidar_ros', 'progress': 'cmake'}
[0.124639] (rplidar_ros) JobProgress: {'identifier': 'rplidar_ros', 'progress': 'build'}
[0.129164] (rplidar_ros) Command: {'cmd': ['/usr/bin/cmake', '--build', '/root/lidar_system/build/rplidar_ros', '--', '-j4', '-l4'], 'cwd': '/root/lidar_system/build/rplidar_ros', 'env': OrderedDict([('HOSTNAME', 'ubuntu-desktop'), ('SHLVL', '1'), ('LD_LIBRARY_PATH', '/opt/ros/foxy/opt/yaml_cpp_vendor/lib:/opt/ros/foxy/opt/rviz_ogre_vendor/lib:/opt/ros/foxy/lib/aarch64-linux-gnu:/opt/ros/foxy/lib'), ('HOME', '/root'), ('OLDPWD', '/'), ('ROS_PYTHON_VERSION', '3'), ('ROS_DISTRO', 'foxy'), ('_', '/usr/bin/colcon'), ('ROS_VERSION', '2'), ('ROS_LOCALHOST_ONLY', '0'), ('QT_X11_NO_MITSHM', '1'), ('PATH', '/opt/ros/foxy/bin:/usr/local/sbin:/usr/local/bin:/usr/sbin:/usr/bin:/sbin:/bin'), ('FASTRTPS_DEFAULT_PROFILES_FILE', '/fastdds.xml'), ('DISPLAY', ':0'), ('LANG', 'C.UTF-8'), ('RMW_IMPLEMENTATION', 'rmw_fastrtps_cpp'), ('ROS_DOMAIN_ID', '0'), ('AMENT_PREFIX_PATH', '/opt/ros/foxy'), ('PWD', '/root/lidar_system/build/rplidar_ros'), ('LC_ALL', 'C.UTF-8'), ('PYTHONPATH', '/opt/ros/foxy/lib/python3.8/site-packages'), ('COLCON', '1'), ('CMAKE_PREFIX_PATH', '/opt/ros/foxy')]), 'shell': False}
[0.147182] (servo_control) JobProgress: {'identifier': 'servo_control', 'progress': 'cmake'}
[0.154772] (servo_control) JobProgress: {'identifier': 'servo_control', 'progress': 'build'}
[0.156308] (servo_control) Command: {'cmd': ['/usr/bin/cmake', '--build', '/root/lidar_system/build/servo_control', '--', '-j4', '-l4'], 'cwd': '/root/lidar_system/build/servo_control', 'env': OrderedDict([('HOSTNAME', 'ubuntu-desktop'), ('SHLVL', '1'), ('LD_LIBRARY_PATH', '/opt/ros/foxy/opt/yaml_cpp_vendor/lib:/opt/ros/foxy/opt/rviz_ogre_vendor/lib:/opt/ros/foxy/lib/aarch64-linux-gnu:/opt/ros/foxy/lib'), ('HOME', '/root'), ('OLDPWD', '/'), ('ROS_PYTHON_VERSION', '3'), ('ROS_DISTRO', 'foxy'), ('_', '/usr/bin/colcon'), ('ROS_VERSION', '2'), ('ROS_LOCALHOST_ONLY', '0'), ('QT_X11_NO_MITSHM', '1'), ('PATH', '/opt/ros/foxy/bin:/usr/local/sbin:/usr/local/bin:/usr/sbin:/usr/bin:/sbin:/bin'), ('FASTRTPS_DEFAULT_PROFILES_FILE', '/fastdds.xml'), ('DISPLAY', ':0'), ('LANG', 'C.UTF-8'), ('RMW_IMPLEMENTATION', 'rmw_fastrtps_cpp'), ('ROS_DOMAIN_ID', '0'), ('AMENT_PREFIX_PATH', '/opt/ros/foxy'), ('PWD', '/root/lidar_system/build/servo_control'), ('LC_ALL', 'C.UTF-8'), ('PYTHONPATH', '/opt/ros/foxy/lib/python3.8/site-packages'), ('COLCON', '1'), ('CMAKE_PREFIX_PATH', '/opt/ros/foxy')]), 'shell': False}
[0.201094] (-) TimerEvent: {}
[0.301551] (-) TimerEvent: {}
[0.339518] (servo_control) StdoutLine: {'line': b'-- Found ament_cmake: 0.9.12 (/opt/ros/foxy/share/ament_cmake/cmake)\n'}
[0.401726] (-) TimerEvent: {}
[0.502092] (-) TimerEvent: {}
[0.504615] (servo_control) StdoutLine: {'line': b'-- Using PYTHON_EXECUTABLE: /usr/bin/python3\n'}
[0.569218] (rplidar_ros) StdoutLine: {'line': b'[  5%] Built target rplidar_client\n'}
[0.591458] (rplidar_ros) StdoutLine: {'line': b'[ 52%] Built target rplidar_composition\n'}
[0.602265] (-) TimerEvent: {}
[0.612157] (rplidar_ros) StdoutLine: {'line': b'[100%] Built target rplidar_node\n'}
[0.661591] (rplidar_ros) CommandEnded: {'returncode': 0}
[0.703189] (-) TimerEvent: {}
[0.806911] (-) TimerEvent: {}
[0.907658] (-) TimerEvent: {}
[1.008051] (-) TimerEvent: {}
[1.065257] (rplidar_ros) JobProgress: {'identifier': 'rplidar_ros', 'progress': 'install'}
[1.108407] (-) TimerEvent: {}
[1.109833] (rplidar_ros) Command: {'cmd': ['/usr/bin/cmake', '--install', '/root/lidar_system/build/rplidar_ros'], 'cwd': '/root/lidar_system/build/rplidar_ros', 'env': OrderedDict([('HOSTNAME', 'ubuntu-desktop'), ('SHLVL', '1'), ('LD_LIBRARY_PATH', '/opt/ros/foxy/opt/yaml_cpp_vendor/lib:/opt/ros/foxy/opt/rviz_ogre_vendor/lib:/opt/ros/foxy/lib/aarch64-linux-gnu:/opt/ros/foxy/lib'), ('HOME', '/root'), ('OLDPWD', '/'), ('ROS_PYTHON_VERSION', '3'), ('ROS_DISTRO', 'foxy'), ('_', '/usr/bin/colcon'), ('ROS_VERSION', '2'), ('ROS_LOCALHOST_ONLY', '0'), ('QT_X11_NO_MITSHM', '1'), ('PATH', '/opt/ros/foxy/bin:/usr/local/sbin:/usr/local/bin:/usr/sbin:/usr/bin:/sbin:/bin'), ('FASTRTPS_DEFAULT_PROFILES_FILE', '/fastdds.xml'), ('DISPLAY', ':0'), ('LANG', 'C.UTF-8'), ('RMW_IMPLEMENTATION', 'rmw_fastrtps_cpp'), ('ROS_DOMAIN_ID', '0'), ('AMENT_PREFIX_PATH', '/opt/ros/foxy'), ('PWD', '/root/lidar_system/build/rplidar_ros'), ('LC_ALL', 'C.UTF-8'), ('PYTHONPATH', '/opt/ros/foxy/lib/python3.8/site-packages'), ('COLCON', '1'), ('CMAKE_PREFIX_PATH', '/opt/ros/foxy')]), 'shell': False}
[1.163460] (rplidar_ros) StdoutLine: {'line': b'-- Install configuration: ""\n'}
[1.164438] (rplidar_ros) StdoutLine: {'line': b'-- Up-to-date: /root/lidar_system/install/rplidar_ros/share/rplidar_ros/launch\n'}
[1.165015] (rplidar_ros) StdoutLine: {'line': b'-- Up-to-date: /root/lidar_system/install/rplidar_ros/share/rplidar_ros/launch/rplidar_a3_launch.py\n'}
[1.165450] (rplidar_ros) StdoutLine: {'line': b'-- Up-to-date: /root/lidar_system/install/rplidar_ros/share/rplidar_ros/launch/view_rplidar_a2m8_launch.py\n'}
[1.165875] (rplidar_ros) StdoutLine: {'line': b'-- Up-to-date: /root/lidar_system/install/rplidar_ros/share/rplidar_ros/launch/view_rplidar_a2m7_launch.py\n'}
[1.166284] (rplidar_ros) StdoutLine: {'line': b'-- Up-to-date: /root/lidar_system/install/rplidar_ros/share/rplidar_ros/launch/rplidar_s2_launch.py\n'}
[1.166733] (rplidar_ros) StdoutLine: {'line': b'-- Up-to-date: /root/lidar_system/install/rplidar_ros/share/rplidar_ros/launch/rplidar_s1_tcp_launch.py\n'}
[1.167368] (rplidar_ros) StdoutLine: {'line': b'-- Up-to-date: /root/lidar_system/install/rplidar_ros/share/rplidar_ros/launch/view_rplidar_a1_launch.py\n'}
[1.167841] (rplidar_ros) StdoutLine: {'line': b'-- Up-to-date: /root/lidar_system/install/rplidar_ros/share/rplidar_ros/launch/rplidar_t1_launch.py\n'}
[1.168318] (rplidar_ros) StdoutLine: {'line': b'-- Up-to-date: /root/lidar_system/install/rplidar_ros/share/rplidar_ros/launch/system_launch.py\n'}
[1.168754] (rplidar_ros) StdoutLine: {'line': b'-- Up-to-date: /root/lidar_system/install/rplidar_ros/share/rplidar_ros/launch/rplidar_a1_launch.py\n'}
[1.169169] (rplidar_ros) StdoutLine: {'line': b'-- Up-to-date: /root/lidar_system/install/rplidar_ros/share/rplidar_ros/launch/view_rplidar_s1_launch.py\n'}
[1.170954] (rplidar_ros) StdoutLine: {'line': b'-- Up-to-date: /root/lidar_system/install/rplidar_ros/share/rplidar_ros/launch/view_rplidar_s2_launch.py\n'}
[1.171728] (rplidar_ros) StdoutLine: {'line': b'-- Up-to-date: /root/lidar_system/install/rplidar_ros/share/rplidar_ros/launch/view_rplidar_s2e_launch.py\n'}
[1.172182] (rplidar_ros) StdoutLine: {'line': b'-- Up-to-date: /root/lidar_system/install/rplidar_ros/share/rplidar_ros/launch/view_rplidar_a2m12_launch.py\n'}
[1.172575] (rplidar_ros) StdoutLine: {'line': b'-- Up-to-date: /root/lidar_system/install/rplidar_ros/share/rplidar_ros/launch/rplidar_a2m7_launch.py\n'}
[1.173937] (rplidar_ros) StdoutLine: {'line': b'-- Up-to-date: /root/lidar_system/install/rplidar_ros/share/rplidar_ros/launch/rplidar_s2e_launch.py\n'}
[1.175313] (rplidar_ros) StdoutLine: {'line': b'-- Up-to-date: /root/lidar_system/install/rplidar_ros/share/rplidar_ros/launch/view_rplidar_s1_tcp_launch.py\n'}
[1.176309] (rplidar_ros) StdoutLine: {'line': b'-- Up-to-date: /root/lidar_system/install/rplidar_ros/share/rplidar_ros/launch/rplidar_a2m12_launch.py\n'}
[1.179545] (rplidar_ros) StdoutLine: {'line': b'-- Up-to-date: /root/lidar_system/install/rplidar_ros/share/rplidar_ros/launch/rplidar_s1_launch.py\n'}
[1.180145] (rplidar_ros) StdoutLine: {'line': b'-- Up-to-date: /root/lidar_system/install/rplidar_ros/share/rplidar_ros/launch/__pycache__\n'}
[1.180659] (rplidar_ros) StdoutLine: {'line': b'-- Installing: /root/lidar_system/install/rplidar_ros/share/rplidar_ros/launch/__pycache__/system_launch.cpython-38.pyc\n'}
[1.181173] (rplidar_ros) StdoutLine: {'line': b'-- Up-to-date: /root/lidar_system/install/rplidar_ros/share/rplidar_ros/launch/rplidar_s3_launch.py\n'}
[1.183305] (rplidar_ros) StdoutLine: {'line': b'-- Up-to-date: /root/lidar_system/install/rplidar_ros/share/rplidar_ros/launch/rplidar_a2m8_launch.py\n'}
[1.183869] (rplidar_ros) StdoutLine: {'line': b'-- Up-to-date: /root/lidar_system/install/rplidar_ros/share/rplidar_ros/launch/view_rplidar_t1_launch.py\n'}
[1.184363] (rplidar_ros) StdoutLine: {'line': b'-- Up-to-date: /root/lidar_system/install/rplidar_ros/share/rplidar_ros/launch/view_rplidar_a3_launch.py\n'}
[1.184843] (rplidar_ros) StdoutLine: {'line': b'-- Up-to-date: /root/lidar_system/install/rplidar_ros/share/rplidar_ros/launch/rplidar_c1_launch.py\n'}
[1.185312] (rplidar_ros) StdoutLine: {'line': b'-- Up-to-date: /root/lidar_system/install/rplidar_ros/share/rplidar_ros/launch/view_rplidar_s3_launch.py\n'}
[1.186232] (rplidar_ros) StdoutLine: {'line': b'-- Up-to-date: /root/lidar_system/install/rplidar_ros/share/rplidar_ros/launch/view_rplidar_c1_launch.py\n'}
[1.186775] (rplidar_ros) StdoutLine: {'line': b'-- Up-to-date: /root/lidar_system/install/rplidar_ros/share/rplidar_ros/rviz\n'}
[1.208445] (rplidar_ros) StdoutLine: {'line': b'-- Up-to-date: /root/lidar_system/install/rplidar_ros/share/rplidar_ros/rviz/rplidar_ros.rviz\n'}
[1.208966] (-) TimerEvent: {}
[1.209101] (rplidar_ros) StdoutLine: {'line': b'-- Up-to-date: /root/lidar_system/install/rplidar_ros/lib/rplidar_ros/rplidar_node\n'}
[1.209570] (rplidar_ros) StdoutLine: {'line': b'-- Up-to-date: /root/lidar_system/install/rplidar_ros/lib/rplidar_ros/rplidar_composition\n'}
[1.210055] (rplidar_ros) StdoutLine: {'line': b'-- Up-to-date: /root/lidar_system/install/rplidar_ros/lib/rplidar_ros/rplidar_client\n'}
[1.210499] (rplidar_ros) StdoutLine: {'line': b'-- Up-to-date: /root/lidar_system/install/rplidar_ros/share/ament_index/resource_index/package_run_dependencies/rplidar_ros\n'}
[1.210939] (rplidar_ros) StdoutLine: {'line': b'-- Up-to-date: /root/lidar_system/install/rplidar_ros/share/ament_index/resource_index/parent_prefix_path/rplidar_ros\n'}
[1.211496] (rplidar_ros) StdoutLine: {'line': b'-- Up-to-date: /root/lidar_system/install/rplidar_ros/share/rplidar_ros/environment/ament_prefix_path.sh\n'}
[1.211964] (rplidar_ros) StdoutLine: {'line': b'-- Up-to-date: /root/lidar_system/install/rplidar_ros/share/rplidar_ros/environment/ament_prefix_path.dsv\n'}
[1.212416] (rplidar_ros) StdoutLine: {'line': b'-- Up-to-date: /root/lidar_system/install/rplidar_ros/share/rplidar_ros/environment/path.sh\n'}
[1.212886] (rplidar_ros) StdoutLine: {'line': b'-- Up-to-date: /root/lidar_system/install/rplidar_ros/share/rplidar_ros/environment/path.dsv\n'}
[1.213336] (rplidar_ros) StdoutLine: {'line': b'-- Up-to-date: /root/lidar_system/install/rplidar_ros/share/rplidar_ros/local_setup.bash\n'}
[1.213846] (rplidar_ros) StdoutLine: {'line': b'-- Up-to-date: /root/lidar_system/install/rplidar_ros/share/rplidar_ros/local_setup.sh\n'}
[1.214405] (rplidar_ros) StdoutLine: {'line': b'-- Up-to-date: /root/lidar_system/install/rplidar_ros/share/rplidar_ros/local_setup.zsh\n'}
[1.215257] (rplidar_ros) StdoutLine: {'line': b'-- Up-to-date: /root/lidar_system/install/rplidar_ros/share/rplidar_ros/local_setup.dsv\n'}
[1.216020] (rplidar_ros) StdoutLine: {'line': b'-- Installing: /root/lidar_system/install/rplidar_ros/share/rplidar_ros/package.dsv\n'}
[1.216633] (rplidar_ros) StdoutLine: {'line': b'-- Up-to-date: /root/lidar_system/install/rplidar_ros/share/ament_index/resource_index/packages/rplidar_ros\n'}
[1.217281] (rplidar_ros) StdoutLine: {'line': b'-- Up-to-date: /root/lidar_system/install/rplidar_ros/share/rplidar_ros/cmake/ament_cmake_export_dependencies-extras.cmake\n'}
[1.217894] (rplidar_ros) StdoutLine: {'line': b'-- Up-to-date: /root/lidar_system/install/rplidar_ros/share/rplidar_ros/cmake/ament_cmake_export_include_directories-extras.cmake\n'}
[1.218536] (rplidar_ros) StdoutLine: {'line': b'-- Up-to-date: /root/lidar_system/install/rplidar_ros/share/rplidar_ros/cmake/rplidar_rosConfig.cmake\n'}
[1.219296] (rplidar_ros) StdoutLine: {'line': b'-- Up-to-date: /root/lidar_system/install/rplidar_ros/share/rplidar_ros/cmake/rplidar_rosConfig-version.cmake\n'}
[1.219960] (rplidar_ros) StdoutLine: {'line': b'-- Up-to-date: /root/lidar_system/install/rplidar_ros/share/rplidar_ros/package.xml\n'}
[1.220593] (rplidar_ros) CommandEnded: {'returncode': 0}
[1.312261] (-) TimerEvent: {}
[1.413429] (-) TimerEvent: {}
[1.514034] (-) TimerEvent: {}
[1.614725] (-) TimerEvent: {}
[1.716717] (rplidar_ros) JobEnded: {'identifier': 'rplidar_ros', 'rc': 0}
[1.718409] (-) TimerEvent: {}
[1.749032] (servo_control) StdoutLine: {'line': b'-- Found rclcpp: 2.4.3 (/opt/ros/foxy/share/rclcpp/cmake)\n'}
[1.818640] (-) TimerEvent: {}
[1.919001] (-) TimerEvent: {}
[1.965689] (servo_control) StdoutLine: {'line': b'-- Using all available rosidl_typesupport_c: rosidl_typesupport_fastrtps_c;rosidl_typesupport_introspection_c\n'}
[1.988120] (servo_control) StdoutLine: {'line': b'-- Found rosidl_adapter: 1.3.1 (/opt/ros/foxy/share/rosidl_adapter/cmake)\n'}
[2.019288] (-) TimerEvent: {}
[2.120890] (-) TimerEvent: {}
[2.221472] (-) TimerEvent: {}
[2.321854] (-) TimerEvent: {}
[2.422256] (-) TimerEvent: {}
[2.523123] (-) TimerEvent: {}
[2.626683] (-) TimerEvent: {}
[2.727115] (-) TimerEvent: {}
[2.827492] (-) TimerEvent: {}
[2.927878] (-) TimerEvent: {}
[3.030009] (-) TimerEvent: {}
[3.039685] (servo_control) StdoutLine: {'line': b'-- Using all available rosidl_typesupport_cpp: rosidl_typesupport_fastrtps_cpp;rosidl_typesupport_introspection_cpp\n'}
[3.131078] (-) TimerEvent: {}
[3.231744] (-) TimerEvent: {}
[3.332940] (-) TimerEvent: {}
[3.349887] (servo_control) StdoutLine: {'line': b'-- Found rmw_implementation_cmake: 1.0.4 (/opt/ros/foxy/share/rmw_implementation_cmake/cmake)\n'}
[3.357883] (servo_control) StdoutLine: {'line': b"-- Using RMW implementation 'rmw_fastrtps_cpp' as default\n"}
[3.433164] (-) TimerEvent: {}
[3.539131] (-) TimerEvent: {}
[3.639570] (-) TimerEvent: {}
[3.742508] (-) TimerEvent: {}
[3.843050] (-) TimerEvent: {}
[3.943493] (-) TimerEvent: {}
[4.043979] (-) TimerEvent: {}
[4.144355] (-) TimerEvent: {}
[4.204443] (servo_control) StdoutLine: {'line': b'-- Found geometry_msgs: 2.0.5 (/opt/ros/foxy/share/geometry_msgs/cmake)\n'}
[4.244718] (-) TimerEvent: {}
[4.346068] (-) TimerEvent: {}
[4.381595] (servo_control) StdoutLine: {'line': b'-- Found sensor_msgs: 2.0.5 (/opt/ros/foxy/share/sensor_msgs/cmake)\n'}
[4.446254] (-) TimerEvent: {}
[4.546691] (-) TimerEvent: {}
[4.647183] (-) TimerEvent: {}
[4.747565] (-) TimerEvent: {}
[4.751913] (servo_control) StdoutLine: {'line': b'-- Found tf2_ros: 0.13.14 (/opt/ros/foxy/share/tf2_ros/cmake)\n'}
[4.847885] (-) TimerEvent: {}
[4.949812] (-) TimerEvent: {}
[5.050423] (-) TimerEvent: {}
[5.152786] (-) TimerEvent: {}
[5.253228] (-) TimerEvent: {}
[5.353666] (-) TimerEvent: {}
[5.454233] (-) TimerEvent: {}
[5.554631] (-) TimerEvent: {}
[5.655114] (-) TimerEvent: {}
[5.755819] (-) TimerEvent: {}
[5.857427] (-) TimerEvent: {}
[5.958005] (-) TimerEvent: {}
[6.058739] (-) TimerEvent: {}
[6.160029] (-) TimerEvent: {}
[6.260619] (-) TimerEvent: {}
[6.361335] (-) TimerEvent: {}
[6.461745] (-) TimerEvent: {}
[6.562264] (-) TimerEvent: {}
[6.634243] (servo_control) StdoutLine: {'line': b'-- Found laser_geometry: 2.2.0 (/opt/ros/foxy/share/laser_geometry/cmake)\n'}
[6.662459] (-) TimerEvent: {}
[6.664674] (servo_control) StdoutLine: {'line': b'-- Found tf2_sensor_msgs: 0.13.14 (/opt/ros/foxy/share/tf2_sensor_msgs/cmake)\n'}
[6.760289] (servo_control) StdoutLine: {'line': b'-- Found visualization_msgs: 2.0.5 (/opt/ros/foxy/share/visualization_msgs/cmake)\n'}
[6.762729] (-) TimerEvent: {}
[6.863205] (-) TimerEvent: {}
[6.966628] (-) TimerEvent: {}
[7.067112] (-) TimerEvent: {}
[7.167669] (-) TimerEvent: {}
[7.268259] (-) TimerEvent: {}
[7.300841] (servo_control) StdoutLine: {'line': b'-- Found ament_lint_auto: 0.9.8 (/opt/ros/foxy/share/ament_lint_auto/cmake)\n'}
[7.368488] (-) TimerEvent: {}
[7.468906] (-) TimerEvent: {}
[7.569545] (-) TimerEvent: {}
[7.639549] (servo_control) StdoutLine: {'line': b'-- Configuring done\n'}
[7.669705] (-) TimerEvent: {}
[7.770132] (-) TimerEvent: {}
[7.839572] (servo_control) StdoutLine: {'line': b'-- Generating done\n'}
[7.848533] (servo_control) StdoutLine: {'line': b'-- Build files have been written to: /root/lidar_system/build/servo_control\n'}
[7.870616] (-) TimerEvent: {}
[7.971310] (-) TimerEvent: {}
[8.071758] (-) TimerEvent: {}
[8.089995] (servo_control) StdoutLine: {'line': b'[ 10%] Building CXX object CMakeFiles/dynamic_tf_broadcaster.dir/src/dynamic_tf_broadcaster.cpp.o\n'}
[8.152515] (servo_control) StdoutLine: {'line': b'[ 20%] Building CXX object CMakeFiles/mavros_tf_node.dir/src/mavros_tf_node.cpp.o\n'}
[8.169680] (servo_control) StdoutLine: {'line': b'[ 30%] Building CXX object CMakeFiles/lidar_pointcloud_node.dir/src/lidar_pointcloud_node.cpp.o\n'}
[8.171920] (-) TimerEvent: {}
[8.182887] (servo_control) StdoutLine: {'line': b'Scanning dependencies of target target_tracker_node\n'}
[8.272107] (-) TimerEvent: {}
[8.291578] (servo_control) StdoutLine: {'line': b'[ 40%] Building CXX object CMakeFiles/target_tracker_node.dir/src/target_tracker_node.cpp.o\n'}
[8.372281] (-) TimerEvent: {}
[8.472663] (-) TimerEvent: {}
[8.573042] (-) TimerEvent: {}
[8.673581] (-) TimerEvent: {}
[8.773974] (-) TimerEvent: {}
[8.874382] (-) TimerEvent: {}
[8.981246] (-) TimerEvent: {}
[9.081825] (-) TimerEvent: {}
[9.182217] (-) TimerEvent: {}
[9.282607] (-) TimerEvent: {}
[9.383027] (-) TimerEvent: {}
[9.483419] (-) TimerEvent: {}
[9.583804] (-) TimerEvent: {}
[9.684193] (-) TimerEvent: {}
[9.784571] (-) TimerEvent: {}
[9.884975] (-) TimerEvent: {}
[9.985380] (-) TimerEvent: {}
[10.085779] (-) TimerEvent: {}
[10.186179] (-) TimerEvent: {}
[10.286574] (-) TimerEvent: {}
[10.386967] (-) TimerEvent: {}
[10.487386] (-) TimerEvent: {}
[10.587816] (-) TimerEvent: {}
[10.688209] (-) TimerEvent: {}
[10.788609] (-) TimerEvent: {}
[10.889008] (-) TimerEvent: {}
[10.989410] (-) TimerEvent: {}
[11.089825] (-) TimerEvent: {}
[11.191703] (-) TimerEvent: {}
[11.295463] (-) TimerEvent: {}
[11.396103] (-) TimerEvent: {}
[11.496508] (-) TimerEvent: {}
[11.596908] (-) TimerEvent: {}
[11.697289] (-) TimerEvent: {}
[11.798190] (-) TimerEvent: {}
[11.899132] (-) TimerEvent: {}
[12.006370] (-) TimerEvent: {}
[12.106770] (-) TimerEvent: {}
[12.207134] (-) TimerEvent: {}
[12.307531] (-) TimerEvent: {}
[12.407962] (-) TimerEvent: {}
[12.508362] (-) TimerEvent: {}
[12.608756] (-) TimerEvent: {}
[12.709152] (-) TimerEvent: {}
[12.809651] (-) TimerEvent: {}
[12.910074] (-) TimerEvent: {}
[13.010470] (-) TimerEvent: {}
[13.110871] (-) TimerEvent: {}
[13.211280] (-) TimerEvent: {}
[13.311666] (-) TimerEvent: {}
[13.412059] (-) TimerEvent: {}
[13.512453] (-) TimerEvent: {}
[13.612850] (-) TimerEvent: {}
[13.713261] (-) TimerEvent: {}
[13.813667] (-) TimerEvent: {}
[13.914162] (-) TimerEvent: {}
[14.014672] (-) TimerEvent: {}
[14.115171] (-) TimerEvent: {}
[14.215556] (-) TimerEvent: {}
[14.315955] (-) TimerEvent: {}
[14.416349] (-) TimerEvent: {}
[14.516752] (-) TimerEvent: {}
[14.617138] (-) TimerEvent: {}
[14.717830] (-) TimerEvent: {}
[14.818208] (-) TimerEvent: {}
[14.918589] (-) TimerEvent: {}
[15.019030] (-) TimerEvent: {}
[15.119417] (-) TimerEvent: {}
[15.219810] (-) TimerEvent: {}
[15.320207] (-) TimerEvent: {}
[15.420598] (-) TimerEvent: {}
[15.521836] (-) TimerEvent: {}
[15.622243] (-) TimerEvent: {}
[15.722631] (-) TimerEvent: {}
[15.823106] (-) TimerEvent: {}
[15.923488] (-) TimerEvent: {}
[16.023869] (-) TimerEvent: {}
[16.124343] (-) TimerEvent: {}
[16.224735] (-) TimerEvent: {}
[16.325316] (-) TimerEvent: {}
[16.425710] (-) TimerEvent: {}
[16.535243] (-) TimerEvent: {}
[16.635655] (-) TimerEvent: {}
[16.736051] (-) TimerEvent: {}
[16.836741] (-) TimerEvent: {}
[16.937129] (-) TimerEvent: {}
[17.039737] (-) TimerEvent: {}
[17.140838] (-) TimerEvent: {}
[17.241232] (-) TimerEvent: {}
[17.341630] (-) TimerEvent: {}
[17.442036] (-) TimerEvent: {}
[17.542446] (-) TimerEvent: {}
[17.645097] (-) TimerEvent: {}
[17.748456] (-) TimerEvent: {}
[17.848840] (-) TimerEvent: {}
[17.951141] (-) TimerEvent: {}
[18.051674] (-) TimerEvent: {}
[18.152253] (-) TimerEvent: {}
[18.252635] (-) TimerEvent: {}
[18.353024] (-) TimerEvent: {}
[18.454030] (-) TimerEvent: {}
[18.554411] (-) TimerEvent: {}
[18.654806] (-) TimerEvent: {}
[18.755224] (-) TimerEvent: {}
[18.855723] (-) TimerEvent: {}
[18.956151] (-) TimerEvent: {}
[19.056654] (-) TimerEvent: {}
[19.157057] (-) TimerEvent: {}
[19.257628] (-) TimerEvent: {}
[19.358178] (-) TimerEvent: {}
[19.458589] (-) TimerEvent: {}
[19.580764] (-) TimerEvent: {}
[19.681167] (-) TimerEvent: {}
[19.781532] (-) TimerEvent: {}
[19.882302] (-) TimerEvent: {}
[19.982672] (-) TimerEvent: {}
[20.083073] (-) TimerEvent: {}
[20.183436] (-) TimerEvent: {}
[20.283841] (-) TimerEvent: {}
[20.384331] (-) TimerEvent: {}
[20.484738] (-) TimerEvent: {}
[20.595810] (-) TimerEvent: {}
[20.696220] (-) TimerEvent: {}
[20.802269] (-) TimerEvent: {}
[20.902660] (-) TimerEvent: {}
[21.003090] (-) TimerEvent: {}
[21.103484] (-) TimerEvent: {}
[21.203879] (-) TimerEvent: {}
[21.306311] (-) TimerEvent: {}
[21.406743] (-) TimerEvent: {}
[21.507156] (-) TimerEvent: {}
[21.610300] (-) TimerEvent: {}
[21.710703] (-) TimerEvent: {}
[21.811274] (-) TimerEvent: {}
[21.911666] (-) TimerEvent: {}
[22.012110] (-) TimerEvent: {}
[22.112522] (-) TimerEvent: {}
[22.212915] (-) TimerEvent: {}
[22.323852] (-) TimerEvent: {}
[22.428353] (-) TimerEvent: {}
[22.535135] (-) TimerEvent: {}
[22.635559] (-) TimerEvent: {}
[22.736127] (-) TimerEvent: {}
[22.836562] (-) TimerEvent: {}
[22.936977] (-) TimerEvent: {}
[23.037390] (-) TimerEvent: {}
[23.137797] (-) TimerEvent: {}
[23.243229] (-) TimerEvent: {}
[23.343676] (-) TimerEvent: {}
[23.444084] (-) TimerEvent: {}
[23.544471] (-) TimerEvent: {}
[23.644875] (-) TimerEvent: {}
[23.745269] (-) TimerEvent: {}
[23.845653] (-) TimerEvent: {}
[23.956105] (-) TimerEvent: {}
[24.056498] (-) TimerEvent: {}
[24.156902] (-) TimerEvent: {}
[24.257331] (-) TimerEvent: {}
[24.358129] (-) TimerEvent: {}
[24.458615] (-) TimerEvent: {}
[24.559051] (-) TimerEvent: {}
[24.659553] (-) TimerEvent: {}
[24.760118] (-) TimerEvent: {}
[24.860520] (-) TimerEvent: {}
[24.960920] (-) TimerEvent: {}
[25.061652] (-) TimerEvent: {}
[25.162160] (-) TimerEvent: {}
[25.271505] (-) TimerEvent: {}
[25.371889] (-) TimerEvent: {}
[25.472267] (-) TimerEvent: {}
[25.573056] (-) TimerEvent: {}
[25.673537] (-) TimerEvent: {}
[25.774291] (-) TimerEvent: {}
[25.875505] (-) TimerEvent: {}
[25.975943] (-) TimerEvent: {}
[26.079770] (-) TimerEvent: {}
[26.180238] (-) TimerEvent: {}
[26.280750] (-) TimerEvent: {}
[26.382011] (-) TimerEvent: {}
[26.482415] (-) TimerEvent: {}
[26.582806] (-) TimerEvent: {}
[26.683225] (-) TimerEvent: {}
[26.783625] (-) TimerEvent: {}
[26.884064] (-) TimerEvent: {}
[26.984646] (-) TimerEvent: {}
[27.085515] (-) TimerEvent: {}
[27.186065] (-) TimerEvent: {}
[27.286473] (-) TimerEvent: {}
[27.387062] (-) TimerEvent: {}
[27.488254] (-) TimerEvent: {}
[27.588815] (-) TimerEvent: {}
[27.689254] (-) TimerEvent: {}
[27.789667] (-) TimerEvent: {}
[27.890067] (-) TimerEvent: {}
[27.991523] (-) TimerEvent: {}
[28.091944] (-) TimerEvent: {}
[28.192367] (-) TimerEvent: {}
[28.293242] (-) TimerEvent: {}
[28.395090] (-) TimerEvent: {}
[28.495606] (-) TimerEvent: {}
[28.596121] (-) TimerEvent: {}
[28.714374] (-) TimerEvent: {}
[28.816357] (-) TimerEvent: {}
[28.922379] (-) TimerEvent: {}
[29.024736] (-) TimerEvent: {}
[29.125135] (-) TimerEvent: {}
[29.225560] (-) TimerEvent: {}
[29.327645] (-) TimerEvent: {}
[29.428086] (-) TimerEvent: {}
[29.528663] (-) TimerEvent: {}
[29.629200] (-) TimerEvent: {}
[29.729789] (-) TimerEvent: {}
[29.830248] (-) TimerEvent: {}
[29.931091] (-) TimerEvent: {}
[30.038157] (-) TimerEvent: {}
[30.138556] (-) TimerEvent: {}
[30.239002] (-) TimerEvent: {}
[30.344842] (-) TimerEvent: {}
[30.451128] (-) TimerEvent: {}
[30.551523] (-) TimerEvent: {}
[30.651934] (-) TimerEvent: {}
[30.759710] (-) TimerEvent: {}
[30.860143] (-) TimerEvent: {}
[30.960538] (-) TimerEvent: {}
[31.060926] (-) TimerEvent: {}
[31.161454] (-) TimerEvent: {}
[31.261849] (-) TimerEvent: {}
[31.362253] (-) TimerEvent: {}
[31.462899] (-) TimerEvent: {}
[31.563357] (-) TimerEvent: {}
[31.663761] (-) TimerEvent: {}
[31.770103] (-) TimerEvent: {}
[31.870507] (-) TimerEvent: {}
[31.979320] (-) TimerEvent: {}
[32.079708] (-) TimerEvent: {}
[32.188904] (-) TimerEvent: {}
[32.289303] (-) TimerEvent: {}
[32.403957] (-) TimerEvent: {}
[32.504349] (-) TimerEvent: {}
[32.604734] (-) TimerEvent: {}
[32.705316] (-) TimerEvent: {}
[32.805957] (-) TimerEvent: {}
[32.906349] (-) TimerEvent: {}
[33.006750] (-) TimerEvent: {}
[33.107138] (-) TimerEvent: {}
[33.207533] (-) TimerEvent: {}
[33.307919] (-) TimerEvent: {}
[33.408315] (-) TimerEvent: {}
[33.508720] (-) TimerEvent: {}
[33.609135] (-) TimerEvent: {}
[33.709536] (-) TimerEvent: {}
[33.809944] (-) TimerEvent: {}
[33.910349] (-) TimerEvent: {}
[34.010755] (-) TimerEvent: {}
[34.111144] (-) TimerEvent: {}
[34.216994] (-) TimerEvent: {}
[34.317416] (-) TimerEvent: {}
[34.417815] (-) TimerEvent: {}
[34.518270] (-) TimerEvent: {}
[34.618657] (-) TimerEvent: {}
[34.723158] (-) TimerEvent: {}
[34.823579] (-) TimerEvent: {}
[34.923973] (-) TimerEvent: {}
[35.024371] (-) TimerEvent: {}
[35.124767] (-) TimerEvent: {}
[35.225153] (-) TimerEvent: {}
[35.325536] (-) TimerEvent: {}
[35.426327] (-) TimerEvent: {}
[35.526734] (-) TimerEvent: {}
[35.627149] (-) TimerEvent: {}
[35.727599] (-) TimerEvent: {}
[35.828038] (-) TimerEvent: {}
[35.928428] (-) TimerEvent: {}
[36.028830] (-) TimerEvent: {}
[36.139913] (-) TimerEvent: {}
[36.240302] (-) TimerEvent: {}
[36.340712] (-) TimerEvent: {}
[36.441100] (-) TimerEvent: {}
[36.541498] (-) TimerEvent: {}
[36.641908] (-) TimerEvent: {}
[36.742379] (-) TimerEvent: {}
[36.842792] (-) TimerEvent: {}
[36.943207] (-) TimerEvent: {}
[37.043612] (-) TimerEvent: {}
[37.144030] (-) TimerEvent: {}
[37.244431] (-) TimerEvent: {}
[37.344829] (-) TimerEvent: {}
[37.445228] (-) TimerEvent: {}
[37.545645] (-) TimerEvent: {}
[37.651434] (-) TimerEvent: {}
[37.751924] (-) TimerEvent: {}
[37.852325] (-) TimerEvent: {}
[37.952726] (-) TimerEvent: {}
[38.053128] (-) TimerEvent: {}
[38.155029] (-) TimerEvent: {}
[38.257321] (-) TimerEvent: {}
[38.357754] (-) TimerEvent: {}
[38.458358] (-) TimerEvent: {}
[38.558922] (-) TimerEvent: {}
[38.665416] (-) TimerEvent: {}
[38.765882] (-) TimerEvent: {}
[38.866796] (-) TimerEvent: {}
[38.967303] (-) TimerEvent: {}
[39.068268] (-) TimerEvent: {}
[39.168658] (-) TimerEvent: {}
[39.269169] (-) TimerEvent: {}
[39.369809] (-) TimerEvent: {}
[39.470275] (-) TimerEvent: {}
[39.570693] (-) TimerEvent: {}
[39.671122] (-) TimerEvent: {}
[39.771495] (-) TimerEvent: {}
[39.871875] (-) TimerEvent: {}
[39.972262] (-) TimerEvent: {}
[40.072706] (-) TimerEvent: {}
[40.173099] (-) TimerEvent: {}
[40.273921] (-) TimerEvent: {}
[40.376766] (-) TimerEvent: {}
[40.477314] (-) TimerEvent: {}
[40.577727] (-) TimerEvent: {}
[40.678105] (-) TimerEvent: {}
[40.778504] (-) TimerEvent: {}
[40.879114] (-) TimerEvent: {}
[40.979477] (-) TimerEvent: {}
[41.084968] (-) TimerEvent: {}
[41.185390] (-) TimerEvent: {}
[41.285786] (-) TimerEvent: {}
[41.386184] (-) TimerEvent: {}
[41.487147] (-) TimerEvent: {}
[41.587860] (-) TimerEvent: {}
[41.689133] (-) TimerEvent: {}
[41.789654] (-) TimerEvent: {}
[41.890533] (-) TimerEvent: {}
[42.168122] (-) TimerEvent: {}
[42.268551] (-) TimerEvent: {}
[42.369227] (-) TimerEvent: {}
[42.469727] (-) TimerEvent: {}
[42.570195] (-) TimerEvent: {}
[42.613346] (servo_control) StdoutLine: {'line': b'[ 50%] Linking CXX executable mavros_tf_node\n'}
[42.623893] (servo_control) StdoutLine: {'line': b'[ 60%] Linking CXX executable dynamic_tf_broadcaster\n'}
[42.670326] (-) TimerEvent: {}
[42.771215] (-) TimerEvent: {}
[42.872008] (-) TimerEvent: {}
[42.972634] (-) TimerEvent: {}
[43.073073] (-) TimerEvent: {}
[43.173838] (-) TimerEvent: {}
[43.274366] (-) TimerEvent: {}
[43.374777] (-) TimerEvent: {}
[43.475361] (-) TimerEvent: {}
[43.575796] (-) TimerEvent: {}
[43.676267] (-) TimerEvent: {}
[43.776720] (-) TimerEvent: {}
[43.877152] (-) TimerEvent: {}
[43.977633] (-) TimerEvent: {}
[44.078052] (-) TimerEvent: {}
[44.182152] (-) TimerEvent: {}
[44.289824] (-) TimerEvent: {}
[44.390224] (-) TimerEvent: {}
[44.490656] (-) TimerEvent: {}
[44.591089] (-) TimerEvent: {}
[44.691666] (-) TimerEvent: {}
[44.699656] (servo_control) StdoutLine: {'line': b'[ 60%] Built target dynamic_tf_broadcaster\n'}
[44.722901] (servo_control) StdoutLine: {'line': b'[ 60%] Built target mavros_tf_node\n'}
[44.791855] (-) TimerEvent: {}
[44.892269] (-) TimerEvent: {}
[44.930018] (servo_control) StdoutLine: {'line': b'[ 70%] Linking CXX executable target_tracker_node\n'}
[44.993961] (-) TimerEvent: {}
[45.094347] (-) TimerEvent: {}
[45.194829] (-) TimerEvent: {}
[45.295349] (-) TimerEvent: {}
[45.398503] (-) TimerEvent: {}
[45.499122] (-) TimerEvent: {}
[45.599602] (-) TimerEvent: {}
[45.700111] (-) TimerEvent: {}
[45.800517] (-) TimerEvent: {}
[45.900933] (-) TimerEvent: {}
[46.001419] (-) TimerEvent: {}
[46.101810] (-) TimerEvent: {}
[46.203994] (-) TimerEvent: {}
[46.304504] (-) TimerEvent: {}
[46.405110] (-) TimerEvent: {}
[46.437085] (servo_control) StdoutLine: {'line': b'[ 80%] Linking CXX executable lidar_pointcloud_node\n'}
[46.505480] (-) TimerEvent: {}
[46.605902] (-) TimerEvent: {}
[46.653825] (servo_control) StdoutLine: {'line': b'[ 80%] Built target target_tracker_node\n'}
[46.707156] (-) TimerEvent: {}
[46.807598] (-) TimerEvent: {}
[46.908872] (-) TimerEvent: {}
[47.009361] (-) TimerEvent: {}
[47.109870] (-) TimerEvent: {}
[47.210386] (-) TimerEvent: {}
[47.310930] (-) TimerEvent: {}
[47.412464] (-) TimerEvent: {}
[47.514799] (-) TimerEvent: {}
[47.615789] (-) TimerEvent: {}
[47.716171] (-) TimerEvent: {}
[47.816595] (-) TimerEvent: {}
[47.917019] (-) TimerEvent: {}
[48.017926] (-) TimerEvent: {}
[48.083613] (servo_control) StdoutLine: {'line': b'[ 80%] Built target lidar_pointcloud_node\n'}
[48.118755] (-) TimerEvent: {}
[48.220111] (-) TimerEvent: {}
[48.320504] (-) TimerEvent: {}
[48.335698] (servo_control) StdoutLine: {'line': b'Scanning dependencies of target scan_sequence_node\n'}
[48.420732] (-) TimerEvent: {}
[48.433881] (servo_control) StdoutLine: {'line': b'[ 90%] Building CXX object CMakeFiles/scan_sequence_node.dir/src/scan_sequence_node.cpp.o\n'}
[48.521090] (-) TimerEvent: {}
[48.621591] (-) TimerEvent: {}
[48.722053] (-) TimerEvent: {}
[48.822577] (-) TimerEvent: {}
[48.924131] (-) TimerEvent: {}
[49.024575] (-) TimerEvent: {}
[49.124965] (-) TimerEvent: {}
[49.225488] (-) TimerEvent: {}
[49.326024] (-) TimerEvent: {}
[49.426571] (-) TimerEvent: {}
[49.527134] (-) TimerEvent: {}
[49.628555] (-) TimerEvent: {}
[49.731120] (-) TimerEvent: {}
[49.831537] (-) TimerEvent: {}
[49.931939] (-) TimerEvent: {}
[50.032338] (-) TimerEvent: {}
[50.133118] (-) TimerEvent: {}
[50.233661] (-) TimerEvent: {}
[50.334081] (-) TimerEvent: {}
[50.434460] (-) TimerEvent: {}
[50.534892] (-) TimerEvent: {}
[50.640666] (-) TimerEvent: {}
[50.741047] (-) TimerEvent: {}
[50.841452] (-) TimerEvent: {}
[50.946014] (-) TimerEvent: {}
[51.046586] (-) TimerEvent: {}
[51.147117] (-) TimerEvent: {}
[51.247499] (-) TimerEvent: {}
[51.348098] (-) TimerEvent: {}
[51.448497] (-) TimerEvent: {}
[51.549067] (-) TimerEvent: {}
[51.649621] (-) TimerEvent: {}
[51.750120] (-) TimerEvent: {}
[51.850542] (-) TimerEvent: {}
[51.950930] (-) TimerEvent: {}
[52.051364] (-) TimerEvent: {}
[52.151858] (-) TimerEvent: {}
[52.252404] (-) TimerEvent: {}
[52.352879] (-) TimerEvent: {}
[52.453286] (-) TimerEvent: {}
[52.553672] (-) TimerEvent: {}
[52.654099] (-) TimerEvent: {}
[52.754536] (-) TimerEvent: {}
[52.854942] (-) TimerEvent: {}
[52.955547] (-) TimerEvent: {}
[53.055921] (-) TimerEvent: {}
[53.156296] (-) TimerEvent: {}
[53.258712] (-) TimerEvent: {}
[53.359107] (-) TimerEvent: {}
[53.459470] (-) TimerEvent: {}
[53.559860] (-) TimerEvent: {}
[53.660584] (-) TimerEvent: {}
[53.761030] (-) TimerEvent: {}
[53.861711] (-) TimerEvent: {}
[53.962147] (-) TimerEvent: {}
[54.062576] (-) TimerEvent: {}
[54.162900] (-) TimerEvent: {}
[54.263299] (-) TimerEvent: {}
[54.364273] (-) TimerEvent: {}
[54.464693] (-) TimerEvent: {}
[54.565154] (-) TimerEvent: {}
[54.665589] (-) TimerEvent: {}
[54.766006] (-) TimerEvent: {}
[54.866436] (-) TimerEvent: {}
[54.968304] (-) TimerEvent: {}
[55.072352] (-) TimerEvent: {}
[55.172731] (-) TimerEvent: {}
[55.273148] (-) TimerEvent: {}
[55.374540] (-) TimerEvent: {}
[55.475067] (-) TimerEvent: {}
[55.575729] (-) TimerEvent: {}
[55.677838] (-) TimerEvent: {}
[55.778353] (-) TimerEvent: {}
[55.878959] (-) TimerEvent: {}
[55.979539] (-) TimerEvent: {}
[56.080003] (-) TimerEvent: {}
[56.180929] (-) TimerEvent: {}
[56.281406] (-) TimerEvent: {}
[56.382305] (-) TimerEvent: {}
[56.483649] (-) TimerEvent: {}
[56.587135] (-) TimerEvent: {}
[56.687605] (-) TimerEvent: {}
[56.788016] (-) TimerEvent: {}
[56.888556] (-) TimerEvent: {}
[56.989126] (-) TimerEvent: {}
[57.089521] (-) TimerEvent: {}
[57.189941] (-) TimerEvent: {}
[57.290801] (-) TimerEvent: {}
[57.391358] (-) TimerEvent: {}
[57.492049] (-) TimerEvent: {}
[57.592524] (-) TimerEvent: {}
[57.692970] (-) TimerEvent: {}
[57.798603] (-) TimerEvent: {}
[57.899135] (-) TimerEvent: {}
[57.999515] (-) TimerEvent: {}
[58.100101] (-) TimerEvent: {}
[58.200740] (-) TimerEvent: {}
[58.301546] (-) TimerEvent: {}
[58.401924] (-) TimerEvent: {}
[58.507131] (-) TimerEvent: {}
[58.609401] (-) TimerEvent: {}
[58.709793] (-) TimerEvent: {}
[58.810357] (-) TimerEvent: {}
[58.911135] (-) TimerEvent: {}
[59.011600] (-) TimerEvent: {}
[59.112003] (-) TimerEvent: {}
[59.214918] (-) TimerEvent: {}
[59.315338] (-) TimerEvent: {}
[59.415799] (-) TimerEvent: {}
[59.516324] (-) TimerEvent: {}
[59.616858] (-) TimerEvent: {}
[59.717917] (-) TimerEvent: {}
[59.819372] (-) TimerEvent: {}
[59.922473] (-) TimerEvent: {}
[60.022889] (-) TimerEvent: {}
[60.123346] (-) TimerEvent: {}
[60.223843] (-) TimerEvent: {}
[60.324294] (-) TimerEvent: {}
[60.424690] (-) TimerEvent: {}
[60.525466] (-) TimerEvent: {}
[60.625857] (-) TimerEvent: {}
[60.726392] (-) TimerEvent: {}
[60.828385] (-) TimerEvent: {}
[60.928824] (-) TimerEvent: {}
[61.031133] (-) TimerEvent: {}
[61.133964] (-) TimerEvent: {}
[61.234383] (-) TimerEvent: {}
[61.334872] (-) TimerEvent: {}
[61.435700] (-) TimerEvent: {}
[61.536236] (-) TimerEvent: {}
[61.636831] (-) TimerEvent: {}
[61.737260] (-) TimerEvent: {}
[61.837739] (-) TimerEvent: {}
[61.938192] (-) TimerEvent: {}
[62.038724] (-) TimerEvent: {}
[62.139154] (-) TimerEvent: {}
[62.239583] (-) TimerEvent: {}
[62.341136] (-) TimerEvent: {}
[62.441564] (-) TimerEvent: {}
[62.541962] (-) TimerEvent: {}
[62.642415] (-) TimerEvent: {}
[62.744782] (-) TimerEvent: {}
[62.845147] (-) TimerEvent: {}
[62.945533] (-) TimerEvent: {}
[63.045989] (-) TimerEvent: {}
[63.146464] (-) TimerEvent: {}
[63.248804] (-) TimerEvent: {}
[63.349195] (-) TimerEvent: {}
[63.449768] (-) TimerEvent: {}
[63.550325] (-) TimerEvent: {}
[63.650719] (-) TimerEvent: {}
[63.751120] (-) TimerEvent: {}
[63.851531] (-) TimerEvent: {}
[63.951920] (-) TimerEvent: {}
[64.052317] (-) TimerEvent: {}
[64.152711] (-) TimerEvent: {}
[64.253090] (-) TimerEvent: {}
[64.353475] (-) TimerEvent: {}
[64.453843] (-) TimerEvent: {}
[64.554229] (-) TimerEvent: {}
[64.655117] (-) TimerEvent: {}
[64.755533] (-) TimerEvent: {}
[64.855941] (-) TimerEvent: {}
[64.956349] (-) TimerEvent: {}
[65.056741] (-) TimerEvent: {}
[65.157603] (-) TimerEvent: {}
[65.258016] (-) TimerEvent: {}
[65.359118] (-) TimerEvent: {}
[65.459521] (-) TimerEvent: {}
[65.560156] (-) TimerEvent: {}
[65.660526] (-) TimerEvent: {}
[65.760941] (-) TimerEvent: {}
[65.862875] (-) TimerEvent: {}
[65.964142] (-) TimerEvent: {}
[66.064551] (-) TimerEvent: {}
[66.164985] (-) TimerEvent: {}
[66.265422] (-) TimerEvent: {}
[66.365960] (-) TimerEvent: {}
[66.466409] (-) TimerEvent: {}
[66.566807] (-) TimerEvent: {}
[66.667368] (-) TimerEvent: {}
[66.768108] (-) TimerEvent: {}
[66.868504] (-) TimerEvent: {}
[66.968884] (-) TimerEvent: {}
[67.069295] (-) TimerEvent: {}
[67.170237] (-) TimerEvent: {}
[67.271049] (-) TimerEvent: {}
[67.371538] (-) TimerEvent: {}
[67.472352] (-) TimerEvent: {}
[67.572762] (-) TimerEvent: {}
[67.673139] (-) TimerEvent: {}
[67.773541] (-) TimerEvent: {}
[67.873984] (-) TimerEvent: {}
[67.974390] (-) TimerEvent: {}
[68.074818] (-) TimerEvent: {}
[68.175399] (-) TimerEvent: {}
[68.275769] (-) TimerEvent: {}
[68.376158] (-) TimerEvent: {}
[68.476573] (-) TimerEvent: {}
[68.576981] (-) TimerEvent: {}
[68.677360] (-) TimerEvent: {}
[68.777740] (-) TimerEvent: {}
[68.878120] (-) TimerEvent: {}
[68.978496] (-) TimerEvent: {}
[69.078885] (-) TimerEvent: {}
[69.179344] (-) TimerEvent: {}
[69.280086] (-) TimerEvent: {}
[69.381542] (-) TimerEvent: {}
[69.482118] (-) TimerEvent: {}
[69.582504] (-) TimerEvent: {}
[69.683016] (-) TimerEvent: {}
[69.783407] (-) TimerEvent: {}
[69.883771] (-) TimerEvent: {}
[69.984191] (-) TimerEvent: {}
[70.084558] (-) TimerEvent: {}
[70.184929] (-) TimerEvent: {}
[70.285302] (-) TimerEvent: {}
[70.385731] (-) TimerEvent: {}
[70.486161] (-) TimerEvent: {}
[70.586599] (-) TimerEvent: {}
[70.687123] (-) TimerEvent: {}
[70.787509] (-) TimerEvent: {}
[70.888336] (-) TimerEvent: {}
[70.988696] (-) TimerEvent: {}
[71.089070] (-) TimerEvent: {}
[71.189449] (-) TimerEvent: {}
[71.290021] (-) TimerEvent: {}
[71.392982] (-) TimerEvent: {}
[71.494848] (-) TimerEvent: {}
[71.595694] (-) TimerEvent: {}
[71.696279] (-) TimerEvent: {}
[71.796736] (-) TimerEvent: {}
[71.897245] (-) TimerEvent: {}
[71.997649] (-) TimerEvent: {}
[72.098045] (-) TimerEvent: {}
[72.198427] (-) TimerEvent: {}
[72.299136] (-) TimerEvent: {}
[72.399524] (-) TimerEvent: {}
[72.499907] (-) TimerEvent: {}
[72.600519] (-) TimerEvent: {}
[72.701197] (-) TimerEvent: {}
[72.808583] (-) TimerEvent: {}
[72.909087] (-) TimerEvent: {}
[73.009461] (-) TimerEvent: {}
[73.110233] (-) TimerEvent: {}
[73.210619] (-) TimerEvent: {}
[73.311052] (-) TimerEvent: {}
[73.411495] (-) TimerEvent: {}
[73.511889] (-) TimerEvent: {}
[73.612297] (-) TimerEvent: {}
[73.712685] (-) TimerEvent: {}
[73.813052] (-) TimerEvent: {}
[73.913468] (-) TimerEvent: {}
[74.013849] (-) TimerEvent: {}
[74.114294] (-) TimerEvent: {}
[74.214713] (-) TimerEvent: {}
[74.315544] (-) TimerEvent: {}
[74.415904] (-) TimerEvent: {}
[74.516265] (-) TimerEvent: {}
[74.616628] (-) TimerEvent: {}
[74.717034] (-) TimerEvent: {}
[74.817417] (-) TimerEvent: {}
[74.917825] (-) TimerEvent: {}
[75.018192] (-) TimerEvent: {}
[75.118604] (-) TimerEvent: {}
[75.219089] (-) TimerEvent: {}
[75.319543] (-) TimerEvent: {}
[75.420045] (-) TimerEvent: {}
[75.520445] (-) TimerEvent: {}
[75.620888] (-) TimerEvent: {}
[75.721388] (-) TimerEvent: {}
[75.821841] (-) TimerEvent: {}
[75.922254] (-) TimerEvent: {}
[76.022732] (-) TimerEvent: {}
[76.123391] (-) TimerEvent: {}
[76.223763] (-) TimerEvent: {}
[76.324299] (-) TimerEvent: {}
[76.424776] (-) TimerEvent: {}
[76.525157] (-) TimerEvent: {}
[76.625534] (-) TimerEvent: {}
[76.725895] (-) TimerEvent: {}
[76.826273] (-) TimerEvent: {}
[76.926714] (-) TimerEvent: {}
[77.027216] (-) TimerEvent: {}
[77.127708] (-) TimerEvent: {}
[77.228083] (-) TimerEvent: {}
[77.328447] (-) TimerEvent: {}
[77.428861] (-) TimerEvent: {}
[77.529228] (-) TimerEvent: {}
[77.629695] (-) TimerEvent: {}
[78.598088] (-) TimerEvent: {}
[78.698568] (-) TimerEvent: {}
[78.799017] (-) TimerEvent: {}
[78.899504] (-) TimerEvent: {}
[78.999966] (-) TimerEvent: {}
[79.100371] (-) TimerEvent: {}
[79.200766] (-) TimerEvent: {}
[79.301142] (-) TimerEvent: {}
[79.401533] (-) TimerEvent: {}
[79.502325] (-) TimerEvent: {}
[79.602959] (-) TimerEvent: {}
[79.703364] (-) TimerEvent: {}
[79.803734] (-) TimerEvent: {}
[79.904103] (-) TimerEvent: {}
[80.005053] (-) TimerEvent: {}
[80.107841] (-) TimerEvent: {}
[80.208242] (-) TimerEvent: {}
[80.310059] (-) TimerEvent: {}
[80.410453] (-) TimerEvent: {}
[80.510866] (-) TimerEvent: {}
[80.611393] (-) TimerEvent: {}
[80.711846] (-) TimerEvent: {}
[80.812240] (-) TimerEvent: {}
[80.912685] (-) TimerEvent: {}
[81.013139] (-) TimerEvent: {}
[81.113491] (-) TimerEvent: {}
[81.213992] (-) TimerEvent: {}
[81.314465] (-) TimerEvent: {}
[81.414830] (-) TimerEvent: {}
[81.515254] (-) TimerEvent: {}
[81.615631] (-) TimerEvent: {}
[81.715992] (-) TimerEvent: {}
[81.816420] (-) TimerEvent: {}
[81.916821] (-) TimerEvent: {}
[82.017275] (-) TimerEvent: {}
[82.117777] (-) TimerEvent: {}
[82.218278] (-) TimerEvent: {}
[82.318651] (-) TimerEvent: {}
[82.419072] (-) TimerEvent: {}
[82.519424] (-) TimerEvent: {}
[82.619795] (-) TimerEvent: {}
[82.720169] (-) TimerEvent: {}
[83.262169] (-) TimerEvent: {}
[83.362634] (-) TimerEvent: {}
[83.463116] (-) TimerEvent: {}
[83.563511] (-) TimerEvent: {}
[83.663875] (-) TimerEvent: {}
[83.764236] (-) TimerEvent: {}
[83.864595] (-) TimerEvent: {}
[83.964975] (-) TimerEvent: {}
[84.065549] (-) TimerEvent: {}
[84.166093] (-) TimerEvent: {}
[84.266496] (-) TimerEvent: {}
[84.366847] (-) TimerEvent: {}
[84.467251] (-) TimerEvent: {}
[84.567619] (-) TimerEvent: {}
[84.668069] (-) TimerEvent: {}
[84.768489] (-) TimerEvent: {}
[84.870012] (-) TimerEvent: {}
[84.970388] (-) TimerEvent: {}
[85.070767] (-) TimerEvent: {}
[85.171158] (-) TimerEvent: {}
[85.271653] (-) TimerEvent: {}
[85.372040] (-) TimerEvent: {}
[85.472446] (-) TimerEvent: {}
[85.572883] (-) TimerEvent: {}
[85.673254] (-) TimerEvent: {}
[85.773622] (-) TimerEvent: {}
[85.874052] (-) TimerEvent: {}
[85.974398] (-) TimerEvent: {}
[86.074763] (-) TimerEvent: {}
[86.175230] (-) TimerEvent: {}
[86.275838] (-) TimerEvent: {}
[86.376822] (-) TimerEvent: {}
[86.477196] (-) TimerEvent: {}
[86.577542] (-) TimerEvent: {}
[86.677916] (-) TimerEvent: {}
[86.778284] (-) TimerEvent: {}
[86.878705] (-) TimerEvent: {}
[86.979186] (-) TimerEvent: {}
[87.079582] (-) TimerEvent: {}
[87.179957] (-) TimerEvent: {}
[87.280326] (-) TimerEvent: {}
[87.380686] (-) TimerEvent: {}
[87.481175] (-) TimerEvent: {}
[87.581564] (-) TimerEvent: {}
[87.681933] (-) TimerEvent: {}
[87.782476] (-) TimerEvent: {}
[87.882831] (-) TimerEvent: {}
[87.983257] (-) TimerEvent: {}
[88.083644] (-) TimerEvent: {}
[88.183993] (-) TimerEvent: {}
[88.284367] (-) TimerEvent: {}
[88.384859] (-) TimerEvent: {}
[88.485498] (-) TimerEvent: {}
[88.585944] (-) TimerEvent: {}
[88.686357] (-) TimerEvent: {}
[88.786710] (-) TimerEvent: {}
[88.887092] (-) TimerEvent: {}
[88.987471] (-) TimerEvent: {}
[89.087914] (-) TimerEvent: {}
[89.188329] (-) TimerEvent: {}
[89.288761] (-) TimerEvent: {}
[89.389127] (-) TimerEvent: {}
[89.489485] (-) TimerEvent: {}
[89.589852] (-) TimerEvent: {}
[89.690256] (-) TimerEvent: {}
[89.790670] (-) TimerEvent: {}
[89.891146] (-) TimerEvent: {}
[89.991859] (-) TimerEvent: {}
[90.092218] (-) TimerEvent: {}
[90.192588] (-) TimerEvent: {}
[90.292954] (-) TimerEvent: {}
[90.393314] (-) TimerEvent: {}
[90.493674] (-) TimerEvent: {}
[90.594084] (-) TimerEvent: {}
[90.694525] (-) TimerEvent: {}
[90.795112] (-) TimerEvent: {}
[90.895602] (-) TimerEvent: {}
[90.996607] (-) TimerEvent: {}
[91.096974] (-) TimerEvent: {}
[91.197367] (-) TimerEvent: {}
[91.298886] (-) TimerEvent: {}
[91.399283] (-) TimerEvent: {}
[91.499734] (-) TimerEvent: {}
[91.600183] (-) TimerEvent: {}
[91.715854] (-) TimerEvent: {}
[91.816247] (-) TimerEvent: {}
[91.916640] (-) TimerEvent: {}
[92.017081] (-) TimerEvent: {}
[92.117450] (-) TimerEvent: {}
[92.217812] (-) TimerEvent: {}
[92.318194] (-) TimerEvent: {}
[92.418597] (-) TimerEvent: {}
[92.519060] (-) TimerEvent: {}
[92.619437] (-) TimerEvent: {}
[92.719810] (-) TimerEvent: {}
[92.820413] (-) TimerEvent: {}
[92.920779] (-) TimerEvent: {}
[93.021189] (-) TimerEvent: {}
[93.121594] (-) TimerEvent: {}
[93.221974] (-) TimerEvent: {}
[93.322356] (-) TimerEvent: {}
[93.422715] (-) TimerEvent: {}
[93.523122] (-) TimerEvent: {}
[93.623487] (-) TimerEvent: {}
[93.723864] (-) TimerEvent: {}
[93.824245] (-) TimerEvent: {}
[93.924652] (-) TimerEvent: {}
[94.025022] (-) TimerEvent: {}
[94.125383] (-) TimerEvent: {}
[94.225751] (-) TimerEvent: {}
[94.326121] (-) TimerEvent: {}
[94.426507] (-) TimerEvent: {}
[94.527032] (-) TimerEvent: {}
[94.627419] (-) TimerEvent: {}
[94.727806] (-) TimerEvent: {}
[94.828173] (-) TimerEvent: {}
[94.928532] (-) TimerEvent: {}
[95.028880] (-) TimerEvent: {}
[95.129239] (-) TimerEvent: {}
[95.229893] (-) TimerEvent: {}
[95.330430] (-) TimerEvent: {}
[95.430796] (-) TimerEvent: {}
[95.531183] (-) TimerEvent: {}
[95.631546] (-) TimerEvent: {}
[95.731937] (-) TimerEvent: {}
[95.832425] (-) TimerEvent: {}
[95.932840] (-) TimerEvent: {}
[96.033218] (-) TimerEvent: {}
[96.133579] (-) TimerEvent: {}
[96.233946] (-) TimerEvent: {}
[96.334513] (-) TimerEvent: {}
[96.434871] (-) TimerEvent: {}
[96.535318] (-) TimerEvent: {}
[96.635686] (-) TimerEvent: {}
[96.736095] (-) TimerEvent: {}
[96.836494] (-) TimerEvent: {}
[96.936894] (-) TimerEvent: {}
[97.037266] (-) TimerEvent: {}
[97.137630] (-) TimerEvent: {}
[97.238031] (-) TimerEvent: {}
[97.338393] (-) TimerEvent: {}
[97.438776] (-) TimerEvent: {}
[97.539454] (-) TimerEvent: {}
[97.639912] (-) TimerEvent: {}
[97.740453] (-) TimerEvent: {}
[97.840799] (-) TimerEvent: {}
[97.941205] (-) TimerEvent: {}
[98.041664] (-) TimerEvent: {}
[98.142049] (-) TimerEvent: {}
[98.242586] (-) TimerEvent: {}
[98.343024] (-) TimerEvent: {}
[98.443422] (-) TimerEvent: {}
[98.543858] (-) TimerEvent: {}
[98.644242] (-) TimerEvent: {}
[98.744597] (-) TimerEvent: {}
[98.844965] (-) TimerEvent: {}
[98.945325] (-) TimerEvent: {}
[99.045680] (-) TimerEvent: {}
[99.146043] (-) TimerEvent: {}
[99.246385] (-) TimerEvent: {}
[99.346793] (-) TimerEvent: {}
[99.447243] (-) TimerEvent: {}
[99.547597] (-) TimerEvent: {}
[99.647960] (-) TimerEvent: {}
[99.748453] (-) TimerEvent: {}
[99.848871] (-) TimerEvent: {}
[99.949222] (-) TimerEvent: {}
[100.049607] (-) TimerEvent: {}
[100.149951] (-) TimerEvent: {}
[100.250326] (-) TimerEvent: {}
[100.350706] (-) TimerEvent: {}
[100.451151] (-) TimerEvent: {}
[100.551572] (-) TimerEvent: {}
[100.651924] (-) TimerEvent: {}
[100.752313] (-) TimerEvent: {}
[100.852731] (-) TimerEvent: {}
[100.953086] (-) TimerEvent: {}
[101.053447] (-) TimerEvent: {}
[101.153822] (-) TimerEvent: {}
[101.254203] (-) TimerEvent: {}
[101.354574] (-) TimerEvent: {}
[101.455029] (-) TimerEvent: {}
[101.555398] (-) TimerEvent: {}
[101.655752] (-) TimerEvent: {}
[101.756118] (-) TimerEvent: {}
[101.856512] (-) TimerEvent: {}
[101.956903] (-) TimerEvent: {}
[102.057293] (-) TimerEvent: {}
[102.157794] (-) TimerEvent: {}
[102.258160] (-) TimerEvent: {}
[102.358524] (-) TimerEvent: {}
[102.458883] (-) TimerEvent: {}
[102.496196] (servo_control) StdoutLine: {'line': b'[100%] Linking CXX executable scan_sequence_node\n'}
[102.559319] (-) TimerEvent: {}
[102.661402] (-) TimerEvent: {}
[102.761794] (-) TimerEvent: {}
[102.862180] (-) TimerEvent: {}
[102.962566] (-) TimerEvent: {}
[103.062950] (-) TimerEvent: {}
[103.163445] (-) TimerEvent: {}
[103.263851] (-) TimerEvent: {}
[103.364453] (-) TimerEvent: {}
[103.464865] (-) TimerEvent: {}
[103.565304] (-) TimerEvent: {}
[103.665699] (-) TimerEvent: {}
[103.766140] (-) TimerEvent: {}
[103.866536] (-) TimerEvent: {}
[103.966895] (-) TimerEvent: {}
[104.067314] (-) TimerEvent: {}
[104.167850] (-) TimerEvent: {}
[104.270588] (-) TimerEvent: {}
[104.371382] (-) TimerEvent: {}
[104.472393] (-) TimerEvent: {}
[104.572856] (-) TimerEvent: {}
[104.673275] (-) TimerEvent: {}
[104.725055] (servo_control) StdoutLine: {'line': b'[100%] Built target scan_sequence_node\n'}
[104.773654] (-) TimerEvent: {}
[104.785436] (servo_control) CommandEnded: {'returncode': 0}
[104.873906] (-) TimerEvent: {}
[104.930175] (servo_control) JobProgress: {'identifier': 'servo_control', 'progress': 'install'}
[104.931944] (servo_control) Command: {'cmd': ['/usr/bin/cmake', '--install', '/root/lidar_system/build/servo_control'], 'cwd': '/root/lidar_system/build/servo_control', 'env': OrderedDict([('HOSTNAME', 'ubuntu-desktop'), ('SHLVL', '1'), ('LD_LIBRARY_PATH', '/opt/ros/foxy/opt/yaml_cpp_vendor/lib:/opt/ros/foxy/opt/rviz_ogre_vendor/lib:/opt/ros/foxy/lib/aarch64-linux-gnu:/opt/ros/foxy/lib'), ('HOME', '/root'), ('OLDPWD', '/'), ('ROS_PYTHON_VERSION', '3'), ('ROS_DISTRO', 'foxy'), ('_', '/usr/bin/colcon'), ('ROS_VERSION', '2'), ('ROS_LOCALHOST_ONLY', '0'), ('QT_X11_NO_MITSHM', '1'), ('PATH', '/opt/ros/foxy/bin:/usr/local/sbin:/usr/local/bin:/usr/sbin:/usr/bin:/sbin:/bin'), ('FASTRTPS_DEFAULT_PROFILES_FILE', '/fastdds.xml'), ('DISPLAY', ':0'), ('LANG', 'C.UTF-8'), ('RMW_IMPLEMENTATION', 'rmw_fastrtps_cpp'), ('ROS_DOMAIN_ID', '0'), ('AMENT_PREFIX_PATH', '/opt/ros/foxy'), ('PWD', '/root/lidar_system/build/servo_control'), ('LC_ALL', 'C.UTF-8'), ('PYTHONPATH', '/opt/ros/foxy/lib/python3.8/site-packages'), ('COLCON', '1'), ('CMAKE_PREFIX_PATH', '/opt/ros/foxy')]), 'shell': False}
[104.975050] (-) TimerEvent: {}
[104.977360] (servo_control) StdoutLine: {'line': b'-- Install configuration: ""\n'}
[104.987152] (servo_control) StdoutLine: {'line': b'-- Installing: /root/lidar_system/install/servo_control/lib/servo_control/dynamic_tf_broadcaster\n'}
[104.999905] (servo_control) StdoutLine: {'line': b'-- Set runtime path of "/root/lidar_system/install/servo_control/lib/servo_control/dynamic_tf_broadcaster" to ""\n'}
[105.005091] (servo_control) StdoutLine: {'line': b'-- Installing: /root/lidar_system/install/servo_control/lib/servo_control/lidar_pointcloud_node\n'}
[105.015915] (servo_control) StdoutLine: {'line': b'-- Set runtime path of "/root/lidar_system/install/servo_control/lib/servo_control/lidar_pointcloud_node" to ""\n'}
[105.018584] (servo_control) StdoutLine: {'line': b'-- Installing: /root/lidar_system/install/servo_control/lib/servo_control/scan_sequence_node\n'}
[105.042138] (servo_control) StdoutLine: {'line': b'-- Set runtime path of "/root/lidar_system/install/servo_control/lib/servo_control/scan_sequence_node" to ""\n'}
[105.045594] (servo_control) StdoutLine: {'line': b'-- Installing: /root/lidar_system/install/servo_control/lib/servo_control/target_tracker_node\n'}
[105.056338] (servo_control) StdoutLine: {'line': b'-- Set runtime path of "/root/lidar_system/install/servo_control/lib/servo_control/target_tracker_node" to ""\n'}
[105.058795] (servo_control) StdoutLine: {'line': b'-- Installing: /root/lidar_system/install/servo_control/lib/servo_control/mavros_tf_node\n'}
[105.069261] (servo_control) StdoutLine: {'line': b'-- Set runtime path of "/root/lidar_system/install/servo_control/lib/servo_control/mavros_tf_node" to ""\n'}
[105.071273] (servo_control) StdoutLine: {'line': b'-- Up-to-date: /root/lidar_system/install/servo_control/share/servo_control/environment/pythonpath.sh\n'}
[105.072680] (servo_control) StdoutLine: {'line': b'-- Installing: /root/lidar_system/install/servo_control/share/servo_control/environment/pythonpath.dsv\n'}
[105.074217] (servo_control) StdoutLine: {'line': b'-- Up-to-date: /root/lidar_system/install/servo_control/lib/python3.8/site-packages/servo_control\n'}
[105.075183] (-) TimerEvent: {}
[105.075900] (servo_control) StdoutLine: {'line': b'-- Up-to-date: /root/lidar_system/install/servo_control/lib/python3.8/site-packages/servo_control/__init__.py\n'}
[105.175170] (-) TimerEvent: {}
[105.275578] (-) TimerEvent: {}
[105.376099] (-) TimerEvent: {}
[105.378148] (servo_control) StdoutLine: {'line': b"Listing '/root/lidar_system/install/servo_control/lib/python3.8/site-packages/servo_control'...\n"}
[105.406821] (servo_control) StdoutLine: {'line': b'-- Up-to-date: /root/lidar_system/install/servo_control/lib/servo_control/servo_motor_node.py\n'}
[105.407703] (servo_control) StdoutLine: {'line': b'-- Up-to-date: /root/lidar_system/install/servo_control/lib/servo_control/lidar_bbox_open3d.py\n'}
[105.418749] (servo_control) StdoutLine: {'line': b'-- Up-to-date: /root/lidar_system/install/servo_control/share/ament_index/resource_index/package_run_dependencies/servo_control\n'}
[105.420061] (servo_control) StdoutLine: {'line': b'-- Up-to-date: /root/lidar_system/install/servo_control/share/ament_index/resource_index/parent_prefix_path/servo_control\n'}
[105.439980] (servo_control) StdoutLine: {'line': b'-- Up-to-date: /root/lidar_system/install/servo_control/share/servo_control/environment/ament_prefix_path.sh\n'}
[105.441258] (servo_control) StdoutLine: {'line': b'-- Installing: /root/lidar_system/install/servo_control/share/servo_control/environment/ament_prefix_path.dsv\n'}
[105.442948] (servo_control) StdoutLine: {'line': b'-- Up-to-date: /root/lidar_system/install/servo_control/share/servo_control/environment/path.sh\n'}
[105.444214] (servo_control) StdoutLine: {'line': b'-- Installing: /root/lidar_system/install/servo_control/share/servo_control/environment/path.dsv\n'}
[105.446708] (servo_control) StdoutLine: {'line': b'-- Up-to-date: /root/lidar_system/install/servo_control/share/servo_control/local_setup.bash\n'}
[105.447339] (servo_control) StdoutLine: {'line': b'-- Up-to-date: /root/lidar_system/install/servo_control/share/servo_control/local_setup.sh\n'}
[105.447869] (servo_control) StdoutLine: {'line': b'-- Up-to-date: /root/lidar_system/install/servo_control/share/servo_control/local_setup.zsh\n'}
[105.448313] (servo_control) StdoutLine: {'line': b'-- Installing: /root/lidar_system/install/servo_control/share/servo_control/local_setup.dsv\n'}
[105.450024] (servo_control) StdoutLine: {'line': b'-- Installing: /root/lidar_system/install/servo_control/share/servo_control/package.dsv\n'}
[105.451084] (servo_control) StdoutLine: {'line': b'-- Up-to-date: /root/lidar_system/install/servo_control/share/ament_index/resource_index/packages/servo_control\n'}
[105.452331] (servo_control) StdoutLine: {'line': b'-- Up-to-date: /root/lidar_system/install/servo_control/share/servo_control/cmake/servo_controlConfig.cmake\n'}
[105.453337] (servo_control) StdoutLine: {'line': b'-- Up-to-date: /root/lidar_system/install/servo_control/share/servo_control/cmake/servo_controlConfig-version.cmake\n'}
[105.454071] (servo_control) StdoutLine: {'line': b'-- Up-to-date: /root/lidar_system/install/servo_control/share/servo_control/package.xml\n'}
[105.476025] (servo_control) CommandEnded: {'returncode': 0}
[105.477436] (-) TimerEvent: {}
[105.579230] (-) TimerEvent: {}
[105.682964] (-) TimerEvent: {}
[105.783593] (-) TimerEvent: {}
[105.792735] (servo_control) JobEnded: {'identifier': 'servo_control', 'rc': 0}
[105.795445] (-) EventReactorShutdown: {}
