[0.088s] Invoking command in '/root/lidar_system/build/servo_control': CMAKE_PREFIX_PATH=/opt/ros/foxy /usr/bin/cmake --build /root/lidar_system/build/servo_control -- -j4 -l4
[0.471s] [ 33%] Built target scan_sequence_node
[0.617s] Scanning dependencies of target dynamic_tf_broadcaster
[0.718s] [ 50%] Building CXX object CMakeFiles/dynamic_tf_broadcaster.dir/src/dynamic_tf_broadcaster.cpp.o
[30.549s] [ 66%] Linking CXX executable dynamic_tf_broadcaster
[32.048s] [ 66%] Built target dynamic_tf_broadcaster
[32.240s] [100%] Built target lidar_pointcloud_node
[32.281s] Invoked command in '/root/lidar_system/build/servo_control' returned '0': CMAKE_PREFIX_PATH=/opt/ros/foxy /usr/bin/cmake --build /root/lidar_system/build/servo_control -- -j4 -l4
[32.390s] Invoking command in '/root/lidar_system/build/servo_control': CMAKE_PREFIX_PATH=/opt/ros/foxy /usr/bin/cmake --install /root/lidar_system/build/servo_control
[32.422s] -- Install configuration: ""
[32.425s] -- Installing: /root/lidar_system/install/servo_control/lib/servo_control/dynamic_tf_broadcaster
[32.435s] -- Set runtime path of "/root/lidar_system/install/servo_control/lib/servo_control/dynamic_tf_broadcaster" to ""
[32.438s] -- Up-to-date: /root/lidar_system/install/servo_control/lib/servo_control/lidar_pointcloud_node
[32.442s] -- Up-to-date: /root/lidar_system/install/servo_control/lib/servo_control/scan_sequence_node
[32.444s] -- Up-to-date: /root/lidar_system/install/servo_control/share/servo_control/environment/pythonpath.sh
[32.445s] -- Up-to-date: /root/lidar_system/install/servo_control/share/servo_control/environment/pythonpath.dsv
[32.445s] -- Up-to-date: /root/lidar_system/install/servo_control/lib/python3.8/site-packages/servo_control
[32.446s] -- Up-to-date: /root/lidar_system/install/servo_control/lib/python3.8/site-packages/servo_control/__init__.py
[32.581s] Listing '/root/lidar_system/install/servo_control/lib/python3.8/site-packages/servo_control'...
[32.604s] -- Up-to-date: /root/lidar_system/install/servo_control/lib/servo_control/servo_motor_node.py
[32.605s] -- Up-to-date: /root/lidar_system/install/servo_control/share/ament_index/resource_index/package_run_dependencies/servo_control
[32.606s] -- Up-to-date: /root/lidar_system/install/servo_control/share/ament_index/resource_index/parent_prefix_path/servo_control
[32.607s] -- Up-to-date: /root/lidar_system/install/servo_control/share/servo_control/environment/ament_prefix_path.sh
[32.609s] -- Up-to-date: /root/lidar_system/install/servo_control/share/servo_control/environment/ament_prefix_path.dsv
[32.609s] -- Up-to-date: /root/lidar_system/install/servo_control/share/servo_control/environment/path.sh
[32.609s] -- Up-to-date: /root/lidar_system/install/servo_control/share/servo_control/environment/path.dsv
[32.610s] -- Up-to-date: /root/lidar_system/install/servo_control/share/servo_control/local_setup.bash
[32.610s] -- Up-to-date: /root/lidar_system/install/servo_control/share/servo_control/local_setup.sh
[32.610s] -- Up-to-date: /root/lidar_system/install/servo_control/share/servo_control/local_setup.zsh
[32.611s] -- Up-to-date: /root/lidar_system/install/servo_control/share/servo_control/local_setup.dsv
[32.611s] -- Installing: /root/lidar_system/install/servo_control/share/servo_control/package.dsv
[32.612s] -- Up-to-date: /root/lidar_system/install/servo_control/share/ament_index/resource_index/packages/servo_control
[32.612s] -- Up-to-date: /root/lidar_system/install/servo_control/share/servo_control/cmake/servo_controlConfig.cmake
[32.613s] -- Up-to-date: /root/lidar_system/install/servo_control/share/servo_control/cmake/servo_controlConfig-version.cmake
[32.615s] -- Up-to-date: /root/lidar_system/install/servo_control/share/servo_control/package.xml
[32.626s] Invoked command in '/root/lidar_system/build/servo_control' returned '0': CMAKE_PREFIX_PATH=/opt/ros/foxy /usr/bin/cmake --install /root/lidar_system/build/servo_control
