[  2%] Built target servo_control__cpp
[  6%] Built target target_tracker_node
[ 11%] Built target lidar_pointcloud_node
[ 15%] Built target scan_sequence_node
[ 20%] Built target mavros_tf_node
[ 26%] Built target servo_control__rosidl_typesupport_cpp
[ 33%] Built target servo_control__rosidl_typesupport_fastrtps_cpp
[ 40%] Built target servo_control__rosidl_typesupport_introspection_cpp
[ 44%] Built target dynamic_tf_broadcaster
[ 51%] Built target servo_control__rosidl_generator_c
[ 57%] Built target servo_control__rosidl_typesupport_introspection_c
[ 64%] Built target servo_control__rosidl_typesupport_c
[ 71%] Built target servo_control__rosidl_typesupport_fastrtps_c
[ 71%] Built target servo_control
[ 73%] Built target servo_control__py
Scanning dependencies of target px4_takeoff_manager_node
[ 75%] Building CXX object CMakeFiles/px4_takeoff_manager_node.dir/src/px4_takeoff_manager_node.cpp.o
/root/lidar_system/servo_control/src/px4_takeoff_manager_node.cpp: In constructor ‘Px4TakeoffManagerNode::Px4TakeoffManagerNode()’:
/root/lidar_system/servo_control/src/px4_takeoff_manager_node.cpp:106:61: error: expected ‘;’ before ‘)’ token
  106 |       std::bind(&Px4TakeoffManagerNode::timerCallback, this));
      |                                                             ^
      |                                                             ;
