[0.116s] Invoking command in '/root/lidar_system/build/servo_control': CMAKE_PREFIX_PATH=/opt/ros/foxy /usr/bin/cmake --build /root/lidar_system/build/servo_control -- -j4 -l4
[0.374s] [  2%] Built target servo_control__cpp
[0.530s] [  6%] Built target dynamic_tf_broadcaster
[0.685s] [ 10%] Built target target_tracker_node
[0.858s] [ 14%] Built target lidar_pointcloud_node
[1.023s] [ 19%] Built target scan_sequence_node
[1.182s] [ 23%] Built target mavros_tf_node
[1.261s] [ 29%] Built target servo_control__rosidl_typesupport_cpp
[1.430s] [ 36%] Built target servo_control__rosidl_typesupport_fastrtps_cpp
[1.476s] [ 42%] Built target servo_control__rosidl_typesupport_introspection_cpp
[1.633s] [ 46%] Built target octomap_planner_node
[1.792s] [ 53%] Built target servo_control__rosidl_generator_c
[1.907s] [ 59%] Built target servo_control__rosidl_typesupport_fastrtps_c
[1.990s] [ 65%] Built target servo_control__rosidl_typesupport_c
[2.080s] [ 72%] Built target servo_control__rosidl_typesupport_introspection_c
[2.157s] [ 72%] Built target servo_control
[2.234s] [ 74%] Built target servo_control__py
[2.387s] [ 78%] Built target px4_takeoff_manager_node
[2.500s] [ 82%] Built target servo_control__python
[2.641s] [ 87%] Built target local_dimensions_node
[2.755s] [ 91%] Built target servo_control__rosidl_typesupport_c__pyext
[2.873s] [ 95%] Built target servo_control__rosidl_typesupport_introspection_c__pyext
[2.989s] [100%] Built target servo_control__rosidl_typesupport_fastrtps_c__pyext
[3.030s] Invoked command in '/root/lidar_system/build/servo_control' returned '0': CMAKE_PREFIX_PATH=/opt/ros/foxy /usr/bin/cmake --build /root/lidar_system/build/servo_control -- -j4 -l4
[3.229s] Invoking command in '/root/lidar_system/build/servo_control': CMAKE_PREFIX_PATH=/opt/ros/foxy /usr/bin/cmake --install /root/lidar_system/build/servo_control
[3.267s] -- Install configuration: ""
[3.268s] -- Up-to-date: /root/lidar_system/install/servo_control/share/ament_index/resource_index/rosidl_interfaces/servo_control
[3.269s] -- Up-to-date: /root/lidar_system/install/servo_control/include/servo_control
[3.269s] -- Up-to-date: /root/lidar_system/install/servo_control/include/servo_control/msg
[3.270s] -- Up-to-date: /root/lidar_system/install/servo_control/include/servo_control/msg/rosidl_generator_c__visibility_control.h
[3.270s] -- Up-to-date: /root/lidar_system/install/servo_control/include/servo_control/srv
[3.270s] -- Up-to-date: /root/lidar_system/install/servo_control/include/servo_control/srv/get_local_dimensions.h
[3.271s] -- Up-to-date: /root/lidar_system/install/servo_control/include/servo_control/srv/detail
[3.272s] -- Up-to-date: /root/lidar_system/install/servo_control/include/servo_control/srv/detail/get_local_dimensions__struct.h
[3.273s] -- Up-to-date: /root/lidar_system/install/servo_control/include/servo_control/srv/detail/get_local_dimensions__type_support.h
[3.273s] -- Up-to-date: /root/lidar_system/install/servo_control/include/servo_control/srv/detail/get_local_dimensions__functions.h
[3.273s] -- Up-to-date: /root/lidar_system/install/servo_control/include/servo_control/srv/detail/get_local_dimensions__functions.c
[3.274s] -- Up-to-date: /root/lidar_system/install/servo_control/share/servo_control/environment/library_path.sh
[3.274s] -- Up-to-date: /root/lidar_system/install/servo_control/share/servo_control/environment/library_path.dsv
[3.275s] -- Up-to-date: /root/lidar_system/install/servo_control/lib/libservo_control__rosidl_generator_c.so
[3.276s] -- Up-to-date: /root/lidar_system/install/servo_control/include/servo_control
[3.276s] -- Up-to-date: /root/lidar_system/install/servo_control/include/servo_control/msg
[3.277s] -- Up-to-date: /root/lidar_system/install/servo_control/include/servo_control/msg/rosidl_typesupport_fastrtps_c__visibility_control.h
[3.277s] -- Up-to-date: /root/lidar_system/install/servo_control/include/servo_control/srv
[3.278s] -- Up-to-date: /root/lidar_system/install/servo_control/include/servo_control/srv/detail
[3.279s] -- Up-to-date: /root/lidar_system/install/servo_control/include/servo_control/srv/detail/get_local_dimensions__rosidl_typesupport_fastrtps_c.h
[3.279s] -- Up-to-date: /root/lidar_system/install/servo_control/lib/libservo_control__rosidl_typesupport_fastrtps_c.so
[3.280s] -- Up-to-date: /root/lidar_system/install/servo_control/include/servo_control
[3.280s] -- Up-to-date: /root/lidar_system/install/servo_control/include/servo_control/msg
[3.281s] -- Up-to-date: /root/lidar_system/install/servo_control/include/servo_control/msg/rosidl_typesupport_fastrtps_cpp__visibility_control.h
[3.281s] -- Up-to-date: /root/lidar_system/install/servo_control/include/servo_control/srv
[3.281s] -- Up-to-date: /root/lidar_system/install/servo_control/include/servo_control/srv/detail
[3.282s] -- Up-to-date: /root/lidar_system/install/servo_control/include/servo_control/srv/detail/get_local_dimensions__rosidl_typesupport_fastrtps_cpp.hpp
[3.284s] -- Up-to-date: /root/lidar_system/install/servo_control/include/servo_control/srv/detail/dds_fastrtps
[3.285s] -- Up-to-date: /root/lidar_system/install/servo_control/lib/libservo_control__rosidl_typesupport_fastrtps_cpp.so
[3.285s] -- Up-to-date: /root/lidar_system/install/servo_control/include/servo_control
[3.285s] -- Up-to-date: /root/lidar_system/install/servo_control/include/servo_control/msg
[3.286s] -- Up-to-date: /root/lidar_system/install/servo_control/include/servo_control/msg/rosidl_typesupport_introspection_c__visibility_control.h
[3.286s] -- Up-to-date: /root/lidar_system/install/servo_control/include/servo_control/srv
[3.286s] -- Up-to-date: /root/lidar_system/install/servo_control/include/servo_control/srv/detail
[3.287s] -- Up-to-date: /root/lidar_system/install/servo_control/include/servo_control/srv/detail/get_local_dimensions__rosidl_typesupport_introspection_c.h
[3.287s] -- Up-to-date: /root/lidar_system/install/servo_control/include/servo_control/srv/detail/get_local_dimensions__type_support.c
[3.288s] -- Up-to-date: /root/lidar_system/install/servo_control/lib/libservo_control__rosidl_typesupport_introspection_c.so
[3.289s] -- Up-to-date: /root/lidar_system/install/servo_control/lib/libservo_control__rosidl_typesupport_c.so
[3.289s] -- Up-to-date: /root/lidar_system/install/servo_control/include/servo_control
[3.289s] -- Up-to-date: /root/lidar_system/install/servo_control/include/servo_control/msg
[3.290s] -- Up-to-date: /root/lidar_system/install/servo_control/include/servo_control/msg/rosidl_generator_cpp__visibility_control.hpp
[3.290s] -- Up-to-date: /root/lidar_system/install/servo_control/include/servo_control/srv
[3.290s] -- Up-to-date: /root/lidar_system/install/servo_control/include/servo_control/srv/detail
[3.291s] -- Up-to-date: /root/lidar_system/install/servo_control/include/servo_control/srv/detail/get_local_dimensions__traits.hpp
[3.291s] -- Up-to-date: /root/lidar_system/install/servo_control/include/servo_control/srv/detail/get_local_dimensions__struct.hpp
[3.291s] -- Up-to-date: /root/lidar_system/install/servo_control/include/servo_control/srv/detail/get_local_dimensions__type_support.hpp
[3.292s] -- Up-to-date: /root/lidar_system/install/servo_control/include/servo_control/srv/detail/get_local_dimensions__builder.hpp
[3.292s] -- Up-to-date: /root/lidar_system/install/servo_control/include/servo_control/srv/get_local_dimensions.hpp
[3.293s] -- Up-to-date: /root/lidar_system/install/servo_control/include/servo_control
[3.293s] -- Up-to-date: /root/lidar_system/install/servo_control/include/servo_control/srv
[3.293s] -- Up-to-date: /root/lidar_system/install/servo_control/include/servo_control/srv/detail
[3.293s] -- Up-to-date: /root/lidar_system/install/servo_control/include/servo_control/srv/detail/get_local_dimensions__type_support.cpp
[3.294s] -- Up-to-date: /root/lidar_system/install/servo_control/include/servo_control/srv/detail/get_local_dimensions__rosidl_typesupport_introspection_cpp.hpp
[3.294s] -- Up-to-date: /root/lidar_system/install/servo_control/lib/libservo_control__rosidl_typesupport_introspection_cpp.so
[3.294s] -- Up-to-date: /root/lidar_system/install/servo_control/lib/libservo_control__rosidl_typesupport_cpp.so
[3.295s] -- Up-to-date: /root/lidar_system/install/servo_control/share/servo_control/environment/pythonpath.sh
[3.295s] -- Up-to-date: /root/lidar_system/install/servo_control/share/servo_control/environment/pythonpath.dsv
[3.296s] -- Installing: /root/lidar_system/install/servo_control/lib/python3.8/site-packages/servo_control/__init__.py
[3.414s] Compiling '/root/lidar_system/install/servo_control/lib/python3.8/site-packages/servo_control/__init__.py'...
[3.438s] -- Up-to-date: /root/lidar_system/install/servo_control/lib/python3.8/site-packages/servo_control/srv
[3.438s] -- Up-to-date: /root/lidar_system/install/servo_control/lib/python3.8/site-packages/servo_control/srv/_get_local_dimensions_s.c
[3.439s] -- Up-to-date: /root/lidar_system/install/servo_control/lib/python3.8/site-packages/servo_control/srv/__init__.py
[3.439s] -- Up-to-date: /root/lidar_system/install/servo_control/lib/python3.8/site-packages/servo_control/srv/_get_local_dimensions.py
[3.440s] -- Up-to-date: /root/lidar_system/install/servo_control/lib/python3.8/site-packages/servo_control/servo_control_s__rosidl_typesupport_fastrtps_c.cpython-38-aarch64-linux-gnu.so
[3.443s] -- Up-to-date: /root/lidar_system/install/servo_control/lib/python3.8/site-packages/servo_control/servo_control_s__rosidl_typesupport_introspection_c.cpython-38-aarch64-linux-gnu.so
[3.445s] -- Up-to-date: /root/lidar_system/install/servo_control/lib/python3.8/site-packages/servo_control/servo_control_s__rosidl_typesupport_c.cpython-38-aarch64-linux-gnu.so
[3.448s] -- Up-to-date: /root/lidar_system/install/servo_control/lib/libservo_control__python.so
[3.449s] -- Up-to-date: /root/lidar_system/install/servo_control/share/servo_control/srv/GetLocalDimensions.idl
[3.449s] -- Up-to-date: /root/lidar_system/install/servo_control/share/servo_control/srv/GetLocalDimensions.srv
[3.450s] -- Up-to-date: /root/lidar_system/install/servo_control/share/servo_control/srv/GetLocalDimensions_Request.msg
[3.450s] -- Up-to-date: /root/lidar_system/install/servo_control/share/servo_control/srv/GetLocalDimensions_Response.msg
[3.450s] -- Up-to-date: /root/lidar_system/install/servo_control/lib/servo_control/dynamic_tf_broadcaster
[3.451s] -- Up-to-date: /root/lidar_system/install/servo_control/lib/servo_control/lidar_pointcloud_node
[3.452s] -- Up-to-date: /root/lidar_system/install/servo_control/lib/servo_control/scan_sequence_node
[3.454s] -- Up-to-date: /root/lidar_system/install/servo_control/lib/servo_control/target_tracker_node
[3.456s] -- Up-to-date: /root/lidar_system/install/servo_control/lib/servo_control/mavros_tf_node
[3.458s] -- Up-to-date: /root/lidar_system/install/servo_control/lib/servo_control/local_dimensions_node
[3.461s] -- Up-to-date: /root/lidar_system/install/servo_control/lib/servo_control/px4_takeoff_manager_node
[3.463s] -- Up-to-date: /root/lidar_system/install/servo_control/lib/servo_control/octomap_planner_node
[3.464s] -- Up-to-date: /root/lidar_system/install/servo_control/lib/python3.8/site-packages/servo_control
[3.471s] -- Installing: /root/lidar_system/install/servo_control/lib/python3.8/site-packages/servo_control/__init__.py
[3.645s] Listing '/root/lidar_system/install/servo_control/lib/python3.8/site-packages/servo_control'...
[3.645s] Compiling '/root/lidar_system/install/servo_control/lib/python3.8/site-packages/servo_control/__init__.py'...
[3.645s] Listing '/root/lidar_system/install/servo_control/lib/python3.8/site-packages/servo_control/srv'...
[3.671s] -- Up-to-date: /root/lidar_system/install/servo_control/lib/servo_control/servo_motor_node.py
[3.672s] -- Up-to-date: /root/lidar_system/install/servo_control/lib/servo_control/lidar_bbox_open3d.py
[3.673s] -- Up-to-date: /root/lidar_system/install/servo_control/share/ament_index/resource_index/package_run_dependencies/servo_control
[3.674s] -- Up-to-date: /root/lidar_system/install/servo_control/share/ament_index/resource_index/parent_prefix_path/servo_control
[3.674s] -- Up-to-date: /root/lidar_system/install/servo_control/share/servo_control/environment/ament_prefix_path.sh
[3.674s] -- Up-to-date: /root/lidar_system/install/servo_control/share/servo_control/environment/ament_prefix_path.dsv
[3.675s] -- Up-to-date: /root/lidar_system/install/servo_control/share/servo_control/environment/path.sh
[3.675s] -- Up-to-date: /root/lidar_system/install/servo_control/share/servo_control/environment/path.dsv
[3.676s] -- Up-to-date: /root/lidar_system/install/servo_control/share/servo_control/local_setup.bash
[3.676s] -- Up-to-date: /root/lidar_system/install/servo_control/share/servo_control/local_setup.sh
[3.677s] -- Up-to-date: /root/lidar_system/install/servo_control/share/servo_control/local_setup.zsh
[3.677s] -- Up-to-date: /root/lidar_system/install/servo_control/share/servo_control/local_setup.dsv
[3.677s] -- Installing: /root/lidar_system/install/servo_control/share/servo_control/package.dsv
[3.678s] -- Up-to-date: /root/lidar_system/install/servo_control/share/ament_index/resource_index/packages/servo_control
[3.679s] -- Up-to-date: /root/lidar_system/install/servo_control/share/servo_control/cmake/servo_control__rosidl_generator_cExport.cmake
[3.680s] -- Up-to-date: /root/lidar_system/install/servo_control/share/servo_control/cmake/servo_control__rosidl_generator_cExport-noconfig.cmake
[3.681s] -- Up-to-date: /root/lidar_system/install/servo_control/share/servo_control/cmake/servo_control__rosidl_typesupport_introspection_cExport.cmake
[3.682s] -- Up-to-date: /root/lidar_system/install/servo_control/share/servo_control/cmake/servo_control__rosidl_typesupport_introspection_cExport-noconfig.cmake
[3.684s] -- Up-to-date: /root/lidar_system/install/servo_control/share/servo_control/cmake/servo_control__rosidl_typesupport_cExport.cmake
[3.684s] -- Up-to-date: /root/lidar_system/install/servo_control/share/servo_control/cmake/servo_control__rosidl_typesupport_cExport-noconfig.cmake
[3.685s] -- Up-to-date: /root/lidar_system/install/servo_control/share/servo_control/cmake/servo_control__rosidl_generator_cppExport.cmake
[3.687s] -- Up-to-date: /root/lidar_system/install/servo_control/share/servo_control/cmake/servo_control__rosidl_typesupport_introspection_cppExport.cmake
[3.688s] -- Up-to-date: /root/lidar_system/install/servo_control/share/servo_control/cmake/servo_control__rosidl_typesupport_introspection_cppExport-noconfig.cmake
[3.689s] -- Up-to-date: /root/lidar_system/install/servo_control/share/servo_control/cmake/servo_control__rosidl_typesupport_cppExport.cmake
[3.690s] -- Up-to-date: /root/lidar_system/install/servo_control/share/servo_control/cmake/servo_control__rosidl_typesupport_cppExport-noconfig.cmake
[3.691s] -- Up-to-date: /root/lidar_system/install/servo_control/share/servo_control/cmake/rosidl_cmake-extras.cmake
[3.692s] -- Up-to-date: /root/lidar_system/install/servo_control/share/servo_control/cmake/ament_cmake_export_dependencies-extras.cmake
[3.693s] -- Up-to-date: /root/lidar_system/install/servo_control/share/servo_control/cmake/ament_cmake_export_libraries-extras.cmake
[3.693s] -- Up-to-date: /root/lidar_system/install/servo_control/share/servo_control/cmake/ament_cmake_export_targets-extras.cmake
[3.694s] -- Up-to-date: /root/lidar_system/install/servo_control/share/servo_control/cmake/ament_cmake_export_include_directories-extras.cmake
[3.694s] -- Up-to-date: /root/lidar_system/install/servo_control/share/servo_control/cmake/rosidl_cmake_export_typesupport_libraries-extras.cmake
[3.695s] -- Up-to-date: /root/lidar_system/install/servo_control/share/servo_control/cmake/rosidl_cmake_export_typesupport_targets-extras.cmake
[3.695s] -- Up-to-date: /root/lidar_system/install/servo_control/share/servo_control/cmake/servo_controlConfig.cmake
[3.695s] -- Up-to-date: /root/lidar_system/install/servo_control/share/servo_control/cmake/servo_controlConfig-version.cmake
[3.696s] -- Up-to-date: /root/lidar_system/install/servo_control/share/servo_control/package.xml
[3.709s] Invoked command in '/root/lidar_system/build/servo_control' returned '0': CMAKE_PREFIX_PATH=/opt/ros/foxy /usr/bin/cmake --install /root/lidar_system/build/servo_control
