[  6%] Built target servo_control__rosidl_generator_c
[  8%] Built target servo_control__cpp
[ 12%] Built target octomap_planner_node
[ 17%] Built target dynamic_tf_broadcaster
[ 21%] Built target target_tracker_node
[ 25%] Built target lidar_pointcloud_node
[ 31%] Built target servo_control__rosidl_typesupport_cpp
[ 36%] Built target mavros_tf_node
[ 40%] Built target scan_sequence_node
[ 46%] Built target servo_control__rosidl_typesupport_fastrtps_cpp
[ 53%] Built target servo_control__rosidl_typesupport_introspection_cpp
[ 59%] Built target servo_control__rosidl_typesupport_introspection_c
[ 65%] Built target servo_control__rosidl_typesupport_c
[ 72%] Built target servo_control__rosidl_typesupport_fastrtps_c
[ 72%] Built target servo_control
[ 74%] Built target servo_control__py
[ 78%] Built target px4_takeoff_manager_node
[ 82%] Built target local_dimensions_node
[ 87%] Built target servo_control__python
[ 91%] Built target servo_control__rosidl_typesupport_introspection_c__pyext
[ 95%] Built target servo_control__rosidl_typesupport_fastrtps_c__pyext
[100%] Built target servo_control__rosidl_typesupport_c__pyext
-- Install configuration: ""
-- Up-to-date: /root/lidar_system/install/servo_control/share/ament_index/resource_index/rosidl_interfaces/servo_control
-- Up-to-date: /root/lidar_system/install/servo_control/include/servo_control
-- Up-to-date: /root/lidar_system/install/servo_control/include/servo_control/msg
-- Up-to-date: /root/lidar_system/install/servo_control/include/servo_control/msg/rosidl_generator_c__visibility_control.h
-- Up-to-date: /root/lidar_system/install/servo_control/include/servo_control/srv
-- Up-to-date: /root/lidar_system/install/servo_control/include/servo_control/srv/get_local_dimensions.h
-- Up-to-date: /root/lidar_system/install/servo_control/include/servo_control/srv/detail
-- Up-to-date: /root/lidar_system/install/servo_control/include/servo_control/srv/detail/get_local_dimensions__struct.h
-- Up-to-date: /root/lidar_system/install/servo_control/include/servo_control/srv/detail/get_local_dimensions__type_support.h
-- Up-to-date: /root/lidar_system/install/servo_control/include/servo_control/srv/detail/get_local_dimensions__functions.h
-- Up-to-date: /root/lidar_system/install/servo_control/include/servo_control/srv/detail/get_local_dimensions__functions.c
-- Up-to-date: /root/lidar_system/install/servo_control/share/servo_control/environment/library_path.sh
-- Up-to-date: /root/lidar_system/install/servo_control/share/servo_control/environment/library_path.dsv
-- Up-to-date: /root/lidar_system/install/servo_control/lib/libservo_control__rosidl_generator_c.so
-- Up-to-date: /root/lidar_system/install/servo_control/include/servo_control
-- Up-to-date: /root/lidar_system/install/servo_control/include/servo_control/msg
-- Up-to-date: /root/lidar_system/install/servo_control/include/servo_control/msg/rosidl_typesupport_fastrtps_c__visibility_control.h
-- Up-to-date: /root/lidar_system/install/servo_control/include/servo_control/srv
-- Up-to-date: /root/lidar_system/install/servo_control/include/servo_control/srv/detail
-- Up-to-date: /root/lidar_system/install/servo_control/include/servo_control/srv/detail/get_local_dimensions__rosidl_typesupport_fastrtps_c.h
-- Up-to-date: /root/lidar_system/install/servo_control/lib/libservo_control__rosidl_typesupport_fastrtps_c.so
-- Up-to-date: /root/lidar_system/install/servo_control/include/servo_control
-- Up-to-date: /root/lidar_system/install/servo_control/include/servo_control/msg
-- Up-to-date: /root/lidar_system/install/servo_control/include/servo_control/msg/rosidl_typesupport_fastrtps_cpp__visibility_control.h
-- Up-to-date: /root/lidar_system/install/servo_control/include/servo_control/srv
-- Up-to-date: /root/lidar_system/install/servo_control/include/servo_control/srv/detail
-- Up-to-date: /root/lidar_system/install/servo_control/include/servo_control/srv/detail/get_local_dimensions__rosidl_typesupport_fastrtps_cpp.hpp
-- Up-to-date: /root/lidar_system/install/servo_control/include/servo_control/srv/detail/dds_fastrtps
-- Up-to-date: /root/lidar_system/install/servo_control/lib/libservo_control__rosidl_typesupport_fastrtps_cpp.so
-- Up-to-date: /root/lidar_system/install/servo_control/include/servo_control
-- Up-to-date: /root/lidar_system/install/servo_control/include/servo_control/msg
-- Up-to-date: /root/lidar_system/install/servo_control/include/servo_control/msg/rosidl_typesupport_introspection_c__visibility_control.h
-- Up-to-date: /root/lidar_system/install/servo_control/include/servo_control/srv
-- Up-to-date: /root/lidar_system/install/servo_control/include/servo_control/srv/detail
-- Up-to-date: /root/lidar_system/install/servo_control/include/servo_control/srv/detail/get_local_dimensions__rosidl_typesupport_introspection_c.h
-- Up-to-date: /root/lidar_system/install/servo_control/include/servo_control/srv/detail/get_local_dimensions__type_support.c
-- Up-to-date: /root/lidar_system/install/servo_control/lib/libservo_control__rosidl_typesupport_introspection_c.so
-- Up-to-date: /root/lidar_system/install/servo_control/lib/libservo_control__rosidl_typesupport_c.so
-- Up-to-date: /root/lidar_system/install/servo_control/include/servo_control
-- Up-to-date: /root/lidar_system/install/servo_control/include/servo_control/msg
-- Up-to-date: /root/lidar_system/install/servo_control/include/servo_control/msg/rosidl_generator_cpp__visibility_control.hpp
-- Up-to-date: /root/lidar_system/install/servo_control/include/servo_control/srv
-- Up-to-date: /root/lidar_system/install/servo_control/include/servo_control/srv/detail
-- Up-to-date: /root/lidar_system/install/servo_control/include/servo_control/srv/detail/get_local_dimensions__traits.hpp
-- Up-to-date: /root/lidar_system/install/servo_control/include/servo_control/srv/detail/get_local_dimensions__struct.hpp
-- Up-to-date: /root/lidar_system/install/servo_control/include/servo_control/srv/detail/get_local_dimensions__type_support.hpp
-- Up-to-date: /root/lidar_system/install/servo_control/include/servo_control/srv/detail/get_local_dimensions__builder.hpp
-- Up-to-date: /root/lidar_system/install/servo_control/include/servo_control/srv/get_local_dimensions.hpp
-- Up-to-date: /root/lidar_system/install/servo_control/include/servo_control
-- Up-to-date: /root/lidar_system/install/servo_control/include/servo_control/srv
-- Up-to-date: /root/lidar_system/install/servo_control/include/servo_control/srv/detail
-- Up-to-date: /root/lidar_system/install/servo_control/include/servo_control/srv/detail/get_local_dimensions__type_support.cpp
-- Up-to-date: /root/lidar_system/install/servo_control/include/servo_control/srv/detail/get_local_dimensions__rosidl_typesupport_introspection_cpp.hpp
-- Up-to-date: /root/lidar_system/install/servo_control/lib/libservo_control__rosidl_typesupport_introspection_cpp.so
-- Up-to-date: /root/lidar_system/install/servo_control/lib/libservo_control__rosidl_typesupport_cpp.so
-- Up-to-date: /root/lidar_system/install/servo_control/share/servo_control/environment/pythonpath.sh
-- Up-to-date: /root/lidar_system/install/servo_control/share/servo_control/environment/pythonpath.dsv
-- Installing: /root/lidar_system/install/servo_control/lib/python3.8/site-packages/servo_control/__init__.py
Compiling '/root/lidar_system/install/servo_control/lib/python3.8/site-packages/servo_control/__init__.py'...
-- Up-to-date: /root/lidar_system/install/servo_control/lib/python3.8/site-packages/servo_control/srv
-- Up-to-date: /root/lidar_system/install/servo_control/lib/python3.8/site-packages/servo_control/srv/_get_local_dimensions_s.c
-- Up-to-date: /root/lidar_system/install/servo_control/lib/python3.8/site-packages/servo_control/srv/__init__.py
-- Up-to-date: /root/lidar_system/install/servo_control/lib/python3.8/site-packages/servo_control/srv/_get_local_dimensions.py
-- Up-to-date: /root/lidar_system/install/servo_control/lib/python3.8/site-packages/servo_control/servo_control_s__rosidl_typesupport_fastrtps_c.cpython-38-aarch64-linux-gnu.so
-- Up-to-date: /root/lidar_system/install/servo_control/lib/python3.8/site-packages/servo_control/servo_control_s__rosidl_typesupport_introspection_c.cpython-38-aarch64-linux-gnu.so
-- Up-to-date: /root/lidar_system/install/servo_control/lib/python3.8/site-packages/servo_control/servo_control_s__rosidl_typesupport_c.cpython-38-aarch64-linux-gnu.so
-- Up-to-date: /root/lidar_system/install/servo_control/lib/libservo_control__python.so
-- Up-to-date: /root/lidar_system/install/servo_control/share/servo_control/srv/GetLocalDimensions.idl
-- Up-to-date: /root/lidar_system/install/servo_control/share/servo_control/srv/GetLocalDimensions.srv
-- Up-to-date: /root/lidar_system/install/servo_control/share/servo_control/srv/GetLocalDimensions_Request.msg
-- Up-to-date: /root/lidar_system/install/servo_control/share/servo_control/srv/GetLocalDimensions_Response.msg
-- Up-to-date: /root/lidar_system/install/servo_control/lib/servo_control/dynamic_tf_broadcaster
-- Up-to-date: /root/lidar_system/install/servo_control/lib/servo_control/lidar_pointcloud_node
-- Up-to-date: /root/lidar_system/install/servo_control/lib/servo_control/scan_sequence_node
-- Up-to-date: /root/lidar_system/install/servo_control/lib/servo_control/target_tracker_node
-- Up-to-date: /root/lidar_system/install/servo_control/lib/servo_control/mavros_tf_node
-- Up-to-date: /root/lidar_system/install/servo_control/lib/servo_control/local_dimensions_node
-- Up-to-date: /root/lidar_system/install/servo_control/lib/servo_control/px4_takeoff_manager_node
-- Up-to-date: /root/lidar_system/install/servo_control/lib/servo_control/octomap_planner_node
-- Up-to-date: /root/lidar_system/install/servo_control/lib/python3.8/site-packages/servo_control
-- Installing: /root/lidar_system/install/servo_control/lib/python3.8/site-packages/servo_control/__init__.py
Listing '/root/lidar_system/install/servo_control/lib/python3.8/site-packages/servo_control'...
Compiling '/root/lidar_system/install/servo_control/lib/python3.8/site-packages/servo_control/__init__.py'...
Listing '/root/lidar_system/install/servo_control/lib/python3.8/site-packages/servo_control/srv'...
-- Up-to-date: /root/lidar_system/install/servo_control/lib/servo_control/servo_motor_node.py
-- Up-to-date: /root/lidar_system/install/servo_control/lib/servo_control/lidar_bbox_open3d.py
-- Up-to-date: /root/lidar_system/install/servo_control/share/ament_index/resource_index/package_run_dependencies/servo_control
-- Up-to-date: /root/lidar_system/install/servo_control/share/ament_index/resource_index/parent_prefix_path/servo_control
-- Up-to-date: /root/lidar_system/install/servo_control/share/servo_control/environment/ament_prefix_path.sh
-- Up-to-date: /root/lidar_system/install/servo_control/share/servo_control/environment/ament_prefix_path.dsv
-- Up-to-date: /root/lidar_system/install/servo_control/share/servo_control/environment/path.sh
-- Up-to-date: /root/lidar_system/install/servo_control/share/servo_control/environment/path.dsv
-- Up-to-date: /root/lidar_system/install/servo_control/share/servo_control/local_setup.bash
-- Up-to-date: /root/lidar_system/install/servo_control/share/servo_control/local_setup.sh
-- Up-to-date: /root/lidar_system/install/servo_control/share/servo_control/local_setup.zsh
-- Up-to-date: /root/lidar_system/install/servo_control/share/servo_control/local_setup.dsv
-- Installing: /root/lidar_system/install/servo_control/share/servo_control/package.dsv
-- Up-to-date: /root/lidar_system/install/servo_control/share/ament_index/resource_index/packages/servo_control
-- Up-to-date: /root/lidar_system/install/servo_control/share/servo_control/cmake/servo_control__rosidl_generator_cExport.cmake
-- Up-to-date: /root/lidar_system/install/servo_control/share/servo_control/cmake/servo_control__rosidl_generator_cExport-noconfig.cmake
-- Up-to-date: /root/lidar_system/install/servo_control/share/servo_control/cmake/servo_control__rosidl_typesupport_introspection_cExport.cmake
-- Up-to-date: /root/lidar_system/install/servo_control/share/servo_control/cmake/servo_control__rosidl_typesupport_introspection_cExport-noconfig.cmake
-- Up-to-date: /root/lidar_system/install/servo_control/share/servo_control/cmake/servo_control__rosidl_typesupport_cExport.cmake
-- Up-to-date: /root/lidar_system/install/servo_control/share/servo_control/cmake/servo_control__rosidl_typesupport_cExport-noconfig.cmake
-- Up-to-date: /root/lidar_system/install/servo_control/share/servo_control/cmake/servo_control__rosidl_generator_cppExport.cmake
-- Up-to-date: /root/lidar_system/install/servo_control/share/servo_control/cmake/servo_control__rosidl_typesupport_introspection_cppExport.cmake
-- Up-to-date: /root/lidar_system/install/servo_control/share/servo_control/cmake/servo_control__rosidl_typesupport_introspection_cppExport-noconfig.cmake
-- Up-to-date: /root/lidar_system/install/servo_control/share/servo_control/cmake/servo_control__rosidl_typesupport_cppExport.cmake
-- Up-to-date: /root/lidar_system/install/servo_control/share/servo_control/cmake/servo_control__rosidl_typesupport_cppExport-noconfig.cmake
-- Up-to-date: /root/lidar_system/install/servo_control/share/servo_control/cmake/rosidl_cmake-extras.cmake
-- Up-to-date: /root/lidar_system/install/servo_control/share/servo_control/cmake/ament_cmake_export_dependencies-extras.cmake
-- Up-to-date: /root/lidar_system/install/servo_control/share/servo_control/cmake/ament_cmake_export_libraries-extras.cmake
-- Up-to-date: /root/lidar_system/install/servo_control/share/servo_control/cmake/ament_cmake_export_targets-extras.cmake
-- Up-to-date: /root/lidar_system/install/servo_control/share/servo_control/cmake/ament_cmake_export_include_directories-extras.cmake
-- Up-to-date: /root/lidar_system/install/servo_control/share/servo_control/cmake/rosidl_cmake_export_typesupport_libraries-extras.cmake
-- Up-to-date: /root/lidar_system/install/servo_control/share/servo_control/cmake/rosidl_cmake_export_typesupport_targets-extras.cmake
-- Up-to-date: /root/lidar_system/install/servo_control/share/servo_control/cmake/servo_controlConfig.cmake
-- Up-to-date: /root/lidar_system/install/servo_control/share/servo_control/cmake/servo_controlConfig-version.cmake
-- Up-to-date: /root/lidar_system/install/servo_control/share/servo_control/package.xml
