[0.000000] (-) TimerEvent: {}
[0.000290] (rplidar_ros) JobQueued: {'identifier': 'rplidar_ros', 'dependencies': OrderedDict()}
[0.000791] (servo_control) JobQueued: {'identifier': 'servo_control', 'dependencies': OrderedDict()}
[0.001697] (rplidar_ros) JobStarted: {'identifier': 'rplidar_ros'}
[0.056687] (servo_control) JobStarted: {'identifier': 'servo_control'}
[0.099887] (-) TimerEvent: {}
[0.101053] (rplidar_ros) JobProgress: {'identifier': 'rplidar_ros', 'progress': 'cmake'}
[0.103994] (rplidar_ros) JobProgress: {'identifier': 'rplidar_ros', 'progress': 'build'}
[0.107217] (rplidar_ros) Command: {'cmd': ['/usr/bin/cmake', '--build', '/root/lidar_system/build/rplidar_ros', '--', '-j4', '-l4'], 'cwd': '/root/lidar_system/build/rplidar_ros', 'env': OrderedDict([('HOSTNAME', 'ubuntu-desktop'), ('SHLVL', '1'), ('LD_LIBRARY_PATH', '/opt/ros/foxy/opt/yaml_cpp_vendor/lib:/opt/ros/foxy/opt/rviz_ogre_vendor/lib:/opt/ros/foxy/lib/aarch64-linux-gnu:/opt/ros/foxy/lib'), ('HOME', '/root'), ('OLDPWD', '/'), ('ROS_PYTHON_VERSION', '3'), ('ROS_DISTRO', 'foxy'), ('_', '/usr/bin/colcon'), ('ROS_VERSION', '2'), ('ROS_LOCALHOST_ONLY', '0'), ('QT_X11_NO_MITSHM', '1'), ('PATH', '/opt/ros/foxy/bin:/usr/local/sbin:/usr/local/bin:/usr/sbin:/usr/bin:/sbin:/bin'), ('FASTRTPS_DEFAULT_PROFILES_FILE', '/fastdds.xml'), ('DISPLAY', ':0'), ('LANG', 'C.UTF-8'), ('RMW_IMPLEMENTATION', 'rmw_fastrtps_cpp'), ('ROS_DOMAIN_ID', '0'), ('AMENT_PREFIX_PATH', '/opt/ros/foxy'), ('PWD', '/root/lidar_system/build/rplidar_ros'), ('LC_ALL', 'C.UTF-8'), ('PYTHONPATH', '/opt/ros/foxy/lib/python3.8/site-packages'), ('COLCON', '1'), ('CMAKE_PREFIX_PATH', '/opt/ros/foxy')]), 'shell': False}
[0.118617] (servo_control) JobProgress: {'identifier': 'servo_control', 'progress': 'cmake'}
[0.121814] (servo_control) JobProgress: {'identifier': 'servo_control', 'progress': 'build'}
[0.123396] (servo_control) Command: {'cmd': ['/usr/bin/cmake', '--build', '/root/lidar_system/build/servo_control', '--', '-j4', '-l4'], 'cwd': '/root/lidar_system/build/servo_control', 'env': OrderedDict([('HOSTNAME', 'ubuntu-desktop'), ('SHLVL', '1'), ('LD_LIBRARY_PATH', '/opt/ros/foxy/opt/yaml_cpp_vendor/lib:/opt/ros/foxy/opt/rviz_ogre_vendor/lib:/opt/ros/foxy/lib/aarch64-linux-gnu:/opt/ros/foxy/lib'), ('HOME', '/root'), ('OLDPWD', '/'), ('ROS_PYTHON_VERSION', '3'), ('ROS_DISTRO', 'foxy'), ('_', '/usr/bin/colcon'), ('ROS_VERSION', '2'), ('ROS_LOCALHOST_ONLY', '0'), ('QT_X11_NO_MITSHM', '1'), ('PATH', '/opt/ros/foxy/bin:/usr/local/sbin:/usr/local/bin:/usr/sbin:/usr/bin:/sbin:/bin'), ('FASTRTPS_DEFAULT_PROFILES_FILE', '/fastdds.xml'), ('DISPLAY', ':0'), ('LANG', 'C.UTF-8'), ('RMW_IMPLEMENTATION', 'rmw_fastrtps_cpp'), ('ROS_DOMAIN_ID', '0'), ('AMENT_PREFIX_PATH', '/opt/ros/foxy'), ('PWD', '/root/lidar_system/build/servo_control'), ('LC_ALL', 'C.UTF-8'), ('PYTHONPATH', '/opt/ros/foxy/lib/python3.8/site-packages'), ('COLCON', '1'), ('CMAKE_PREFIX_PATH', '/opt/ros/foxy')]), 'shell': False}
[0.200096] (-) TimerEvent: {}
[0.300473] (-) TimerEvent: {}
[0.400830] (-) TimerEvent: {}
[0.482352] (rplidar_ros) StdoutLine: {'line': b'[  5%] Built target rplidar_client\n'}
[0.484486] (servo_control) StdoutLine: {'line': b'Scanning dependencies of target scan_sequence_node\n'}
[0.501014] (-) TimerEvent: {}
[0.517195] (rplidar_ros) StdoutLine: {'line': b'[ 52%] Built target rplidar_composition\n'}
[0.523722] (servo_control) StdoutLine: {'line': b'[ 33%] Built target dynamic_tf_broadcaster\n'}
[0.531882] (rplidar_ros) StdoutLine: {'line': b'[100%] Built target rplidar_node\n'}
[0.574637] (rplidar_ros) CommandEnded: {'returncode': 0}
[0.601300] (-) TimerEvent: {}
[0.605391] (servo_control) StdoutLine: {'line': b'[ 66%] Built target lidar_pointcloud_node\n'}
[0.610268] (servo_control) StdoutLine: {'line': b'[ 83%] Building CXX object CMakeFiles/scan_sequence_node.dir/src/scan_sequence_node.cpp.o\n'}
[0.701427] (-) TimerEvent: {}
[0.800483] (rplidar_ros) JobProgress: {'identifier': 'rplidar_ros', 'progress': 'install'}
[0.803269] (-) TimerEvent: {}
[0.838394] (rplidar_ros) Command: {'cmd': ['/usr/bin/cmake', '--install', '/root/lidar_system/build/rplidar_ros'], 'cwd': '/root/lidar_system/build/rplidar_ros', 'env': OrderedDict([('HOSTNAME', 'ubuntu-desktop'), ('SHLVL', '1'), ('LD_LIBRARY_PATH', '/opt/ros/foxy/opt/yaml_cpp_vendor/lib:/opt/ros/foxy/opt/rviz_ogre_vendor/lib:/opt/ros/foxy/lib/aarch64-linux-gnu:/opt/ros/foxy/lib'), ('HOME', '/root'), ('OLDPWD', '/'), ('ROS_PYTHON_VERSION', '3'), ('ROS_DISTRO', 'foxy'), ('_', '/usr/bin/colcon'), ('ROS_VERSION', '2'), ('ROS_LOCALHOST_ONLY', '0'), ('QT_X11_NO_MITSHM', '1'), ('PATH', '/opt/ros/foxy/bin:/usr/local/sbin:/usr/local/bin:/usr/sbin:/usr/bin:/sbin:/bin'), ('FASTRTPS_DEFAULT_PROFILES_FILE', '/fastdds.xml'), ('DISPLAY', ':0'), ('LANG', 'C.UTF-8'), ('RMW_IMPLEMENTATION', 'rmw_fastrtps_cpp'), ('ROS_DOMAIN_ID', '0'), ('AMENT_PREFIX_PATH', '/opt/ros/foxy'), ('PWD', '/root/lidar_system/build/rplidar_ros'), ('LC_ALL', 'C.UTF-8'), ('PYTHONPATH', '/opt/ros/foxy/lib/python3.8/site-packages'), ('COLCON', '1'), ('CMAKE_PREFIX_PATH', '/opt/ros/foxy')]), 'shell': False}
[0.877997] (rplidar_ros) StdoutLine: {'line': b'-- Install configuration: ""\n'}
[0.879083] (rplidar_ros) StdoutLine: {'line': b'-- Up-to-date: /root/lidar_system/install/rplidar_ros/share/rplidar_ros/launch\n'}
[0.879540] (rplidar_ros) StdoutLine: {'line': b'-- Up-to-date: /root/lidar_system/install/rplidar_ros/share/rplidar_ros/launch/rplidar_a3_launch.py\n'}
[0.879917] (rplidar_ros) StdoutLine: {'line': b'-- Up-to-date: /root/lidar_system/install/rplidar_ros/share/rplidar_ros/launch/view_rplidar_a2m8_launch.py\n'}
[0.880280] (rplidar_ros) StdoutLine: {'line': b'-- Up-to-date: /root/lidar_system/install/rplidar_ros/share/rplidar_ros/launch/view_rplidar_a2m7_launch.py\n'}
[0.880664] (rplidar_ros) StdoutLine: {'line': b'-- Up-to-date: /root/lidar_system/install/rplidar_ros/share/rplidar_ros/launch/rplidar_s2_launch.py\n'}
[0.881065] (rplidar_ros) StdoutLine: {'line': b'-- Up-to-date: /root/lidar_system/install/rplidar_ros/share/rplidar_ros/launch/rplidar_s1_tcp_launch.py\n'}
[0.881455] (rplidar_ros) StdoutLine: {'line': b'-- Up-to-date: /root/lidar_system/install/rplidar_ros/share/rplidar_ros/launch/view_rplidar_a1_launch.py\n'}
[0.881824] (rplidar_ros) StdoutLine: {'line': b'-- Up-to-date: /root/lidar_system/install/rplidar_ros/share/rplidar_ros/launch/rplidar_t1_launch.py\n'}
[0.882212] (rplidar_ros) StdoutLine: {'line': b'-- Up-to-date: /root/lidar_system/install/rplidar_ros/share/rplidar_ros/launch/system_launch.py\n'}
[0.882718] (rplidar_ros) StdoutLine: {'line': b'-- Up-to-date: /root/lidar_system/install/rplidar_ros/share/rplidar_ros/launch/rplidar_a1_launch.py\n'}
[0.883139] (rplidar_ros) StdoutLine: {'line': b'-- Up-to-date: /root/lidar_system/install/rplidar_ros/share/rplidar_ros/launch/view_rplidar_s1_launch.py\n'}
[0.883544] (rplidar_ros) StdoutLine: {'line': b'-- Up-to-date: /root/lidar_system/install/rplidar_ros/share/rplidar_ros/launch/view_rplidar_s2_launch.py\n'}
[0.883912] (rplidar_ros) StdoutLine: {'line': b'-- Up-to-date: /root/lidar_system/install/rplidar_ros/share/rplidar_ros/launch/view_rplidar_s2e_launch.py\n'}
[0.884275] (rplidar_ros) StdoutLine: {'line': b'-- Up-to-date: /root/lidar_system/install/rplidar_ros/share/rplidar_ros/launch/view_rplidar_a2m12_launch.py\n'}
[0.884636] (rplidar_ros) StdoutLine: {'line': b'-- Up-to-date: /root/lidar_system/install/rplidar_ros/share/rplidar_ros/launch/rplidar_a2m7_launch.py\n'}
[0.884998] (rplidar_ros) StdoutLine: {'line': b'-- Up-to-date: /root/lidar_system/install/rplidar_ros/share/rplidar_ros/launch/rplidar_s2e_launch.py\n'}
[0.885355] (rplidar_ros) StdoutLine: {'line': b'-- Up-to-date: /root/lidar_system/install/rplidar_ros/share/rplidar_ros/launch/view_rplidar_s1_tcp_launch.py\n'}
[0.885733] (rplidar_ros) StdoutLine: {'line': b'-- Up-to-date: /root/lidar_system/install/rplidar_ros/share/rplidar_ros/launch/rplidar_a2m12_launch.py\n'}
[0.886120] (rplidar_ros) StdoutLine: {'line': b'-- Up-to-date: /root/lidar_system/install/rplidar_ros/share/rplidar_ros/launch/rplidar_s1_launch.py\n'}
[0.886684] (rplidar_ros) StdoutLine: {'line': b'-- Up-to-date: /root/lidar_system/install/rplidar_ros/share/rplidar_ros/launch/__pycache__\n'}
[0.888782] (rplidar_ros) StdoutLine: {'line': b'-- Installing: /root/lidar_system/install/rplidar_ros/share/rplidar_ros/launch/__pycache__/system_launch.cpython-38.pyc\n'}
[0.889231] (rplidar_ros) StdoutLine: {'line': b'-- Up-to-date: /root/lidar_system/install/rplidar_ros/share/rplidar_ros/launch/rplidar_s3_launch.py\n'}
[0.889658] (rplidar_ros) StdoutLine: {'line': b'-- Up-to-date: /root/lidar_system/install/rplidar_ros/share/rplidar_ros/launch/rplidar_a2m8_launch.py\n'}
[0.890123] (rplidar_ros) StdoutLine: {'line': b'-- Up-to-date: /root/lidar_system/install/rplidar_ros/share/rplidar_ros/launch/view_rplidar_t1_launch.py\n'}
[0.890651] (rplidar_ros) StdoutLine: {'line': b'-- Up-to-date: /root/lidar_system/install/rplidar_ros/share/rplidar_ros/launch/view_rplidar_a3_launch.py\n'}
[0.891123] (rplidar_ros) StdoutLine: {'line': b'-- Up-to-date: /root/lidar_system/install/rplidar_ros/share/rplidar_ros/launch/rplidar_c1_launch.py\n'}
[0.892427] (rplidar_ros) StdoutLine: {'line': b'-- Up-to-date: /root/lidar_system/install/rplidar_ros/share/rplidar_ros/launch/view_rplidar_s3_launch.py\n'}
[0.893081] (rplidar_ros) StdoutLine: {'line': b'-- Up-to-date: /root/lidar_system/install/rplidar_ros/share/rplidar_ros/launch/view_rplidar_c1_launch.py\n'}
[0.896827] (rplidar_ros) StdoutLine: {'line': b'-- Up-to-date: /root/lidar_system/install/rplidar_ros/share/rplidar_ros/rviz\n'}
[0.901102] (rplidar_ros) StdoutLine: {'line': b'-- Up-to-date: /root/lidar_system/install/rplidar_ros/share/rplidar_ros/rviz/rplidar_ros.rviz\n'}
[0.901903] (rplidar_ros) StdoutLine: {'line': b'-- Up-to-date: /root/lidar_system/install/rplidar_ros/lib/rplidar_ros/rplidar_node\n'}
[0.902651] (rplidar_ros) StdoutLine: {'line': b'-- Up-to-date: /root/lidar_system/install/rplidar_ros/lib/rplidar_ros/rplidar_composition\n'}
[0.903497] (-) TimerEvent: {}
[0.903662] (rplidar_ros) StdoutLine: {'line': b'-- Up-to-date: /root/lidar_system/install/rplidar_ros/lib/rplidar_ros/rplidar_client\n'}
[0.904497] (rplidar_ros) StdoutLine: {'line': b'-- Up-to-date: /root/lidar_system/install/rplidar_ros/share/ament_index/resource_index/package_run_dependencies/rplidar_ros\n'}
[0.905053] (rplidar_ros) StdoutLine: {'line': b'-- Up-to-date: /root/lidar_system/install/rplidar_ros/share/ament_index/resource_index/parent_prefix_path/rplidar_ros\n'}
[0.905759] (rplidar_ros) StdoutLine: {'line': b'-- Up-to-date: /root/lidar_system/install/rplidar_ros/share/rplidar_ros/environment/ament_prefix_path.sh\n'}
[0.906225] (rplidar_ros) StdoutLine: {'line': b'-- Up-to-date: /root/lidar_system/install/rplidar_ros/share/rplidar_ros/environment/ament_prefix_path.dsv\n'}
[0.907046] (rplidar_ros) StdoutLine: {'line': b'-- Up-to-date: /root/lidar_system/install/rplidar_ros/share/rplidar_ros/environment/path.sh\n'}
[0.907528] (rplidar_ros) StdoutLine: {'line': b'-- Up-to-date: /root/lidar_system/install/rplidar_ros/share/rplidar_ros/environment/path.dsv\n'}
[0.908212] (rplidar_ros) StdoutLine: {'line': b'-- Up-to-date: /root/lidar_system/install/rplidar_ros/share/rplidar_ros/local_setup.bash\n'}
[0.911045] (rplidar_ros) StdoutLine: {'line': b'-- Up-to-date: /root/lidar_system/install/rplidar_ros/share/rplidar_ros/local_setup.sh\n'}
[0.911745] (rplidar_ros) StdoutLine: {'line': b'-- Up-to-date: /root/lidar_system/install/rplidar_ros/share/rplidar_ros/local_setup.zsh\n'}
[0.912476] (rplidar_ros) StdoutLine: {'line': b'-- Up-to-date: /root/lidar_system/install/rplidar_ros/share/rplidar_ros/local_setup.dsv\n'}
[0.913014] (rplidar_ros) StdoutLine: {'line': b'-- Installing: /root/lidar_system/install/rplidar_ros/share/rplidar_ros/package.dsv\n'}
[0.913689] (rplidar_ros) StdoutLine: {'line': b'-- Up-to-date: /root/lidar_system/install/rplidar_ros/share/ament_index/resource_index/packages/rplidar_ros\n'}
[0.914116] (rplidar_ros) StdoutLine: {'line': b'-- Up-to-date: /root/lidar_system/install/rplidar_ros/share/rplidar_ros/cmake/ament_cmake_export_dependencies-extras.cmake\n'}
[0.914763] (rplidar_ros) StdoutLine: {'line': b'-- Up-to-date: /root/lidar_system/install/rplidar_ros/share/rplidar_ros/cmake/ament_cmake_export_include_directories-extras.cmake\n'}
[0.915456] (rplidar_ros) StdoutLine: {'line': b'-- Up-to-date: /root/lidar_system/install/rplidar_ros/share/rplidar_ros/cmake/rplidar_rosConfig.cmake\n'}
[0.916091] (rplidar_ros) StdoutLine: {'line': b'-- Up-to-date: /root/lidar_system/install/rplidar_ros/share/rplidar_ros/cmake/rplidar_rosConfig-version.cmake\n'}
[0.916631] (rplidar_ros) StdoutLine: {'line': b'-- Up-to-date: /root/lidar_system/install/rplidar_ros/share/rplidar_ros/package.xml\n'}
[0.917433] (rplidar_ros) CommandEnded: {'returncode': 0}
[1.003824] (-) TimerEvent: {}
[1.104241] (-) TimerEvent: {}
[1.205270] (-) TimerEvent: {}
[1.205943] (rplidar_ros) JobEnded: {'identifier': 'rplidar_ros', 'rc': 0}
[1.305509] (-) TimerEvent: {}
[1.405929] (-) TimerEvent: {}
[1.506363] (-) TimerEvent: {}
[1.606749] (-) TimerEvent: {}
[1.707149] (-) TimerEvent: {}
[1.807545] (-) TimerEvent: {}
[1.907885] (-) TimerEvent: {}
[2.008269] (-) TimerEvent: {}
[2.108691] (-) TimerEvent: {}
[2.209135] (-) TimerEvent: {}
[2.309763] (-) TimerEvent: {}
[2.410197] (-) TimerEvent: {}
[2.510639] (-) TimerEvent: {}
[2.611153] (-) TimerEvent: {}
[2.711572] (-) TimerEvent: {}
[2.811949] (-) TimerEvent: {}
[2.912562] (-) TimerEvent: {}
[3.013012] (-) TimerEvent: {}
[3.113373] (-) TimerEvent: {}
[3.213741] (-) TimerEvent: {}
[3.314538] (-) TimerEvent: {}
[3.415421] (-) TimerEvent: {}
[3.515854] (-) TimerEvent: {}
[3.616212] (-) TimerEvent: {}
[3.716580] (-) TimerEvent: {}
[3.816964] (-) TimerEvent: {}
[3.917438] (-) TimerEvent: {}
[4.018765] (-) TimerEvent: {}
[4.119144] (-) TimerEvent: {}
[4.219510] (-) TimerEvent: {}
[4.319930] (-) TimerEvent: {}
[4.420285] (-) TimerEvent: {}
[4.520694] (-) TimerEvent: {}
[4.621153] (-) TimerEvent: {}
[4.721625] (-) TimerEvent: {}
[4.821996] (-) TimerEvent: {}
[4.922368] (-) TimerEvent: {}
[5.022789] (-) TimerEvent: {}
[5.123149] (-) TimerEvent: {}
[5.223519] (-) TimerEvent: {}
[5.323888] (-) TimerEvent: {}
[5.424369] (-) TimerEvent: {}
[5.524769] (-) TimerEvent: {}
[5.625132] (-) TimerEvent: {}
[5.725489] (-) TimerEvent: {}
[5.825849] (-) TimerEvent: {}
[5.926207] (-) TimerEvent: {}
[6.026633] (-) TimerEvent: {}
[6.127510] (-) TimerEvent: {}
[6.227946] (-) TimerEvent: {}
[6.328389] (-) TimerEvent: {}
[6.428848] (-) TimerEvent: {}
[6.529214] (-) TimerEvent: {}
[6.629689] (-) TimerEvent: {}
[6.730083] (-) TimerEvent: {}
[6.830586] (-) TimerEvent: {}
[6.930973] (-) TimerEvent: {}
[7.020457] (servo_control) StderrLine: {'line': b'/root/lidar_system/servo_control/src/scan_sequence_node.cpp: In member function \xe2\x80\x98void ScanSequenceNode::timer_callback()\xe2\x80\x99:\n'}
[7.021660] (servo_control) StderrLine: {'line': b'/root/lidar_system/servo_control/src/scan_sequence_node.cpp:31:16: error: expected \xe2\x80\x98;\xe2\x80\x99 before numeric constant\n'}
[7.022185] (servo_control) StderrLine: {'line': b'   31 |     tilt_angle_ 90.0;//+= 10.0; // Increment tilt by 5 degrees each sweep\n'}
[7.023045] (servo_control) StderrLine: {'line': b'      |                ^~~~~\n'}
[7.023914] (servo_control) StderrLine: {'line': b'      |                ;\n'}
[7.024479] (servo_control) StderrLine: {'line': b'/root/lidar_system/servo_control/src/scan_sequence_node.cpp:31:5: warning: statement has no effect [-Wunused-value]\n'}
[7.028792] (servo_control) StderrLine: {'line': b'   31 |     tilt_angle_ 90.0;//+= 10.0; // Increment tilt by 5 degrees each sweep\n'}
[7.030245] (servo_control) StderrLine: {'line': b'      |     ^~~~~~~~~~~\n'}
[7.031093] (-) TimerEvent: {}
[7.131389] (-) TimerEvent: {}
[7.231749] (-) TimerEvent: {}
[7.332113] (-) TimerEvent: {}
[7.432508] (-) TimerEvent: {}
[7.532905] (-) TimerEvent: {}
[7.634020] (-) TimerEvent: {}
[7.734441] (-) TimerEvent: {}
[7.834881] (-) TimerEvent: {}
[7.935245] (-) TimerEvent: {}
[8.035815] (-) TimerEvent: {}
[8.136206] (-) TimerEvent: {}
[8.236600] (-) TimerEvent: {}
[8.337013] (-) TimerEvent: {}
[8.437443] (-) TimerEvent: {}
[8.537843] (-) TimerEvent: {}
[8.638208] (-) TimerEvent: {}
[8.738682] (-) TimerEvent: {}
[8.839042] (-) TimerEvent: {}
[8.939465] (-) TimerEvent: {}
[9.039863] (-) TimerEvent: {}
[9.140334] (-) TimerEvent: {}
[9.240708] (-) TimerEvent: {}
[9.341071] (-) TimerEvent: {}
[9.441438] (-) TimerEvent: {}
[9.541807] (-) TimerEvent: {}
[9.642186] (-) TimerEvent: {}
[9.742732] (-) TimerEvent: {}
[9.843148] (-) TimerEvent: {}
[9.943559] (-) TimerEvent: {}
[10.043926] (-) TimerEvent: {}
[10.144300] (-) TimerEvent: {}
[10.244659] (-) TimerEvent: {}
[10.345036] (-) TimerEvent: {}
[10.445566] (-) TimerEvent: {}
[10.545987] (-) TimerEvent: {}
[10.646365] (-) TimerEvent: {}
[10.746754] (-) TimerEvent: {}
[10.847129] (-) TimerEvent: {}
[10.947505] (-) TimerEvent: {}
[11.047899] (-) TimerEvent: {}
[11.148338] (-) TimerEvent: {}
[11.248891] (-) TimerEvent: {}
[11.311066] (servo_control) StderrLine: {'line': b'make[2]: *** [CMakeFiles/scan_sequence_node.dir/build.make:63: CMakeFiles/scan_sequence_node.dir/src/scan_sequence_node.cpp.o] Error 1\n'}
[11.312168] (servo_control) StderrLine: {'line': b'make[1]: *** [CMakeFiles/Makefile2:82: CMakeFiles/scan_sequence_node.dir/all] Error 2\n'}
[11.312689] (servo_control) StderrLine: {'line': b'make: *** [Makefile:141: all] Error 2\n'}
[11.317741] (servo_control) CommandEnded: {'returncode': 2}
[11.349136] (-) TimerEvent: {}
[11.449514] (-) TimerEvent: {}
[11.491853] (servo_control) JobEnded: {'identifier': 'servo_control', 'rc': 2}
[11.503472] (-) EventReactorShutdown: {}
