[0.086s] Invoking command in '/root/lidar_system/build/servo_control': CMAKE_PREFIX_PATH=${CMAKE_PREFIX_PATH}:/opt/ros/foxy /usr/bin/cmake --build /root/lidar_system/build/servo_control -- -j4 -l4
[0.278s] [35m[1mScanning dependencies of target scan_sequence_node[0m
[0.456s] [ 33%] Built target lidar_pointcloud_node
[0.481s] [ 66%] Built target dynamic_tf_broadcaster
[0.586s] [ 83%] [32mBuilding CXX object CMakeFiles/scan_sequence_node.dir/src/scan_sequence_node.cpp.o[0m
[14.564s] [100%] [32m[1mLinking CXX executable scan_sequence_node[0m
[15.274s] [100%] Built target scan_sequence_node
[15.320s] Invoked command in '/root/lidar_system/build/servo_control' returned '0': CMAKE_PREFIX_PATH=${CMAKE_PREFIX_PATH}:/opt/ros/foxy /usr/bin/cmake --build /root/lidar_system/build/servo_control -- -j4 -l4
[15.412s] Invoking command in '/root/lidar_system/build/servo_control': CMAKE_PREFIX_PATH=${CMAKE_PREFIX_PATH}:/opt/ros/foxy /usr/bin/cmake --install /root/lidar_system/build/servo_control
[15.442s] -- Install configuration: ""
[15.443s] -- Up-to-date: /root/lidar_system/install/servo_control/lib/servo_control/dynamic_tf_broadcaster
[15.444s] -- Up-to-date: /root/lidar_system/install/servo_control/lib/servo_control/lidar_pointcloud_node
[15.446s] -- Installing: /root/lidar_system/install/servo_control/lib/servo_control/scan_sequence_node
[15.450s] -- Set runtime path of "/root/lidar_system/install/servo_control/lib/servo_control/scan_sequence_node" to ""
[15.451s] -- Up-to-date: /root/lidar_system/install/servo_control/share/servo_control/environment/pythonpath.sh
[15.452s] -- Up-to-date: /root/lidar_system/install/servo_control/share/servo_control/environment/pythonpath.dsv
[15.453s] -- Up-to-date: /root/lidar_system/install/servo_control/lib/python3.8/site-packages/servo_control
[15.453s] -- Up-to-date: /root/lidar_system/install/servo_control/lib/python3.8/site-packages/servo_control/__init__.py
[15.614s] Listing '/root/lidar_system/install/servo_control/lib/python3.8/site-packages/servo_control'...
[15.633s] -- Up-to-date: /root/lidar_system/install/servo_control/lib/servo_control/servo_motor_node.py
[15.634s] -- Up-to-date: /root/lidar_system/install/servo_control/lib/servo_control/lidar_bbox_open3d.py
[15.635s] -- Up-to-date: /root/lidar_system/install/servo_control/share/ament_index/resource_index/package_run_dependencies/servo_control
[15.635s] -- Up-to-date: /root/lidar_system/install/servo_control/share/ament_index/resource_index/parent_prefix_path/servo_control
[15.635s] -- Up-to-date: /root/lidar_system/install/servo_control/share/servo_control/environment/ament_prefix_path.sh
[15.636s] -- Up-to-date: /root/lidar_system/install/servo_control/share/servo_control/environment/ament_prefix_path.dsv
[15.636s] -- Up-to-date: /root/lidar_system/install/servo_control/share/servo_control/environment/path.sh
[15.637s] -- Up-to-date: /root/lidar_system/install/servo_control/share/servo_control/environment/path.dsv
[15.637s] -- Up-to-date: /root/lidar_system/install/servo_control/share/servo_control/local_setup.bash
[15.638s] -- Up-to-date: /root/lidar_system/install/servo_control/share/servo_control/local_setup.sh
[15.638s] -- Up-to-date: /root/lidar_system/install/servo_control/share/servo_control/local_setup.zsh
[15.639s] -- Up-to-date: /root/lidar_system/install/servo_control/share/servo_control/local_setup.dsv
[15.639s] -- Installing: /root/lidar_system/install/servo_control/share/servo_control/package.dsv
[15.639s] -- Up-to-date: /root/lidar_system/install/servo_control/share/ament_index/resource_index/packages/servo_control
[15.640s] -- Up-to-date: /root/lidar_system/install/servo_control/share/servo_control/cmake/servo_controlConfig.cmake
[15.640s] -- Up-to-date: /root/lidar_system/install/servo_control/share/servo_control/cmake/servo_controlConfig-version.cmake
[15.641s] -- Up-to-date: /root/lidar_system/install/servo_control/share/servo_control/package.xml
[15.654s] Invoked command in '/root/lidar_system/build/servo_control' returned '0': CMAKE_PREFIX_PATH=${CMAKE_PREFIX_PATH}:/opt/ros/foxy /usr/bin/cmake --install /root/lidar_system/build/servo_control
