[0.077s] Invoking command in '/root/lidar_system/build/servo_control': CMAKE_PREFIX_PATH=/opt/ros/foxy /usr/bin/cmake --build /root/lidar_system/build/servo_control -- -j4 -l4
[0.510s] [ 20%] Built target lidar_pointcloud_node
[0.520s] [ 40%] Built target mavros_tf_node
[0.559s] [ 60%] Built target target_tracker_node
[0.583s] [ 80%] Built target dynamic_tf_broadcaster
[0.649s] Scanning dependencies of target scan_sequence_node
[0.744s] [ 90%] Building CXX object CMakeFiles/scan_sequence_node.dir/src/scan_sequence_node.cpp.o
[41.779s] [100%] Linking CXX executable scan_sequence_node
[43.758s] [100%] Built target scan_sequence_node
[43.804s] Invoked command in '/root/lidar_system/build/servo_control' returned '0': CMAKE_PREFIX_PATH=/opt/ros/foxy /usr/bin/cmake --build /root/lidar_system/build/servo_control -- -j4 -l4
[43.920s] Invoking command in '/root/lidar_system/build/servo_control': CMAKE_PREFIX_PATH=/opt/ros/foxy /usr/bin/cmake --install /root/lidar_system/build/servo_control
[43.962s] -- Install configuration: ""
[43.964s] -- Up-to-date: /root/lidar_system/install/servo_control/lib/servo_control/dynamic_tf_broadcaster
[43.966s] -- Up-to-date: /root/lidar_system/install/servo_control/lib/servo_control/lidar_pointcloud_node
[43.967s] -- Installing: /root/lidar_system/install/servo_control/lib/servo_control/scan_sequence_node
[43.985s] -- Set runtime path of "/root/lidar_system/install/servo_control/lib/servo_control/scan_sequence_node" to ""
[43.986s] -- Up-to-date: /root/lidar_system/install/servo_control/lib/servo_control/target_tracker_node
[43.987s] -- Up-to-date: /root/lidar_system/install/servo_control/lib/servo_control/mavros_tf_node
[43.988s] -- Up-to-date: /root/lidar_system/install/servo_control/share/servo_control/environment/pythonpath.sh
[43.989s] -- Up-to-date: /root/lidar_system/install/servo_control/share/servo_control/environment/pythonpath.dsv
[43.990s] -- Up-to-date: /root/lidar_system/install/servo_control/lib/python3.8/site-packages/servo_control
[43.990s] -- Up-to-date: /root/lidar_system/install/servo_control/lib/python3.8/site-packages/servo_control/__init__.py
[44.128s] Listing '/root/lidar_system/install/servo_control/lib/python3.8/site-packages/servo_control'...
[44.154s] -- Up-to-date: /root/lidar_system/install/servo_control/lib/servo_control/servo_motor_node.py
[44.156s] -- Up-to-date: /root/lidar_system/install/servo_control/lib/servo_control/lidar_bbox_open3d.py
[44.156s] -- Up-to-date: /root/lidar_system/install/servo_control/share/ament_index/resource_index/package_run_dependencies/servo_control
[44.158s] -- Up-to-date: /root/lidar_system/install/servo_control/share/ament_index/resource_index/parent_prefix_path/servo_control
[44.159s] -- Up-to-date: /root/lidar_system/install/servo_control/share/servo_control/environment/ament_prefix_path.sh
[44.159s] -- Up-to-date: /root/lidar_system/install/servo_control/share/servo_control/environment/ament_prefix_path.dsv
[44.160s] -- Up-to-date: /root/lidar_system/install/servo_control/share/servo_control/environment/path.sh
[44.160s] -- Up-to-date: /root/lidar_system/install/servo_control/share/servo_control/environment/path.dsv
[44.160s] -- Up-to-date: /root/lidar_system/install/servo_control/share/servo_control/local_setup.bash
[44.161s] -- Up-to-date: /root/lidar_system/install/servo_control/share/servo_control/local_setup.sh
[44.161s] -- Up-to-date: /root/lidar_system/install/servo_control/share/servo_control/local_setup.zsh
[44.162s] -- Up-to-date: /root/lidar_system/install/servo_control/share/servo_control/local_setup.dsv
[44.162s] -- Installing: /root/lidar_system/install/servo_control/share/servo_control/package.dsv
[44.163s] -- Up-to-date: /root/lidar_system/install/servo_control/share/ament_index/resource_index/packages/servo_control
[44.164s] -- Up-to-date: /root/lidar_system/install/servo_control/share/servo_control/cmake/servo_controlConfig.cmake
[44.165s] -- Up-to-date: /root/lidar_system/install/servo_control/share/servo_control/cmake/servo_controlConfig-version.cmake
[44.167s] -- Up-to-date: /root/lidar_system/install/servo_control/share/servo_control/package.xml
[44.186s] Invoked command in '/root/lidar_system/build/servo_control' returned '0': CMAKE_PREFIX_PATH=/opt/ros/foxy /usr/bin/cmake --install /root/lidar_system/build/servo_control
