[0.081s] Invoking command in '/root/lidar_system/build/servo_control': CMAKE_PREFIX_PATH=/opt/ros/foxy /usr/bin/cmake --build /root/lidar_system/build/servo_control -- -j4 -l4
[0.569s] [  2%] Built target servo_control__cpp
[0.604s] [  8%] Built target servo_control__rosidl_generator_c
[0.679s] [ 13%] Built target target_tracker_node
[0.724s] [ 17%] Built target dynamic_tf_broadcaster
[0.840s] [ 24%] Built target servo_control__rosidl_typesupport_cpp
[0.869s] [ 28%] Built target lidar_pointcloud_node
[0.908s] [ 33%] Built target scan_sequence_node
[0.918s] [ 37%] Built target mavros_tf_node
[1.003s] [ 44%] Built target servo_control__rosidl_typesupport_fastrtps_cpp
[1.017s] [ 51%] Built target servo_control__rosidl_typesupport_introspection_c
[1.042s] [ 57%] Built target servo_control__rosidl_typesupport_introspection_cpp
[1.045s] [ 64%] Built target servo_control__rosidl_typesupport_c
[1.145s] [ 71%] Built target servo_control__rosidl_typesupport_fastrtps_c
[1.339s] [ 71%] Built target servo_control
[1.340s] [ 73%] Built target servo_control__py
[1.374s] Scanning dependencies of target px4_takeoff_manager_node
[1.424s] [ 77%] Built target local_dimensions_node
[1.465s] [ 80%] Building CXX object CMakeFiles/px4_takeoff_manager_node.dir/src/px4_takeoff_manager_node.cpp.o
[1.508s] [ 84%] Built target servo_control__python
[1.834s] [ 93%] Built target servo_control__rosidl_typesupport_c__pyext
[1.835s] [ 93%] Built target servo_control__rosidl_typesupport_introspection_c__pyext
[1.846s] [ 97%] Built target servo_control__rosidl_typesupport_fastrtps_c__pyext
[36.362s] [100%] Linking CXX executable px4_takeoff_manager_node
[38.303s] [100%] Built target px4_takeoff_manager_node
[38.351s] Invoked command in '/root/lidar_system/build/servo_control' returned '0': CMAKE_PREFIX_PATH=/opt/ros/foxy /usr/bin/cmake --build /root/lidar_system/build/servo_control -- -j4 -l4
[38.640s] Invoking command in '/root/lidar_system/build/servo_control': CMAKE_PREFIX_PATH=/opt/ros/foxy /usr/bin/cmake --install /root/lidar_system/build/servo_control
[38.689s] -- Install configuration: ""
[38.690s] -- Up-to-date: /root/lidar_system/install/servo_control/share/ament_index/resource_index/rosidl_interfaces/servo_control
[38.691s] -- Up-to-date: /root/lidar_system/install/servo_control/include/servo_control
[38.691s] -- Up-to-date: /root/lidar_system/install/servo_control/include/servo_control/msg
[38.693s] -- Up-to-date: /root/lidar_system/install/servo_control/include/servo_control/msg/rosidl_generator_c__visibility_control.h
[38.693s] -- Up-to-date: /root/lidar_system/install/servo_control/include/servo_control/srv
[38.694s] -- Up-to-date: /root/lidar_system/install/servo_control/include/servo_control/srv/get_local_dimensions.h
[38.694s] -- Up-to-date: /root/lidar_system/install/servo_control/include/servo_control/srv/detail
[38.695s] -- Up-to-date: /root/lidar_system/install/servo_control/include/servo_control/srv/detail/get_local_dimensions__struct.h
[38.695s] -- Up-to-date: /root/lidar_system/install/servo_control/include/servo_control/srv/detail/get_local_dimensions__type_support.h
[38.696s] -- Up-to-date: /root/lidar_system/install/servo_control/include/servo_control/srv/detail/get_local_dimensions__functions.h
[38.696s] -- Up-to-date: /root/lidar_system/install/servo_control/include/servo_control/srv/detail/get_local_dimensions__functions.c
[38.697s] -- Up-to-date: /root/lidar_system/install/servo_control/share/servo_control/environment/library_path.sh
[38.697s] -- Up-to-date: /root/lidar_system/install/servo_control/share/servo_control/environment/library_path.dsv
[38.700s] -- Up-to-date: /root/lidar_system/install/servo_control/lib/libservo_control__rosidl_generator_c.so
[38.701s] -- Up-to-date: /root/lidar_system/install/servo_control/include/servo_control
[38.701s] -- Up-to-date: /root/lidar_system/install/servo_control/include/servo_control/msg
[38.702s] -- Up-to-date: /root/lidar_system/install/servo_control/include/servo_control/msg/rosidl_typesupport_fastrtps_c__visibility_control.h
[38.703s] -- Up-to-date: /root/lidar_system/install/servo_control/include/servo_control/srv
[38.704s] -- Up-to-date: /root/lidar_system/install/servo_control/include/servo_control/srv/detail
[38.705s] -- Up-to-date: /root/lidar_system/install/servo_control/include/servo_control/srv/detail/get_local_dimensions__rosidl_typesupport_fastrtps_c.h
[38.705s] -- Up-to-date: /root/lidar_system/install/servo_control/lib/libservo_control__rosidl_typesupport_fastrtps_c.so
[38.706s] -- Up-to-date: /root/lidar_system/install/servo_control/include/servo_control
[38.707s] -- Up-to-date: /root/lidar_system/install/servo_control/include/servo_control/msg
[38.707s] -- Up-to-date: /root/lidar_system/install/servo_control/include/servo_control/msg/rosidl_typesupport_fastrtps_cpp__visibility_control.h
[38.708s] -- Up-to-date: /root/lidar_system/install/servo_control/include/servo_control/srv
[38.709s] -- Up-to-date: /root/lidar_system/install/servo_control/include/servo_control/srv/detail
[38.712s] -- Up-to-date: /root/lidar_system/install/servo_control/include/servo_control/srv/detail/get_local_dimensions__rosidl_typesupport_fastrtps_cpp.hpp
[38.713s] -- Up-to-date: /root/lidar_system/install/servo_control/include/servo_control/srv/detail/dds_fastrtps
[38.714s] -- Up-to-date: /root/lidar_system/install/servo_control/lib/libservo_control__rosidl_typesupport_fastrtps_cpp.so
[38.715s] -- Up-to-date: /root/lidar_system/install/servo_control/include/servo_control
[38.720s] -- Up-to-date: /root/lidar_system/install/servo_control/include/servo_control/msg
[38.721s] -- Up-to-date: /root/lidar_system/install/servo_control/include/servo_control/msg/rosidl_typesupport_introspection_c__visibility_control.h
[38.721s] -- Up-to-date: /root/lidar_system/install/servo_control/include/servo_control/srv
[38.722s] -- Up-to-date: /root/lidar_system/install/servo_control/include/servo_control/srv/detail
[38.722s] -- Up-to-date: /root/lidar_system/install/servo_control/include/servo_control/srv/detail/get_local_dimensions__rosidl_typesupport_introspection_c.h
[38.723s] -- Up-to-date: /root/lidar_system/install/servo_control/include/servo_control/srv/detail/get_local_dimensions__type_support.c
[38.723s] -- Up-to-date: /root/lidar_system/install/servo_control/lib/libservo_control__rosidl_typesupport_introspection_c.so
[38.724s] -- Up-to-date: /root/lidar_system/install/servo_control/lib/libservo_control__rosidl_typesupport_c.so
[38.724s] -- Up-to-date: /root/lidar_system/install/servo_control/include/servo_control
[38.725s] -- Up-to-date: /root/lidar_system/install/servo_control/include/servo_control/msg
[38.725s] -- Up-to-date: /root/lidar_system/install/servo_control/include/servo_control/msg/rosidl_generator_cpp__visibility_control.hpp
[38.725s] -- Up-to-date: /root/lidar_system/install/servo_control/include/servo_control/srv
[38.726s] -- Up-to-date: /root/lidar_system/install/servo_control/include/servo_control/srv/detail
[38.727s] -- Up-to-date: /root/lidar_system/install/servo_control/include/servo_control/srv/detail/get_local_dimensions__traits.hpp
[38.727s] -- Up-to-date: /root/lidar_system/install/servo_control/include/servo_control/srv/detail/get_local_dimensions__struct.hpp
[38.728s] -- Up-to-date: /root/lidar_system/install/servo_control/include/servo_control/srv/detail/get_local_dimensions__type_support.hpp
[38.729s] -- Up-to-date: /root/lidar_system/install/servo_control/include/servo_control/srv/detail/get_local_dimensions__builder.hpp
[38.729s] -- Up-to-date: /root/lidar_system/install/servo_control/include/servo_control/srv/get_local_dimensions.hpp
[38.729s] -- Up-to-date: /root/lidar_system/install/servo_control/include/servo_control
[38.730s] -- Up-to-date: /root/lidar_system/install/servo_control/include/servo_control/srv
[38.730s] -- Up-to-date: /root/lidar_system/install/servo_control/include/servo_control/srv/detail
[38.731s] -- Up-to-date: /root/lidar_system/install/servo_control/include/servo_control/srv/detail/get_local_dimensions__type_support.cpp
[38.731s] -- Up-to-date: /root/lidar_system/install/servo_control/include/servo_control/srv/detail/get_local_dimensions__rosidl_typesupport_introspection_cpp.hpp
[38.732s] -- Up-to-date: /root/lidar_system/install/servo_control/lib/libservo_control__rosidl_typesupport_introspection_cpp.so
[38.732s] -- Up-to-date: /root/lidar_system/install/servo_control/lib/libservo_control__rosidl_typesupport_cpp.so
[38.733s] -- Up-to-date: /root/lidar_system/install/servo_control/share/servo_control/environment/pythonpath.sh
[38.733s] -- Up-to-date: /root/lidar_system/install/servo_control/share/servo_control/environment/pythonpath.dsv
[38.734s] -- Installing: /root/lidar_system/install/servo_control/lib/python3.8/site-packages/servo_control/__init__.py
[38.863s] Compiling '/root/lidar_system/install/servo_control/lib/python3.8/site-packages/servo_control/__init__.py'...
[38.889s] -- Up-to-date: /root/lidar_system/install/servo_control/lib/python3.8/site-packages/servo_control/srv
[38.890s] -- Up-to-date: /root/lidar_system/install/servo_control/lib/python3.8/site-packages/servo_control/srv/_get_local_dimensions_s.c
[38.890s] -- Up-to-date: /root/lidar_system/install/servo_control/lib/python3.8/site-packages/servo_control/srv/__init__.py
[38.891s] -- Up-to-date: /root/lidar_system/install/servo_control/lib/python3.8/site-packages/servo_control/srv/_get_local_dimensions.py
[38.891s] -- Up-to-date: /root/lidar_system/install/servo_control/lib/python3.8/site-packages/servo_control/servo_control_s__rosidl_typesupport_fastrtps_c.cpython-38-aarch64-linux-gnu.so
[38.893s] -- Up-to-date: /root/lidar_system/install/servo_control/lib/python3.8/site-packages/servo_control/servo_control_s__rosidl_typesupport_introspection_c.cpython-38-aarch64-linux-gnu.so
[38.896s] -- Up-to-date: /root/lidar_system/install/servo_control/lib/python3.8/site-packages/servo_control/servo_control_s__rosidl_typesupport_c.cpython-38-aarch64-linux-gnu.so
[38.911s] -- Up-to-date: /root/lidar_system/install/servo_control/lib/libservo_control__python.so
[38.912s] -- Up-to-date: /root/lidar_system/install/servo_control/share/servo_control/srv/GetLocalDimensions.idl
[38.913s] -- Up-to-date: /root/lidar_system/install/servo_control/share/servo_control/srv/GetLocalDimensions.srv
[38.914s] -- Up-to-date: /root/lidar_system/install/servo_control/share/servo_control/srv/GetLocalDimensions_Request.msg
[38.915s] -- Up-to-date: /root/lidar_system/install/servo_control/share/servo_control/srv/GetLocalDimensions_Response.msg
[38.915s] -- Up-to-date: /root/lidar_system/install/servo_control/lib/servo_control/dynamic_tf_broadcaster
[38.916s] -- Up-to-date: /root/lidar_system/install/servo_control/lib/servo_control/lidar_pointcloud_node
[38.916s] -- Up-to-date: /root/lidar_system/install/servo_control/lib/servo_control/scan_sequence_node
[38.917s] -- Up-to-date: /root/lidar_system/install/servo_control/lib/servo_control/target_tracker_node
[38.917s] -- Up-to-date: /root/lidar_system/install/servo_control/lib/servo_control/mavros_tf_node
[38.918s] -- Up-to-date: /root/lidar_system/install/servo_control/lib/servo_control/local_dimensions_node
[38.918s] -- Installing: /root/lidar_system/install/servo_control/lib/servo_control/px4_takeoff_manager_node
[38.925s] -- Set runtime path of "/root/lidar_system/install/servo_control/lib/servo_control/px4_takeoff_manager_node" to ""
[38.926s] -- Up-to-date: /root/lidar_system/install/servo_control/lib/python3.8/site-packages/servo_control
[38.926s] -- Installing: /root/lidar_system/install/servo_control/lib/python3.8/site-packages/servo_control/__init__.py
[39.070s] Listing '/root/lidar_system/install/servo_control/lib/python3.8/site-packages/servo_control'...
[39.071s] Compiling '/root/lidar_system/install/servo_control/lib/python3.8/site-packages/servo_control/__init__.py'...
[39.071s] Listing '/root/lidar_system/install/servo_control/lib/python3.8/site-packages/servo_control/srv'...
[39.095s] -- Up-to-date: /root/lidar_system/install/servo_control/lib/servo_control/servo_motor_node.py
[39.097s] -- Up-to-date: /root/lidar_system/install/servo_control/lib/servo_control/lidar_bbox_open3d.py
[39.099s] -- Up-to-date: /root/lidar_system/install/servo_control/share/ament_index/resource_index/package_run_dependencies/servo_control
[39.100s] -- Up-to-date: /root/lidar_system/install/servo_control/share/ament_index/resource_index/parent_prefix_path/servo_control
[39.101s] -- Up-to-date: /root/lidar_system/install/servo_control/share/servo_control/environment/ament_prefix_path.sh
[39.101s] -- Up-to-date: /root/lidar_system/install/servo_control/share/servo_control/environment/ament_prefix_path.dsv
[39.103s] -- Up-to-date: /root/lidar_system/install/servo_control/share/servo_control/environment/path.sh
[39.104s] -- Up-to-date: /root/lidar_system/install/servo_control/share/servo_control/environment/path.dsv
[39.104s] -- Up-to-date: /root/lidar_system/install/servo_control/share/servo_control/local_setup.bash
[39.105s] -- Up-to-date: /root/lidar_system/install/servo_control/share/servo_control/local_setup.sh
[39.108s] -- Up-to-date: /root/lidar_system/install/servo_control/share/servo_control/local_setup.zsh
[39.109s] -- Up-to-date: /root/lidar_system/install/servo_control/share/servo_control/local_setup.dsv
[39.111s] -- Installing: /root/lidar_system/install/servo_control/share/servo_control/package.dsv
[39.111s] -- Up-to-date: /root/lidar_system/install/servo_control/share/ament_index/resource_index/packages/servo_control
[39.114s] -- Up-to-date: /root/lidar_system/install/servo_control/share/servo_control/cmake/servo_control__rosidl_generator_cExport.cmake
[39.117s] -- Up-to-date: /root/lidar_system/install/servo_control/share/servo_control/cmake/servo_control__rosidl_generator_cExport-noconfig.cmake
[39.118s] -- Up-to-date: /root/lidar_system/install/servo_control/share/servo_control/cmake/servo_control__rosidl_typesupport_introspection_cExport.cmake
[39.119s] -- Up-to-date: /root/lidar_system/install/servo_control/share/servo_control/cmake/servo_control__rosidl_typesupport_introspection_cExport-noconfig.cmake
[39.119s] -- Up-to-date: /root/lidar_system/install/servo_control/share/servo_control/cmake/servo_control__rosidl_typesupport_cExport.cmake
[39.119s] -- Up-to-date: /root/lidar_system/install/servo_control/share/servo_control/cmake/servo_control__rosidl_typesupport_cExport-noconfig.cmake
[39.120s] -- Up-to-date: /root/lidar_system/install/servo_control/share/servo_control/cmake/servo_control__rosidl_generator_cppExport.cmake
[39.120s] -- Up-to-date: /root/lidar_system/install/servo_control/share/servo_control/cmake/servo_control__rosidl_typesupport_introspection_cppExport.cmake
[39.121s] -- Up-to-date: /root/lidar_system/install/servo_control/share/servo_control/cmake/servo_control__rosidl_typesupport_introspection_cppExport-noconfig.cmake
[39.124s] -- Up-to-date: /root/lidar_system/install/servo_control/share/servo_control/cmake/servo_control__rosidl_typesupport_cppExport.cmake
[39.124s] -- Up-to-date: /root/lidar_system/install/servo_control/share/servo_control/cmake/servo_control__rosidl_typesupport_cppExport-noconfig.cmake
[39.125s] -- Up-to-date: /root/lidar_system/install/servo_control/share/servo_control/cmake/rosidl_cmake-extras.cmake
[39.127s] -- Up-to-date: /root/lidar_system/install/servo_control/share/servo_control/cmake/ament_cmake_export_dependencies-extras.cmake
[39.127s] -- Up-to-date: /root/lidar_system/install/servo_control/share/servo_control/cmake/ament_cmake_export_libraries-extras.cmake
[39.128s] -- Up-to-date: /root/lidar_system/install/servo_control/share/servo_control/cmake/ament_cmake_export_targets-extras.cmake
[39.129s] -- Up-to-date: /root/lidar_system/install/servo_control/share/servo_control/cmake/ament_cmake_export_include_directories-extras.cmake
[39.129s] -- Up-to-date: /root/lidar_system/install/servo_control/share/servo_control/cmake/rosidl_cmake_export_typesupport_libraries-extras.cmake
[39.130s] -- Up-to-date: /root/lidar_system/install/servo_control/share/servo_control/cmake/rosidl_cmake_export_typesupport_targets-extras.cmake
[39.130s] -- Up-to-date: /root/lidar_system/install/servo_control/share/servo_control/cmake/servo_controlConfig.cmake
[39.131s] -- Up-to-date: /root/lidar_system/install/servo_control/share/servo_control/cmake/servo_controlConfig-version.cmake
[39.131s] -- Up-to-date: /root/lidar_system/install/servo_control/share/servo_control/package.xml
[39.152s] Invoked command in '/root/lidar_system/build/servo_control' returned '0': CMAKE_PREFIX_PATH=/opt/ros/foxy /usr/bin/cmake --install /root/lidar_system/build/servo_control
