[0.124s] Invoking command in '/root/lidar_system/build/servo_control': CMAKE_PREFIX_PATH=/opt/ros/foxy /usr/bin/cmake --build /root/lidar_system/build/servo_control -- -j4 -l4
[0.546s] [ 20%] Built target dynamic_tf_broadcaster
[0.791s] [ 40%] Built target mavros_tf_node
[1.031s] [ 60%] Built target scan_sequence_node
[1.287s] [ 80%] Built target lidar_pointcloud_node
[1.572s] [100%] Built target target_tracker_node
[1.573s] Invoked command in '/root/lidar_system/build/servo_control' returned '0': CMAKE_PREFIX_PATH=/opt/ros/foxy /usr/bin/cmake --build /root/lidar_system/build/servo_control -- -j4 -l4
[1.758s] Invoking command in '/root/lidar_system/build/servo_control': CMAKE_PREFIX_PATH=/opt/ros/foxy /usr/bin/cmake --install /root/lidar_system/build/servo_control
[1.812s] -- Install configuration: ""
[1.812s] -- Up-to-date: /root/lidar_system/install/servo_control/lib/servo_control/dynamic_tf_broadcaster
[1.813s] -- Up-to-date: /root/lidar_system/install/servo_control/lib/servo_control/lidar_pointcloud_node
[1.820s] -- Up-to-date: /root/lidar_system/install/servo_control/lib/servo_control/scan_sequence_node
[1.821s] -- Up-to-date: /root/lidar_system/install/servo_control/lib/servo_control/target_tracker_node
[1.821s] -- Up-to-date: /root/lidar_system/install/servo_control/lib/servo_control/mavros_tf_node
[1.822s] -- Up-to-date: /root/lidar_system/install/servo_control/share/servo_control/environment/pythonpath.sh
[1.822s] -- Up-to-date: /root/lidar_system/install/servo_control/share/servo_control/environment/pythonpath.dsv
[1.822s] -- Up-to-date: /root/lidar_system/install/servo_control/lib/python3.8/site-packages/servo_control
[1.823s] -- Up-to-date: /root/lidar_system/install/servo_control/lib/python3.8/site-packages/servo_control/__init__.py
[1.979s] Listing '/root/lidar_system/install/servo_control/lib/python3.8/site-packages/servo_control'...
[2.082s] -- Up-to-date: /root/lidar_system/install/servo_control/lib/servo_control/servo_motor_node.py
[2.083s] -- Installing: /root/lidar_system/install/servo_control/lib/servo_control/lidar_bbox_open3d.py
[2.083s] -- Up-to-date: /root/lidar_system/install/servo_control/share/ament_index/resource_index/package_run_dependencies/servo_control
[2.084s] -- Up-to-date: /root/lidar_system/install/servo_control/share/ament_index/resource_index/parent_prefix_path/servo_control
[2.085s] -- Up-to-date: /root/lidar_system/install/servo_control/share/servo_control/environment/ament_prefix_path.sh
[2.086s] -- Up-to-date: /root/lidar_system/install/servo_control/share/servo_control/environment/ament_prefix_path.dsv
[2.087s] -- Up-to-date: /root/lidar_system/install/servo_control/share/servo_control/environment/path.sh
[2.090s] -- Up-to-date: /root/lidar_system/install/servo_control/share/servo_control/environment/path.dsv
[2.091s] -- Up-to-date: /root/lidar_system/install/servo_control/share/servo_control/local_setup.bash
[2.092s] -- Up-to-date: /root/lidar_system/install/servo_control/share/servo_control/local_setup.sh
[2.093s] -- Up-to-date: /root/lidar_system/install/servo_control/share/servo_control/local_setup.zsh
[2.094s] -- Up-to-date: /root/lidar_system/install/servo_control/share/servo_control/local_setup.dsv
[2.094s] -- Installing: /root/lidar_system/install/servo_control/share/servo_control/package.dsv
[2.095s] -- Up-to-date: /root/lidar_system/install/servo_control/share/ament_index/resource_index/packages/servo_control
[2.096s] -- Up-to-date: /root/lidar_system/install/servo_control/share/servo_control/cmake/servo_controlConfig.cmake
[2.097s] -- Up-to-date: /root/lidar_system/install/servo_control/share/servo_control/cmake/servo_controlConfig-version.cmake
[2.097s] -- Up-to-date: /root/lidar_system/install/servo_control/share/servo_control/package.xml
[2.098s] Invoked command in '/root/lidar_system/build/servo_control' returned '0': CMAKE_PREFIX_PATH=/opt/ros/foxy /usr/bin/cmake --install /root/lidar_system/build/servo_control
