[0.073s] Invoking command in '/root/lidar_system/build/servo_control': CMAKE_PREFIX_PATH=/opt/ros/foxy /usr/bin/cmake --build /root/lidar_system/build/servo_control -- -j4 -l4
[0.323s] Scanning dependencies of target dynamic_tf_broadcaster
[0.423s] [ 16%] Building CXX object CMakeFiles/dynamic_tf_broadcaster.dir/src/dynamic_tf_broadcaster.cpp.o
[0.479s] [ 50%] Built target scan_sequence_node
[0.509s] [ 83%] Built target lidar_pointcloud_node
[27.645s] [100%] Linking CXX executable dynamic_tf_broadcaster
[29.152s] [100%] Built target dynamic_tf_broadcaster
[29.201s] Invoked command in '/root/lidar_system/build/servo_control' returned '0': CMAKE_PREFIX_PATH=/opt/ros/foxy /usr/bin/cmake --build /root/lidar_system/build/servo_control -- -j4 -l4
[29.347s] Invoking command in '/root/lidar_system/build/servo_control': CMAKE_PREFIX_PATH=/opt/ros/foxy /usr/bin/cmake --install /root/lidar_system/build/servo_control
[29.393s] -- Install configuration: ""
[29.399s] -- Installing: /root/lidar_system/install/servo_control/lib/servo_control/dynamic_tf_broadcaster
[29.412s] -- Set runtime path of "/root/lidar_system/install/servo_control/lib/servo_control/dynamic_tf_broadcaster" to ""
[29.417s] -- Up-to-date: /root/lidar_system/install/servo_control/lib/servo_control/lidar_pointcloud_node
[29.420s] -- Up-to-date: /root/lidar_system/install/servo_control/lib/servo_control/scan_sequence_node
[29.440s] -- Up-to-date: /root/lidar_system/install/servo_control/share/servo_control/environment/pythonpath.sh
[29.440s] -- Up-to-date: /root/lidar_system/install/servo_control/share/servo_control/environment/pythonpath.dsv
[29.441s] -- Up-to-date: /root/lidar_system/install/servo_control/lib/python3.8/site-packages/servo_control
[29.442s] -- Up-to-date: /root/lidar_system/install/servo_control/lib/python3.8/site-packages/servo_control/__init__.py
[29.578s] Listing '/root/lidar_system/install/servo_control/lib/python3.8/site-packages/servo_control'...
[29.605s] -- Up-to-date: /root/lidar_system/install/servo_control/lib/servo_control/servo_motor_node.py
[29.608s] -- Up-to-date: /root/lidar_system/install/servo_control/lib/servo_control/lidar_bbox_open3d.py
[29.609s] -- Up-to-date: /root/lidar_system/install/servo_control/share/ament_index/resource_index/package_run_dependencies/servo_control
[29.609s] -- Up-to-date: /root/lidar_system/install/servo_control/share/ament_index/resource_index/parent_prefix_path/servo_control
[29.610s] -- Up-to-date: /root/lidar_system/install/servo_control/share/servo_control/environment/ament_prefix_path.sh
[29.610s] -- Up-to-date: /root/lidar_system/install/servo_control/share/servo_control/environment/ament_prefix_path.dsv
[29.611s] -- Up-to-date: /root/lidar_system/install/servo_control/share/servo_control/environment/path.sh
[29.611s] -- Up-to-date: /root/lidar_system/install/servo_control/share/servo_control/environment/path.dsv
[29.612s] -- Up-to-date: /root/lidar_system/install/servo_control/share/servo_control/local_setup.bash
[29.612s] -- Up-to-date: /root/lidar_system/install/servo_control/share/servo_control/local_setup.sh
[29.617s] -- Up-to-date: /root/lidar_system/install/servo_control/share/servo_control/local_setup.zsh
[29.618s] -- Up-to-date: /root/lidar_system/install/servo_control/share/servo_control/local_setup.dsv
[29.620s] -- Installing: /root/lidar_system/install/servo_control/share/servo_control/package.dsv
[29.622s] -- Up-to-date: /root/lidar_system/install/servo_control/share/ament_index/resource_index/packages/servo_control
[29.628s] -- Up-to-date: /root/lidar_system/install/servo_control/share/servo_control/cmake/servo_controlConfig.cmake
[29.640s] -- Up-to-date: /root/lidar_system/install/servo_control/share/servo_control/cmake/servo_controlConfig-version.cmake
[29.647s] -- Up-to-date: /root/lidar_system/install/servo_control/share/servo_control/package.xml
[29.647s] Invoked command in '/root/lidar_system/build/servo_control' returned '0': CMAKE_PREFIX_PATH=/opt/ros/foxy /usr/bin/cmake --install /root/lidar_system/build/servo_control
