[0.067s] Invoking command in '/root/lidar_system/build/servo_control': CMAKE_PREFIX_PATH=/opt/ros/foxy /usr/bin/cmake --build /root/lidar_system/build/servo_control -- -j4 -l4
[0.350s] Scanning dependencies of target mavros_tf_node
[0.455s] [ 30%] Built target dynamic_tf_broadcaster
[0.459s] [ 20%] Building CXX object CMakeFiles/mavros_tf_node.dir/src/mavros_tf_node.cpp.o
[0.531s] [ 50%] Built target target_tracker_node
[0.544s] [ 70%] Built target lidar_pointcloud_node
[0.622s] [ 90%] Built target scan_sequence_node
[26.895s] [100%] Linking CXX executable mavros_tf_node
[28.240s] [100%] Built target mavros_tf_node
[28.281s] Invoked command in '/root/lidar_system/build/servo_control' returned '0': CMAKE_PREFIX_PATH=/opt/ros/foxy /usr/bin/cmake --build /root/lidar_system/build/servo_control -- -j4 -l4
[28.393s] Invoking command in '/root/lidar_system/build/servo_control': CMAKE_PREFIX_PATH=/opt/ros/foxy /usr/bin/cmake --install /root/lidar_system/build/servo_control
[28.431s] -- Install configuration: ""
[28.433s] -- Up-to-date: /root/lidar_system/install/servo_control/lib/servo_control/dynamic_tf_broadcaster
[28.434s] -- Up-to-date: /root/lidar_system/install/servo_control/lib/servo_control/lidar_pointcloud_node
[28.435s] -- Up-to-date: /root/lidar_system/install/servo_control/lib/servo_control/scan_sequence_node
[28.436s] -- Up-to-date: /root/lidar_system/install/servo_control/lib/servo_control/target_tracker_node
[28.437s] -- Installing: /root/lidar_system/install/servo_control/lib/servo_control/mavros_tf_node
[28.448s] -- Set runtime path of "/root/lidar_system/install/servo_control/lib/servo_control/mavros_tf_node" to ""
[28.449s] -- Up-to-date: /root/lidar_system/install/servo_control/share/servo_control/environment/pythonpath.sh
[28.450s] -- Up-to-date: /root/lidar_system/install/servo_control/share/servo_control/environment/pythonpath.dsv
[28.451s] -- Up-to-date: /root/lidar_system/install/servo_control/lib/python3.8/site-packages/servo_control
[28.454s] -- Up-to-date: /root/lidar_system/install/servo_control/lib/python3.8/site-packages/servo_control/__init__.py
[28.579s] Listing '/root/lidar_system/install/servo_control/lib/python3.8/site-packages/servo_control'...
[28.601s] -- Up-to-date: /root/lidar_system/install/servo_control/lib/servo_control/servo_motor_node.py
[28.602s] -- Up-to-date: /root/lidar_system/install/servo_control/share/ament_index/resource_index/package_run_dependencies/servo_control
[28.604s] -- Up-to-date: /root/lidar_system/install/servo_control/share/ament_index/resource_index/parent_prefix_path/servo_control
[28.605s] -- Up-to-date: /root/lidar_system/install/servo_control/share/servo_control/environment/ament_prefix_path.sh
[28.605s] -- Up-to-date: /root/lidar_system/install/servo_control/share/servo_control/environment/ament_prefix_path.dsv
[28.606s] -- Up-to-date: /root/lidar_system/install/servo_control/share/servo_control/environment/path.sh
[28.606s] -- Up-to-date: /root/lidar_system/install/servo_control/share/servo_control/environment/path.dsv
[28.606s] -- Up-to-date: /root/lidar_system/install/servo_control/share/servo_control/local_setup.bash
[28.607s] -- Up-to-date: /root/lidar_system/install/servo_control/share/servo_control/local_setup.sh
[28.607s] -- Up-to-date: /root/lidar_system/install/servo_control/share/servo_control/local_setup.zsh
[28.608s] -- Up-to-date: /root/lidar_system/install/servo_control/share/servo_control/local_setup.dsv
[28.608s] -- Installing: /root/lidar_system/install/servo_control/share/servo_control/package.dsv
[28.608s] -- Up-to-date: /root/lidar_system/install/servo_control/share/ament_index/resource_index/packages/servo_control
[28.609s] -- Up-to-date: /root/lidar_system/install/servo_control/share/servo_control/cmake/servo_controlConfig.cmake
[28.611s] -- Up-to-date: /root/lidar_system/install/servo_control/share/servo_control/cmake/servo_controlConfig-version.cmake
[28.625s] -- Up-to-date: /root/lidar_system/install/servo_control/share/servo_control/package.xml
[28.626s] Invoked command in '/root/lidar_system/build/servo_control' returned '0': CMAKE_PREFIX_PATH=/opt/ros/foxy /usr/bin/cmake --install /root/lidar_system/build/servo_control
