-- Found ament_cmake: 0.9.12 (/opt/ros/foxy/share/ament_cmake/cmake)
-- Using PYTHON_EXECUTABLE: /usr/bin/python3
-- Found rclcpp: 2.4.3 (/opt/ros/foxy/share/rclcpp/cmake)
-- Using all available rosidl_typesupport_c: rosidl_typesupport_fastrtps_c;rosidl_typesupport_introspection_c
-- Found rosidl_adapter: 1.3.1 (/opt/ros/foxy/share/rosidl_adapter/cmake)
-- Using all available rosidl_typesupport_cpp: rosidl_typesupport_fastrtps_cpp;rosidl_typesupport_introspection_cpp
-- Found rmw_implementation_cmake: 1.0.4 (/opt/ros/foxy/share/rmw_implementation_cmake/cmake)
-- Using RMW implementation 'rmw_fastrtps_cpp' as default
-- Found geometry_msgs: 2.0.5 (/opt/ros/foxy/share/geometry_msgs/cmake)
-- Found sensor_msgs: 2.0.5 (/opt/ros/foxy/share/sensor_msgs/cmake)
-- Found tf2_ros: 0.13.14 (/opt/ros/foxy/share/tf2_ros/cmake)
-- Found laser_geometry: 2.2.0 (/opt/ros/foxy/share/laser_geometry/cmake)
-- Found tf2_sensor_msgs: 0.13.14 (/opt/ros/foxy/share/tf2_sensor_msgs/cmake)
-- Eigen found (include: /usr/include/eigen3, version: 3.3.7)
-- The imported target "vtkParseOGLExt" references the file
   "/usr/bin/vtkParseOGLExt-7.1"
but this file does not exist.  Possible reasons include:
* The file was deleted, renamed, or moved to another location.
* An install or uninstall procedure did not complete successfully.
* The installation package was faulty and contained
   "/usr/lib/cmake/vtk-7.1/VTKTargets.cmake"
but not all the files it references.

-- The imported target "vtkRenderingPythonTkWidgets" references the file
   "/usr/lib/aarch64-linux-gnu/libvtkRenderingPythonTkWidgets.so"
but this file does not exist.  Possible reasons include:
* The file was deleted, renamed, or moved to another location.
* An install or uninstall procedure did not complete successfully.
* The installation package was faulty and contained
   "/usr/lib/cmake/vtk-7.1/VTKTargets.cmake"
but not all the files it references.

-- The imported target "vtk" references the file
   "/usr/bin/vtk"
but this file does not exist.  Possible reasons include:
* The file was deleted, renamed, or moved to another location.
* An install or uninstall procedure did not complete successfully.
* The installation package was faulty and contained
   "/usr/lib/cmake/vtk-7.1/VTKTargets.cmake"
but not all the files it references.

-- The imported target "pvtk" references the file
   "/usr/bin/pvtk"
but this file does not exist.  Possible reasons include:
* The file was deleted, renamed, or moved to another location.
* An install or uninstall procedure did not complete successfully.
* The installation package was faulty and contained
   "/usr/lib/cmake/vtk-7.1/VTKTargets.cmake"
but not all the files it references.

-- looking for PCL_COMMON
-- looking for PCL_SAMPLE_CONSENSUS
-- looking for PCL_KDTREE
-- looking for PCL_OCTREE
-- looking for PCL_FILTERS
-- looking for PCL_GEOMETRY
-- looking for PCL_ML
-- looking for PCL_SEGMENTATION
-- looking for PCL_SEARCH
-- looking for PCL_2D
-- looking for PCL_FEATURES
-- Found PCL: pcl_common;pcl_sample_consensus;pcl_kdtree;pcl_octree;pcl_filters;pcl_ml;pcl_segmentation;pcl_search;pcl_features;/usr/lib/aarch64-linux-gnu/libboost_system.so;/usr/lib/aarch64-linux-gnu/libboost_filesystem.so;/usr/lib/aarch64-linux-gnu/libboost_date_time.so;/usr/lib/aarch64-linux-gnu/libboost_iostreams.so;/usr/lib/aarch64-linux-gnu/libboost_regex.so;vtkChartsCore;vtkCommonColor;vtkCommonCore;vtksys;vtkCommonDataModel;vtkCommonMath;vtkCommonMisc;vtkCommonSystem;vtkCommonTransforms;vtkCommonExecutionModel;vtkFiltersGeneral;vtkCommonComputationalGeometry;vtkFiltersCore;vtkInfovisCore;vtkFiltersExtraction;vtkFiltersStatistics;vtkImagingFourier;vtkImagingCore;vtkalglib;vtkRenderingContext2D;vtkRenderingCore;vtkFiltersGeometry;vtkFiltersSources;vtkRenderingFreeType;/usr/lib/aarch64-linux-gnu/libfreetype.so;/usr/lib/aarch64-linux-gnu/libz.so;vtkFiltersModeling;vtkImagingSources;vtkInteractionStyle;vtkInteractionWidgets;vtkFiltersHybrid;vtkImagingColor;vtkImagingGeneral;vtkImagingHybrid;vtkIOImage;vtkDICOMParser;vtkmetaio;/usr/lib/aarch64-linux-gnu/libjpeg.so;/usr/lib/aarch64-linux-gnu/libpng.so;/usr/lib/aarch64-linux-gnu/libtiff.so;vtkRenderingAnnotation;vtkRenderingVolume;vtkIOXML;vtkIOCore;vtkIOXMLParser;/usr/lib/aarch64-linux-gnu/libexpat.so;vtkIOGeometry;vtkIOLegacy;vtkIOPLY;vtkRenderingLOD;vtkViewsContext2D;vtkViewsCore;vtkRenderingContextOpenGL2;vtkRenderingOpenGL2;FLANN::FLANN  
-- Found pcl_conversions: 2.2.1 (/opt/ros/foxy/share/pcl_conversions/cmake)
-- Found visualization_msgs: 2.0.5 (/opt/ros/foxy/share/visualization_msgs/cmake)
-- Found ament_lint_auto: 0.9.8 (/opt/ros/foxy/share/ament_lint_auto/cmake)
-- Configuring done
-- Generating done
-- Build files have been written to: /root/lidar_system/build/servo_control
Scanning dependencies of target target_tracker_node
Scanning dependencies of target mavros_tf_node
Scanning dependencies of target dynamic_tf_broadcaster
Scanning dependencies of target lidar_pointcloud_node
[ 10%] Building CXX object CMakeFiles/dynamic_tf_broadcaster.dir/src/dynamic_tf_broadcaster.cpp.o
[ 20%] Building CXX object CMakeFiles/mavros_tf_node.dir/src/mavros_tf_node.cpp.o
[ 30%] Building CXX object CMakeFiles/target_tracker_node.dir/src/target_tracker_node.cpp.o
[ 40%] Building CXX object CMakeFiles/lidar_pointcloud_node.dir/src/lidar_pointcloud_node.cpp.o
[ 60%] Linking CXX executable mavros_tf_node
[ 60%] Linking CXX executable dynamic_tf_broadcaster
[ 70%] Linking CXX executable target_tracker_node
[ 80%] Linking CXX executable lidar_pointcloud_node
[ 80%] Built target dynamic_tf_broadcaster
[ 80%] Built target mavros_tf_node
[ 80%] Built target target_tracker_node
[ 80%] Built target lidar_pointcloud_node
Scanning dependencies of target scan_sequence_node
[ 90%] Building CXX object CMakeFiles/scan_sequence_node.dir/src/scan_sequence_node.cpp.o
/root/lidar_system/servo_control/src/scan_sequence_node.cpp: In constructor ‘ScanSequenceNode::ScanSequenceNode()’:
/root/lidar_system/servo_control/src/scan_sequence_node.cpp:609:10: warning: ‘ScanSequenceNode::target_bearing_deg_’ will be initialized after [-Wreorder]
  609 |   double target_bearing_deg_;
      |          ^~~~~~~~~~~~~~~~~~~
/root/lidar_system/servo_control/src/scan_sequence_node.cpp:605:10: warning:   ‘bool ScanSequenceNode::target_detected_’ [-Wreorder]
  605 |   bool   target_detected_      = false;
      |          ^~~~~~~~~~~~~~~~
/root/lidar_system/servo_control/src/scan_sequence_node.cpp:57:3: warning:   when initialized here [-Wreorder]
   57 |   ScanSequenceNode()
      |   ^~~~~~~~~~~~~~~~
/root/lidar_system/servo_control/src/scan_sequence_node.cpp:635:10: warning: ‘ScanSequenceNode::track_pan_cmd_’ will be initialized after [-Wreorder]
  635 |   double track_pan_cmd_;
      |          ^~~~~~~~~~~~~~
/root/lidar_system/servo_control/src/scan_sequence_node.cpp:610:16: warning:   ‘rclcpp::Time ScanSequenceNode::last_target_time_’ [-Wreorder]
  610 |   rclcpp::Time last_target_time_;
      |                ^~~~~~~~~~~~~~~~~
/root/lidar_system/servo_control/src/scan_sequence_node.cpp:57:3: warning:   when initialized here [-Wreorder]
   57 |   ScanSequenceNode()
      |   ^~~~~~~~~~~~~~~~
[100%] Linking CXX executable scan_sequence_node
/usr/bin/ld: CMakeFiles/scan_sequence_node.dir/src/scan_sequence_node.cpp.o: in function `rclcpp::Publisher<visualization_msgs::msg::Marker_<std::allocator<void> >, std::allocator<void> >::Publisher(rclcpp::node_interfaces::NodeBaseInterface*, std::__cxx11::basic_string<char, std::char_traits<char>, std::allocator<char> > const&, rclcpp::QoS const&, rclcpp::PublisherOptionsWithAllocator<std::allocator<void> > const&)':
scan_sequence_node.cpp:(.text._ZN6rclcpp9PublisherIN18visualization_msgs3msg7Marker_ISaIvEEES4_EC2EPNS_15node_interfaces17NodeBaseInterfaceERKNSt7__cxx1112basic_stringIcSt11char_traitsIcESaIcEEERKNS_3QoSERKNS_29PublisherOptionsWithAllocatorIS4_EE[_ZN6rclcpp9PublisherIN18visualization_msgs3msg7Marker_ISaIvEEES4_EC5EPNS_15node_interfaces17NodeBaseInterfaceERKNSt7__cxx1112basic_stringIcSt11char_traitsIcESaIcEEERKNS_3QoSERKNS_29PublisherOptionsWithAllocatorIS4_EE]+0x3c): undefined reference to `rosidl_message_type_support_t const* rosidl_typesupport_cpp::get_message_type_support_handle<visualization_msgs::msg::Marker_<std::allocator<void> > >()'
collect2: error: ld returned 1 exit status
make[2]: *** [CMakeFiles/scan_sequence_node.dir/build.make:218: scan_sequence_node] Error 1
make[1]: *** [CMakeFiles/Makefile2:248: CMakeFiles/scan_sequence_node.dir/all] Error 2
make: *** [Makefile:141: all] Error 2
