[0.101s] Invoking command in '/root/lidar_system/build/servo_control': CMAKE_PREFIX_PATH=/opt/ros/foxy /usr/bin/cmake --build /root/lidar_system/build/servo_control -- -j4 -l4
[0.258s] -- Found ament_cmake: 0.9.12 (/opt/ros/foxy/share/ament_cmake/cmake)
[0.419s] -- Using PYTHON_EXECUTABLE: /usr/bin/python3
[1.523s] -- Found rclcpp: 2.4.3 (/opt/ros/foxy/share/rclcpp/cmake)
[1.762s] -- Using all available rosidl_typesupport_c: rosidl_typesupport_fastrtps_c;rosidl_typesupport_introspection_c
[1.783s] -- Found rosidl_adapter: 1.3.1 (/opt/ros/foxy/share/rosidl_adapter/cmake)
[2.776s] -- Using all available rosidl_typesupport_cpp: rosidl_typesupport_fastrtps_cpp;rosidl_typesupport_introspection_cpp
[3.063s] -- Found rmw_implementation_cmake: 1.0.4 (/opt/ros/foxy/share/rmw_implementation_cmake/cmake)
[3.074s] -- Using RMW implementation 'rmw_fastrtps_cpp' as default
[3.841s] -- Found geometry_msgs: 2.0.5 (/opt/ros/foxy/share/geometry_msgs/cmake)
[4.012s] -- Found sensor_msgs: 2.0.5 (/opt/ros/foxy/share/sensor_msgs/cmake)
[4.358s] -- Found tf2_ros: 0.13.14 (/opt/ros/foxy/share/tf2_ros/cmake)
[5.973s] -- Found laser_geometry: 2.2.0 (/opt/ros/foxy/share/laser_geometry/cmake)
[5.998s] -- Found tf2_sensor_msgs: 0.13.14 (/opt/ros/foxy/share/tf2_sensor_msgs/cmake)
[6.164s] -- Eigen found (include: /usr/include/eigen3, version: 3.3.7)
[6.761s] -- The imported target "vtkParseOGLExt" references the file
[6.761s]    "/usr/bin/vtkParseOGLExt-7.1"
[6.761s] but this file does not exist.  Possible reasons include:
[6.762s] * The file was deleted, renamed, or moved to another location.
[6.762s] * An install or uninstall procedure did not complete successfully.
[6.763s] * The installation package was faulty and contained
[6.763s]    "/usr/lib/cmake/vtk-7.1/VTKTargets.cmake"
[6.764s] but not all the files it references.
[6.764s] 
[6.768s] -- The imported target "vtkRenderingPythonTkWidgets" references the file
[6.776s]    "/usr/lib/aarch64-linux-gnu/libvtkRenderingPythonTkWidgets.so"
[6.777s] but this file does not exist.  Possible reasons include:
[6.777s] * The file was deleted, renamed, or moved to another location.
[6.778s] * An install or uninstall procedure did not complete successfully.
[6.779s] * The installation package was faulty and contained
[6.780s]    "/usr/lib/cmake/vtk-7.1/VTKTargets.cmake"
[6.780s] but not all the files it references.
[6.781s] 
[6.781s] -- The imported target "vtk" references the file
[6.781s]    "/usr/bin/vtk"
[6.782s] but this file does not exist.  Possible reasons include:
[6.782s] * The file was deleted, renamed, or moved to another location.
[6.782s] * An install or uninstall procedure did not complete successfully.
[6.783s] * The installation package was faulty and contained
[6.783s]    "/usr/lib/cmake/vtk-7.1/VTKTargets.cmake"
[6.784s] but not all the files it references.
[6.784s] 
[6.784s] -- The imported target "pvtk" references the file
[6.785s]    "/usr/bin/pvtk"
[6.785s] but this file does not exist.  Possible reasons include:
[6.786s] * The file was deleted, renamed, or moved to another location.
[6.786s] * An install or uninstall procedure did not complete successfully.
[6.787s] * The installation package was faulty and contained
[6.787s]    "/usr/lib/cmake/vtk-7.1/VTKTargets.cmake"
[6.787s] but not all the files it references.
[6.788s] 
[6.947s] -- looking for PCL_COMMON
[6.949s] -- looking for PCL_SAMPLE_CONSENSUS
[6.952s] -- looking for PCL_KDTREE
[6.954s] -- looking for PCL_OCTREE
[6.956s] -- looking for PCL_FILTERS
[6.959s] -- looking for PCL_GEOMETRY
[6.960s] -- looking for PCL_ML
[6.963s] -- looking for PCL_SEGMENTATION
[6.966s] -- looking for PCL_SEARCH
[6.969s] -- looking for PCL_2D
[6.977s] -- looking for PCL_FEATURES
[6.982s] -- Found PCL: pcl_common;pcl_sample_consensus;pcl_kdtree;pcl_octree;pcl_filters;pcl_ml;pcl_segmentation;pcl_search;pcl_features;/usr/lib/aarch64-linux-gnu/libboost_system.so;/usr/lib/aarch64-linux-gnu/libboost_filesystem.so;/usr/lib/aarch64-linux-gnu/libboost_date_time.so;/usr/lib/aarch64-linux-gnu/libboost_iostreams.so;/usr/lib/aarch64-linux-gnu/libboost_regex.so;vtkChartsCore;vtkCommonColor;vtkCommonCore;vtksys;vtkCommonDataModel;vtkCommonMath;vtkCommonMisc;vtkCommonSystem;vtkCommonTransforms;vtkCommonExecutionModel;vtkFiltersGeneral;vtkCommonComputationalGeometry;vtkFiltersCore;vtkInfovisCore;vtkFiltersExtraction;vtkFiltersStatistics;vtkImagingFourier;vtkImagingCore;vtkalglib;vtkRenderingContext2D;vtkRenderingCore;vtkFiltersGeometry;vtkFiltersSources;vtkRenderingFreeType;/usr/lib/aarch64-linux-gnu/libfreetype.so;/usr/lib/aarch64-linux-gnu/libz.so;vtkFiltersModeling;vtkImagingSources;vtkInteractionStyle;vtkInteractionWidgets;vtkFiltersHybrid;vtkImagingColor;vtkImagingGeneral;vtkImagingHybrid;vtkIOImage;vtkDICOMParser;vtkmetaio;/usr/lib/aarch64-linux-gnu/libjpeg.so;/usr/lib/aarch64-linux-gnu/libpng.so;/usr/lib/aarch64-linux-gnu/libtiff.so;vtkRenderingAnnotation;vtkRenderingVolume;vtkIOXML;vtkIOCore;vtkIOXMLParser;/usr/lib/aarch64-linux-gnu/libexpat.so;vtkIOGeometry;vtkIOLegacy;vtkIOPLY;vtkRenderingLOD;vtkViewsContext2D;vtkViewsCore;vtkRenderingContextOpenGL2;vtkRenderingOpenGL2;FLANN::FLANN  
[6.986s] -- Found pcl_conversions: 2.2.1 (/opt/ros/foxy/share/pcl_conversions/cmake)
[7.808s] -- Found visualization_msgs: 2.0.5 (/opt/ros/foxy/share/visualization_msgs/cmake)
[8.259s] -- Found ament_lint_auto: 0.9.8 (/opt/ros/foxy/share/ament_lint_auto/cmake)
[8.564s] -- Configuring done
[8.828s] -- Generating done
[8.840s] -- Build files have been written to: /root/lidar_system/build/servo_control
[9.014s] Scanning dependencies of target target_tracker_node
[9.017s] Scanning dependencies of target mavros_tf_node
[9.021s] Scanning dependencies of target dynamic_tf_broadcaster
[9.056s] Scanning dependencies of target lidar_pointcloud_node
[9.155s] [ 10%] Building CXX object CMakeFiles/dynamic_tf_broadcaster.dir/src/dynamic_tf_broadcaster.cpp.o
[9.164s] [ 20%] Building CXX object CMakeFiles/mavros_tf_node.dir/src/mavros_tf_node.cpp.o
[9.180s] [ 30%] Building CXX object CMakeFiles/target_tracker_node.dir/src/target_tracker_node.cpp.o
[9.221s] [ 40%] Building CXX object CMakeFiles/lidar_pointcloud_node.dir/src/lidar_pointcloud_node.cpp.o
[44.174s] [ 60%] Linking CXX executable mavros_tf_node
[44.204s] [ 60%] Linking CXX executable dynamic_tf_broadcaster
[45.460s] [ 70%] Linking CXX executable target_tracker_node
[45.684s] [ 80%] Linking CXX executable lidar_pointcloud_node
[46.300s] [ 80%] Built target dynamic_tf_broadcaster
[46.310s] [ 80%] Built target mavros_tf_node
[47.211s] [ 80%] Built target target_tracker_node
[47.489s] [ 80%] Built target lidar_pointcloud_node
[48.087s] Scanning dependencies of target scan_sequence_node
[48.206s] [ 90%] Building CXX object CMakeFiles/scan_sequence_node.dir/src/scan_sequence_node.cpp.o
[76.291s] /root/lidar_system/servo_control/src/scan_sequence_node.cpp: In constructor ‘ScanSequenceNode::ScanSequenceNode()’:
[76.291s] /root/lidar_system/servo_control/src/scan_sequence_node.cpp:609:10: warning: ‘ScanSequenceNode::target_bearing_deg_’ will be initialized after [-Wreorder]
[76.292s]   609 |   double target_bearing_deg_;
[76.292s]       |          ^~~~~~~~~~~~~~~~~~~
[76.293s] /root/lidar_system/servo_control/src/scan_sequence_node.cpp:605:10: warning:   ‘bool ScanSequenceNode::target_detected_’ [-Wreorder]
[76.293s]   605 |   bool   target_detected_      = false;
[76.293s]       |          ^~~~~~~~~~~~~~~~
[76.294s] /root/lidar_system/servo_control/src/scan_sequence_node.cpp:57:3: warning:   when initialized here [-Wreorder]
[76.294s]    57 |   ScanSequenceNode()
[76.298s]       |   ^~~~~~~~~~~~~~~~
[76.298s] /root/lidar_system/servo_control/src/scan_sequence_node.cpp:635:10: warning: ‘ScanSequenceNode::track_pan_cmd_’ will be initialized after [-Wreorder]
[76.299s]   635 |   double track_pan_cmd_;
[76.299s]       |          ^~~~~~~~~~~~~~
[76.299s] /root/lidar_system/servo_control/src/scan_sequence_node.cpp:610:16: warning:   ‘rclcpp::Time ScanSequenceNode::last_target_time_’ [-Wreorder]
[76.300s]   610 |   rclcpp::Time last_target_time_;
[76.300s]       |                ^~~~~~~~~~~~~~~~~
[76.300s] /root/lidar_system/servo_control/src/scan_sequence_node.cpp:57:3: warning:   when initialized here [-Wreorder]
[76.301s]    57 |   ScanSequenceNode()
[76.301s]       |   ^~~~~~~~~~~~~~~~
[150.957s] [100%] Linking CXX executable scan_sequence_node
[171.657s] /usr/bin/ld: CMakeFiles/scan_sequence_node.dir/src/scan_sequence_node.cpp.o: in function `rclcpp::Publisher<visualization_msgs::msg::Marker_<std::allocator<void> >, std::allocator<void> >::Publisher(rclcpp::node_interfaces::NodeBaseInterface*, std::__cxx11::basic_string<char, std::char_traits<char>, std::allocator<char> > const&, rclcpp::QoS const&, rclcpp::PublisherOptionsWithAllocator<std::allocator<void> > const&)':
[171.657s] scan_sequence_node.cpp:(.text._ZN6rclcpp9PublisherIN18visualization_msgs3msg7Marker_ISaIvEEES4_EC2EPNS_15node_interfaces17NodeBaseInterfaceERKNSt7__cxx1112basic_stringIcSt11char_traitsIcESaIcEEERKNS_3QoSERKNS_29PublisherOptionsWithAllocatorIS4_EE[_ZN6rclcpp9PublisherIN18visualization_msgs3msg7Marker_ISaIvEEES4_EC5EPNS_15node_interfaces17NodeBaseInterfaceERKNSt7__cxx1112basic_stringIcSt11char_traitsIcESaIcEEERKNS_3QoSERKNS_29PublisherOptionsWithAllocatorIS4_EE]+0x3c): undefined reference to `rosidl_message_type_support_t const* rosidl_typesupport_cpp::get_message_type_support_handle<visualization_msgs::msg::Marker_<std::allocator<void> > >()'
[171.658s] collect2: error: ld returned 1 exit status
[171.660s] make[2]: *** [CMakeFiles/scan_sequence_node.dir/build.make:218: scan_sequence_node] Error 1
[171.661s] make[1]: *** [CMakeFiles/Makefile2:248: CMakeFiles/scan_sequence_node.dir/all] Error 2
[171.662s] make: *** [Makefile:141: all] Error 2
[171.693s] Invoked command in '/root/lidar_system/build/servo_control' returned '2': CMAKE_PREFIX_PATH=/opt/ros/foxy /usr/bin/cmake --build /root/lidar_system/build/servo_control -- -j4 -l4
