-- Found ament_cmake: 0.9.12 (/opt/ros/foxy/share/ament_cmake/cmake)
-- Using PYTHON_EXECUTABLE: /usr/bin/python3
-- Found rclcpp: 2.4.3 (/opt/ros/foxy/share/rclcpp/cmake)
-- Using all available rosidl_typesupport_c: rosidl_typesupport_fastrtps_c;rosidl_typesupport_introspection_c
-- Found rosidl_adapter: 1.3.1 (/opt/ros/foxy/share/rosidl_adapter/cmake)
-- Using all available rosidl_typesupport_cpp: rosidl_typesupport_fastrtps_cpp;rosidl_typesupport_introspection_cpp
-- Found rmw_implementation_cmake: 1.0.4 (/opt/ros/foxy/share/rmw_implementation_cmake/cmake)
-- Using RMW implementation 'rmw_fastrtps_cpp' as default
-- Found geometry_msgs: 2.0.5 (/opt/ros/foxy/share/geometry_msgs/cmake)
-- Found sensor_msgs: 2.0.5 (/opt/ros/foxy/share/sensor_msgs/cmake)
-- Found tf2_ros: 0.13.14 (/opt/ros/foxy/share/tf2_ros/cmake)
-- Found laser_geometry: 2.2.0 (/opt/ros/foxy/share/laser_geometry/cmake)
-- Found tf2_sensor_msgs: 0.13.14 (/opt/ros/foxy/share/tf2_sensor_msgs/cmake)
-- Found visualization_msgs: 2.0.5 (/opt/ros/foxy/share/visualization_msgs/cmake)
-- Found ament_lint_auto: 0.9.8 (/opt/ros/foxy/share/ament_lint_auto/cmake)
-- Configuring done
-- Generating done
-- Build files have been written to: /root/lidar_system/build/servo_control
Scanning dependencies of target target_tracker_node
Scanning dependencies of target dynamic_tf_broadcaster
Scanning dependencies of target mavros_tf_node
Scanning dependencies of target lidar_pointcloud_node
[ 10%] Building CXX object CMakeFiles/target_tracker_node.dir/src/target_tracker_node.cpp.o
[ 20%] Building CXX object CMakeFiles/mavros_tf_node.dir/src/mavros_tf_node.cpp.o
[ 30%] Building CXX object CMakeFiles/dynamic_tf_broadcaster.dir/src/dynamic_tf_broadcaster.cpp.o
[ 40%] Building CXX object CMakeFiles/lidar_pointcloud_node.dir/src/lidar_pointcloud_node.cpp.o
[ 60%] Linking CXX executable lidar_pointcloud_node
[ 60%] Linking CXX executable dynamic_tf_broadcaster
[ 70%] Linking CXX executable mavros_tf_node
[ 80%] Linking CXX executable target_tracker_node
[ 80%] Built target mavros_tf_node
[ 80%] Built target dynamic_tf_broadcaster
[ 80%] Built target lidar_pointcloud_node
[ 80%] Built target target_tracker_node
Scanning dependencies of target scan_sequence_node
[ 90%] Building CXX object CMakeFiles/scan_sequence_node.dir/src/scan_sequence_node.cpp.o
/root/lidar_system/servo_control/src/scan_sequence_node.cpp: In member function ‘void ScanSequenceNode::detected_callback(std_msgs::msg::Bool_<std::allocator<void> >::SharedPtr)’:
/root/lidar_system/servo_control/src/scan_sequence_node.cpp:155:63: warning: unused parameter ‘msg’ [-Wunused-parameter]
  155 |   void detected_callback(const std_msgs::msg::Bool::SharedPtr msg)
      |                          ~~~~~~~~~~~~~~~~~~~~~~~~~~~~~~~~~~~~~^~~
