[0.000000] (-) TimerEvent: {}
[0.000489] (rplidar_ros) JobQueued: {'identifier': 'rplidar_ros', 'dependencies': OrderedDict()}
[0.000646] (servo_control) JobQueued: {'identifier': 'servo_control', 'dependencies': OrderedDict()}
[0.004155] (rplidar_ros) JobStarted: {'identifier': 'rplidar_ros'}
[0.063751] (servo_control) JobStarted: {'identifier': 'servo_control'}
[0.102586] (-) TimerEvent: {}
[0.111292] (rplidar_ros) JobProgress: {'identifier': 'rplidar_ros', 'progress': 'cmake'}
[0.114983] (rplidar_ros) JobProgress: {'identifier': 'rplidar_ros', 'progress': 'build'}
[0.117884] (rplidar_ros) Command: {'cmd': ['/usr/bin/cmake', '--build', '/root/lidar_system/build/rplidar_ros', '--', '-j4', '-l4'], 'cwd': '/root/lidar_system/build/rplidar_ros', 'env': OrderedDict([('HOSTNAME', 'ubuntu-desktop'), ('SHLVL', '1'), ('LD_LIBRARY_PATH', '/opt/ros/foxy/opt/yaml_cpp_vendor/lib:/opt/ros/foxy/opt/rviz_ogre_vendor/lib:/opt/ros/foxy/lib/aarch64-linux-gnu:/opt/ros/foxy/lib'), ('HOME', '/root'), ('OLDPWD', '/'), ('ROS_PYTHON_VERSION', '3'), ('ROS_DISTRO', 'foxy'), ('_', '/usr/bin/colcon'), ('ROS_VERSION', '2'), ('ROS_LOCALHOST_ONLY', '0'), ('QT_X11_NO_MITSHM', '1'), ('PATH', '/opt/ros/foxy/bin:/usr/local/sbin:/usr/local/bin:/usr/sbin:/usr/bin:/sbin:/bin'), ('FASTRTPS_DEFAULT_PROFILES_FILE', '/fastdds.xml'), ('DISPLAY', ':0'), ('LANG', 'C.UTF-8'), ('RMW_IMPLEMENTATION', 'rmw_fastrtps_cpp'), ('ROS_DOMAIN_ID', '0'), ('AMENT_PREFIX_PATH', '/opt/ros/foxy'), ('PWD', '/root/lidar_system/build/rplidar_ros'), ('LC_ALL', 'C.UTF-8'), ('PYTHONPATH', '/opt/ros/foxy/lib/python3.8/site-packages'), ('COLCON', '1'), ('CMAKE_PREFIX_PATH', '/opt/ros/foxy')]), 'shell': False}
[0.129263] (servo_control) JobProgress: {'identifier': 'servo_control', 'progress': 'cmake'}
[0.136662] (servo_control) JobProgress: {'identifier': 'servo_control', 'progress': 'build'}
[0.138630] (servo_control) Command: {'cmd': ['/usr/bin/cmake', '--build', '/root/lidar_system/build/servo_control', '--', '-j4', '-l4'], 'cwd': '/root/lidar_system/build/servo_control', 'env': OrderedDict([('HOSTNAME', 'ubuntu-desktop'), ('SHLVL', '1'), ('LD_LIBRARY_PATH', '/opt/ros/foxy/opt/yaml_cpp_vendor/lib:/opt/ros/foxy/opt/rviz_ogre_vendor/lib:/opt/ros/foxy/lib/aarch64-linux-gnu:/opt/ros/foxy/lib'), ('HOME', '/root'), ('OLDPWD', '/'), ('ROS_PYTHON_VERSION', '3'), ('ROS_DISTRO', 'foxy'), ('_', '/usr/bin/colcon'), ('ROS_VERSION', '2'), ('ROS_LOCALHOST_ONLY', '0'), ('QT_X11_NO_MITSHM', '1'), ('PATH', '/opt/ros/foxy/bin:/usr/local/sbin:/usr/local/bin:/usr/sbin:/usr/bin:/sbin:/bin'), ('FASTRTPS_DEFAULT_PROFILES_FILE', '/fastdds.xml'), ('DISPLAY', ':0'), ('LANG', 'C.UTF-8'), ('RMW_IMPLEMENTATION', 'rmw_fastrtps_cpp'), ('ROS_DOMAIN_ID', '0'), ('AMENT_PREFIX_PATH', '/opt/ros/foxy'), ('PWD', '/root/lidar_system/build/servo_control'), ('LC_ALL', 'C.UTF-8'), ('PYTHONPATH', '/opt/ros/foxy/lib/python3.8/site-packages'), ('COLCON', '1'), ('CMAKE_PREFIX_PATH', '/opt/ros/foxy')]), 'shell': False}
[0.202783] (-) TimerEvent: {}
[0.303185] (-) TimerEvent: {}
[0.403583] (-) TimerEvent: {}
[0.455255] (rplidar_ros) StdoutLine: {'line': b'[  5%] Built target rplidar_client\n'}
[0.455924] (servo_control) StdoutLine: {'line': b'[ 20%] Built target dynamic_tf_broadcaster\n'}
[0.503762] (-) TimerEvent: {}
[0.606543] (-) TimerEvent: {}
[0.612086] (servo_control) StdoutLine: {'line': b'[ 40%] Built target mavros_tf_node\n'}
[0.615325] (rplidar_ros) StdoutLine: {'line': b'[ 52%] Built target rplidar_node\n'}
[0.706748] (-) TimerEvent: {}
[0.732617] (servo_control) StdoutLine: {'line': b'Scanning dependencies of target scan_sequence_node\n'}
[0.767933] (rplidar_ros) StdoutLine: {'line': b'[100%] Built target rplidar_composition\n'}
[0.796719] (servo_control) StdoutLine: {'line': b'[ 50%] Building CXX object CMakeFiles/scan_sequence_node.dir/src/scan_sequence_node.cpp.o\n'}
[0.806925] (-) TimerEvent: {}
[0.819771] (rplidar_ros) CommandEnded: {'returncode': 0}
[0.915257] (-) TimerEvent: {}
[1.015914] (rplidar_ros) JobProgress: {'identifier': 'rplidar_ros', 'progress': 'install'}
[1.016215] (-) TimerEvent: {}
[1.056812] (rplidar_ros) Command: {'cmd': ['/usr/bin/cmake', '--install', '/root/lidar_system/build/rplidar_ros'], 'cwd': '/root/lidar_system/build/rplidar_ros', 'env': OrderedDict([('HOSTNAME', 'ubuntu-desktop'), ('SHLVL', '1'), ('LD_LIBRARY_PATH', '/opt/ros/foxy/opt/yaml_cpp_vendor/lib:/opt/ros/foxy/opt/rviz_ogre_vendor/lib:/opt/ros/foxy/lib/aarch64-linux-gnu:/opt/ros/foxy/lib'), ('HOME', '/root'), ('OLDPWD', '/'), ('ROS_PYTHON_VERSION', '3'), ('ROS_DISTRO', 'foxy'), ('_', '/usr/bin/colcon'), ('ROS_VERSION', '2'), ('ROS_LOCALHOST_ONLY', '0'), ('QT_X11_NO_MITSHM', '1'), ('PATH', '/opt/ros/foxy/bin:/usr/local/sbin:/usr/local/bin:/usr/sbin:/usr/bin:/sbin:/bin'), ('FASTRTPS_DEFAULT_PROFILES_FILE', '/fastdds.xml'), ('DISPLAY', ':0'), ('LANG', 'C.UTF-8'), ('RMW_IMPLEMENTATION', 'rmw_fastrtps_cpp'), ('ROS_DOMAIN_ID', '0'), ('AMENT_PREFIX_PATH', '/opt/ros/foxy'), ('PWD', '/root/lidar_system/build/rplidar_ros'), ('LC_ALL', 'C.UTF-8'), ('PYTHONPATH', '/opt/ros/foxy/lib/python3.8/site-packages'), ('COLCON', '1'), ('CMAKE_PREFIX_PATH', '/opt/ros/foxy')]), 'shell': False}
[1.102438] (rplidar_ros) StdoutLine: {'line': b'-- Install configuration: ""\n'}
[1.104824] (rplidar_ros) StdoutLine: {'line': b'-- Up-to-date: /root/lidar_system/install/rplidar_ros/share/rplidar_ros/launch\n'}
[1.105393] (rplidar_ros) StdoutLine: {'line': b'-- Up-to-date: /root/lidar_system/install/rplidar_ros/share/rplidar_ros/launch/rplidar_a3_launch.py\n'}
[1.105828] (rplidar_ros) StdoutLine: {'line': b'-- Up-to-date: /root/lidar_system/install/rplidar_ros/share/rplidar_ros/launch/view_rplidar_a2m8_launch.py\n'}
[1.106276] (rplidar_ros) StdoutLine: {'line': b'-- Up-to-date: /root/lidar_system/install/rplidar_ros/share/rplidar_ros/launch/view_rplidar_a2m7_launch.py\n'}
[1.109744] (rplidar_ros) StdoutLine: {'line': b'-- Up-to-date: /root/lidar_system/install/rplidar_ros/share/rplidar_ros/launch/rplidar_s2_launch.py\n'}
[1.110285] (rplidar_ros) StdoutLine: {'line': b'-- Up-to-date: /root/lidar_system/install/rplidar_ros/share/rplidar_ros/launch/rplidar_s1_tcp_launch.py\n'}
[1.110857] (rplidar_ros) StdoutLine: {'line': b'-- Up-to-date: /root/lidar_system/install/rplidar_ros/share/rplidar_ros/launch/view_rplidar_a1_launch.py\n'}
[1.120033] (-) TimerEvent: {}
[1.120306] (rplidar_ros) StdoutLine: {'line': b'-- Up-to-date: /root/lidar_system/install/rplidar_ros/share/rplidar_ros/launch/rplidar_t1_launch.py\n'}
[1.121042] (rplidar_ros) StdoutLine: {'line': b'-- Up-to-date: /root/lidar_system/install/rplidar_ros/share/rplidar_ros/launch/system_launch.py\n'}
[1.121575] (rplidar_ros) StdoutLine: {'line': b'-- Up-to-date: /root/lidar_system/install/rplidar_ros/share/rplidar_ros/launch/rplidar_a1_launch.py\n'}
[1.122320] (rplidar_ros) StdoutLine: {'line': b'-- Up-to-date: /root/lidar_system/install/rplidar_ros/share/rplidar_ros/launch/view_rplidar_s1_launch.py\n'}
[1.123175] (rplidar_ros) StdoutLine: {'line': b'-- Up-to-date: /root/lidar_system/install/rplidar_ros/share/rplidar_ros/launch/view_rplidar_s2_launch.py\n'}
[1.123626] (rplidar_ros) StdoutLine: {'line': b'-- Up-to-date: /root/lidar_system/install/rplidar_ros/share/rplidar_ros/launch/view_rplidar_s2e_launch.py\n'}
[1.124274] (rplidar_ros) StdoutLine: {'line': b'-- Up-to-date: /root/lidar_system/install/rplidar_ros/share/rplidar_ros/launch/view_rplidar_a2m12_launch.py\n'}
[1.124753] (rplidar_ros) StdoutLine: {'line': b'-- Up-to-date: /root/lidar_system/install/rplidar_ros/share/rplidar_ros/launch/rplidar_a2m7_launch.py\n'}
[1.125405] (rplidar_ros) StdoutLine: {'line': b'-- Up-to-date: /root/lidar_system/install/rplidar_ros/share/rplidar_ros/launch/rplidar_s2e_launch.py\n'}
[1.126037] (rplidar_ros) StdoutLine: {'line': b'-- Up-to-date: /root/lidar_system/install/rplidar_ros/share/rplidar_ros/launch/view_rplidar_s1_tcp_launch.py\n'}
[1.126574] (rplidar_ros) StdoutLine: {'line': b'-- Up-to-date: /root/lidar_system/install/rplidar_ros/share/rplidar_ros/launch/rplidar_a2m12_launch.py\n'}
[1.128897] (rplidar_ros) StdoutLine: {'line': b'-- Up-to-date: /root/lidar_system/install/rplidar_ros/share/rplidar_ros/launch/rplidar_s1_launch.py\n'}
[1.129537] (rplidar_ros) StdoutLine: {'line': b'-- Up-to-date: /root/lidar_system/install/rplidar_ros/share/rplidar_ros/launch/__pycache__\n'}
[1.130046] (rplidar_ros) StdoutLine: {'line': b'-- Installing: /root/lidar_system/install/rplidar_ros/share/rplidar_ros/launch/__pycache__/system_launch.cpython-38.pyc\n'}
[1.130884] (rplidar_ros) StdoutLine: {'line': b'-- Up-to-date: /root/lidar_system/install/rplidar_ros/share/rplidar_ros/launch/rplidar_s3_launch.py\n'}
[1.131546] (rplidar_ros) StdoutLine: {'line': b'-- Up-to-date: /root/lidar_system/install/rplidar_ros/share/rplidar_ros/launch/rplidar_a2m8_launch.py\n'}
[1.132030] (rplidar_ros) StdoutLine: {'line': b'-- Up-to-date: /root/lidar_system/install/rplidar_ros/share/rplidar_ros/launch/view_rplidar_t1_launch.py\n'}
[1.132517] (rplidar_ros) StdoutLine: {'line': b'-- Up-to-date: /root/lidar_system/install/rplidar_ros/share/rplidar_ros/launch/view_rplidar_a3_launch.py\n'}
[1.133176] (rplidar_ros) StdoutLine: {'line': b'-- Up-to-date: /root/lidar_system/install/rplidar_ros/share/rplidar_ros/launch/rplidar_c1_launch.py\n'}
[1.133608] (rplidar_ros) StdoutLine: {'line': b'-- Up-to-date: /root/lidar_system/install/rplidar_ros/share/rplidar_ros/launch/view_rplidar_s3_launch.py\n'}
[1.134293] (rplidar_ros) StdoutLine: {'line': b'-- Up-to-date: /root/lidar_system/install/rplidar_ros/share/rplidar_ros/launch/view_rplidar_c1_launch.py\n'}
[1.135005] (rplidar_ros) StdoutLine: {'line': b'-- Up-to-date: /root/lidar_system/install/rplidar_ros/share/rplidar_ros/rviz\n'}
[1.135469] (rplidar_ros) StdoutLine: {'line': b'-- Up-to-date: /root/lidar_system/install/rplidar_ros/share/rplidar_ros/rviz/rplidar_ros.rviz\n'}
[1.137551] (rplidar_ros) StdoutLine: {'line': b'-- Up-to-date: /root/lidar_system/install/rplidar_ros/lib/rplidar_ros/rplidar_node\n'}
[1.138044] (rplidar_ros) StdoutLine: {'line': b'-- Up-to-date: /root/lidar_system/install/rplidar_ros/lib/rplidar_ros/rplidar_composition\n'}
[1.138781] (rplidar_ros) StdoutLine: {'line': b'-- Up-to-date: /root/lidar_system/install/rplidar_ros/lib/rplidar_ros/rplidar_client\n'}
[1.139211] (rplidar_ros) StdoutLine: {'line': b'-- Up-to-date: /root/lidar_system/install/rplidar_ros/share/ament_index/resource_index/package_run_dependencies/rplidar_ros\n'}
[1.141393] (rplidar_ros) StdoutLine: {'line': b'-- Up-to-date: /root/lidar_system/install/rplidar_ros/share/ament_index/resource_index/parent_prefix_path/rplidar_ros\n'}
[1.141880] (rplidar_ros) StdoutLine: {'line': b'-- Up-to-date: /root/lidar_system/install/rplidar_ros/share/rplidar_ros/environment/ament_prefix_path.sh\n'}
[1.145701] (rplidar_ros) StdoutLine: {'line': b'-- Up-to-date: /root/lidar_system/install/rplidar_ros/share/rplidar_ros/environment/ament_prefix_path.dsv\n'}
[1.146451] (rplidar_ros) StdoutLine: {'line': b'-- Up-to-date: /root/lidar_system/install/rplidar_ros/share/rplidar_ros/environment/path.sh\n'}
[1.147193] (rplidar_ros) StdoutLine: {'line': b'-- Up-to-date: /root/lidar_system/install/rplidar_ros/share/rplidar_ros/environment/path.dsv\n'}
[1.147699] (rplidar_ros) StdoutLine: {'line': b'-- Up-to-date: /root/lidar_system/install/rplidar_ros/share/rplidar_ros/local_setup.bash\n'}
[1.148356] (rplidar_ros) StdoutLine: {'line': b'-- Up-to-date: /root/lidar_system/install/rplidar_ros/share/rplidar_ros/local_setup.sh\n'}
[1.148757] (rplidar_ros) StdoutLine: {'line': b'-- Up-to-date: /root/lidar_system/install/rplidar_ros/share/rplidar_ros/local_setup.zsh\n'}
[1.151870] (rplidar_ros) StdoutLine: {'line': b'-- Up-to-date: /root/lidar_system/install/rplidar_ros/share/rplidar_ros/local_setup.dsv\n'}
[1.152316] (rplidar_ros) StdoutLine: {'line': b'-- Installing: /root/lidar_system/install/rplidar_ros/share/rplidar_ros/package.dsv\n'}
[1.155660] (rplidar_ros) StdoutLine: {'line': b'-- Up-to-date: /root/lidar_system/install/rplidar_ros/share/ament_index/resource_index/packages/rplidar_ros\n'}
[1.156200] (rplidar_ros) StdoutLine: {'line': b'-- Up-to-date: /root/lidar_system/install/rplidar_ros/share/rplidar_ros/cmake/ament_cmake_export_dependencies-extras.cmake\n'}
[1.156689] (rplidar_ros) StdoutLine: {'line': b'-- Up-to-date: /root/lidar_system/install/rplidar_ros/share/rplidar_ros/cmake/ament_cmake_export_include_directories-extras.cmake\n'}
[1.157253] (rplidar_ros) StdoutLine: {'line': b'-- Up-to-date: /root/lidar_system/install/rplidar_ros/share/rplidar_ros/cmake/rplidar_rosConfig.cmake\n'}
[1.157650] (rplidar_ros) StdoutLine: {'line': b'-- Up-to-date: /root/lidar_system/install/rplidar_ros/share/rplidar_ros/cmake/rplidar_rosConfig-version.cmake\n'}
[1.158090] (rplidar_ros) StdoutLine: {'line': b'-- Up-to-date: /root/lidar_system/install/rplidar_ros/share/rplidar_ros/package.xml\n'}
[1.158701] (rplidar_ros) CommandEnded: {'returncode': 0}
[1.222686] (-) TimerEvent: {}
[1.323086] (-) TimerEvent: {}
[1.429460] (-) TimerEvent: {}
[1.457971] (rplidar_ros) JobEnded: {'identifier': 'rplidar_ros', 'rc': 0}
[1.529627] (-) TimerEvent: {}
[1.630068] (-) TimerEvent: {}
[1.730478] (-) TimerEvent: {}
[1.830886] (-) TimerEvent: {}
[1.931246] (-) TimerEvent: {}
[2.031672] (-) TimerEvent: {}
[2.132026] (-) TimerEvent: {}
[2.232391] (-) TimerEvent: {}
[2.332849] (-) TimerEvent: {}
[2.433294] (-) TimerEvent: {}
[2.533657] (-) TimerEvent: {}
[2.634115] (-) TimerEvent: {}
[2.734495] (-) TimerEvent: {}
[2.834856] (-) TimerEvent: {}
[2.935230] (-) TimerEvent: {}
[3.035618] (-) TimerEvent: {}
[3.136050] (-) TimerEvent: {}
[3.236498] (-) TimerEvent: {}
[3.336945] (-) TimerEvent: {}
[3.437364] (-) TimerEvent: {}
[3.537738] (-) TimerEvent: {}
[3.638104] (-) TimerEvent: {}
[3.738532] (-) TimerEvent: {}
[3.838929] (-) TimerEvent: {}
[3.939329] (-) TimerEvent: {}
[4.039693] (-) TimerEvent: {}
[4.140067] (-) TimerEvent: {}
[4.240440] (-) TimerEvent: {}
[4.340863] (-) TimerEvent: {}
[4.441288] (-) TimerEvent: {}
[4.541655] (-) TimerEvent: {}
[4.642095] (-) TimerEvent: {}
[4.742507] (-) TimerEvent: {}
[4.842862] (-) TimerEvent: {}
[4.943222] (-) TimerEvent: {}
[5.043598] (-) TimerEvent: {}
[5.143957] (-) TimerEvent: {}
[5.244321] (-) TimerEvent: {}
[5.344679] (-) TimerEvent: {}
[5.445043] (-) TimerEvent: {}
[5.545400] (-) TimerEvent: {}
[5.645824] (-) TimerEvent: {}
[5.746273] (-) TimerEvent: {}
[5.846710] (-) TimerEvent: {}
[5.947074] (-) TimerEvent: {}
[6.047433] (-) TimerEvent: {}
[6.147795] (-) TimerEvent: {}
[6.248222] (-) TimerEvent: {}
[6.348702] (-) TimerEvent: {}
[6.449121] (-) TimerEvent: {}
[6.549546] (-) TimerEvent: {}
[6.649960] (-) TimerEvent: {}
[6.750322] (-) TimerEvent: {}
[6.850800] (-) TimerEvent: {}
[6.951213] (-) TimerEvent: {}
[7.051627] (-) TimerEvent: {}
[7.151989] (-) TimerEvent: {}
[7.209715] (servo_control) StderrLine: {'line': b'/root/lidar_system/servo_control/src/scan_sequence_node.cpp: In member function \xe2\x80\x98void ScanSequenceNode::detected_callback(std_msgs::msg::Bool_<std::allocator<void> >::SharedPtr)\xe2\x80\x99:\n'}
[7.210484] (servo_control) StderrLine: {'line': b'/root/lidar_system/servo_control/src/scan_sequence_node.cpp:155:63: warning: unused parameter \xe2\x80\x98msg\xe2\x80\x99 [-Wunused-parameter]\n'}
[7.210938] (servo_control) StderrLine: {'line': b'  155 |   void detected_callback(const std_msgs::msg::Bool::SharedPtr msg)\n'}
[7.211310] (servo_control) StderrLine: {'line': b'      |                          ~~~~~~~~~~~~~~~~~~~~~~~~~~~~~~~~~~~~~^~~\n'}
[7.252220] (-) TimerEvent: {}
[7.352581] (-) TimerEvent: {}
[7.453002] (-) TimerEvent: {}
[7.553416] (-) TimerEvent: {}
[7.653836] (-) TimerEvent: {}
[7.754251] (-) TimerEvent: {}
[7.854764] (-) TimerEvent: {}
[7.955182] (-) TimerEvent: {}
[8.055605] (-) TimerEvent: {}
[8.156027] (-) TimerEvent: {}
[8.256453] (-) TimerEvent: {}
[8.356876] (-) TimerEvent: {}
[8.457236] (-) TimerEvent: {}
[8.557716] (-) TimerEvent: {}
[8.658076] (-) TimerEvent: {}
[8.758494] (-) TimerEvent: {}
[8.858893] (-) TimerEvent: {}
[8.959250] (-) TimerEvent: {}
[9.059611] (-) TimerEvent: {}
[9.160027] (-) TimerEvent: {}
[9.260452] (-) TimerEvent: {}
[9.360926] (-) TimerEvent: {}
[9.461288] (-) TimerEvent: {}
[9.561651] (-) TimerEvent: {}
[9.662018] (-) TimerEvent: {}
[9.762512] (-) TimerEvent: {}
[9.862872] (-) TimerEvent: {}
[9.963286] (-) TimerEvent: {}
[10.063645] (-) TimerEvent: {}
[10.164092] (-) TimerEvent: {}
[10.264512] (-) TimerEvent: {}
[10.364934] (-) TimerEvent: {}
[10.465360] (-) TimerEvent: {}
[10.565792] (-) TimerEvent: {}
[10.666155] (-) TimerEvent: {}
[10.766556] (-) TimerEvent: {}
[10.866992] (-) TimerEvent: {}
[10.967465] (-) TimerEvent: {}
[11.067826] (-) TimerEvent: {}
[11.168253] (-) TimerEvent: {}
[11.268673] (-) TimerEvent: {}
[11.369031] (-) TimerEvent: {}
[11.469463] (-) TimerEvent: {}
[11.569932] (-) TimerEvent: {}
[11.670419] (-) TimerEvent: {}
[11.770840] (-) TimerEvent: {}
[11.871251] (-) TimerEvent: {}
[11.971715] (-) TimerEvent: {}
[12.072134] (-) TimerEvent: {}
[12.172499] (-) TimerEvent: {}
[12.272931] (-) TimerEvent: {}
[12.373351] (-) TimerEvent: {}
[12.473784] (-) TimerEvent: {}
[12.574140] (-) TimerEvent: {}
[12.674564] (-) TimerEvent: {}
[12.774976] (-) TimerEvent: {}
[12.875383] (-) TimerEvent: {}
[12.975783] (-) TimerEvent: {}
[13.076191] (-) TimerEvent: {}
[13.176605] (-) TimerEvent: {}
[13.277025] (-) TimerEvent: {}
[13.377439] (-) TimerEvent: {}
[13.477864] (-) TimerEvent: {}
[13.578293] (-) TimerEvent: {}
[13.678721] (-) TimerEvent: {}
[13.779149] (-) TimerEvent: {}
[13.879574] (-) TimerEvent: {}
[13.980039] (-) TimerEvent: {}
[14.080399] (-) TimerEvent: {}
[14.180826] (-) TimerEvent: {}
[14.281254] (-) TimerEvent: {}
[14.381679] (-) TimerEvent: {}
[14.482103] (-) TimerEvent: {}
[14.582528] (-) TimerEvent: {}
[14.682893] (-) TimerEvent: {}
[14.783313] (-) TimerEvent: {}
[14.883676] (-) TimerEvent: {}
[14.984068] (-) TimerEvent: {}
[15.084501] (-) TimerEvent: {}
[15.185135] (-) TimerEvent: {}
[15.285510] (-) TimerEvent: {}
[15.385969] (-) TimerEvent: {}
[15.486336] (-) TimerEvent: {}
[15.586836] (-) TimerEvent: {}
[15.687201] (-) TimerEvent: {}
[15.787692] (-) TimerEvent: {}
[15.888058] (-) TimerEvent: {}
[15.988504] (-) TimerEvent: {}
[16.088883] (-) TimerEvent: {}
[16.189318] (-) TimerEvent: {}
[16.289689] (-) TimerEvent: {}
[16.390178] (-) TimerEvent: {}
[16.490620] (-) TimerEvent: {}
[16.591055] (-) TimerEvent: {}
[16.691424] (-) TimerEvent: {}
[16.791787] (-) TimerEvent: {}
[16.892151] (-) TimerEvent: {}
[16.992522] (-) TimerEvent: {}
[17.092905] (-) TimerEvent: {}
[17.193350] (-) TimerEvent: {}
[17.293833] (-) TimerEvent: {}
[17.394439] (-) TimerEvent: {}
[17.494819] (-) TimerEvent: {}
[17.595267] (-) TimerEvent: {}
[17.695653] (-) TimerEvent: {}
[17.796040] (-) TimerEvent: {}
[17.896502] (-) TimerEvent: {}
[17.996948] (-) TimerEvent: {}
[18.097339] (-) TimerEvent: {}
[18.197784] (-) TimerEvent: {}
[18.298160] (-) TimerEvent: {}
[18.398592] (-) TimerEvent: {}
[18.498971] (-) TimerEvent: {}
[18.599352] (-) TimerEvent: {}
[18.699735] (-) TimerEvent: {}
[18.800167] (-) TimerEvent: {}
[18.900540] (-) TimerEvent: {}
[19.000972] (-) TimerEvent: {}
[19.101356] (-) TimerEvent: {}
[19.201763] (-) TimerEvent: {}
[19.302176] (-) TimerEvent: {}
[19.402594] (-) TimerEvent: {}
[19.502951] (-) TimerEvent: {}
[19.603379] (-) TimerEvent: {}
[19.703779] (-) TimerEvent: {}
[19.804153] (-) TimerEvent: {}
[19.904520] (-) TimerEvent: {}
[20.004891] (-) TimerEvent: {}
[20.105270] (-) TimerEvent: {}
[20.205683] (-) TimerEvent: {}
[20.306055] (-) TimerEvent: {}
[20.406485] (-) TimerEvent: {}
[20.506857] (-) TimerEvent: {}
[20.607234] (-) TimerEvent: {}
[20.707603] (-) TimerEvent: {}
[20.808029] (-) TimerEvent: {}
[20.908386] (-) TimerEvent: {}
[21.008763] (-) TimerEvent: {}
[21.109137] (-) TimerEvent: {}
[21.209507] (-) TimerEvent: {}
[21.309860] (-) TimerEvent: {}
[21.410223] (-) TimerEvent: {}
[21.510642] (-) TimerEvent: {}
[21.610997] (-) TimerEvent: {}
[21.711349] (-) TimerEvent: {}
[21.811714] (-) TimerEvent: {}
[21.912073] (-) TimerEvent: {}
[22.012434] (-) TimerEvent: {}
[22.112802] (-) TimerEvent: {}
[22.213226] (-) TimerEvent: {}
[22.313592] (-) TimerEvent: {}
[22.413967] (-) TimerEvent: {}
[22.514441] (-) TimerEvent: {}
[22.614866] (-) TimerEvent: {}
[22.715273] (-) TimerEvent: {}
[22.815645] (-) TimerEvent: {}
[22.916004] (-) TimerEvent: {}
[23.016417] (-) TimerEvent: {}
[23.116784] (-) TimerEvent: {}
[23.217210] (-) TimerEvent: {}
[23.317640] (-) TimerEvent: {}
[23.418094] (-) TimerEvent: {}
[23.518503] (-) TimerEvent: {}
[23.618920] (-) TimerEvent: {}
[23.719349] (-) TimerEvent: {}
[23.819769] (-) TimerEvent: {}
[23.920137] (-) TimerEvent: {}
[24.020559] (-) TimerEvent: {}
[24.120988] (-) TimerEvent: {}
[24.221358] (-) TimerEvent: {}
[24.321788] (-) TimerEvent: {}
[24.422215] (-) TimerEvent: {}
[24.522646] (-) TimerEvent: {}
[24.623016] (-) TimerEvent: {}
[24.723386] (-) TimerEvent: {}
[24.823802] (-) TimerEvent: {}
[24.924172] (-) TimerEvent: {}
[25.024590] (-) TimerEvent: {}
[25.125021] (-) TimerEvent: {}
[25.225429] (-) TimerEvent: {}
[25.325837] (-) TimerEvent: {}
[25.426247] (-) TimerEvent: {}
[25.526672] (-) TimerEvent: {}
[25.627027] (-) TimerEvent: {}
[25.727378] (-) TimerEvent: {}
[25.827799] (-) TimerEvent: {}
[25.928157] (-) TimerEvent: {}
[26.028571] (-) TimerEvent: {}
[26.128930] (-) TimerEvent: {}
[26.229357] (-) TimerEvent: {}
[26.329720] (-) TimerEvent: {}
[26.430149] (-) TimerEvent: {}
[26.530505] (-) TimerEvent: {}
[26.630920] (-) TimerEvent: {}
[26.731325] (-) TimerEvent: {}
[26.831743] (-) TimerEvent: {}
[26.932166] (-) TimerEvent: {}
[27.032582] (-) TimerEvent: {}
[27.133017] (-) TimerEvent: {}
[27.233446] (-) TimerEvent: {}
[27.333871] (-) TimerEvent: {}
[27.434286] (-) TimerEvent: {}
[27.534755] (-) TimerEvent: {}
[27.635172] (-) TimerEvent: {}
[27.735587] (-) TimerEvent: {}
[27.836002] (-) TimerEvent: {}
[27.936359] (-) TimerEvent: {}
[28.036779] (-) TimerEvent: {}
[28.137212] (-) TimerEvent: {}
[28.237642] (-) TimerEvent: {}
[28.338076] (-) TimerEvent: {}
[28.438501] (-) TimerEvent: {}
[28.538912] (-) TimerEvent: {}
[28.640040] (-) TimerEvent: {}
[28.740467] (-) TimerEvent: {}
[28.840835] (-) TimerEvent: {}
[28.941253] (-) TimerEvent: {}
[29.041668] (-) TimerEvent: {}
[29.142087] (-) TimerEvent: {}
[29.242488] (-) TimerEvent: {}
[29.342895] (-) TimerEvent: {}
[29.443304] (-) TimerEvent: {}
[29.543666] (-) TimerEvent: {}
[29.644082] (-) TimerEvent: {}
[29.744443] (-) TimerEvent: {}
[29.844862] (-) TimerEvent: {}
[29.945276] (-) TimerEvent: {}
[30.045637] (-) TimerEvent: {}
[30.145991] (-) TimerEvent: {}
[30.246479] (-) TimerEvent: {}
[30.346910] (-) TimerEvent: {}
[30.447265] (-) TimerEvent: {}
[30.547623] (-) TimerEvent: {}
[30.647985] (-) TimerEvent: {}
[30.748346] (-) TimerEvent: {}
[30.848703] (-) TimerEvent: {}
[30.949121] (-) TimerEvent: {}
[31.049491] (-) TimerEvent: {}
[31.272354] (-) TimerEvent: {}
[31.372768] (-) TimerEvent: {}
[31.473121] (-) TimerEvent: {}
[31.573534] (-) TimerEvent: {}
[31.673943] (-) TimerEvent: {}
[31.774417] (-) TimerEvent: {}
[31.874825] (-) TimerEvent: {}
[31.975226] (-) TimerEvent: {}
[32.075624] (-) TimerEvent: {}
[32.175963] (-) TimerEvent: {}
[32.276371] (-) TimerEvent: {}
[32.376720] (-) TimerEvent: {}
[32.477120] (-) TimerEvent: {}
[32.577518] (-) TimerEvent: {}
[32.677923] (-) TimerEvent: {}
[32.778330] (-) TimerEvent: {}
[32.878779] (-) TimerEvent: {}
[32.979125] (-) TimerEvent: {}
[33.079480] (-) TimerEvent: {}
[33.179831] (-) TimerEvent: {}
[33.280231] (-) TimerEvent: {}
[33.380636] (-) TimerEvent: {}
[33.481043] (-) TimerEvent: {}
[33.581452] (-) TimerEvent: {}
[33.681808] (-) TimerEvent: {}
[33.782218] (-) TimerEvent: {}
[33.882617] (-) TimerEvent: {}
[33.982970] (-) TimerEvent: {}
[34.083317] (-) TimerEvent: {}
[34.183669] (-) TimerEvent: {}
[34.284102] (-) TimerEvent: {}
[34.384550] (-) TimerEvent: {}
[34.484921] (-) TimerEvent: {}
[34.585283] (-) TimerEvent: {}
[34.685726] (-) TimerEvent: {}
[34.786175] (-) TimerEvent: {}
[34.886639] (-) TimerEvent: {}
[34.987003] (-) TimerEvent: {}
[35.087377] (-) TimerEvent: {}
[35.107409] (servo_control) StdoutLine: {'line': b'[ 60%] Linking CXX executable scan_sequence_node\n'}
[35.187544] (-) TimerEvent: {}
[35.288004] (-) TimerEvent: {}
[35.388472] (-) TimerEvent: {}
[35.488892] (-) TimerEvent: {}
[35.589388] (-) TimerEvent: {}
[35.689766] (-) TimerEvent: {}
[35.790223] (-) TimerEvent: {}
[35.890661] (-) TimerEvent: {}
[35.991041] (-) TimerEvent: {}
[36.091418] (-) TimerEvent: {}
[36.191811] (-) TimerEvent: {}
[36.292270] (-) TimerEvent: {}
[36.392650] (-) TimerEvent: {}
[36.493097] (-) TimerEvent: {}
[36.593544] (-) TimerEvent: {}
[36.693942] (-) TimerEvent: {}
[36.754936] (servo_control) StdoutLine: {'line': b'[ 60%] Built target scan_sequence_node\n'}
[36.794104] (-) TimerEvent: {}
[36.894585] (-) TimerEvent: {}
[36.911868] (servo_control) StdoutLine: {'line': b'[ 80%] Built target lidar_pointcloud_node\n'}
[36.994790] (-) TimerEvent: {}
[37.054659] (servo_control) StdoutLine: {'line': b'[100%] Built target target_tracker_node\n'}
[37.093127] (servo_control) CommandEnded: {'returncode': 0}
[37.095750] (-) TimerEvent: {}
[37.192131] (servo_control) JobProgress: {'identifier': 'servo_control', 'progress': 'install'}
[37.193768] (servo_control) Command: {'cmd': ['/usr/bin/cmake', '--install', '/root/lidar_system/build/servo_control'], 'cwd': '/root/lidar_system/build/servo_control', 'env': OrderedDict([('HOSTNAME', 'ubuntu-desktop'), ('SHLVL', '1'), ('LD_LIBRARY_PATH', '/opt/ros/foxy/opt/yaml_cpp_vendor/lib:/opt/ros/foxy/opt/rviz_ogre_vendor/lib:/opt/ros/foxy/lib/aarch64-linux-gnu:/opt/ros/foxy/lib'), ('HOME', '/root'), ('OLDPWD', '/'), ('ROS_PYTHON_VERSION', '3'), ('ROS_DISTRO', 'foxy'), ('_', '/usr/bin/colcon'), ('ROS_VERSION', '2'), ('ROS_LOCALHOST_ONLY', '0'), ('QT_X11_NO_MITSHM', '1'), ('PATH', '/opt/ros/foxy/bin:/usr/local/sbin:/usr/local/bin:/usr/sbin:/usr/bin:/sbin:/bin'), ('FASTRTPS_DEFAULT_PROFILES_FILE', '/fastdds.xml'), ('DISPLAY', ':0'), ('LANG', 'C.UTF-8'), ('RMW_IMPLEMENTATION', 'rmw_fastrtps_cpp'), ('ROS_DOMAIN_ID', '0'), ('AMENT_PREFIX_PATH', '/opt/ros/foxy'), ('PWD', '/root/lidar_system/build/servo_control'), ('LC_ALL', 'C.UTF-8'), ('PYTHONPATH', '/opt/ros/foxy/lib/python3.8/site-packages'), ('COLCON', '1'), ('CMAKE_PREFIX_PATH', '/opt/ros/foxy')]), 'shell': False}
[37.198535] (-) TimerEvent: {}
[37.228703] (servo_control) StdoutLine: {'line': b'-- Install configuration: ""\n'}
[37.229758] (servo_control) StdoutLine: {'line': b'-- Up-to-date: /root/lidar_system/install/servo_control/lib/servo_control/dynamic_tf_broadcaster\n'}
[37.230935] (servo_control) StdoutLine: {'line': b'-- Up-to-date: /root/lidar_system/install/servo_control/lib/servo_control/lidar_pointcloud_node\n'}
[37.232229] (servo_control) StdoutLine: {'line': b'-- Installing: /root/lidar_system/install/servo_control/lib/servo_control/scan_sequence_node\n'}
[37.248928] (servo_control) StdoutLine: {'line': b'-- Set runtime path of "/root/lidar_system/install/servo_control/lib/servo_control/scan_sequence_node" to ""\n'}
[37.249894] (servo_control) StdoutLine: {'line': b'-- Up-to-date: /root/lidar_system/install/servo_control/lib/servo_control/target_tracker_node\n'}
[37.250996] (servo_control) StdoutLine: {'line': b'-- Up-to-date: /root/lidar_system/install/servo_control/lib/servo_control/mavros_tf_node\n'}
[37.251833] (servo_control) StdoutLine: {'line': b'-- Up-to-date: /root/lidar_system/install/servo_control/share/servo_control/environment/pythonpath.sh\n'}
[37.252740] (servo_control) StdoutLine: {'line': b'-- Up-to-date: /root/lidar_system/install/servo_control/share/servo_control/environment/pythonpath.dsv\n'}
[37.253156] (servo_control) StdoutLine: {'line': b'-- Up-to-date: /root/lidar_system/install/servo_control/lib/python3.8/site-packages/servo_control\n'}
[37.253537] (servo_control) StdoutLine: {'line': b'-- Up-to-date: /root/lidar_system/install/servo_control/lib/python3.8/site-packages/servo_control/__init__.py\n'}
[37.300413] (-) TimerEvent: {}
[37.371395] (servo_control) StdoutLine: {'line': b"Listing '/root/lidar_system/install/servo_control/lib/python3.8/site-packages/servo_control'...\n"}
[37.390644] (servo_control) StdoutLine: {'line': b'-- Up-to-date: /root/lidar_system/install/servo_control/lib/servo_control/servo_motor_node.py\n'}
[37.391204] (servo_control) StdoutLine: {'line': b'-- Up-to-date: /root/lidar_system/install/servo_control/lib/servo_control/lidar_bbox_open3d.py\n'}
[37.394034] (servo_control) StdoutLine: {'line': b'-- Up-to-date: /root/lidar_system/install/servo_control/share/ament_index/resource_index/package_run_dependencies/servo_control\n'}
[37.394878] (servo_control) StdoutLine: {'line': b'-- Up-to-date: /root/lidar_system/install/servo_control/share/ament_index/resource_index/parent_prefix_path/servo_control\n'}
[37.395453] (servo_control) StdoutLine: {'line': b'-- Up-to-date: /root/lidar_system/install/servo_control/share/servo_control/environment/ament_prefix_path.sh\n'}
[37.396209] (servo_control) StdoutLine: {'line': b'-- Up-to-date: /root/lidar_system/install/servo_control/share/servo_control/environment/ament_prefix_path.dsv\n'}
[37.397258] (servo_control) StdoutLine: {'line': b'-- Up-to-date: /root/lidar_system/install/servo_control/share/servo_control/environment/path.sh\n'}
[37.398138] (servo_control) StdoutLine: {'line': b'-- Up-to-date: /root/lidar_system/install/servo_control/share/servo_control/environment/path.dsv\n'}
[37.398656] (servo_control) StdoutLine: {'line': b'-- Up-to-date: /root/lidar_system/install/servo_control/share/servo_control/local_setup.bash\n'}
[37.399045] (servo_control) StdoutLine: {'line': b'-- Up-to-date: /root/lidar_system/install/servo_control/share/servo_control/local_setup.sh\n'}
[37.399403] (servo_control) StdoutLine: {'line': b'-- Up-to-date: /root/lidar_system/install/servo_control/share/servo_control/local_setup.zsh\n'}
[37.399747] (servo_control) StdoutLine: {'line': b'-- Up-to-date: /root/lidar_system/install/servo_control/share/servo_control/local_setup.dsv\n'}
[37.400084] (servo_control) StdoutLine: {'line': b'-- Installing: /root/lidar_system/install/servo_control/share/servo_control/package.dsv\n'}
[37.400431] (-) TimerEvent: {}
[37.400541] (servo_control) StdoutLine: {'line': b'-- Up-to-date: /root/lidar_system/install/servo_control/share/ament_index/resource_index/packages/servo_control\n'}
[37.400909] (servo_control) StdoutLine: {'line': b'-- Up-to-date: /root/lidar_system/install/servo_control/share/servo_control/cmake/servo_controlConfig.cmake\n'}
[37.401249] (servo_control) StdoutLine: {'line': b'-- Up-to-date: /root/lidar_system/install/servo_control/share/servo_control/cmake/servo_controlConfig-version.cmake\n'}
[37.402238] (servo_control) StdoutLine: {'line': b'-- Up-to-date: /root/lidar_system/install/servo_control/share/servo_control/package.xml\n'}
[37.403985] (servo_control) CommandEnded: {'returncode': 0}
[37.500951] (-) TimerEvent: {}
[37.603659] (-) TimerEvent: {}
[37.624777] (servo_control) JobEnded: {'identifier': 'servo_control', 'rc': 0}
[37.627156] (-) EventReactorShutdown: {}
