[0.088s] Invoking command in '/root/lidar_system/build/servo_control': CMAKE_PREFIX_PATH=/opt/ros/foxy /usr/bin/cmake --build /root/lidar_system/build/servo_control -- -j4 -l4
[0.549s] [ 20%] Built target dynamic_tf_broadcaster
[0.602s] [ 40%] Built target mavros_tf_node
[0.603s] [ 60%] Built target target_tracker_node
[0.654s] [ 80%] Built target lidar_pointcloud_node
[0.703s] Scanning dependencies of target scan_sequence_node
[0.776s] [ 90%] Building CXX object CMakeFiles/scan_sequence_node.dir/src/scan_sequence_node.cpp.o
[7.220s] /root/lidar_system/servo_control/src/scan_sequence_node.cpp: In constructor ‘ScanSequenceNode::ScanSequenceNode()’:
[7.220s] /root/lidar_system/servo_control/src/scan_sequence_node.cpp:668:16: warning: ‘ScanSequenceNode::tilt_settle_start_’ will be initialized after [-Wreorder]
[7.221s]   668 |   rclcpp::Time tilt_settle_start_;
[7.221s]       |                ^~~~~~~~~~~~~~~~~~
[7.221s] /root/lidar_system/servo_control/src/scan_sequence_node.cpp:648:16: warning:   ‘rclcpp::Time ScanSequenceNode::last_target_time_’ [-Wreorder]
[7.222s]   648 |   rclcpp::Time last_target_time_;
[7.222s]       |                ^~~~~~~~~~~~~~~~~
[7.222s] /root/lidar_system/servo_control/src/scan_sequence_node.cpp:14:3: warning:   when initialized here [-Wreorder]
[7.223s]    14 |   ScanSequenceNode()
[7.223s]       |   ^~~~~~~~~~~~~~~~
[44.292s] [100%] Linking CXX executable scan_sequence_node
[46.370s] [100%] Built target scan_sequence_node
[46.411s] Invoked command in '/root/lidar_system/build/servo_control' returned '0': CMAKE_PREFIX_PATH=/opt/ros/foxy /usr/bin/cmake --build /root/lidar_system/build/servo_control -- -j4 -l4
[46.526s] Invoking command in '/root/lidar_system/build/servo_control': CMAKE_PREFIX_PATH=/opt/ros/foxy /usr/bin/cmake --install /root/lidar_system/build/servo_control
[46.565s] -- Install configuration: ""
[46.566s] -- Up-to-date: /root/lidar_system/install/servo_control/lib/servo_control/dynamic_tf_broadcaster
[46.567s] -- Up-to-date: /root/lidar_system/install/servo_control/lib/servo_control/lidar_pointcloud_node
[46.569s] -- Installing: /root/lidar_system/install/servo_control/lib/servo_control/scan_sequence_node
[46.593s] -- Set runtime path of "/root/lidar_system/install/servo_control/lib/servo_control/scan_sequence_node" to ""
[46.594s] -- Up-to-date: /root/lidar_system/install/servo_control/lib/servo_control/target_tracker_node
[46.595s] -- Up-to-date: /root/lidar_system/install/servo_control/lib/servo_control/mavros_tf_node
[46.596s] -- Up-to-date: /root/lidar_system/install/servo_control/share/servo_control/environment/pythonpath.sh
[46.597s] -- Up-to-date: /root/lidar_system/install/servo_control/share/servo_control/environment/pythonpath.dsv
[46.597s] -- Up-to-date: /root/lidar_system/install/servo_control/lib/python3.8/site-packages/servo_control
[46.598s] -- Up-to-date: /root/lidar_system/install/servo_control/lib/python3.8/site-packages/servo_control/__init__.py
[46.728s] Listing '/root/lidar_system/install/servo_control/lib/python3.8/site-packages/servo_control'...
[46.748s] -- Up-to-date: /root/lidar_system/install/servo_control/lib/servo_control/servo_motor_node.py
[46.749s] -- Up-to-date: /root/lidar_system/install/servo_control/lib/servo_control/lidar_bbox_open3d.py
[46.749s] -- Up-to-date: /root/lidar_system/install/servo_control/share/ament_index/resource_index/package_run_dependencies/servo_control
[46.749s] -- Up-to-date: /root/lidar_system/install/servo_control/share/ament_index/resource_index/parent_prefix_path/servo_control
[46.750s] -- Up-to-date: /root/lidar_system/install/servo_control/share/servo_control/environment/ament_prefix_path.sh
[46.750s] -- Up-to-date: /root/lidar_system/install/servo_control/share/servo_control/environment/ament_prefix_path.dsv
[46.752s] -- Up-to-date: /root/lidar_system/install/servo_control/share/servo_control/environment/path.sh
[46.752s] -- Up-to-date: /root/lidar_system/install/servo_control/share/servo_control/environment/path.dsv
[46.753s] -- Up-to-date: /root/lidar_system/install/servo_control/share/servo_control/local_setup.bash
[46.753s] -- Up-to-date: /root/lidar_system/install/servo_control/share/servo_control/local_setup.sh
[46.755s] -- Up-to-date: /root/lidar_system/install/servo_control/share/servo_control/local_setup.zsh
[46.764s] -- Up-to-date: /root/lidar_system/install/servo_control/share/servo_control/local_setup.dsv
[46.765s] -- Installing: /root/lidar_system/install/servo_control/share/servo_control/package.dsv
[46.765s] -- Up-to-date: /root/lidar_system/install/servo_control/share/ament_index/resource_index/packages/servo_control
[46.766s] -- Up-to-date: /root/lidar_system/install/servo_control/share/servo_control/cmake/servo_controlConfig.cmake
[46.771s] -- Up-to-date: /root/lidar_system/install/servo_control/share/servo_control/cmake/servo_controlConfig-version.cmake
[46.775s] -- Up-to-date: /root/lidar_system/install/servo_control/share/servo_control/package.xml
[46.775s] Invoked command in '/root/lidar_system/build/servo_control' returned '0': CMAKE_PREFIX_PATH=/opt/ros/foxy /usr/bin/cmake --install /root/lidar_system/build/servo_control
