[0.121s] Invoking command in '/root/lidar_system/build/servo_control': CMAKE_PREFIX_PATH=/opt/ros/foxy /usr/bin/cmake --build /root/lidar_system/build/servo_control -- -j4 -l4
[0.661s] -- Found ament_cmake: 0.9.12 (/opt/ros/foxy/share/ament_cmake/cmake)
[0.782s] -- Found PythonInterp: /usr/bin/python3 (found suitable version "3.8.10", minimum required is "3") 
[0.782s] -- Using PYTHON_EXECUTABLE: /usr/bin/python3
[1.699s] -- Found rclcpp: 2.4.3 (/opt/ros/foxy/share/rclcpp/cmake)
[1.899s] -- Using all available rosidl_typesupport_c: rosidl_typesupport_fastrtps_c;rosidl_typesupport_introspection_c
[1.917s] -- Found rosidl_adapter: 1.3.1 (/opt/ros/foxy/share/rosidl_adapter/cmake)
[2.799s] -- Using all available rosidl_typesupport_cpp: rosidl_typesupport_fastrtps_cpp;rosidl_typesupport_introspection_cpp
[3.056s] -- Found rmw_implementation_cmake: 1.0.4 (/opt/ros/foxy/share/rmw_implementation_cmake/cmake)
[3.064s] -- Using RMW implementation 'rmw_fastrtps_cpp' as default
[3.782s] -- Found geometry_msgs: 2.0.5 (/opt/ros/foxy/share/geometry_msgs/cmake)
[3.943s] -- Found sensor_msgs: 2.0.5 (/opt/ros/foxy/share/sensor_msgs/cmake)
[4.283s] -- Found tf2_ros: 0.13.14 (/opt/ros/foxy/share/tf2_ros/cmake)
[5.876s] -- Found laser_geometry: 2.2.0 (/opt/ros/foxy/share/laser_geometry/cmake)
[5.901s] -- Found tf2_sensor_msgs: 0.13.14 (/opt/ros/foxy/share/tf2_sensor_msgs/cmake)
[5.977s] -- Found visualization_msgs: 2.0.5 (/opt/ros/foxy/share/visualization_msgs/cmake)
[6.329s] -- Found octomap_msgs: 2.0.0 (/opt/ros/foxy/share/octomap_msgs/cmake)
[6.658s] -- Found rosidl_default_generators: 1.0.1 (/opt/ros/foxy/share/rosidl_default_generators/cmake)
[6.718s] -- Found mavros_msgs: 2.4.0 (/opt/ros/foxy/share/mavros_msgs/cmake)
[8.817s] -- Found PythonInterp: /usr/bin/python3 (found version "3.8.10") 
[9.411s] -- Found ament_cmake_ros: 0.9.2 (/opt/ros/foxy/share/ament_cmake_ros/cmake)
[10.103s] -- Using all available rosidl_typesupport_c: rosidl_typesupport_fastrtps_c;rosidl_typesupport_introspection_c
[10.142s] -- Using all available rosidl_typesupport_cpp: rosidl_typesupport_fastrtps_cpp;rosidl_typesupport_introspection_cpp
[10.247s] -- Found PythonInterp: /usr/bin/python3 (found suitable version "3.8.10", minimum required is "3.5") 
[10.250s] -- Found python_cmake_module: 0.8.1 (/opt/ros/foxy/share/python_cmake_module/cmake)
[10.369s] -- Using PYTHON_EXECUTABLE: /usr/bin/python3
[10.369s] -- Using PYTHON_INCLUDE_DIRS: /usr/include/python3.8
[10.370s] -- Using PYTHON_LIBRARIES: /usr/lib/aarch64-linux-gnu/libpython3.8.so
[10.531s] -- Found ament_lint_auto: 0.9.8 (/opt/ros/foxy/share/ament_lint_auto/cmake)
[10.596s] -- Configuring done
[11.049s] -- Generating done
[11.072s] -- Build files have been written to: /root/lidar_system/build/servo_control
[11.279s] [  6%] Built target servo_control__rosidl_generator_c
[11.290s] [  8%] Built target servo_control__cpp
[11.398s] [ 13%] Built target target_tracker_node
[11.438s] [ 17%] Built target dynamic_tf_broadcaster
[11.531s] [ 22%] Built target lidar_pointcloud_node
[11.540s] [ 26%] Built target scan_sequence_node
[11.556s] [ 33%] Built target servo_control__rosidl_typesupport_cpp
[11.601s] [ 37%] Built target mavros_tf_node
[11.668s] [ 44%] Built target servo_control__rosidl_typesupport_introspection_c
[11.705s] [ 57%] Built target servo_control__rosidl_typesupport_introspection_cpp
[11.705s] [ 57%] Built target servo_control__rosidl_typesupport_c
[11.726s] [ 64%] Built target servo_control__rosidl_typesupport_fastrtps_cpp
[11.873s] [ 71%] Built target servo_control__rosidl_typesupport_fastrtps_c
[11.965s] [ 71%] Built target servo_control
[12.058s] [ 73%] Built target servo_control__py
[12.145s] [ 77%] Built target local_dimensions_node
[12.227s] [ 82%] Built target servo_control__python
[12.309s] Scanning dependencies of target px4_takeoff_manager_node
[12.394s] [ 86%] Built target servo_control__rosidl_typesupport_introspection_c__pyext
[12.428s] [ 91%] Building CXX object CMakeFiles/px4_takeoff_manager_node.dir/src/px4_takeoff_manager_node.cpp.o
[12.428s] [ 93%] Built target servo_control__rosidl_typesupport_c__pyext
[12.454s] [ 97%] Built target servo_control__rosidl_typesupport_fastrtps_c__pyext
[48.036s] [100%] Linking CXX executable px4_takeoff_manager_node
[49.878s] [100%] Built target px4_takeoff_manager_node
[49.933s] Invoked command in '/root/lidar_system/build/servo_control' returned '0': CMAKE_PREFIX_PATH=/opt/ros/foxy /usr/bin/cmake --build /root/lidar_system/build/servo_control -- -j4 -l4
[50.250s] Invoking command in '/root/lidar_system/build/servo_control': CMAKE_PREFIX_PATH=/opt/ros/foxy /usr/bin/cmake --install /root/lidar_system/build/servo_control
[50.293s] -- Install configuration: ""
[50.296s] -- Up-to-date: /root/lidar_system/install/servo_control/share/ament_index/resource_index/rosidl_interfaces/servo_control
[50.300s] -- Up-to-date: /root/lidar_system/install/servo_control/include/servo_control
[50.301s] -- Up-to-date: /root/lidar_system/install/servo_control/include/servo_control/msg
[50.302s] -- Up-to-date: /root/lidar_system/install/servo_control/include/servo_control/msg/rosidl_generator_c__visibility_control.h
[50.303s] -- Up-to-date: /root/lidar_system/install/servo_control/include/servo_control/srv
[50.304s] -- Up-to-date: /root/lidar_system/install/servo_control/include/servo_control/srv/get_local_dimensions.h
[50.305s] -- Up-to-date: /root/lidar_system/install/servo_control/include/servo_control/srv/detail
[50.305s] -- Up-to-date: /root/lidar_system/install/servo_control/include/servo_control/srv/detail/get_local_dimensions__struct.h
[50.306s] -- Up-to-date: /root/lidar_system/install/servo_control/include/servo_control/srv/detail/get_local_dimensions__type_support.h
[50.306s] -- Up-to-date: /root/lidar_system/install/servo_control/include/servo_control/srv/detail/get_local_dimensions__functions.h
[50.307s] -- Up-to-date: /root/lidar_system/install/servo_control/include/servo_control/srv/detail/get_local_dimensions__functions.c
[50.307s] -- Up-to-date: /root/lidar_system/install/servo_control/share/servo_control/environment/library_path.sh
[50.307s] -- Installing: /root/lidar_system/install/servo_control/share/servo_control/environment/library_path.dsv
[50.310s] -- Up-to-date: /root/lidar_system/install/servo_control/lib/libservo_control__rosidl_generator_c.so
[50.312s] -- Up-to-date: /root/lidar_system/install/servo_control/include/servo_control
[50.313s] -- Up-to-date: /root/lidar_system/install/servo_control/include/servo_control/msg
[50.313s] -- Up-to-date: /root/lidar_system/install/servo_control/include/servo_control/msg/rosidl_typesupport_fastrtps_c__visibility_control.h
[50.316s] -- Up-to-date: /root/lidar_system/install/servo_control/include/servo_control/srv
[50.317s] -- Up-to-date: /root/lidar_system/install/servo_control/include/servo_control/srv/detail
[50.318s] -- Up-to-date: /root/lidar_system/install/servo_control/include/servo_control/srv/detail/get_local_dimensions__rosidl_typesupport_fastrtps_c.h
[50.320s] -- Up-to-date: /root/lidar_system/install/servo_control/lib/libservo_control__rosidl_typesupport_fastrtps_c.so
[50.320s] -- Up-to-date: /root/lidar_system/install/servo_control/include/servo_control
[50.322s] -- Up-to-date: /root/lidar_system/install/servo_control/include/servo_control/msg
[50.323s] -- Up-to-date: /root/lidar_system/install/servo_control/include/servo_control/msg/rosidl_typesupport_fastrtps_cpp__visibility_control.h
[50.323s] -- Up-to-date: /root/lidar_system/install/servo_control/include/servo_control/srv
[50.324s] -- Up-to-date: /root/lidar_system/install/servo_control/include/servo_control/srv/detail
[50.324s] -- Up-to-date: /root/lidar_system/install/servo_control/include/servo_control/srv/detail/get_local_dimensions__rosidl_typesupport_fastrtps_cpp.hpp
[50.325s] -- Up-to-date: /root/lidar_system/install/servo_control/include/servo_control/srv/detail/dds_fastrtps
[50.325s] -- Up-to-date: /root/lidar_system/install/servo_control/lib/libservo_control__rosidl_typesupport_fastrtps_cpp.so
[50.326s] -- Up-to-date: /root/lidar_system/install/servo_control/include/servo_control
[50.328s] -- Up-to-date: /root/lidar_system/install/servo_control/include/servo_control/msg
[50.329s] -- Up-to-date: /root/lidar_system/install/servo_control/include/servo_control/msg/rosidl_typesupport_introspection_c__visibility_control.h
[50.330s] -- Up-to-date: /root/lidar_system/install/servo_control/include/servo_control/srv
[50.330s] -- Up-to-date: /root/lidar_system/install/servo_control/include/servo_control/srv/detail
[50.331s] -- Up-to-date: /root/lidar_system/install/servo_control/include/servo_control/srv/detail/get_local_dimensions__rosidl_typesupport_introspection_c.h
[50.331s] -- Up-to-date: /root/lidar_system/install/servo_control/include/servo_control/srv/detail/get_local_dimensions__type_support.c
[50.332s] -- Up-to-date: /root/lidar_system/install/servo_control/lib/libservo_control__rosidl_typesupport_introspection_c.so
[50.332s] -- Up-to-date: /root/lidar_system/install/servo_control/lib/libservo_control__rosidl_typesupport_c.so
[50.333s] -- Up-to-date: /root/lidar_system/install/servo_control/include/servo_control
[50.333s] -- Up-to-date: /root/lidar_system/install/servo_control/include/servo_control/msg
[50.334s] -- Up-to-date: /root/lidar_system/install/servo_control/include/servo_control/msg/rosidl_generator_cpp__visibility_control.hpp
[50.335s] -- Up-to-date: /root/lidar_system/install/servo_control/include/servo_control/srv
[50.336s] -- Up-to-date: /root/lidar_system/install/servo_control/include/servo_control/srv/detail
[50.337s] -- Up-to-date: /root/lidar_system/install/servo_control/include/servo_control/srv/detail/get_local_dimensions__traits.hpp
[50.338s] -- Up-to-date: /root/lidar_system/install/servo_control/include/servo_control/srv/detail/get_local_dimensions__struct.hpp
[50.339s] -- Up-to-date: /root/lidar_system/install/servo_control/include/servo_control/srv/detail/get_local_dimensions__type_support.hpp
[50.339s] -- Up-to-date: /root/lidar_system/install/servo_control/include/servo_control/srv/detail/get_local_dimensions__builder.hpp
[50.340s] -- Up-to-date: /root/lidar_system/install/servo_control/include/servo_control/srv/get_local_dimensions.hpp
[50.341s] -- Up-to-date: /root/lidar_system/install/servo_control/include/servo_control
[50.341s] -- Up-to-date: /root/lidar_system/install/servo_control/include/servo_control/srv
[50.342s] -- Up-to-date: /root/lidar_system/install/servo_control/include/servo_control/srv/detail
[50.342s] -- Up-to-date: /root/lidar_system/install/servo_control/include/servo_control/srv/detail/get_local_dimensions__type_support.cpp
[50.342s] -- Up-to-date: /root/lidar_system/install/servo_control/include/servo_control/srv/detail/get_local_dimensions__rosidl_typesupport_introspection_cpp.hpp
[50.343s] -- Up-to-date: /root/lidar_system/install/servo_control/lib/libservo_control__rosidl_typesupport_introspection_cpp.so
[50.343s] -- Up-to-date: /root/lidar_system/install/servo_control/lib/libservo_control__rosidl_typesupport_cpp.so
[50.343s] -- Up-to-date: /root/lidar_system/install/servo_control/share/servo_control/environment/pythonpath.sh
[50.344s] -- Installing: /root/lidar_system/install/servo_control/share/servo_control/environment/pythonpath.dsv
[50.344s] -- Installing: /root/lidar_system/install/servo_control/lib/python3.8/site-packages/servo_control/__init__.py
[50.511s] Compiling '/root/lidar_system/install/servo_control/lib/python3.8/site-packages/servo_control/__init__.py'...
[50.537s] -- Up-to-date: /root/lidar_system/install/servo_control/lib/python3.8/site-packages/servo_control/srv
[50.538s] -- Up-to-date: /root/lidar_system/install/servo_control/lib/python3.8/site-packages/servo_control/srv/_get_local_dimensions_s.c
[50.539s] -- Up-to-date: /root/lidar_system/install/servo_control/lib/python3.8/site-packages/servo_control/srv/__init__.py
[50.539s] -- Up-to-date: /root/lidar_system/install/servo_control/lib/python3.8/site-packages/servo_control/srv/_get_local_dimensions.py
[50.541s] -- Up-to-date: /root/lidar_system/install/servo_control/lib/python3.8/site-packages/servo_control/servo_control_s__rosidl_typesupport_fastrtps_c.cpython-38-aarch64-linux-gnu.so
[50.546s] -- Up-to-date: /root/lidar_system/install/servo_control/lib/python3.8/site-packages/servo_control/servo_control_s__rosidl_typesupport_introspection_c.cpython-38-aarch64-linux-gnu.so
[50.550s] -- Up-to-date: /root/lidar_system/install/servo_control/lib/python3.8/site-packages/servo_control/servo_control_s__rosidl_typesupport_c.cpython-38-aarch64-linux-gnu.so
[50.555s] -- Up-to-date: /root/lidar_system/install/servo_control/lib/libservo_control__python.so
[50.562s] -- Up-to-date: /root/lidar_system/install/servo_control/share/servo_control/srv/GetLocalDimensions.idl
[50.562s] -- Up-to-date: /root/lidar_system/install/servo_control/share/servo_control/srv/GetLocalDimensions.srv
[50.563s] -- Up-to-date: /root/lidar_system/install/servo_control/share/servo_control/srv/GetLocalDimensions_Request.msg
[50.564s] -- Up-to-date: /root/lidar_system/install/servo_control/share/servo_control/srv/GetLocalDimensions_Response.msg
[50.565s] -- Up-to-date: /root/lidar_system/install/servo_control/lib/servo_control/dynamic_tf_broadcaster
[50.567s] -- Up-to-date: /root/lidar_system/install/servo_control/lib/servo_control/lidar_pointcloud_node
[50.573s] -- Up-to-date: /root/lidar_system/install/servo_control/lib/servo_control/scan_sequence_node
[50.580s] -- Up-to-date: /root/lidar_system/install/servo_control/lib/servo_control/target_tracker_node
[50.584s] -- Up-to-date: /root/lidar_system/install/servo_control/lib/servo_control/mavros_tf_node
[50.588s] -- Up-to-date: /root/lidar_system/install/servo_control/lib/servo_control/local_dimensions_node
[50.589s] -- Installing: /root/lidar_system/install/servo_control/lib/servo_control/px4_takeoff_manager_node
[50.612s] -- Set runtime path of "/root/lidar_system/install/servo_control/lib/servo_control/px4_takeoff_manager_node" to ""
[50.613s] -- Up-to-date: /root/lidar_system/install/servo_control/lib/python3.8/site-packages/servo_control
[50.613s] -- Installing: /root/lidar_system/install/servo_control/lib/python3.8/site-packages/servo_control/__init__.py
[50.772s] Listing '/root/lidar_system/install/servo_control/lib/python3.8/site-packages/servo_control'...
[50.774s] Compiling '/root/lidar_system/install/servo_control/lib/python3.8/site-packages/servo_control/__init__.py'...
[50.775s] Listing '/root/lidar_system/install/servo_control/lib/python3.8/site-packages/servo_control/srv'...
[50.802s] -- Up-to-date: /root/lidar_system/install/servo_control/lib/servo_control/servo_motor_node.py
[50.804s] -- Up-to-date: /root/lidar_system/install/servo_control/lib/servo_control/lidar_bbox_open3d.py
[50.806s] -- Installing: /root/lidar_system/install/servo_control/share/ament_index/resource_index/package_run_dependencies/servo_control
[50.813s] -- Up-to-date: /root/lidar_system/install/servo_control/share/ament_index/resource_index/parent_prefix_path/servo_control
[50.815s] -- Up-to-date: /root/lidar_system/install/servo_control/share/servo_control/environment/ament_prefix_path.sh
[50.815s] -- Installing: /root/lidar_system/install/servo_control/share/servo_control/environment/ament_prefix_path.dsv
[50.816s] -- Up-to-date: /root/lidar_system/install/servo_control/share/servo_control/environment/path.sh
[50.817s] -- Installing: /root/lidar_system/install/servo_control/share/servo_control/environment/path.dsv
[50.817s] -- Up-to-date: /root/lidar_system/install/servo_control/share/servo_control/local_setup.bash
[50.818s] -- Up-to-date: /root/lidar_system/install/servo_control/share/servo_control/local_setup.sh
[50.819s] -- Up-to-date: /root/lidar_system/install/servo_control/share/servo_control/local_setup.zsh
[50.819s] -- Installing: /root/lidar_system/install/servo_control/share/servo_control/local_setup.dsv
[50.820s] -- Installing: /root/lidar_system/install/servo_control/share/servo_control/package.dsv
[50.821s] -- Up-to-date: /root/lidar_system/install/servo_control/share/ament_index/resource_index/packages/servo_control
[50.822s] -- Up-to-date: /root/lidar_system/install/servo_control/share/servo_control/cmake/servo_control__rosidl_generator_cExport.cmake
[50.822s] -- Installing: /root/lidar_system/install/servo_control/share/servo_control/cmake/servo_control__rosidl_generator_cExport-noconfig.cmake
[50.824s] -- Up-to-date: /root/lidar_system/install/servo_control/share/servo_control/cmake/servo_control__rosidl_typesupport_introspection_cExport.cmake
[50.824s] -- Installing: /root/lidar_system/install/servo_control/share/servo_control/cmake/servo_control__rosidl_typesupport_introspection_cExport-noconfig.cmake
[50.825s] -- Up-to-date: /root/lidar_system/install/servo_control/share/servo_control/cmake/servo_control__rosidl_typesupport_cExport.cmake
[50.833s] -- Installing: /root/lidar_system/install/servo_control/share/servo_control/cmake/servo_control__rosidl_typesupport_cExport-noconfig.cmake
[50.833s] -- Up-to-date: /root/lidar_system/install/servo_control/share/servo_control/cmake/servo_control__rosidl_generator_cppExport.cmake
[50.834s] -- Up-to-date: /root/lidar_system/install/servo_control/share/servo_control/cmake/servo_control__rosidl_typesupport_introspection_cppExport.cmake
[50.834s] -- Installing: /root/lidar_system/install/servo_control/share/servo_control/cmake/servo_control__rosidl_typesupport_introspection_cppExport-noconfig.cmake
[50.835s] -- Up-to-date: /root/lidar_system/install/servo_control/share/servo_control/cmake/servo_control__rosidl_typesupport_cppExport.cmake
[50.851s] -- Installing: /root/lidar_system/install/servo_control/share/servo_control/cmake/servo_control__rosidl_typesupport_cppExport-noconfig.cmake
[50.858s] -- Up-to-date: /root/lidar_system/install/servo_control/share/servo_control/cmake/rosidl_cmake-extras.cmake
[50.858s] -- Up-to-date: /root/lidar_system/install/servo_control/share/servo_control/cmake/ament_cmake_export_dependencies-extras.cmake
[50.860s] -- Up-to-date: /root/lidar_system/install/servo_control/share/servo_control/cmake/ament_cmake_export_libraries-extras.cmake
[50.860s] -- Up-to-date: /root/lidar_system/install/servo_control/share/servo_control/cmake/ament_cmake_export_targets-extras.cmake
[50.861s] -- Up-to-date: /root/lidar_system/install/servo_control/share/servo_control/cmake/ament_cmake_export_include_directories-extras.cmake
[50.862s] -- Up-to-date: /root/lidar_system/install/servo_control/share/servo_control/cmake/rosidl_cmake_export_typesupport_libraries-extras.cmake
[50.863s] -- Up-to-date: /root/lidar_system/install/servo_control/share/servo_control/cmake/rosidl_cmake_export_typesupport_targets-extras.cmake
[50.864s] -- Up-to-date: /root/lidar_system/install/servo_control/share/servo_control/cmake/servo_controlConfig.cmake
[50.866s] -- Up-to-date: /root/lidar_system/install/servo_control/share/servo_control/cmake/servo_controlConfig-version.cmake
[50.868s] -- Installing: /root/lidar_system/install/servo_control/share/servo_control/package.xml
[50.871s] Invoked command in '/root/lidar_system/build/servo_control' returned '0': CMAKE_PREFIX_PATH=/opt/ros/foxy /usr/bin/cmake --install /root/lidar_system/build/servo_control
