[ 20%] Built target lidar_pointcloud_node
[ 40%] Built target target_tracker_node
[ 60%] Built target dynamic_tf_broadcaster
[ 80%] Built target mavros_tf_node
Scanning dependencies of target scan_sequence_node
[ 90%] Building CXX object CMakeFiles/scan_sequence_node.dir/src/scan_sequence_node.cpp.o
/root/lidar_system/servo_control/src/scan_sequence_node.cpp:233:56: error: expected unqualified-id before numeric constant
  233 |   rclcpp::Subscription<std_msgs::msg::Bool>::SharedPtr 2d_detected_sub_;
      |                                                        ^~~~~~~~~~~~~~~~
/root/lidar_system/servo_control/src/scan_sequence_node.cpp:234:56: error: expected unqualified-id before numeric constant
  234 |   rclcpp::Subscription<std_msgs::msg::Bool>::SharedPtr 3d_detected_sub_;
      |                                                        ^~~~~~~~~~~~~~~~
/root/lidar_system/servo_control/src/scan_sequence_node.cpp: In constructor ‘ScanSequenceNode::ScanSequenceNode()’:
/root/lidar_system/servo_control/src/scan_sequence_node.cpp:52:5: error: unable to find numeric literal operator ‘operator""d_detected_sub_’
   52 |     2d_detected_sub_ = this->create_subscription<std_msgs::msg::Bool>(
      |     ^~~~~~~~~~~~~~~~
/root/lidar_system/servo_control/src/scan_sequence_node.cpp:56:5: error: unable to find numeric literal operator ‘operator""d_detected_sub_’
   56 |     3d_detected_sub_ = this->create_subscription<std_msgs::msg::Bool>(
      |     ^~~~~~~~~~~~~~~~
/root/lidar_system/servo_control/src/scan_sequence_node.cpp:58:36: error: expected unqualified-id before numeric constant
   58 |       std::bind(&ScanSequenceNode::3d_detected_callback, this, std::placeholders::_1));
      |                                    ^~~~~~~~~~~~~~~~~~~~
/root/lidar_system/servo_control/src/scan_sequence_node.cpp: In member function ‘void ScanSequenceNode::detected_callback(std_msgs::msg::Bool_<std::allocator<void> >::SharedPtr)’:
/root/lidar_system/servo_control/src/scan_sequence_node.cpp:176:28: error: ‘target_detected’ was not declared in this scope; did you mean ‘target_detected_’?
  176 |     last_detection_state = target_detected;
      |                            ^~~~~~~~~~~~~~~
      |                            target_detected_
make[2]: *** [CMakeFiles/scan_sequence_node.dir/build.make:63: CMakeFiles/scan_sequence_node.dir/src/scan_sequence_node.cpp.o] Error 1
make[1]: *** [CMakeFiles/Makefile2:248: CMakeFiles/scan_sequence_node.dir/all] Error 2
make: *** [Makefile:141: all] Error 2
