[0.000000] (-) TimerEvent: {}
[0.000317] (rplidar_ros) JobQueued: {'identifier': 'rplidar_ros', 'dependencies': OrderedDict()}
[0.000532] (servo_control) JobQueued: {'identifier': 'servo_control', 'dependencies': OrderedDict()}
[0.000735] (rplidar_ros) JobStarted: {'identifier': 'rplidar_ros'}
[0.072279] (servo_control) JobStarted: {'identifier': 'servo_control'}
[0.087931] (-) TimerEvent: {}
[0.126147] (rplidar_ros) JobProgress: {'identifier': 'rplidar_ros', 'progress': 'cmake'}
[0.132446] (rplidar_ros) JobProgress: {'identifier': 'rplidar_ros', 'progress': 'build'}
[0.137151] (rplidar_ros) Command: {'cmd': ['/usr/bin/cmake', '--build', '/root/lidar_system/build/rplidar_ros', '--', '-j4', '-l4'], 'cwd': '/root/lidar_system/build/rplidar_ros', 'env': OrderedDict([('HOSTNAME', 'ubuntu-desktop'), ('SHLVL', '1'), ('LD_LIBRARY_PATH', '/opt/ros/foxy/opt/yaml_cpp_vendor/lib:/opt/ros/foxy/opt/rviz_ogre_vendor/lib:/opt/ros/foxy/lib/aarch64-linux-gnu:/opt/ros/foxy/lib'), ('HOME', '/root'), ('OLDPWD', '/'), ('ROS_PYTHON_VERSION', '3'), ('ROS_DISTRO', 'foxy'), ('_', '/usr/bin/colcon'), ('ROS_VERSION', '2'), ('ROS_LOCALHOST_ONLY', '0'), ('QT_X11_NO_MITSHM', '1'), ('PATH', '/opt/ros/foxy/bin:/usr/local/sbin:/usr/local/bin:/usr/sbin:/usr/bin:/sbin:/bin'), ('FASTRTPS_DEFAULT_PROFILES_FILE', '/fastdds.xml'), ('DISPLAY', ':0'), ('LANG', 'C.UTF-8'), ('RMW_IMPLEMENTATION', 'rmw_fastrtps_cpp'), ('ROS_DOMAIN_ID', '0'), ('AMENT_PREFIX_PATH', '/opt/ros/foxy'), ('PWD', '/root/lidar_system/build/rplidar_ros'), ('LC_ALL', 'C.UTF-8'), ('PYTHONPATH', '/opt/ros/foxy/lib/python3.8/site-packages'), ('COLCON', '1'), ('CMAKE_PREFIX_PATH', '/opt/ros/foxy')]), 'shell': False}
[0.160748] (servo_control) JobProgress: {'identifier': 'servo_control', 'progress': 'cmake'}
[0.166347] (servo_control) JobProgress: {'identifier': 'servo_control', 'progress': 'build'}
[0.167987] (servo_control) Command: {'cmd': ['/usr/bin/cmake', '--build', '/root/lidar_system/build/servo_control', '--', '-j4', '-l4'], 'cwd': '/root/lidar_system/build/servo_control', 'env': OrderedDict([('HOSTNAME', 'ubuntu-desktop'), ('SHLVL', '1'), ('LD_LIBRARY_PATH', '/opt/ros/foxy/opt/yaml_cpp_vendor/lib:/opt/ros/foxy/opt/rviz_ogre_vendor/lib:/opt/ros/foxy/lib/aarch64-linux-gnu:/opt/ros/foxy/lib'), ('HOME', '/root'), ('OLDPWD', '/'), ('ROS_PYTHON_VERSION', '3'), ('ROS_DISTRO', 'foxy'), ('_', '/usr/bin/colcon'), ('ROS_VERSION', '2'), ('ROS_LOCALHOST_ONLY', '0'), ('QT_X11_NO_MITSHM', '1'), ('PATH', '/opt/ros/foxy/bin:/usr/local/sbin:/usr/local/bin:/usr/sbin:/usr/bin:/sbin:/bin'), ('FASTRTPS_DEFAULT_PROFILES_FILE', '/fastdds.xml'), ('DISPLAY', ':0'), ('LANG', 'C.UTF-8'), ('RMW_IMPLEMENTATION', 'rmw_fastrtps_cpp'), ('ROS_DOMAIN_ID', '0'), ('AMENT_PREFIX_PATH', '/opt/ros/foxy'), ('PWD', '/root/lidar_system/build/servo_control'), ('LC_ALL', 'C.UTF-8'), ('PYTHONPATH', '/opt/ros/foxy/lib/python3.8/site-packages'), ('COLCON', '1'), ('CMAKE_PREFIX_PATH', '/opt/ros/foxy')]), 'shell': False}
[0.189033] (-) TimerEvent: {}
[0.291551] (-) TimerEvent: {}
[0.391937] (-) TimerEvent: {}
[0.498960] (-) TimerEvent: {}
[0.564156] (rplidar_ros) StdoutLine: {'line': b'[  5%] Built target rplidar_client\n'}
[0.576720] (servo_control) StdoutLine: {'line': b'[ 20%] Built target dynamic_tf_broadcaster\n'}
[0.600336] (-) TimerEvent: {}
[0.700690] (-) TimerEvent: {}
[0.801120] (-) TimerEvent: {}
[0.827865] (rplidar_ros) StdoutLine: {'line': b'[ 52%] Built target rplidar_node\n'}
[0.845417] (servo_control) StdoutLine: {'line': b'[ 40%] Built target mavros_tf_node\n'}
[0.901242] (-) TimerEvent: {}
[1.001757] (servo_control) StdoutLine: {'line': b'Scanning dependencies of target scan_sequence_node\n'}
[1.002336] (-) TimerEvent: {}
[1.068233] (rplidar_ros) StdoutLine: {'line': b'[100%] Built target rplidar_composition\n'}
[1.102901] (-) TimerEvent: {}
[1.106969] (servo_control) StdoutLine: {'line': b'[ 50%] Building CXX object CMakeFiles/scan_sequence_node.dir/src/scan_sequence_node.cpp.o\n'}
[1.203059] (-) TimerEvent: {}
[1.209209] (rplidar_ros) CommandEnded: {'returncode': 0}
[1.304512] (-) TimerEvent: {}
[1.405586] (-) TimerEvent: {}
[1.508358] (-) TimerEvent: {}
[1.611111] (-) TimerEvent: {}
[1.658969] (rplidar_ros) JobProgress: {'identifier': 'rplidar_ros', 'progress': 'install'}
[1.711408] (-) TimerEvent: {}
[1.736825] (rplidar_ros) Command: {'cmd': ['/usr/bin/cmake', '--install', '/root/lidar_system/build/rplidar_ros'], 'cwd': '/root/lidar_system/build/rplidar_ros', 'env': OrderedDict([('HOSTNAME', 'ubuntu-desktop'), ('SHLVL', '1'), ('LD_LIBRARY_PATH', '/opt/ros/foxy/opt/yaml_cpp_vendor/lib:/opt/ros/foxy/opt/rviz_ogre_vendor/lib:/opt/ros/foxy/lib/aarch64-linux-gnu:/opt/ros/foxy/lib'), ('HOME', '/root'), ('OLDPWD', '/'), ('ROS_PYTHON_VERSION', '3'), ('ROS_DISTRO', 'foxy'), ('_', '/usr/bin/colcon'), ('ROS_VERSION', '2'), ('ROS_LOCALHOST_ONLY', '0'), ('QT_X11_NO_MITSHM', '1'), ('PATH', '/opt/ros/foxy/bin:/usr/local/sbin:/usr/local/bin:/usr/sbin:/usr/bin:/sbin:/bin'), ('FASTRTPS_DEFAULT_PROFILES_FILE', '/fastdds.xml'), ('DISPLAY', ':0'), ('LANG', 'C.UTF-8'), ('RMW_IMPLEMENTATION', 'rmw_fastrtps_cpp'), ('ROS_DOMAIN_ID', '0'), ('AMENT_PREFIX_PATH', '/opt/ros/foxy'), ('PWD', '/root/lidar_system/build/rplidar_ros'), ('LC_ALL', 'C.UTF-8'), ('PYTHONPATH', '/opt/ros/foxy/lib/python3.8/site-packages'), ('COLCON', '1'), ('CMAKE_PREFIX_PATH', '/opt/ros/foxy')]), 'shell': False}
[1.811942] (rplidar_ros) StdoutLine: {'line': b'-- Install configuration: ""\n'}
[1.812862] (-) TimerEvent: {}
[1.814071] (rplidar_ros) StdoutLine: {'line': b'-- Up-to-date: /root/lidar_system/install/rplidar_ros/share/rplidar_ros/launch\n'}
[1.815641] (rplidar_ros) StdoutLine: {'line': b'-- Up-to-date: /root/lidar_system/install/rplidar_ros/share/rplidar_ros/launch/rplidar_a3_launch.py\n'}
[1.818357] (rplidar_ros) StdoutLine: {'line': b'-- Up-to-date: /root/lidar_system/install/rplidar_ros/share/rplidar_ros/launch/view_rplidar_a2m8_launch.py\n'}
[1.818947] (rplidar_ros) StdoutLine: {'line': b'-- Up-to-date: /root/lidar_system/install/rplidar_ros/share/rplidar_ros/launch/view_rplidar_a2m7_launch.py\n'}
[1.819414] (rplidar_ros) StdoutLine: {'line': b'-- Up-to-date: /root/lidar_system/install/rplidar_ros/share/rplidar_ros/launch/rplidar_s2_launch.py\n'}
[1.819859] (rplidar_ros) StdoutLine: {'line': b'-- Up-to-date: /root/lidar_system/install/rplidar_ros/share/rplidar_ros/launch/rplidar_s1_tcp_launch.py\n'}
[1.820300] (rplidar_ros) StdoutLine: {'line': b'-- Up-to-date: /root/lidar_system/install/rplidar_ros/share/rplidar_ros/launch/view_rplidar_a1_launch.py\n'}
[1.820735] (rplidar_ros) StdoutLine: {'line': b'-- Up-to-date: /root/lidar_system/install/rplidar_ros/share/rplidar_ros/launch/rplidar_t1_launch.py\n'}
[1.821146] (rplidar_ros) StdoutLine: {'line': b'-- Up-to-date: /root/lidar_system/install/rplidar_ros/share/rplidar_ros/launch/system_launch.py\n'}
[1.821552] (rplidar_ros) StdoutLine: {'line': b'-- Up-to-date: /root/lidar_system/install/rplidar_ros/share/rplidar_ros/launch/rplidar_a1_launch.py\n'}
[1.821946] (rplidar_ros) StdoutLine: {'line': b'-- Up-to-date: /root/lidar_system/install/rplidar_ros/share/rplidar_ros/launch/view_rplidar_s1_launch.py\n'}
[1.822340] (rplidar_ros) StdoutLine: {'line': b'-- Up-to-date: /root/lidar_system/install/rplidar_ros/share/rplidar_ros/launch/view_rplidar_s2_launch.py\n'}
[1.822728] (rplidar_ros) StdoutLine: {'line': b'-- Up-to-date: /root/lidar_system/install/rplidar_ros/share/rplidar_ros/launch/view_rplidar_s2e_launch.py\n'}
[1.823259] (rplidar_ros) StdoutLine: {'line': b'-- Up-to-date: /root/lidar_system/install/rplidar_ros/share/rplidar_ros/launch/view_rplidar_a2m12_launch.py\n'}
[1.823679] (rplidar_ros) StdoutLine: {'line': b'-- Up-to-date: /root/lidar_system/install/rplidar_ros/share/rplidar_ros/launch/rplidar_a2m7_launch.py\n'}
[1.824067] (rplidar_ros) StdoutLine: {'line': b'-- Up-to-date: /root/lidar_system/install/rplidar_ros/share/rplidar_ros/launch/rplidar_s2e_launch.py\n'}
[1.824452] (rplidar_ros) StdoutLine: {'line': b'-- Up-to-date: /root/lidar_system/install/rplidar_ros/share/rplidar_ros/launch/view_rplidar_s1_tcp_launch.py\n'}
[1.824875] (rplidar_ros) StdoutLine: {'line': b'-- Up-to-date: /root/lidar_system/install/rplidar_ros/share/rplidar_ros/launch/rplidar_a2m12_launch.py\n'}
[1.825309] (rplidar_ros) StdoutLine: {'line': b'-- Up-to-date: /root/lidar_system/install/rplidar_ros/share/rplidar_ros/launch/rplidar_s1_launch.py\n'}
[1.825693] (rplidar_ros) StdoutLine: {'line': b'-- Up-to-date: /root/lidar_system/install/rplidar_ros/share/rplidar_ros/launch/__pycache__\n'}
[1.826095] (rplidar_ros) StdoutLine: {'line': b'-- Installing: /root/lidar_system/install/rplidar_ros/share/rplidar_ros/launch/__pycache__/system_launch.cpython-38.pyc\n'}
[1.827346] (rplidar_ros) StdoutLine: {'line': b'-- Up-to-date: /root/lidar_system/install/rplidar_ros/share/rplidar_ros/launch/rplidar_s3_launch.py\n'}
[1.827900] (rplidar_ros) StdoutLine: {'line': b'-- Up-to-date: /root/lidar_system/install/rplidar_ros/share/rplidar_ros/launch/rplidar_a2m8_launch.py\n'}
[1.828337] (rplidar_ros) StdoutLine: {'line': b'-- Up-to-date: /root/lidar_system/install/rplidar_ros/share/rplidar_ros/launch/view_rplidar_t1_launch.py\n'}
[1.828745] (rplidar_ros) StdoutLine: {'line': b'-- Up-to-date: /root/lidar_system/install/rplidar_ros/share/rplidar_ros/launch/view_rplidar_a3_launch.py\n'}
[1.829141] (rplidar_ros) StdoutLine: {'line': b'-- Up-to-date: /root/lidar_system/install/rplidar_ros/share/rplidar_ros/launch/rplidar_c1_launch.py\n'}
[1.829522] (rplidar_ros) StdoutLine: {'line': b'-- Up-to-date: /root/lidar_system/install/rplidar_ros/share/rplidar_ros/launch/view_rplidar_s3_launch.py\n'}
[1.829905] (rplidar_ros) StdoutLine: {'line': b'-- Up-to-date: /root/lidar_system/install/rplidar_ros/share/rplidar_ros/launch/view_rplidar_c1_launch.py\n'}
[1.830297] (rplidar_ros) StdoutLine: {'line': b'-- Up-to-date: /root/lidar_system/install/rplidar_ros/share/rplidar_ros/rviz\n'}
[1.830687] (rplidar_ros) StdoutLine: {'line': b'-- Up-to-date: /root/lidar_system/install/rplidar_ros/share/rplidar_ros/rviz/rplidar_ros.rviz\n'}
[1.831183] (rplidar_ros) StdoutLine: {'line': b'-- Up-to-date: /root/lidar_system/install/rplidar_ros/lib/rplidar_ros/rplidar_node\n'}
[1.831604] (rplidar_ros) StdoutLine: {'line': b'-- Up-to-date: /root/lidar_system/install/rplidar_ros/lib/rplidar_ros/rplidar_composition\n'}
[1.832609] (rplidar_ros) StdoutLine: {'line': b'-- Up-to-date: /root/lidar_system/install/rplidar_ros/lib/rplidar_ros/rplidar_client\n'}
[1.835790] (rplidar_ros) StdoutLine: {'line': b'-- Up-to-date: /root/lidar_system/install/rplidar_ros/share/ament_index/resource_index/package_run_dependencies/rplidar_ros\n'}
[1.836363] (rplidar_ros) StdoutLine: {'line': b'-- Up-to-date: /root/lidar_system/install/rplidar_ros/share/ament_index/resource_index/parent_prefix_path/rplidar_ros\n'}
[1.836826] (rplidar_ros) StdoutLine: {'line': b'-- Up-to-date: /root/lidar_system/install/rplidar_ros/share/rplidar_ros/environment/ament_prefix_path.sh\n'}
[1.837234] (rplidar_ros) StdoutLine: {'line': b'-- Up-to-date: /root/lidar_system/install/rplidar_ros/share/rplidar_ros/environment/ament_prefix_path.dsv\n'}
[1.837645] (rplidar_ros) StdoutLine: {'line': b'-- Up-to-date: /root/lidar_system/install/rplidar_ros/share/rplidar_ros/environment/path.sh\n'}
[1.838035] (rplidar_ros) StdoutLine: {'line': b'-- Up-to-date: /root/lidar_system/install/rplidar_ros/share/rplidar_ros/environment/path.dsv\n'}
[1.838438] (rplidar_ros) StdoutLine: {'line': b'-- Up-to-date: /root/lidar_system/install/rplidar_ros/share/rplidar_ros/local_setup.bash\n'}
[1.838956] (rplidar_ros) StdoutLine: {'line': b'-- Up-to-date: /root/lidar_system/install/rplidar_ros/share/rplidar_ros/local_setup.sh\n'}
[1.846945] (rplidar_ros) StdoutLine: {'line': b'-- Up-to-date: /root/lidar_system/install/rplidar_ros/share/rplidar_ros/local_setup.zsh\n'}
[1.847532] (rplidar_ros) StdoutLine: {'line': b'-- Up-to-date: /root/lidar_system/install/rplidar_ros/share/rplidar_ros/local_setup.dsv\n'}
[1.848073] (rplidar_ros) StdoutLine: {'line': b'-- Installing: /root/lidar_system/install/rplidar_ros/share/rplidar_ros/package.dsv\n'}
[1.848545] (rplidar_ros) StdoutLine: {'line': b'-- Up-to-date: /root/lidar_system/install/rplidar_ros/share/ament_index/resource_index/packages/rplidar_ros\n'}
[1.849017] (rplidar_ros) StdoutLine: {'line': b'-- Up-to-date: /root/lidar_system/install/rplidar_ros/share/rplidar_ros/cmake/ament_cmake_export_dependencies-extras.cmake\n'}
[1.849479] (rplidar_ros) StdoutLine: {'line': b'-- Up-to-date: /root/lidar_system/install/rplidar_ros/share/rplidar_ros/cmake/ament_cmake_export_include_directories-extras.cmake\n'}
[1.849973] (rplidar_ros) StdoutLine: {'line': b'-- Up-to-date: /root/lidar_system/install/rplidar_ros/share/rplidar_ros/cmake/rplidar_rosConfig.cmake\n'}
[1.850563] (rplidar_ros) StdoutLine: {'line': b'-- Up-to-date: /root/lidar_system/install/rplidar_ros/share/rplidar_ros/cmake/rplidar_rosConfig-version.cmake\n'}
[1.851178] (rplidar_ros) StdoutLine: {'line': b'-- Up-to-date: /root/lidar_system/install/rplidar_ros/share/rplidar_ros/package.xml\n'}
[1.875033] (rplidar_ros) CommandEnded: {'returncode': 0}
[1.913039] (-) TimerEvent: {}
[2.013613] (-) TimerEvent: {}
[2.130547] (-) TimerEvent: {}
[2.232659] (-) TimerEvent: {}
[2.342972] (-) TimerEvent: {}
[2.448556] (-) TimerEvent: {}
[2.499261] (rplidar_ros) JobEnded: {'identifier': 'rplidar_ros', 'rc': 0}
[2.548762] (-) TimerEvent: {}
[2.649146] (-) TimerEvent: {}
[2.749580] (-) TimerEvent: {}
[2.849957] (-) TimerEvent: {}
[2.950352] (-) TimerEvent: {}
[3.050795] (-) TimerEvent: {}
[3.152744] (-) TimerEvent: {}
[3.253353] (-) TimerEvent: {}
[3.353759] (-) TimerEvent: {}
[3.454216] (-) TimerEvent: {}
[3.558963] (-) TimerEvent: {}
[3.660095] (-) TimerEvent: {}
[3.763075] (-) TimerEvent: {}
[3.867015] (-) TimerEvent: {}
[3.967492] (-) TimerEvent: {}
[4.067888] (-) TimerEvent: {}
[4.168332] (-) TimerEvent: {}
[4.268706] (-) TimerEvent: {}
[4.369082] (-) TimerEvent: {}
[4.469593] (-) TimerEvent: {}
[4.570046] (-) TimerEvent: {}
[4.670451] (-) TimerEvent: {}
[4.770930] (-) TimerEvent: {}
[4.871367] (-) TimerEvent: {}
[4.971776] (-) TimerEvent: {}
[5.073698] (-) TimerEvent: {}
[5.174140] (-) TimerEvent: {}
[5.274974] (-) TimerEvent: {}
[5.375371] (-) TimerEvent: {}
[5.475800] (-) TimerEvent: {}
[5.576225] (-) TimerEvent: {}
[5.676648] (-) TimerEvent: {}
[5.777047] (-) TimerEvent: {}
[5.877532] (-) TimerEvent: {}
[5.977921] (-) TimerEvent: {}
[6.079004] (-) TimerEvent: {}
[6.182950] (-) TimerEvent: {}
[6.283322] (-) TimerEvent: {}
[6.383739] (-) TimerEvent: {}
[6.484180] (-) TimerEvent: {}
[6.585399] (-) TimerEvent: {}
[6.686205] (-) TimerEvent: {}
[6.786745] (-) TimerEvent: {}
[6.887238] (-) TimerEvent: {}
[6.990775] (-) TimerEvent: {}
[7.091255] (-) TimerEvent: {}
[7.191647] (-) TimerEvent: {}
[7.293056] (-) TimerEvent: {}
[7.393426] (-) TimerEvent: {}
[7.493804] (-) TimerEvent: {}
[7.594251] (-) TimerEvent: {}
[7.695687] (-) TimerEvent: {}
[7.796151] (-) TimerEvent: {}
[7.896613] (-) TimerEvent: {}
[7.997009] (-) TimerEvent: {}
[8.097627] (-) TimerEvent: {}
[8.198951] (-) TimerEvent: {}
[8.299441] (-) TimerEvent: {}
[8.401891] (-) TimerEvent: {}
[8.502850] (-) TimerEvent: {}
[8.603231] (-) TimerEvent: {}
[8.703991] (-) TimerEvent: {}
[8.804537] (-) TimerEvent: {}
[8.908408] (-) TimerEvent: {}
[9.010727] (-) TimerEvent: {}
[9.111153] (-) TimerEvent: {}
[9.211570] (-) TimerEvent: {}
[9.312001] (-) TimerEvent: {}
[9.412454] (-) TimerEvent: {}
[9.512866] (-) TimerEvent: {}
[9.613292] (-) TimerEvent: {}
[9.713691] (-) TimerEvent: {}
[9.814164] (-) TimerEvent: {}
[9.914587] (-) TimerEvent: {}
[10.015028] (-) TimerEvent: {}
[10.115434] (-) TimerEvent: {}
[10.216350] (-) TimerEvent: {}
[10.316853] (-) TimerEvent: {}
[10.418991] (-) TimerEvent: {}
[10.519494] (-) TimerEvent: {}
[10.619868] (-) TimerEvent: {}
[10.720253] (-) TimerEvent: {}
[10.820702] (-) TimerEvent: {}
[10.921087] (-) TimerEvent: {}
[11.023828] (-) TimerEvent: {}
[11.126965] (-) TimerEvent: {}
[11.227358] (-) TimerEvent: {}
[11.327778] (-) TimerEvent: {}
[11.428769] (-) TimerEvent: {}
[11.529177] (-) TimerEvent: {}
[11.629759] (-) TimerEvent: {}
[11.730339] (-) TimerEvent: {}
[11.830723] (-) TimerEvent: {}
[11.931183] (-) TimerEvent: {}
[12.031574] (-) TimerEvent: {}
[12.131958] (-) TimerEvent: {}
[12.232366] (-) TimerEvent: {}
[12.332823] (-) TimerEvent: {}
[12.433285] (-) TimerEvent: {}
[12.536213] (-) TimerEvent: {}
[12.636607] (-) TimerEvent: {}
[12.742959] (-) TimerEvent: {}
[12.843337] (-) TimerEvent: {}
[12.943723] (-) TimerEvent: {}
[13.045724] (-) TimerEvent: {}
[13.146118] (-) TimerEvent: {}
[13.247830] (-) TimerEvent: {}
[13.348290] (-) TimerEvent: {}
[13.448721] (-) TimerEvent: {}
[13.549176] (-) TimerEvent: {}
[13.649579] (-) TimerEvent: {}
[13.749980] (-) TimerEvent: {}
[13.852126] (-) TimerEvent: {}
[13.952565] (-) TimerEvent: {}
[14.053230] (-) TimerEvent: {}
[14.153644] (-) TimerEvent: {}
[14.258960] (-) TimerEvent: {}
[14.362525] (-) TimerEvent: {}
[14.466676] (-) TimerEvent: {}
[14.567131] (-) TimerEvent: {}
[14.668713] (-) TimerEvent: {}
[14.769577] (-) TimerEvent: {}
[14.869952] (-) TimerEvent: {}
[14.970465] (-) TimerEvent: {}
[15.070914] (-) TimerEvent: {}
[15.171342] (-) TimerEvent: {}
[15.271740] (-) TimerEvent: {}
[15.372120] (-) TimerEvent: {}
[15.474968] (-) TimerEvent: {}
[15.578960] (-) TimerEvent: {}
[15.679342] (-) TimerEvent: {}
[15.781417] (-) TimerEvent: {}
[15.883036] (-) TimerEvent: {}
[15.985057] (-) TimerEvent: {}
[16.085461] (-) TimerEvent: {}
[16.185846] (-) TimerEvent: {}
[16.286238] (-) TimerEvent: {}
[16.386621] (-) TimerEvent: {}
[16.489150] (-) TimerEvent: {}
[16.589613] (-) TimerEvent: {}
[16.690128] (-) TimerEvent: {}
[16.790567] (-) TimerEvent: {}
[16.891068] (-) TimerEvent: {}
[16.991454] (-) TimerEvent: {}
[17.093681] (-) TimerEvent: {}
[17.194132] (-) TimerEvent: {}
[17.298931] (-) TimerEvent: {}
[17.401630] (-) TimerEvent: {}
[17.502030] (-) TimerEvent: {}
[17.602435] (-) TimerEvent: {}
[17.710923] (-) TimerEvent: {}
[17.812630] (-) TimerEvent: {}
[17.913021] (-) TimerEvent: {}
[18.013462] (-) TimerEvent: {}
[18.113944] (-) TimerEvent: {}
[18.214491] (-) TimerEvent: {}
[18.314940] (-) TimerEvent: {}
[18.415307] (-) TimerEvent: {}
[18.515834] (-) TimerEvent: {}
[18.616227] (-) TimerEvent: {}
[18.716623] (-) TimerEvent: {}
[18.817083] (-) TimerEvent: {}
[18.917479] (-) TimerEvent: {}
[19.017968] (-) TimerEvent: {}
[19.118689] (-) TimerEvent: {}
[19.219156] (-) TimerEvent: {}
[19.320157] (-) TimerEvent: {}
[19.420532] (-) TimerEvent: {}
[19.520955] (-) TimerEvent: {}
[19.621443] (-) TimerEvent: {}
[19.721830] (-) TimerEvent: {}
[19.822271] (-) TimerEvent: {}
[19.922706] (-) TimerEvent: {}
[20.023128] (-) TimerEvent: {}
[20.123503] (-) TimerEvent: {}
[20.223903] (-) TimerEvent: {}
[20.324277] (-) TimerEvent: {}
[20.424658] (-) TimerEvent: {}
[20.525026] (-) TimerEvent: {}
[20.625504] (-) TimerEvent: {}
[20.725971] (-) TimerEvent: {}
[20.826361] (-) TimerEvent: {}
[20.926744] (-) TimerEvent: {}
[21.027211] (-) TimerEvent: {}
[21.128565] (-) TimerEvent: {}
[21.228934] (-) TimerEvent: {}
[21.329345] (-) TimerEvent: {}
[21.429773] (-) TimerEvent: {}
[21.530307] (-) TimerEvent: {}
[21.630687] (-) TimerEvent: {}
[21.731251] (-) TimerEvent: {}
[21.831828] (-) TimerEvent: {}
[21.932240] (-) TimerEvent: {}
[22.032628] (-) TimerEvent: {}
[22.133077] (-) TimerEvent: {}
[22.234329] (-) TimerEvent: {}
[22.334954] (-) TimerEvent: {}
[22.435594] (-) TimerEvent: {}
[22.536035] (-) TimerEvent: {}
[22.636463] (-) TimerEvent: {}
[22.736956] (-) TimerEvent: {}
[22.837350] (-) TimerEvent: {}
[22.937795] (-) TimerEvent: {}
[23.038303] (-) TimerEvent: {}
[23.139009] (-) TimerEvent: {}
[23.239402] (-) TimerEvent: {}
[23.339807] (-) TimerEvent: {}
[23.440209] (-) TimerEvent: {}
[23.540732] (-) TimerEvent: {}
[23.642363] (-) TimerEvent: {}
[23.742980] (-) TimerEvent: {}
[23.845370] (-) TimerEvent: {}
[23.945762] (-) TimerEvent: {}
[24.046349] (-) TimerEvent: {}
[24.146787] (-) TimerEvent: {}
[24.247271] (-) TimerEvent: {}
[24.347664] (-) TimerEvent: {}
[24.450981] (-) TimerEvent: {}
[24.551375] (-) TimerEvent: {}
[24.654734] (-) TimerEvent: {}
[24.755273] (-) TimerEvent: {}
[24.858967] (-) TimerEvent: {}
[24.959359] (-) TimerEvent: {}
[25.059885] (-) TimerEvent: {}
[25.160370] (-) TimerEvent: {}
[25.260769] (-) TimerEvent: {}
[25.362965] (-) TimerEvent: {}
[25.464110] (-) TimerEvent: {}
[25.564548] (-) TimerEvent: {}
[25.664950] (-) TimerEvent: {}
[25.766970] (-) TimerEvent: {}
[25.867404] (-) TimerEvent: {}
[25.967780] (-) TimerEvent: {}
[26.068192] (-) TimerEvent: {}
[26.168625] (-) TimerEvent: {}
[26.269080] (-) TimerEvent: {}
[26.369978] (-) TimerEvent: {}
[26.470395] (-) TimerEvent: {}
[26.570787] (-) TimerEvent: {}
[26.671220] (-) TimerEvent: {}
[26.771615] (-) TimerEvent: {}
[26.872121] (-) TimerEvent: {}
[26.972503] (-) TimerEvent: {}
[27.072887] (-) TimerEvent: {}
[27.173287] (-) TimerEvent: {}
[27.274987] (-) TimerEvent: {}
[27.375438] (-) TimerEvent: {}
[27.475882] (-) TimerEvent: {}
[27.576292] (-) TimerEvent: {}
[27.676724] (-) TimerEvent: {}
[27.777128] (-) TimerEvent: {}
[27.877531] (-) TimerEvent: {}
[27.977913] (-) TimerEvent: {}
[28.078326] (-) TimerEvent: {}
[28.178734] (-) TimerEvent: {}
[28.279168] (-) TimerEvent: {}
[28.379633] (-) TimerEvent: {}
[28.480024] (-) TimerEvent: {}
[28.582946] (-) TimerEvent: {}
[28.683326] (-) TimerEvent: {}
[28.783714] (-) TimerEvent: {}
[28.886995] (-) TimerEvent: {}
[28.987391] (-) TimerEvent: {}
[29.087950] (-) TimerEvent: {}
[29.188444] (-) TimerEvent: {}
[29.288839] (-) TimerEvent: {}
[29.389263] (-) TimerEvent: {}
[29.489802] (-) TimerEvent: {}
[29.590192] (-) TimerEvent: {}
[29.690976] (-) TimerEvent: {}
[29.791573] (-) TimerEvent: {}
[29.892105] (-) TimerEvent: {}
[29.992660] (-) TimerEvent: {}
[30.093039] (-) TimerEvent: {}
[30.194996] (-) TimerEvent: {}
[30.295382] (-) TimerEvent: {}
[30.397272] (-) TimerEvent: {}
[30.499414] (-) TimerEvent: {}
[30.599881] (-) TimerEvent: {}
[30.700253] (-) TimerEvent: {}
[30.800645] (-) TimerEvent: {}
[30.901121] (-) TimerEvent: {}
[31.003017] (-) TimerEvent: {}
[31.103409] (-) TimerEvent: {}
[31.204049] (-) TimerEvent: {}
[31.304454] (-) TimerEvent: {}
[31.406962] (-) TimerEvent: {}
[31.507439] (-) TimerEvent: {}
[31.607834] (-) TimerEvent: {}
[31.714351] (-) TimerEvent: {}
[31.814940] (-) TimerEvent: {}
[31.915813] (-) TimerEvent: {}
[32.016207] (-) TimerEvent: {}
[32.118701] (-) TimerEvent: {}
[32.219185] (-) TimerEvent: {}
[32.319577] (-) TimerEvent: {}
[32.419981] (-) TimerEvent: {}
[32.520435] (-) TimerEvent: {}
[32.620828] (-) TimerEvent: {}
[32.721358] (-) TimerEvent: {}
[32.821994] (-) TimerEvent: {}
[32.922398] (-) TimerEvent: {}
[33.022857] (-) TimerEvent: {}
[33.123309] (-) TimerEvent: {}
[33.223846] (-) TimerEvent: {}
[33.327077] (-) TimerEvent: {}
[33.430622] (-) TimerEvent: {}
[33.531111] (-) TimerEvent: {}
[33.631662] (-) TimerEvent: {}
[33.732243] (-) TimerEvent: {}
[33.832935] (-) TimerEvent: {}
[33.933332] (-) TimerEvent: {}
[34.033785] (-) TimerEvent: {}
[34.134329] (-) TimerEvent: {}
[34.238036] (-) TimerEvent: {}
[34.338951] (-) TimerEvent: {}
[34.440604] (-) TimerEvent: {}
[34.541045] (-) TimerEvent: {}
[34.642961] (-) TimerEvent: {}
[34.744249] (-) TimerEvent: {}
[34.844686] (-) TimerEvent: {}
[34.945188] (-) TimerEvent: {}
[35.050517] (-) TimerEvent: {}
[35.150939] (-) TimerEvent: {}
[35.251325] (-) TimerEvent: {}
[35.353204] (-) TimerEvent: {}
[35.453818] (-) TimerEvent: {}
[35.554230] (-) TimerEvent: {}
[35.656137] (-) TimerEvent: {}
[35.756963] (-) TimerEvent: {}
[35.857379] (-) TimerEvent: {}
[35.957830] (-) TimerEvent: {}
[36.058965] (-) TimerEvent: {}
[36.159339] (-) TimerEvent: {}
[36.259802] (-) TimerEvent: {}
[36.360231] (-) TimerEvent: {}
[36.462969] (-) TimerEvent: {}
[36.563549] (-) TimerEvent: {}
[36.663934] (-) TimerEvent: {}
[36.764305] (-) TimerEvent: {}
[36.864818] (-) TimerEvent: {}
[36.965228] (-) TimerEvent: {}
[37.065963] (-) TimerEvent: {}
[37.166347] (-) TimerEvent: {}
[37.266738] (-) TimerEvent: {}
[37.367578] (-) TimerEvent: {}
[37.467975] (-) TimerEvent: {}
[37.568348] (-) TimerEvent: {}
[37.668746] (-) TimerEvent: {}
[37.769580] (-) TimerEvent: {}
[37.869960] (-) TimerEvent: {}
[37.970601] (-) TimerEvent: {}
[38.071605] (-) TimerEvent: {}
[38.172010] (-) TimerEvent: {}
[38.272407] (-) TimerEvent: {}
[38.372822] (-) TimerEvent: {}
[38.473252] (-) TimerEvent: {}
[38.577527] (-) TimerEvent: {}
[38.679474] (-) TimerEvent: {}
[38.779894] (-) TimerEvent: {}
[38.880306] (-) TimerEvent: {}
[38.980693] (-) TimerEvent: {}
[39.081106] (-) TimerEvent: {}
[39.181548] (-) TimerEvent: {}
[39.282647] (-) TimerEvent: {}
[39.386640] (-) TimerEvent: {}
[39.487061] (-) TimerEvent: {}
[39.590965] (-) TimerEvent: {}
[39.691349] (-) TimerEvent: {}
[39.792353] (-) TimerEvent: {}
[39.893476] (-) TimerEvent: {}
[39.994376] (-) TimerEvent: {}
[40.095629] (-) TimerEvent: {}
[40.196479] (-) TimerEvent: {}
[40.296902] (-) TimerEvent: {}
[40.397273] (-) TimerEvent: {}
[40.503330] (-) TimerEvent: {}
[40.603818] (-) TimerEvent: {}
[40.704321] (-) TimerEvent: {}
[40.804710] (-) TimerEvent: {}
[40.905139] (-) TimerEvent: {}
[41.005552] (-) TimerEvent: {}
[41.112204] (-) TimerEvent: {}
[41.212598] (-) TimerEvent: {}
[41.313211] (-) TimerEvent: {}
[41.413596] (-) TimerEvent: {}
[41.513986] (-) TimerEvent: {}
[41.614378] (-) TimerEvent: {}
[41.716145] (-) TimerEvent: {}
[41.816590] (-) TimerEvent: {}
[41.918278] (-) TimerEvent: {}
[42.019025] (-) TimerEvent: {}
[42.119423] (-) TimerEvent: {}
[42.219957] (-) TimerEvent: {}
[42.320337] (-) TimerEvent: {}
[42.423021] (-) TimerEvent: {}
[42.523400] (-) TimerEvent: {}
[42.626639] (-) TimerEvent: {}
[42.729293] (-) TimerEvent: {}
[42.830000] (-) TimerEvent: {}
[42.930399] (-) TimerEvent: {}
[43.030778] (-) TimerEvent: {}
[43.134902] (-) TimerEvent: {}
[43.235327] (-) TimerEvent: {}
[43.335812] (-) TimerEvent: {}
[43.436215] (-) TimerEvent: {}
[43.536603] (-) TimerEvent: {}
[43.637410] (-) TimerEvent: {}
[43.737881] (-) TimerEvent: {}
[43.839176] (-) TimerEvent: {}
[43.942956] (-) TimerEvent: {}
[44.043520] (-) TimerEvent: {}
[44.143904] (-) TimerEvent: {}
[44.244313] (-) TimerEvent: {}
[44.345666] (-) TimerEvent: {}
[44.447028] (-) TimerEvent: {}
[44.547509] (-) TimerEvent: {}
[44.647966] (-) TimerEvent: {}
[44.748368] (-) TimerEvent: {}
[44.848822] (-) TimerEvent: {}
[44.949191] (-) TimerEvent: {}
[45.049809] (-) TimerEvent: {}
[45.154952] (-) TimerEvent: {}
[45.255341] (-) TimerEvent: {}
[45.355734] (-) TimerEvent: {}
[45.456140] (-) TimerEvent: {}
[45.556537] (-) TimerEvent: {}
[45.656934] (-) TimerEvent: {}
[45.757321] (-) TimerEvent: {}
[45.857714] (-) TimerEvent: {}
[45.958146] (-) TimerEvent: {}
[46.058522] (-) TimerEvent: {}
[46.162956] (-) TimerEvent: {}
[46.263323] (-) TimerEvent: {}
[46.363705] (-) TimerEvent: {}
[46.464101] (-) TimerEvent: {}
[46.564497] (-) TimerEvent: {}
[46.664876] (-) TimerEvent: {}
[46.766981] (-) TimerEvent: {}
[46.867379] (-) TimerEvent: {}
[46.967769] (-) TimerEvent: {}
[47.068198] (-) TimerEvent: {}
[47.168619] (-) TimerEvent: {}
[47.269019] (-) TimerEvent: {}
[47.270991] (servo_control) StdoutLine: {'line': b'[ 60%] Linking CXX executable scan_sequence_node\n'}
[47.369211] (-) TimerEvent: {}
[47.469648] (-) TimerEvent: {}
[47.570085] (-) TimerEvent: {}
[47.670574] (-) TimerEvent: {}
[47.773144] (-) TimerEvent: {}
[47.873548] (-) TimerEvent: {}
[47.974004] (-) TimerEvent: {}
[48.074403] (-) TimerEvent: {}
[48.174893] (-) TimerEvent: {}
[48.275284] (-) TimerEvent: {}
[48.375687] (-) TimerEvent: {}
[48.476128] (-) TimerEvent: {}
[48.576838] (-) TimerEvent: {}
[48.677692] (-) TimerEvent: {}
[48.778663] (-) TimerEvent: {}
[48.882969] (-) TimerEvent: {}
[48.984561] (-) TimerEvent: {}
[49.086945] (-) TimerEvent: {}
[49.187553] (-) TimerEvent: {}
[49.287967] (-) TimerEvent: {}
[49.306679] (servo_control) StdoutLine: {'line': b'[ 60%] Built target scan_sequence_node\n'}
[49.388162] (-) TimerEvent: {}
[49.488579] (-) TimerEvent: {}
[49.508290] (servo_control) StdoutLine: {'line': b'[ 80%] Built target lidar_pointcloud_node\n'}
[49.588814] (-) TimerEvent: {}
[49.689198] (-) TimerEvent: {}
[49.703154] (servo_control) StdoutLine: {'line': b'[100%] Built target target_tracker_node\n'}
[49.756974] (servo_control) CommandEnded: {'returncode': 0}
[49.789530] (-) TimerEvent: {}
[49.890000] (-) TimerEvent: {}
[49.938712] (servo_control) JobProgress: {'identifier': 'servo_control', 'progress': 'install'}
[49.939361] (servo_control) Command: {'cmd': ['/usr/bin/cmake', '--install', '/root/lidar_system/build/servo_control'], 'cwd': '/root/lidar_system/build/servo_control', 'env': OrderedDict([('HOSTNAME', 'ubuntu-desktop'), ('SHLVL', '1'), ('LD_LIBRARY_PATH', '/opt/ros/foxy/opt/yaml_cpp_vendor/lib:/opt/ros/foxy/opt/rviz_ogre_vendor/lib:/opt/ros/foxy/lib/aarch64-linux-gnu:/opt/ros/foxy/lib'), ('HOME', '/root'), ('OLDPWD', '/'), ('ROS_PYTHON_VERSION', '3'), ('ROS_DISTRO', 'foxy'), ('_', '/usr/bin/colcon'), ('ROS_VERSION', '2'), ('ROS_LOCALHOST_ONLY', '0'), ('QT_X11_NO_MITSHM', '1'), ('PATH', '/opt/ros/foxy/bin:/usr/local/sbin:/usr/local/bin:/usr/sbin:/usr/bin:/sbin:/bin'), ('FASTRTPS_DEFAULT_PROFILES_FILE', '/fastdds.xml'), ('DISPLAY', ':0'), ('LANG', 'C.UTF-8'), ('RMW_IMPLEMENTATION', 'rmw_fastrtps_cpp'), ('ROS_DOMAIN_ID', '0'), ('AMENT_PREFIX_PATH', '/opt/ros/foxy'), ('PWD', '/root/lidar_system/build/servo_control'), ('LC_ALL', 'C.UTF-8'), ('PYTHONPATH', '/opt/ros/foxy/lib/python3.8/site-packages'), ('COLCON', '1'), ('CMAKE_PREFIX_PATH', '/opt/ros/foxy')]), 'shell': False}
[49.985937] (servo_control) StdoutLine: {'line': b'-- Install configuration: ""\n'}
[49.987750] (servo_control) StdoutLine: {'line': b'-- Up-to-date: /root/lidar_system/install/servo_control/lib/servo_control/dynamic_tf_broadcaster\n'}
[49.988966] (servo_control) StdoutLine: {'line': b'-- Up-to-date: /root/lidar_system/install/servo_control/lib/servo_control/lidar_pointcloud_node\n'}
[49.990846] (servo_control) StdoutLine: {'line': b'-- Installing: /root/lidar_system/install/servo_control/lib/servo_control/scan_sequence_node\n'}
[49.991449] (-) TimerEvent: {}
[50.012085] (servo_control) StdoutLine: {'line': b'-- Set runtime path of "/root/lidar_system/install/servo_control/lib/servo_control/scan_sequence_node" to ""\n'}
[50.012931] (servo_control) StdoutLine: {'line': b'-- Up-to-date: /root/lidar_system/install/servo_control/lib/servo_control/target_tracker_node\n'}
[50.016845] (servo_control) StdoutLine: {'line': b'-- Up-to-date: /root/lidar_system/install/servo_control/lib/servo_control/mavros_tf_node\n'}
[50.017786] (servo_control) StdoutLine: {'line': b'-- Up-to-date: /root/lidar_system/install/servo_control/share/servo_control/environment/pythonpath.sh\n'}
[50.018587] (servo_control) StdoutLine: {'line': b'-- Up-to-date: /root/lidar_system/install/servo_control/share/servo_control/environment/pythonpath.dsv\n'}
[50.019504] (servo_control) StdoutLine: {'line': b'-- Up-to-date: /root/lidar_system/install/servo_control/lib/python3.8/site-packages/servo_control\n'}
[50.022919] (servo_control) StdoutLine: {'line': b'-- Up-to-date: /root/lidar_system/install/servo_control/lib/python3.8/site-packages/servo_control/__init__.py\n'}
[50.093436] (-) TimerEvent: {}
[50.180444] (servo_control) StdoutLine: {'line': b"Listing '/root/lidar_system/install/servo_control/lib/python3.8/site-packages/servo_control'...\n"}
[50.193684] (-) TimerEvent: {}
[50.207160] (servo_control) StdoutLine: {'line': b'-- Up-to-date: /root/lidar_system/install/servo_control/lib/servo_control/servo_motor_node.py\n'}
[50.215314] (servo_control) StdoutLine: {'line': b'-- Up-to-date: /root/lidar_system/install/servo_control/lib/servo_control/lidar_bbox_open3d.py\n'}
[50.216181] (servo_control) StdoutLine: {'line': b'-- Up-to-date: /root/lidar_system/install/servo_control/share/ament_index/resource_index/package_run_dependencies/servo_control\n'}
[50.228377] (servo_control) StdoutLine: {'line': b'-- Up-to-date: /root/lidar_system/install/servo_control/share/ament_index/resource_index/parent_prefix_path/servo_control\n'}
[50.254049] (servo_control) StdoutLine: {'line': b'-- Up-to-date: /root/lidar_system/install/servo_control/share/servo_control/environment/ament_prefix_path.sh\n'}
[50.255988] (servo_control) StdoutLine: {'line': b'-- Up-to-date: /root/lidar_system/install/servo_control/share/servo_control/environment/ament_prefix_path.dsv\n'}
[50.257563] (servo_control) StdoutLine: {'line': b'-- Up-to-date: /root/lidar_system/install/servo_control/share/servo_control/environment/path.sh\n'}
[50.259546] (servo_control) StdoutLine: {'line': b'-- Up-to-date: /root/lidar_system/install/servo_control/share/servo_control/environment/path.dsv\n'}
[50.260760] (servo_control) StdoutLine: {'line': b'-- Up-to-date: /root/lidar_system/install/servo_control/share/servo_control/local_setup.bash\n'}
[50.262110] (servo_control) StdoutLine: {'line': b'-- Up-to-date: /root/lidar_system/install/servo_control/share/servo_control/local_setup.sh\n'}
[50.263200] (servo_control) StdoutLine: {'line': b'-- Up-to-date: /root/lidar_system/install/servo_control/share/servo_control/local_setup.zsh\n'}
[50.264371] (servo_control) StdoutLine: {'line': b'-- Up-to-date: /root/lidar_system/install/servo_control/share/servo_control/local_setup.dsv\n'}
[50.265686] (servo_control) StdoutLine: {'line': b'-- Installing: /root/lidar_system/install/servo_control/share/servo_control/package.dsv\n'}
[50.267172] (servo_control) StdoutLine: {'line': b'-- Up-to-date: /root/lidar_system/install/servo_control/share/ament_index/resource_index/packages/servo_control\n'}
[50.267961] (servo_control) StdoutLine: {'line': b'-- Up-to-date: /root/lidar_system/install/servo_control/share/servo_control/cmake/servo_controlConfig.cmake\n'}
[50.268883] (servo_control) StdoutLine: {'line': b'-- Up-to-date: /root/lidar_system/install/servo_control/share/servo_control/cmake/servo_controlConfig-version.cmake\n'}
[50.269662] (servo_control) StdoutLine: {'line': b'-- Up-to-date: /root/lidar_system/install/servo_control/share/servo_control/package.xml\n'}
[50.270990] (servo_control) CommandEnded: {'returncode': 0}
[50.300140] (-) TimerEvent: {}
[50.400722] (-) TimerEvent: {}
[50.501285] (-) TimerEvent: {}
[50.603299] (-) TimerEvent: {}
[50.618182] (servo_control) JobEnded: {'identifier': 'servo_control', 'rc': 0}
[50.622698] (-) EventReactorShutdown: {}
