[0.063s] Invoking command in '/root/lidar_system/build/servo_control': CMAKE_PREFIX_PATH=/opt/ros/foxy /usr/bin/cmake --build /root/lidar_system/build/servo_control -- -j4 -l4
[0.406s] [ 20%] Built target dynamic_tf_broadcaster
[0.418s] [ 40%] Built target mavros_tf_node
[0.431s] [ 60%] Built target target_tracker_node
[0.458s] [ 80%] Built target lidar_pointcloud_node
[0.517s] Scanning dependencies of target scan_sequence_node
[0.577s] [ 90%] Building CXX object CMakeFiles/scan_sequence_node.dir/src/scan_sequence_node.cpp.o
[33.004s] [100%] Linking CXX executable scan_sequence_node
[34.746s] [100%] Built target scan_sequence_node
[34.784s] Invoked command in '/root/lidar_system/build/servo_control' returned '0': CMAKE_PREFIX_PATH=/opt/ros/foxy /usr/bin/cmake --build /root/lidar_system/build/servo_control -- -j4 -l4
[34.885s] Invoking command in '/root/lidar_system/build/servo_control': CMAKE_PREFIX_PATH=/opt/ros/foxy /usr/bin/cmake --install /root/lidar_system/build/servo_control
[34.922s] -- Install configuration: ""
[34.925s] -- Up-to-date: /root/lidar_system/install/servo_control/lib/servo_control/dynamic_tf_broadcaster
[34.928s] -- Up-to-date: /root/lidar_system/install/servo_control/lib/servo_control/lidar_pointcloud_node
[34.931s] -- Installing: /root/lidar_system/install/servo_control/lib/servo_control/scan_sequence_node
[34.947s] -- Set runtime path of "/root/lidar_system/install/servo_control/lib/servo_control/scan_sequence_node" to ""
[34.949s] -- Up-to-date: /root/lidar_system/install/servo_control/lib/servo_control/target_tracker_node
[34.955s] -- Up-to-date: /root/lidar_system/install/servo_control/lib/servo_control/mavros_tf_node
[34.957s] -- Up-to-date: /root/lidar_system/install/servo_control/share/servo_control/environment/pythonpath.sh
[34.957s] -- Up-to-date: /root/lidar_system/install/servo_control/share/servo_control/environment/pythonpath.dsv
[34.958s] -- Up-to-date: /root/lidar_system/install/servo_control/lib/python3.8/site-packages/servo_control
[34.958s] -- Up-to-date: /root/lidar_system/install/servo_control/lib/python3.8/site-packages/servo_control/__init__.py
[35.067s] Listing '/root/lidar_system/install/servo_control/lib/python3.8/site-packages/servo_control'...
[35.086s] -- Up-to-date: /root/lidar_system/install/servo_control/lib/servo_control/servo_motor_node.py
[35.087s] -- Up-to-date: /root/lidar_system/install/servo_control/share/ament_index/resource_index/package_run_dependencies/servo_control
[35.088s] -- Up-to-date: /root/lidar_system/install/servo_control/share/ament_index/resource_index/parent_prefix_path/servo_control
[35.089s] -- Up-to-date: /root/lidar_system/install/servo_control/share/servo_control/environment/ament_prefix_path.sh
[35.090s] -- Up-to-date: /root/lidar_system/install/servo_control/share/servo_control/environment/ament_prefix_path.dsv
[35.090s] -- Up-to-date: /root/lidar_system/install/servo_control/share/servo_control/environment/path.sh
[35.091s] -- Up-to-date: /root/lidar_system/install/servo_control/share/servo_control/environment/path.dsv
[35.092s] -- Up-to-date: /root/lidar_system/install/servo_control/share/servo_control/local_setup.bash
[35.092s] -- Up-to-date: /root/lidar_system/install/servo_control/share/servo_control/local_setup.sh
[35.092s] -- Up-to-date: /root/lidar_system/install/servo_control/share/servo_control/local_setup.zsh
[35.093s] -- Up-to-date: /root/lidar_system/install/servo_control/share/servo_control/local_setup.dsv
[35.093s] -- Installing: /root/lidar_system/install/servo_control/share/servo_control/package.dsv
[35.094s] -- Up-to-date: /root/lidar_system/install/servo_control/share/ament_index/resource_index/packages/servo_control
[35.094s] -- Up-to-date: /root/lidar_system/install/servo_control/share/servo_control/cmake/servo_controlConfig.cmake
[35.094s] -- Up-to-date: /root/lidar_system/install/servo_control/share/servo_control/cmake/servo_controlConfig-version.cmake
[35.095s] -- Up-to-date: /root/lidar_system/install/servo_control/share/servo_control/package.xml
[35.108s] Invoked command in '/root/lidar_system/build/servo_control' returned '0': CMAKE_PREFIX_PATH=/opt/ros/foxy /usr/bin/cmake --install /root/lidar_system/build/servo_control
