[0.000000] (-) TimerEvent: {}
[0.000488] (rplidar_ros) JobQueued: {'identifier': 'rplidar_ros', 'dependencies': OrderedDict()}
[0.000849] (servo_control) JobQueued: {'identifier': 'servo_control', 'dependencies': OrderedDict()}
[0.002752] (rplidar_ros) JobStarted: {'identifier': 'rplidar_ros'}
[0.056769] (servo_control) JobStarted: {'identifier': 'servo_control'}
[0.099141] (-) TimerEvent: {}
[0.100605] (rplidar_ros) JobProgress: {'identifier': 'rplidar_ros', 'progress': 'cmake'}
[0.105384] (rplidar_ros) JobProgress: {'identifier': 'rplidar_ros', 'progress': 'build'}
[0.110105] (rplidar_ros) Command: {'cmd': ['/usr/bin/cmake', '--build', '/root/lidar_system/build/rplidar_ros', '--', '-j4', '-l4'], 'cwd': '/root/lidar_system/build/rplidar_ros', 'env': OrderedDict([('HOSTNAME', 'ubuntu-desktop'), ('SHLVL', '1'), ('LD_LIBRARY_PATH', '/opt/ros/foxy/opt/yaml_cpp_vendor/lib:/opt/ros/foxy/opt/rviz_ogre_vendor/lib:/opt/ros/foxy/lib/aarch64-linux-gnu:/opt/ros/foxy/lib'), ('HOME', '/root'), ('OLDPWD', '/'), ('ROS_PYTHON_VERSION', '3'), ('ROS_DISTRO', 'foxy'), ('_', '/usr/bin/colcon'), ('ROS_VERSION', '2'), ('ROS_LOCALHOST_ONLY', '0'), ('QT_X11_NO_MITSHM', '1'), ('PATH', '/opt/ros/foxy/bin:/usr/local/sbin:/usr/local/bin:/usr/sbin:/usr/bin:/sbin:/bin'), ('FASTRTPS_DEFAULT_PROFILES_FILE', '/fastdds.xml'), ('DISPLAY', ':0'), ('LANG', 'C.UTF-8'), ('RMW_IMPLEMENTATION', 'rmw_fastrtps_cpp'), ('ROS_DOMAIN_ID', '0'), ('AMENT_PREFIX_PATH', '/opt/ros/foxy'), ('PWD', '/root/lidar_system/build/rplidar_ros'), ('LC_ALL', 'C.UTF-8'), ('PYTHONPATH', '/opt/ros/foxy/lib/python3.8/site-packages'), ('COLCON', '1'), ('CMAKE_PREFIX_PATH', '/opt/ros/foxy')]), 'shell': False}
[0.126561] (servo_control) JobProgress: {'identifier': 'servo_control', 'progress': 'cmake'}
[0.130601] (servo_control) JobProgress: {'identifier': 'servo_control', 'progress': 'build'}
[0.132667] (servo_control) Command: {'cmd': ['/usr/bin/cmake', '--build', '/root/lidar_system/build/servo_control', '--', '-j4', '-l4'], 'cwd': '/root/lidar_system/build/servo_control', 'env': OrderedDict([('HOSTNAME', 'ubuntu-desktop'), ('SHLVL', '1'), ('LD_LIBRARY_PATH', '/opt/ros/foxy/opt/yaml_cpp_vendor/lib:/opt/ros/foxy/opt/rviz_ogre_vendor/lib:/opt/ros/foxy/lib/aarch64-linux-gnu:/opt/ros/foxy/lib'), ('HOME', '/root'), ('OLDPWD', '/'), ('ROS_PYTHON_VERSION', '3'), ('ROS_DISTRO', 'foxy'), ('_', '/usr/bin/colcon'), ('ROS_VERSION', '2'), ('ROS_LOCALHOST_ONLY', '0'), ('QT_X11_NO_MITSHM', '1'), ('PATH', '/opt/ros/foxy/bin:/usr/local/sbin:/usr/local/bin:/usr/sbin:/usr/bin:/sbin:/bin'), ('FASTRTPS_DEFAULT_PROFILES_FILE', '/fastdds.xml'), ('DISPLAY', ':0'), ('LANG', 'C.UTF-8'), ('RMW_IMPLEMENTATION', 'rmw_fastrtps_cpp'), ('ROS_DOMAIN_ID', '0'), ('AMENT_PREFIX_PATH', '/opt/ros/foxy'), ('PWD', '/root/lidar_system/build/servo_control'), ('LC_ALL', 'C.UTF-8'), ('PYTHONPATH', '/opt/ros/foxy/lib/python3.8/site-packages'), ('COLCON', '1'), ('CMAKE_PREFIX_PATH', '/opt/ros/foxy')]), 'shell': False}
[0.199373] (-) TimerEvent: {}
[0.271418] (servo_control) StdoutLine: {'line': b'-- Found ament_cmake: 0.9.12 (/opt/ros/foxy/share/ament_cmake/cmake)\n'}
[0.299505] (-) TimerEvent: {}
[0.384058] (servo_control) StdoutLine: {'line': b'-- Found PythonInterp: /usr/bin/python3 (found suitable version "3.8.10", minimum required is "3") \n'}
[0.385675] (servo_control) StdoutLine: {'line': b'-- Using PYTHON_EXECUTABLE: /usr/bin/python3\n'}
[0.399685] (-) TimerEvent: {}
[0.481358] (rplidar_ros) StdoutLine: {'line': b'[ 92%] Built target rplidar_composition\n'}
[0.482079] (rplidar_ros) StdoutLine: {'line': b'[ 94%] Built target rplidar_node\n'}
[0.496753] (rplidar_ros) StdoutLine: {'line': b'[100%] Built target rplidar_client\n'}
[0.499850] (-) TimerEvent: {}
[0.540407] (rplidar_ros) CommandEnded: {'returncode': 0}
[0.600145] (-) TimerEvent: {}
[0.700850] (-) TimerEvent: {}
[0.771198] (rplidar_ros) JobProgress: {'identifier': 'rplidar_ros', 'progress': 'install'}
[0.801131] (-) TimerEvent: {}
[0.811628] (rplidar_ros) Command: {'cmd': ['/usr/bin/cmake', '--install', '/root/lidar_system/build/rplidar_ros'], 'cwd': '/root/lidar_system/build/rplidar_ros', 'env': OrderedDict([('HOSTNAME', 'ubuntu-desktop'), ('SHLVL', '1'), ('LD_LIBRARY_PATH', '/opt/ros/foxy/opt/yaml_cpp_vendor/lib:/opt/ros/foxy/opt/rviz_ogre_vendor/lib:/opt/ros/foxy/lib/aarch64-linux-gnu:/opt/ros/foxy/lib'), ('HOME', '/root'), ('OLDPWD', '/'), ('ROS_PYTHON_VERSION', '3'), ('ROS_DISTRO', 'foxy'), ('_', '/usr/bin/colcon'), ('ROS_VERSION', '2'), ('ROS_LOCALHOST_ONLY', '0'), ('QT_X11_NO_MITSHM', '1'), ('PATH', '/opt/ros/foxy/bin:/usr/local/sbin:/usr/local/bin:/usr/sbin:/usr/bin:/sbin:/bin'), ('FASTRTPS_DEFAULT_PROFILES_FILE', '/fastdds.xml'), ('DISPLAY', ':0'), ('LANG', 'C.UTF-8'), ('RMW_IMPLEMENTATION', 'rmw_fastrtps_cpp'), ('ROS_DOMAIN_ID', '0'), ('AMENT_PREFIX_PATH', '/opt/ros/foxy'), ('PWD', '/root/lidar_system/build/rplidar_ros'), ('LC_ALL', 'C.UTF-8'), ('PYTHONPATH', '/opt/ros/foxy/lib/python3.8/site-packages'), ('COLCON', '1'), ('CMAKE_PREFIX_PATH', '/opt/ros/foxy')]), 'shell': False}
[0.849377] (rplidar_ros) StdoutLine: {'line': b'-- Install configuration: ""\n'}
[0.850161] (rplidar_ros) StdoutLine: {'line': b'-- Up-to-date: /root/lidar_system/install/rplidar_ros/share/rplidar_ros/launch\n'}
[0.850831] (rplidar_ros) StdoutLine: {'line': b'-- Up-to-date: /root/lidar_system/install/rplidar_ros/share/rplidar_ros/launch/rplidar_a3_launch.py\n'}
[0.851797] (rplidar_ros) StdoutLine: {'line': b'-- Up-to-date: /root/lidar_system/install/rplidar_ros/share/rplidar_ros/launch/view_rplidar_a2m8_launch.py\n'}
[0.852173] (rplidar_ros) StdoutLine: {'line': b'-- Up-to-date: /root/lidar_system/install/rplidar_ros/share/rplidar_ros/launch/view_rplidar_a2m7_launch.py\n'}
[0.852622] (rplidar_ros) StdoutLine: {'line': b'-- Up-to-date: /root/lidar_system/install/rplidar_ros/share/rplidar_ros/launch/rplidar_s2_launch.py\n'}
[0.853018] (rplidar_ros) StdoutLine: {'line': b'-- Up-to-date: /root/lidar_system/install/rplidar_ros/share/rplidar_ros/launch/rplidar_s1_tcp_launch.py\n'}
[0.853371] (rplidar_ros) StdoutLine: {'line': b'-- Up-to-date: /root/lidar_system/install/rplidar_ros/share/rplidar_ros/launch/view_rplidar_a1_launch.py\n'}
[0.853696] (rplidar_ros) StdoutLine: {'line': b'-- Up-to-date: /root/lidar_system/install/rplidar_ros/share/rplidar_ros/launch/rplidar_t1_launch.py\n'}
[0.854021] (rplidar_ros) StdoutLine: {'line': b'-- Up-to-date: /root/lidar_system/install/rplidar_ros/share/rplidar_ros/launch/system_launch.py\n'}
[0.854340] (rplidar_ros) StdoutLine: {'line': b'-- Up-to-date: /root/lidar_system/install/rplidar_ros/share/rplidar_ros/launch/rplidar_a1_launch.py\n'}
[0.854657] (rplidar_ros) StdoutLine: {'line': b'-- Up-to-date: /root/lidar_system/install/rplidar_ros/share/rplidar_ros/launch/view_rplidar_s1_launch.py\n'}
[0.855477] (rplidar_ros) StdoutLine: {'line': b'-- Up-to-date: /root/lidar_system/install/rplidar_ros/share/rplidar_ros/launch/view_rplidar_s2_launch.py\n'}
[0.857354] (rplidar_ros) StdoutLine: {'line': b'-- Up-to-date: /root/lidar_system/install/rplidar_ros/share/rplidar_ros/launch/view_rplidar_s2e_launch.py\n'}
[0.858442] (rplidar_ros) StdoutLine: {'line': b'-- Up-to-date: /root/lidar_system/install/rplidar_ros/share/rplidar_ros/launch/view_rplidar_a2m12_launch.py\n'}
[0.859462] (rplidar_ros) StdoutLine: {'line': b'-- Up-to-date: /root/lidar_system/install/rplidar_ros/share/rplidar_ros/launch/rplidar_a2m7_launch.py\n'}
[0.863251] (rplidar_ros) StdoutLine: {'line': b'-- Up-to-date: /root/lidar_system/install/rplidar_ros/share/rplidar_ros/launch/rplidar_s2e_launch.py\n'}
[0.864767] (rplidar_ros) StdoutLine: {'line': b'-- Up-to-date: /root/lidar_system/install/rplidar_ros/share/rplidar_ros/launch/view_rplidar_s1_tcp_launch.py\n'}
[0.865501] (rplidar_ros) StdoutLine: {'line': b'-- Up-to-date: /root/lidar_system/install/rplidar_ros/share/rplidar_ros/launch/rplidar_a2m12_launch.py\n'}
[0.876989] (rplidar_ros) StdoutLine: {'line': b'-- Up-to-date: /root/lidar_system/install/rplidar_ros/share/rplidar_ros/launch/rplidar_s1_launch.py\n'}
[0.877776] (rplidar_ros) StdoutLine: {'line': b'-- Up-to-date: /root/lidar_system/install/rplidar_ros/share/rplidar_ros/launch/__pycache__\n'}
[0.878423] (rplidar_ros) StdoutLine: {'line': b'-- Installing: /root/lidar_system/install/rplidar_ros/share/rplidar_ros/launch/__pycache__/system_launch.cpython-38.pyc\n'}
[0.880992] (rplidar_ros) StdoutLine: {'line': b'-- Up-to-date: /root/lidar_system/install/rplidar_ros/share/rplidar_ros/launch/rplidar_s3_launch.py\n'}
[0.881517] (rplidar_ros) StdoutLine: {'line': b'-- Up-to-date: /root/lidar_system/install/rplidar_ros/share/rplidar_ros/launch/rplidar_a2m8_launch.py\n'}
[0.882171] (rplidar_ros) StdoutLine: {'line': b'-- Up-to-date: /root/lidar_system/install/rplidar_ros/share/rplidar_ros/launch/view_rplidar_t1_launch.py\n'}
[0.882793] (rplidar_ros) StdoutLine: {'line': b'-- Up-to-date: /root/lidar_system/install/rplidar_ros/share/rplidar_ros/launch/view_rplidar_a3_launch.py\n'}
[0.883184] (rplidar_ros) StdoutLine: {'line': b'-- Up-to-date: /root/lidar_system/install/rplidar_ros/share/rplidar_ros/launch/rplidar_c1_launch.py\n'}
[0.883870] (rplidar_ros) StdoutLine: {'line': b'-- Up-to-date: /root/lidar_system/install/rplidar_ros/share/rplidar_ros/launch/view_rplidar_s3_launch.py\n'}
[0.884282] (rplidar_ros) StdoutLine: {'line': b'-- Up-to-date: /root/lidar_system/install/rplidar_ros/share/rplidar_ros/launch/view_rplidar_c1_launch.py\n'}
[0.884965] (rplidar_ros) StdoutLine: {'line': b'-- Up-to-date: /root/lidar_system/install/rplidar_ros/share/rplidar_ros/rviz\n'}
[0.885347] (rplidar_ros) StdoutLine: {'line': b'-- Up-to-date: /root/lidar_system/install/rplidar_ros/share/rplidar_ros/rviz/rplidar_ros.rviz\n'}
[0.885981] (rplidar_ros) StdoutLine: {'line': b'-- Up-to-date: /root/lidar_system/install/rplidar_ros/lib/rplidar_ros/rplidar_node\n'}
[0.887973] (rplidar_ros) StdoutLine: {'line': b'-- Up-to-date: /root/lidar_system/install/rplidar_ros/lib/rplidar_ros/rplidar_composition\n'}
[0.888569] (rplidar_ros) StdoutLine: {'line': b'-- Up-to-date: /root/lidar_system/install/rplidar_ros/lib/rplidar_ros/rplidar_client\n'}
[0.889037] (rplidar_ros) StdoutLine: {'line': b'-- Up-to-date: /root/lidar_system/install/rplidar_ros/share/ament_index/resource_index/package_run_dependencies/rplidar_ros\n'}
[0.889552] (rplidar_ros) StdoutLine: {'line': b'-- Up-to-date: /root/lidar_system/install/rplidar_ros/share/ament_index/resource_index/parent_prefix_path/rplidar_ros\n'}
[0.890092] (rplidar_ros) StdoutLine: {'line': b'-- Up-to-date: /root/lidar_system/install/rplidar_ros/share/rplidar_ros/environment/ament_prefix_path.sh\n'}
[0.890593] (rplidar_ros) StdoutLine: {'line': b'-- Up-to-date: /root/lidar_system/install/rplidar_ros/share/rplidar_ros/environment/ament_prefix_path.dsv\n'}
[0.891047] (rplidar_ros) StdoutLine: {'line': b'-- Up-to-date: /root/lidar_system/install/rplidar_ros/share/rplidar_ros/environment/path.sh\n'}
[0.891574] (rplidar_ros) StdoutLine: {'line': b'-- Up-to-date: /root/lidar_system/install/rplidar_ros/share/rplidar_ros/environment/path.dsv\n'}
[0.892089] (rplidar_ros) StdoutLine: {'line': b'-- Up-to-date: /root/lidar_system/install/rplidar_ros/share/rplidar_ros/local_setup.bash\n'}
[0.892915] (rplidar_ros) StdoutLine: {'line': b'-- Up-to-date: /root/lidar_system/install/rplidar_ros/share/rplidar_ros/local_setup.sh\n'}
[0.893589] (rplidar_ros) StdoutLine: {'line': b'-- Up-to-date: /root/lidar_system/install/rplidar_ros/share/rplidar_ros/local_setup.zsh\n'}
[0.896466] (rplidar_ros) StdoutLine: {'line': b'-- Up-to-date: /root/lidar_system/install/rplidar_ros/share/rplidar_ros/local_setup.dsv\n'}
[0.897616] (rplidar_ros) StdoutLine: {'line': b'-- Installing: /root/lidar_system/install/rplidar_ros/share/rplidar_ros/package.dsv\n'}
[0.898239] (rplidar_ros) StdoutLine: {'line': b'-- Up-to-date: /root/lidar_system/install/rplidar_ros/share/ament_index/resource_index/packages/rplidar_ros\n'}
[0.903759] (-) TimerEvent: {}
[0.904002] (rplidar_ros) StdoutLine: {'line': b'-- Up-to-date: /root/lidar_system/install/rplidar_ros/share/rplidar_ros/cmake/ament_cmake_export_dependencies-extras.cmake\n'}
[0.904782] (rplidar_ros) StdoutLine: {'line': b'-- Up-to-date: /root/lidar_system/install/rplidar_ros/share/rplidar_ros/cmake/ament_cmake_export_include_directories-extras.cmake\n'}
[0.905439] (rplidar_ros) StdoutLine: {'line': b'-- Up-to-date: /root/lidar_system/install/rplidar_ros/share/rplidar_ros/cmake/rplidar_rosConfig.cmake\n'}
[0.905997] (rplidar_ros) StdoutLine: {'line': b'-- Up-to-date: /root/lidar_system/install/rplidar_ros/share/rplidar_ros/cmake/rplidar_rosConfig-version.cmake\n'}
[0.906535] (rplidar_ros) StdoutLine: {'line': b'-- Up-to-date: /root/lidar_system/install/rplidar_ros/share/rplidar_ros/package.xml\n'}
[0.907078] (rplidar_ros) CommandEnded: {'returncode': 0}
[1.005136] (-) TimerEvent: {}
[1.105919] (-) TimerEvent: {}
[1.206334] (-) TimerEvent: {}
[1.285091] (rplidar_ros) JobEnded: {'identifier': 'rplidar_ros', 'rc': 0}
[1.306563] (-) TimerEvent: {}
[1.407054] (-) TimerEvent: {}
[1.434539] (servo_control) StdoutLine: {'line': b'-- Found rclcpp: 2.4.3 (/opt/ros/foxy/share/rclcpp/cmake)\n'}
[1.507295] (-) TimerEvent: {}
[1.607718] (-) TimerEvent: {}
[1.627039] (servo_control) StdoutLine: {'line': b'-- Using all available rosidl_typesupport_c: rosidl_typesupport_fastrtps_c;rosidl_typesupport_introspection_c\n'}
[1.641656] (servo_control) StdoutLine: {'line': b'-- Found rosidl_adapter: 1.3.1 (/opt/ros/foxy/share/rosidl_adapter/cmake)\n'}
[1.707894] (-) TimerEvent: {}
[1.808286] (-) TimerEvent: {}
[1.908738] (-) TimerEvent: {}
[2.009252] (-) TimerEvent: {}
[2.109644] (-) TimerEvent: {}
[2.210027] (-) TimerEvent: {}
[2.310395] (-) TimerEvent: {}
[2.410770] (-) TimerEvent: {}
[2.455203] (servo_control) StdoutLine: {'line': b'-- Using all available rosidl_typesupport_cpp: rosidl_typesupport_fastrtps_cpp;rosidl_typesupport_introspection_cpp\n'}
[2.510943] (-) TimerEvent: {}
[2.611308] (-) TimerEvent: {}
[2.683749] (servo_control) StdoutLine: {'line': b'-- Found rmw_implementation_cmake: 1.0.4 (/opt/ros/foxy/share/rmw_implementation_cmake/cmake)\n'}
[2.689574] (servo_control) StdoutLine: {'line': b"-- Using RMW implementation 'rmw_fastrtps_cpp' as default\n"}
[2.711494] (-) TimerEvent: {}
[2.811886] (-) TimerEvent: {}
[2.912247] (-) TimerEvent: {}
[3.012650] (-) TimerEvent: {}
[3.113006] (-) TimerEvent: {}
[3.213357] (-) TimerEvent: {}
[3.313795] (-) TimerEvent: {}
[3.365393] (servo_control) StdoutLine: {'line': b'-- Found geometry_msgs: 2.0.5 (/opt/ros/foxy/share/geometry_msgs/cmake)\n'}
[3.413959] (-) TimerEvent: {}
[3.514349] (-) TimerEvent: {}
[3.519941] (servo_control) StdoutLine: {'line': b'-- Found sensor_msgs: 2.0.5 (/opt/ros/foxy/share/sensor_msgs/cmake)\n'}
[3.614517] (-) TimerEvent: {}
[3.714882] (-) TimerEvent: {}
[3.815239] (-) TimerEvent: {}
[3.848874] (servo_control) StdoutLine: {'line': b'-- Found tf2_ros: 0.13.14 (/opt/ros/foxy/share/tf2_ros/cmake)\n'}
[3.915411] (-) TimerEvent: {}
[4.015815] (-) TimerEvent: {}
[4.116169] (-) TimerEvent: {}
[4.216567] (-) TimerEvent: {}
[4.316966] (-) TimerEvent: {}
[4.417355] (-) TimerEvent: {}
[4.517742] (-) TimerEvent: {}
[4.618134] (-) TimerEvent: {}
[4.718528] (-) TimerEvent: {}
[4.818920] (-) TimerEvent: {}
[4.919324] (-) TimerEvent: {}
[5.019718] (-) TimerEvent: {}
[5.120110] (-) TimerEvent: {}
[5.220541] (-) TimerEvent: {}
[5.320925] (-) TimerEvent: {}
[5.421314] (-) TimerEvent: {}
[5.449530] (servo_control) StdoutLine: {'line': b'-- Found laser_geometry: 2.2.0 (/opt/ros/foxy/share/laser_geometry/cmake)\n'}
[5.467729] (servo_control) StdoutLine: {'line': b'-- Found tf2_sensor_msgs: 0.13.14 (/opt/ros/foxy/share/tf2_sensor_msgs/cmake)\n'}
[5.521485] (-) TimerEvent: {}
[5.548871] (servo_control) StdoutLine: {'line': b'-- Found visualization_msgs: 2.0.5 (/opt/ros/foxy/share/visualization_msgs/cmake)\n'}
[5.621657] (-) TimerEvent: {}
[5.722040] (-) TimerEvent: {}
[5.822433] (-) TimerEvent: {}
[5.900170] (servo_control) StdoutLine: {'line': b'-- Found octomap_msgs: 2.0.0 (/opt/ros/foxy/share/octomap_msgs/cmake)\n'}
[5.922612] (-) TimerEvent: {}
[6.022983] (-) TimerEvent: {}
[6.123404] (-) TimerEvent: {}
[6.217105] (servo_control) StdoutLine: {'line': b'-- Found rosidl_default_generators: 1.0.1 (/opt/ros/foxy/share/rosidl_default_generators/cmake)\n'}
[6.223580] (-) TimerEvent: {}
[6.323937] (-) TimerEvent: {}
[6.344322] (servo_control) StdoutLine: {'line': b'-- Found PythonInterp: /usr/bin/python3 (found version "3.8.10") \n'}
[6.424168] (-) TimerEvent: {}
[6.524643] (-) TimerEvent: {}
[6.624993] (-) TimerEvent: {}
[6.725324] (-) TimerEvent: {}
[6.825803] (-) TimerEvent: {}
[6.896498] (servo_control) StdoutLine: {'line': b'-- Found ament_cmake_ros: 0.9.2 (/opt/ros/foxy/share/ament_cmake_ros/cmake)\n'}
[6.926054] (-) TimerEvent: {}
[7.026437] (-) TimerEvent: {}
[7.126796] (-) TimerEvent: {}
[7.227141] (-) TimerEvent: {}
[7.327479] (-) TimerEvent: {}
[7.427822] (-) TimerEvent: {}
[7.528225] (-) TimerEvent: {}
[7.612462] (servo_control) StdoutLine: {'line': b'-- Using all available rosidl_typesupport_c: rosidl_typesupport_fastrtps_c;rosidl_typesupport_introspection_c\n'}
[7.628369] (-) TimerEvent: {}
[7.649341] (servo_control) StdoutLine: {'line': b'-- Using all available rosidl_typesupport_cpp: rosidl_typesupport_fastrtps_cpp;rosidl_typesupport_introspection_cpp\n'}
[7.728627] (-) TimerEvent: {}
[7.741029] (servo_control) StdoutLine: {'line': b'-- Found PythonInterp: /usr/bin/python3 (found suitable version "3.8.10", minimum required is "3.5") \n'}
[7.760333] (servo_control) StdoutLine: {'line': b'-- Found python_cmake_module: 0.8.1 (/opt/ros/foxy/share/python_cmake_module/cmake)\n'}
[7.828771] (-) TimerEvent: {}
[7.885554] (servo_control) StdoutLine: {'line': b'-- Found PythonLibs: /usr/lib/aarch64-linux-gnu/libpython3.8.so (found suitable version "3.8.10", minimum required is "3.5") \n'}
[7.886917] (servo_control) StdoutLine: {'line': b'-- Using PYTHON_EXECUTABLE: /usr/bin/python3\n'}
[7.887396] (servo_control) StdoutLine: {'line': b'-- Using PYTHON_INCLUDE_DIRS: /usr/include/python3.8\n'}
[7.887779] (servo_control) StdoutLine: {'line': b'-- Using PYTHON_LIBRARIES: /usr/lib/aarch64-linux-gnu/libpython3.8.so\n'}
[7.928921] (-) TimerEvent: {}
[7.969829] (servo_control) StdoutLine: {'line': b'-- Found PythonExtra: .so  \n'}
[8.029160] (-) TimerEvent: {}
[8.116048] (servo_control) StdoutLine: {'line': b'-- Found ament_lint_auto: 0.9.8 (/opt/ros/foxy/share/ament_lint_auto/cmake)\n'}
[8.129263] (-) TimerEvent: {}
[8.178953] (servo_control) StdoutLine: {'line': b'-- Configuring done\n'}
[8.229439] (-) TimerEvent: {}
[8.329847] (-) TimerEvent: {}
[8.430292] (-) TimerEvent: {}
[8.506960] (servo_control) StdoutLine: {'line': b'-- Generating done\n'}
[8.524321] (servo_control) StdoutLine: {'line': b'-- Build files have been written to: /root/lidar_system/build/servo_control\n'}
[8.530454] (-) TimerEvent: {}
[8.630955] (-) TimerEvent: {}
[8.657564] (servo_control) StdoutLine: {'line': b'Scanning dependencies of target mavros_tf_node\n'}
[8.673600] (servo_control) StdoutLine: {'line': b'Scanning dependencies of target servo_control__cpp\n'}
[8.682621] (servo_control) StdoutLine: {'line': b'Scanning dependencies of target lidar_pointcloud_node\n'}
[8.726307] (servo_control) StdoutLine: {'line': b'[  2%] Building CXX object CMakeFiles/mavros_tf_node.dir/src/mavros_tf_node.cpp.o\n'}
[8.727575] (servo_control) StdoutLine: {'line': b'[  4%] Generating C++ code for ROS interfaces\n'}
[8.731047] (-) TimerEvent: {}
[8.739092] (servo_control) StdoutLine: {'line': b'Scanning dependencies of target scan_sequence_node\n'}
[8.809506] (servo_control) StdoutLine: {'line': b'[  6%] Building CXX object CMakeFiles/lidar_pointcloud_node.dir/src/lidar_pointcloud_node.cpp.o\n'}
[8.831236] (-) TimerEvent: {}
[8.833119] (servo_control) StdoutLine: {'line': b'[  9%] Building CXX object CMakeFiles/scan_sequence_node.dir/src/scan_sequence_node.cpp.o\n'}
[8.931391] (-) TimerEvent: {}
[9.031751] (-) TimerEvent: {}
[9.132235] (-) TimerEvent: {}
[9.232695] (-) TimerEvent: {}
[9.333217] (-) TimerEvent: {}
[9.433658] (-) TimerEvent: {}
[9.534034] (-) TimerEvent: {}
[9.634429] (-) TimerEvent: {}
[9.734798] (-) TimerEvent: {}
[9.835211] (-) TimerEvent: {}
[9.935555] (-) TimerEvent: {}
[10.035921] (-) TimerEvent: {}
[10.138756] (-) TimerEvent: {}
[10.239162] (-) TimerEvent: {}
[10.339543] (-) TimerEvent: {}
[10.439932] (-) TimerEvent: {}
[10.519841] (servo_control) StdoutLine: {'line': b'[  9%] Built target servo_control__cpp\n'}
[10.540215] (-) TimerEvent: {}
[10.588003] (servo_control) StdoutLine: {'line': b'[ 11%] Generating C code for ROS interfaces\n'}
[10.640854] (-) TimerEvent: {}
[10.741238] (-) TimerEvent: {}
[10.842336] (-) TimerEvent: {}
[10.942726] (-) TimerEvent: {}
[11.043180] (-) TimerEvent: {}
[11.143588] (-) TimerEvent: {}
[11.243963] (-) TimerEvent: {}
[11.344362] (-) TimerEvent: {}
[11.444776] (-) TimerEvent: {}
[11.545154] (-) TimerEvent: {}
[11.645566] (-) TimerEvent: {}
[11.745982] (-) TimerEvent: {}
[11.848373] (-) TimerEvent: {}
[11.950590] (-) TimerEvent: {}
[12.050974] (-) TimerEvent: {}
[12.151354] (-) TimerEvent: {}
[12.251741] (-) TimerEvent: {}
[12.352706] (-) TimerEvent: {}
[12.469182] (-) TimerEvent: {}
[12.581404] (-) TimerEvent: {}
[12.583463] (servo_control) StdoutLine: {'line': b'Scanning dependencies of target servo_control__rosidl_generator_c\n'}
[12.673350] (servo_control) StdoutLine: {'line': b'[ 13%] Building C object CMakeFiles/servo_control__rosidl_generator_c.dir/rosidl_generator_c/servo_control/srv/detail/get_local_dimensions__functions.c.o\n'}
[12.685544] (-) TimerEvent: {}
[12.785957] (-) TimerEvent: {}
[12.891159] (-) TimerEvent: {}
[12.992059] (-) TimerEvent: {}
[13.092468] (-) TimerEvent: {}
[13.192952] (-) TimerEvent: {}
[13.293342] (-) TimerEvent: {}
[13.334745] (servo_control) StdoutLine: {'line': b'[ 16%] Linking C shared library libservo_control__rosidl_generator_c.so\n'}
[13.393689] (-) TimerEvent: {}
[13.506499] (-) TimerEvent: {}
[13.608996] (-) TimerEvent: {}
[13.618939] (servo_control) StdoutLine: {'line': b'[ 16%] Built target servo_control__rosidl_generator_c\n'}
[13.680682] (servo_control) StdoutLine: {'line': b'[ 18%] Generating C++ introspection for ROS interfaces\n'}
[13.711639] (-) TimerEvent: {}
[13.812963] (-) TimerEvent: {}
[13.913326] (-) TimerEvent: {}
[14.013705] (-) TimerEvent: {}
[14.114077] (-) TimerEvent: {}
[14.214740] (-) TimerEvent: {}
[14.315694] (-) TimerEvent: {}
[14.416097] (-) TimerEvent: {}
[14.516480] (-) TimerEvent: {}
[14.616908] (-) TimerEvent: {}
[14.717363] (-) TimerEvent: {}
[14.817743] (-) TimerEvent: {}
[14.918118] (-) TimerEvent: {}
[15.018512] (-) TimerEvent: {}
[15.119306] (-) TimerEvent: {}
[15.220201] (-) TimerEvent: {}
[15.232786] (servo_control) StdoutLine: {'line': b'Scanning dependencies of target servo_control__rosidl_typesupport_introspection_cpp\n'}
[15.306850] (servo_control) StdoutLine: {'line': b'[ 20%] Building CXX object CMakeFiles/servo_control__rosidl_typesupport_introspection_cpp.dir/rosidl_typesupport_introspection_cpp/servo_control/srv/detail/get_local_dimensions__type_support.cpp.o\n'}
[15.320404] (-) TimerEvent: {}
[15.420809] (-) TimerEvent: {}
[15.521193] (-) TimerEvent: {}
[15.621579] (-) TimerEvent: {}
[15.721983] (-) TimerEvent: {}
[15.822378] (-) TimerEvent: {}
[15.922779] (-) TimerEvent: {}
[16.023181] (-) TimerEvent: {}
[16.124135] (-) TimerEvent: {}
[16.229147] (-) TimerEvent: {}
[16.329797] (-) TimerEvent: {}
[16.438942] (-) TimerEvent: {}
[16.539345] (-) TimerEvent: {}
[16.639742] (-) TimerEvent: {}
[16.740139] (-) TimerEvent: {}
[16.840569] (-) TimerEvent: {}
[16.940959] (-) TimerEvent: {}
[16.959093] (servo_control) StdoutLine: {'line': b'[ 23%] Linking CXX shared library libservo_control__rosidl_typesupport_introspection_cpp.so\n'}
[17.041145] (-) TimerEvent: {}
[17.141956] (-) TimerEvent: {}
[17.183732] (servo_control) StderrLine: {'line': b'/root/lidar_system/servo_control/src/scan_sequence_node.cpp: In constructor \xe2\x80\x98ScanSequenceNode::ScanSequenceNode()\xe2\x80\x99:\n'}
[17.184630] (servo_control) StderrLine: {'line': b'/root/lidar_system/servo_control/src/scan_sequence_node.cpp:668:16: warning: \xe2\x80\x98ScanSequenceNode::tilt_settle_start_\xe2\x80\x99 will be initialized after [-Wreorder]\n'}
[17.185277] (servo_control) StderrLine: {'line': b'  668 |   rclcpp::Time tilt_settle_start_;\n'}
[17.185848] (servo_control) StderrLine: {'line': b'      |                ^~~~~~~~~~~~~~~~~~\n'}
[17.187271] (servo_control) StderrLine: {'line': b'/root/lidar_system/servo_control/src/scan_sequence_node.cpp:645:16: warning:   \xe2\x80\x98rclcpp::Time ScanSequenceNode::last_target_time_\xe2\x80\x99 [-Wreorder]\n'}
[17.187991] (servo_control) StderrLine: {'line': b'  645 |   rclcpp::Time last_target_time_;\n'}
[17.188621] (servo_control) StderrLine: {'line': b'      |                ^~~~~~~~~~~~~~~~~\n'}
[17.190001] (servo_control) StderrLine: {'line': b'/root/lidar_system/servo_control/src/scan_sequence_node.cpp:14:3: warning:   when initialized here [-Wreorder]\n'}
[17.190675] (servo_control) StderrLine: {'line': b'   14 |   ScanSequenceNode()\n'}
[17.191232] (servo_control) StderrLine: {'line': b'      |   ^~~~~~~~~~~~~~~~\n'}
[17.242150] (-) TimerEvent: {}
[17.273735] (servo_control) StdoutLine: {'line': b'[ 23%] Built target servo_control__rosidl_typesupport_introspection_cpp\n'}
[17.320787] (servo_control) StdoutLine: {'line': b'[ 25%] Generating C introspection for ROS interfaces\n'}
[17.342343] (-) TimerEvent: {}
[17.442730] (-) TimerEvent: {}
[17.543114] (-) TimerEvent: {}
[17.643499] (-) TimerEvent: {}
[17.743863] (-) TimerEvent: {}
[17.844229] (-) TimerEvent: {}
[17.944627] (-) TimerEvent: {}
[18.045006] (-) TimerEvent: {}
[18.145369] (-) TimerEvent: {}
[18.245748] (-) TimerEvent: {}
[18.346432] (-) TimerEvent: {}
[18.446814] (-) TimerEvent: {}
[18.547203] (-) TimerEvent: {}
[18.647602] (-) TimerEvent: {}
[18.748989] (-) TimerEvent: {}
[18.849407] (-) TimerEvent: {}
[18.949826] (-) TimerEvent: {}
[18.984369] (servo_control) StdoutLine: {'line': b'Scanning dependencies of target servo_control__rosidl_typesupport_introspection_c\n'}
[19.050015] (-) TimerEvent: {}
[19.050847] (servo_control) StdoutLine: {'line': b'[ 27%] Building C object CMakeFiles/servo_control__rosidl_typesupport_introspection_c.dir/rosidl_typesupport_introspection_c/servo_control/srv/detail/get_local_dimensions__type_support.c.o\n'}
[19.150518] (-) TimerEvent: {}
[19.250914] (-) TimerEvent: {}
[19.276441] (servo_control) StdoutLine: {'line': b'[ 30%] Linking C shared library libservo_control__rosidl_typesupport_introspection_c.so\n'}
[19.351196] (-) TimerEvent: {}
[19.451979] (-) TimerEvent: {}
[19.456190] (servo_control) StdoutLine: {'line': b'[ 30%] Built target servo_control__rosidl_typesupport_introspection_c\n'}
[19.553745] (-) TimerEvent: {}
[19.579665] (servo_control) StdoutLine: {'line': b'Scanning dependencies of target target_tracker_node\n'}
[19.657210] (-) TimerEvent: {}
[19.733969] (servo_control) StdoutLine: {'line': b'[ 32%] Building CXX object CMakeFiles/target_tracker_node.dir/src/target_tracker_node.cpp.o\n'}
[19.757282] (-) TimerEvent: {}
[19.857676] (-) TimerEvent: {}
[19.958062] (-) TimerEvent: {}
[20.058454] (-) TimerEvent: {}
[20.158846] (-) TimerEvent: {}
[20.259236] (-) TimerEvent: {}
[20.359630] (-) TimerEvent: {}
[20.460021] (-) TimerEvent: {}
[20.560417] (-) TimerEvent: {}
[20.661211] (-) TimerEvent: {}
[20.762158] (-) TimerEvent: {}
[20.863104] (-) TimerEvent: {}
[20.963501] (-) TimerEvent: {}
[21.063903] (-) TimerEvent: {}
[21.164298] (-) TimerEvent: {}
[21.264682] (-) TimerEvent: {}
[21.365078] (-) TimerEvent: {}
[21.474829] (-) TimerEvent: {}
[21.575224] (-) TimerEvent: {}
[21.675625] (-) TimerEvent: {}
[21.776028] (-) TimerEvent: {}
[21.876433] (-) TimerEvent: {}
[21.976865] (-) TimerEvent: {}
[22.077265] (-) TimerEvent: {}
[22.177798] (-) TimerEvent: {}
[22.278263] (-) TimerEvent: {}
[22.378646] (-) TimerEvent: {}
[22.479036] (-) TimerEvent: {}
[22.579422] (-) TimerEvent: {}
[22.680762] (-) TimerEvent: {}
[22.781162] (-) TimerEvent: {}
[22.881557] (-) TimerEvent: {}
[22.981965] (-) TimerEvent: {}
[23.082374] (-) TimerEvent: {}
[23.182940] (-) TimerEvent: {}
[23.283421] (-) TimerEvent: {}
[23.383823] (-) TimerEvent: {}
[23.484223] (-) TimerEvent: {}
[23.584667] (-) TimerEvent: {}
[23.685049] (-) TimerEvent: {}
[23.791590] (-) TimerEvent: {}
[23.891994] (-) TimerEvent: {}
[23.992400] (-) TimerEvent: {}
[24.092839] (-) TimerEvent: {}
[24.193276] (-) TimerEvent: {}
[24.293683] (-) TimerEvent: {}
[24.394255] (-) TimerEvent: {}
[24.494652] (-) TimerEvent: {}
[24.595340] (-) TimerEvent: {}
[24.695818] (-) TimerEvent: {}
[24.800069] (-) TimerEvent: {}
[24.900543] (-) TimerEvent: {}
[25.000941] (-) TimerEvent: {}
[25.127675] (-) TimerEvent: {}
[25.228045] (-) TimerEvent: {}
[25.328568] (-) TimerEvent: {}
[25.428957] (-) TimerEvent: {}
[25.541946] (-) TimerEvent: {}
[25.642828] (-) TimerEvent: {}
[25.743235] (-) TimerEvent: {}
[25.843630] (-) TimerEvent: {}
[25.944014] (-) TimerEvent: {}
[26.044563] (-) TimerEvent: {}
[26.145033] (-) TimerEvent: {}
[26.245444] (-) TimerEvent: {}
[26.347993] (-) TimerEvent: {}
[26.448392] (-) TimerEvent: {}
[26.550258] (-) TimerEvent: {}
[26.650699] (-) TimerEvent: {}
[26.751109] (-) TimerEvent: {}
[26.851535] (-) TimerEvent: {}
[26.957258] (-) TimerEvent: {}
[27.057647] (-) TimerEvent: {}
[27.158041] (-) TimerEvent: {}
[27.258438] (-) TimerEvent: {}
[27.358828] (-) TimerEvent: {}
[27.459234] (-) TimerEvent: {}
[27.513979] (servo_control) StderrLine: {'line': b'/root/lidar_system/servo_control/src/target_tracker_node.cpp: In constructor \xe2\x80\x98TargetTrackerNode::TargetTrackerNode()\xe2\x80\x99:\n'}
[27.515015] (servo_control) StderrLine: {'line': b'/root/lidar_system/servo_control/src/target_tracker_node.cpp:327:7: warning: \xe2\x80\x98TargetTrackerNode::scan_count_\xe2\x80\x99 will be initialized after [-Wreorder]\n'}
[27.515543] (servo_control) StderrLine: {'line': b'  327 |   int scan_count_;\n'}
[27.516011] (servo_control) StderrLine: {'line': b'      |       ^~~~~~~~~~~\n'}
[27.516423] (servo_control) StderrLine: {'line': b'/root/lidar_system/servo_control/src/target_tracker_node.cpp:326:8: warning:   \xe2\x80\x98bool TargetTrackerNode::capture_next_\xe2\x80\x99 [-Wreorder]\n'}
[27.516926] (servo_control) StderrLine: {'line': b'  326 |   bool capture_next_;\n'}
[27.517362] (servo_control) StderrLine: {'line': b'      |        ^~~~~~~~~~~~~\n'}
[27.517779] (servo_control) StderrLine: {'line': b'/root/lidar_system/servo_control/src/target_tracker_node.cpp:14:3: warning:   when initialized here [-Wreorder]\n'}
[27.518192] (servo_control) StderrLine: {'line': b'   14 |   TargetTrackerNode()\n'}
[27.518585] (servo_control) StderrLine: {'line': b'      |   ^~~~~~~~~~~~~~~~~\n'}
[27.518978] (servo_control) StderrLine: {'line': b'/root/lidar_system/servo_control/src/target_tracker_node.cpp:326:8: warning: \xe2\x80\x98TargetTrackerNode::capture_next_\xe2\x80\x99 will be initialized after [-Wreorder]\n'}
[27.519402] (servo_control) StderrLine: {'line': b'  326 |   bool capture_next_;\n'}
[27.519805] (servo_control) StderrLine: {'line': b'      |        ^~~~~~~~~~~~~\n'}
[27.520219] (servo_control) StderrLine: {'line': b'/root/lidar_system/servo_control/src/target_tracker_node.cpp:325:8: warning:   \xe2\x80\x98bool TargetTrackerNode::bg_valid_\xe2\x80\x99 [-Wreorder]\n'}
[27.520847] (servo_control) StderrLine: {'line': b'  325 |   bool bg_valid_;\n'}
[27.521311] (servo_control) StderrLine: {'line': b'      |        ^~~~~~~~~\n'}
[27.521733] (servo_control) StderrLine: {'line': b'/root/lidar_system/servo_control/src/target_tracker_node.cpp:14:3: warning:   when initialized here [-Wreorder]\n'}
[27.522141] (servo_control) StderrLine: {'line': b'   14 |   TargetTrackerNode()\n'}
[27.522523] (servo_control) StderrLine: {'line': b'      |   ^~~~~~~~~~~~~~~~~\n'}
[27.559419] (-) TimerEvent: {}
[27.659810] (-) TimerEvent: {}
[27.760210] (-) TimerEvent: {}
[27.860625] (-) TimerEvent: {}
[27.961148] (-) TimerEvent: {}
[28.061617] (-) TimerEvent: {}
[28.162017] (-) TimerEvent: {}
[28.262436] (-) TimerEvent: {}
[28.362857] (-) TimerEvent: {}
[28.463271] (-) TimerEvent: {}
[28.565114] (-) TimerEvent: {}
[28.665609] (-) TimerEvent: {}
[28.766004] (-) TimerEvent: {}
[28.866409] (-) TimerEvent: {}
[28.966843] (-) TimerEvent: {}
[29.067274] (-) TimerEvent: {}
[29.167676] (-) TimerEvent: {}
[29.268130] (-) TimerEvent: {}
[29.368571] (-) TimerEvent: {}
[29.468971] (-) TimerEvent: {}
[29.569370] (-) TimerEvent: {}
[29.669866] (-) TimerEvent: {}
[29.770312] (-) TimerEvent: {}
[29.870707] (-) TimerEvent: {}
[29.971110] (-) TimerEvent: {}
[30.071514] (-) TimerEvent: {}
[30.171938] (-) TimerEvent: {}
[30.272345] (-) TimerEvent: {}
[30.372834] (-) TimerEvent: {}
[30.473241] (-) TimerEvent: {}
[30.573639] (-) TimerEvent: {}
[30.674037] (-) TimerEvent: {}
[30.774439] (-) TimerEvent: {}
[30.874849] (-) TimerEvent: {}
[30.975251] (-) TimerEvent: {}
[31.075672] (-) TimerEvent: {}
[31.176082] (-) TimerEvent: {}
[31.276487] (-) TimerEvent: {}
[31.376915] (-) TimerEvent: {}
[31.477305] (-) TimerEvent: {}
[31.577843] (-) TimerEvent: {}
[31.678310] (-) TimerEvent: {}
[31.778700] (-) TimerEvent: {}
[31.879097] (-) TimerEvent: {}
[31.979502] (-) TimerEvent: {}
[32.079917] (-) TimerEvent: {}
[32.180329] (-) TimerEvent: {}
[32.280722] (-) TimerEvent: {}
[32.381107] (-) TimerEvent: {}
[32.481513] (-) TimerEvent: {}
[32.581922] (-) TimerEvent: {}
[32.682327] (-) TimerEvent: {}
[32.782887] (-) TimerEvent: {}
[32.883287] (-) TimerEvent: {}
[32.983681] (-) TimerEvent: {}
[33.084082] (-) TimerEvent: {}
[33.184582] (-) TimerEvent: {}
[33.284963] (-) TimerEvent: {}
[33.385350] (-) TimerEvent: {}
[33.485748] (-) TimerEvent: {}
[33.586151] (-) TimerEvent: {}
[33.686545] (-) TimerEvent: {}
[33.786945] (-) TimerEvent: {}
[33.887348] (-) TimerEvent: {}
[33.987752] (-) TimerEvent: {}
[34.088151] (-) TimerEvent: {}
[34.188581] (-) TimerEvent: {}
[34.288969] (-) TimerEvent: {}
[34.389361] (-) TimerEvent: {}
[34.489752] (-) TimerEvent: {}
[34.590159] (-) TimerEvent: {}
[34.690562] (-) TimerEvent: {}
[34.790956] (-) TimerEvent: {}
[34.891356] (-) TimerEvent: {}
[34.991754] (-) TimerEvent: {}
[35.092164] (-) TimerEvent: {}
[35.192596] (-) TimerEvent: {}
[35.292965] (-) TimerEvent: {}
[35.393359] (-) TimerEvent: {}
[35.493747] (-) TimerEvent: {}
[35.594139] (-) TimerEvent: {}
[35.694664] (-) TimerEvent: {}
[35.795191] (-) TimerEvent: {}
[35.895648] (-) TimerEvent: {}
[35.996038] (-) TimerEvent: {}
[36.096437] (-) TimerEvent: {}
[36.196848] (-) TimerEvent: {}
[36.297229] (-) TimerEvent: {}
[36.397651] (-) TimerEvent: {}
[36.498065] (-) TimerEvent: {}
[36.607789] (-) TimerEvent: {}
[36.708693] (-) TimerEvent: {}
[36.809454] (-) TimerEvent: {}
[36.910406] (-) TimerEvent: {}
[37.010802] (-) TimerEvent: {}
[37.111188] (-) TimerEvent: {}
[37.211566] (-) TimerEvent: {}
[37.311956] (-) TimerEvent: {}
[37.412342] (-) TimerEvent: {}
[37.512742] (-) TimerEvent: {}
[37.613132] (-) TimerEvent: {}
[37.713522] (-) TimerEvent: {}
[37.813923] (-) TimerEvent: {}
[37.914322] (-) TimerEvent: {}
[38.014729] (-) TimerEvent: {}
[38.115133] (-) TimerEvent: {}
[38.215523] (-) TimerEvent: {}
[38.315923] (-) TimerEvent: {}
[38.416330] (-) TimerEvent: {}
[38.516755] (-) TimerEvent: {}
[38.617138] (-) TimerEvent: {}
[38.717547] (-) TimerEvent: {}
[38.817961] (-) TimerEvent: {}
[38.918591] (-) TimerEvent: {}
[39.019040] (-) TimerEvent: {}
[39.119411] (-) TimerEvent: {}
[39.253018] (servo_control) StdoutLine: {'line': b'[ 34%] Linking CXX executable mavros_tf_node\n'}
[39.268930] (-) TimerEvent: {}
[39.369338] (-) TimerEvent: {}
[39.469732] (-) TimerEvent: {}
[39.570120] (-) TimerEvent: {}
[39.670503] (-) TimerEvent: {}
[39.770888] (-) TimerEvent: {}
[39.871397] (-) TimerEvent: {}
[39.971780] (-) TimerEvent: {}
[40.072715] (-) TimerEvent: {}
[40.173111] (-) TimerEvent: {}
[40.273857] (-) TimerEvent: {}
[40.374232] (-) TimerEvent: {}
[40.474630] (-) TimerEvent: {}
[40.575023] (-) TimerEvent: {}
[40.675421] (-) TimerEvent: {}
[40.775821] (-) TimerEvent: {}
[40.876264] (-) TimerEvent: {}
[40.983852] (-) TimerEvent: {}
[41.084401] (-) TimerEvent: {}
[41.184949] (-) TimerEvent: {}
[41.285338] (-) TimerEvent: {}
[41.385855] (-) TimerEvent: {}
[41.486390] (-) TimerEvent: {}
[41.586794] (-) TimerEvent: {}
[41.687177] (-) TimerEvent: {}
[41.787573] (-) TimerEvent: {}
[41.887967] (-) TimerEvent: {}
[41.988371] (-) TimerEvent: {}
[42.088772] (-) TimerEvent: {}
[42.189171] (-) TimerEvent: {}
[42.202506] (servo_control) StdoutLine: {'line': b'[ 34%] Built target mavros_tf_node\n'}
[42.289349] (-) TimerEvent: {}
[42.389719] (-) TimerEvent: {}
[42.406956] (servo_control) StdoutLine: {'line': b'Scanning dependencies of target dynamic_tf_broadcaster\n'}
[42.489913] (-) TimerEvent: {}
[42.549622] (servo_control) StdoutLine: {'line': b'[ 37%] Building CXX object CMakeFiles/dynamic_tf_broadcaster.dir/src/dynamic_tf_broadcaster.cpp.o\n'}
[42.590109] (-) TimerEvent: {}
[42.674567] (servo_control) StdoutLine: {'line': b'[ 39%] Linking CXX executable lidar_pointcloud_node\n'}
[42.690293] (-) TimerEvent: {}
[42.790734] (-) TimerEvent: {}
[42.891139] (-) TimerEvent: {}
[42.991562] (-) TimerEvent: {}
[43.091967] (-) TimerEvent: {}
[43.192381] (-) TimerEvent: {}
[43.292869] (-) TimerEvent: {}
[43.396838] (-) TimerEvent: {}
[43.497239] (-) TimerEvent: {}
[43.597660] (-) TimerEvent: {}
[43.698415] (-) TimerEvent: {}
[43.798994] (-) TimerEvent: {}
[43.899484] (-) TimerEvent: {}
[43.999901] (-) TimerEvent: {}
[44.100295] (-) TimerEvent: {}
[44.200729] (-) TimerEvent: {}
[44.301181] (-) TimerEvent: {}
[44.401578] (-) TimerEvent: {}
[44.425973] (servo_control) StdoutLine: {'line': b'[ 39%] Built target lidar_pointcloud_node\n'}
[44.504471] (-) TimerEvent: {}
[44.604921] (-) TimerEvent: {}
[44.706439] (-) TimerEvent: {}
[44.806815] (-) TimerEvent: {}
[44.912664] (-) TimerEvent: {}
[45.013065] (-) TimerEvent: {}
[45.113478] (-) TimerEvent: {}
[45.213870] (-) TimerEvent: {}
[45.314267] (-) TimerEvent: {}
[45.414669] (-) TimerEvent: {}
[45.520731] (-) TimerEvent: {}
[45.621216] (-) TimerEvent: {}
[45.721780] (-) TimerEvent: {}
[45.822198] (-) TimerEvent: {}
[45.922712] (-) TimerEvent: {}
[46.023121] (-) TimerEvent: {}
[46.123504] (-) TimerEvent: {}
[46.224078] (-) TimerEvent: {}
[46.324726] (-) TimerEvent: {}
[46.425160] (-) TimerEvent: {}
[46.527577] (-) TimerEvent: {}
[46.628028] (-) TimerEvent: {}
[46.728641] (-) TimerEvent: {}
[46.832881] (-) TimerEvent: {}
[46.933368] (-) TimerEvent: {}
[47.033753] (-) TimerEvent: {}
[47.135348] (-) TimerEvent: {}
[47.235771] (-) TimerEvent: {}
[47.337341] (-) TimerEvent: {}
[47.439630] (-) TimerEvent: {}
[47.540742] (-) TimerEvent: {}
[47.641330] (-) TimerEvent: {}
[47.741723] (-) TimerEvent: {}
[47.848698] (-) TimerEvent: {}
[47.949084] (-) TimerEvent: {}
[48.049692] (-) TimerEvent: {}
[48.150064] (-) TimerEvent: {}
[48.250443] (-) TimerEvent: {}
[48.350825] (-) TimerEvent: {}
[48.451226] (-) TimerEvent: {}
[48.551619] (-) TimerEvent: {}
[48.652050] (-) TimerEvent: {}
[48.752562] (-) TimerEvent: {}
[48.852971] (-) TimerEvent: {}
[48.956659] (-) TimerEvent: {}
[49.057052] (-) TimerEvent: {}
[49.157684] (-) TimerEvent: {}
[49.260717] (-) TimerEvent: {}
[49.361417] (-) TimerEvent: {}
[49.463228] (-) TimerEvent: {}
[49.564670] (-) TimerEvent: {}
[49.666624] (-) TimerEvent: {}
[49.768759] (-) TimerEvent: {}
[49.869924] (-) TimerEvent: {}
[49.972716] (-) TimerEvent: {}
[50.076676] (-) TimerEvent: {}
[50.177263] (-) TimerEvent: {}
[50.277653] (-) TimerEvent: {}
[50.378339] (-) TimerEvent: {}
[50.479472] (-) TimerEvent: {}
[50.579899] (-) TimerEvent: {}
[50.680755] (-) TimerEvent: {}
[50.781202] (-) TimerEvent: {}
[50.881610] (-) TimerEvent: {}
[50.982071] (-) TimerEvent: {}
[51.082517] (-) TimerEvent: {}
[51.182957] (-) TimerEvent: {}
[51.283485] (-) TimerEvent: {}
[51.383884] (-) TimerEvent: {}
[51.484285] (-) TimerEvent: {}
[51.584962] (-) TimerEvent: {}
[51.685358] (-) TimerEvent: {}
[51.785873] (-) TimerEvent: {}
[51.886274] (-) TimerEvent: {}
[51.986650] (-) TimerEvent: {}
[52.088677] (-) TimerEvent: {}
[52.189045] (-) TimerEvent: {}
[52.289411] (-) TimerEvent: {}
[52.389794] (-) TimerEvent: {}
[52.490183] (-) TimerEvent: {}
[52.590554] (-) TimerEvent: {}
[52.691367] (-) TimerEvent: {}
[52.792292] (-) TimerEvent: {}
[52.893396] (-) TimerEvent: {}
[52.994010] (-) TimerEvent: {}
[53.094632] (-) TimerEvent: {}
[53.195456] (-) TimerEvent: {}
[53.296056] (-) TimerEvent: {}
[53.396463] (-) TimerEvent: {}
[53.496888] (-) TimerEvent: {}
[53.597449] (-) TimerEvent: {}
[53.698128] (-) TimerEvent: {}
[53.798776] (-) TimerEvent: {}
[53.899484] (-) TimerEvent: {}
[53.999983] (-) TimerEvent: {}
[54.100403] (-) TimerEvent: {}
[54.200845] (-) TimerEvent: {}
[54.301270] (-) TimerEvent: {}
[54.402115] (-) TimerEvent: {}
[54.502529] (-) TimerEvent: {}
[54.602926] (-) TimerEvent: {}
[54.703335] (-) TimerEvent: {}
[54.803727] (-) TimerEvent: {}
[54.904126] (-) TimerEvent: {}
[55.004543] (-) TimerEvent: {}
[55.104914] (-) TimerEvent: {}
[55.205525] (-) TimerEvent: {}
[55.305890] (-) TimerEvent: {}
[55.406251] (-) TimerEvent: {}
[55.506622] (-) TimerEvent: {}
[55.607004] (-) TimerEvent: {}
[55.707375] (-) TimerEvent: {}
[55.807757] (-) TimerEvent: {}
[55.908125] (-) TimerEvent: {}
[56.015680] (-) TimerEvent: {}
[56.116088] (-) TimerEvent: {}
[56.216472] (-) TimerEvent: {}
[56.316854] (-) TimerEvent: {}
[56.417238] (-) TimerEvent: {}
[56.517654] (-) TimerEvent: {}
[56.618068] (-) TimerEvent: {}
[56.718444] (-) TimerEvent: {}
[56.818838] (-) TimerEvent: {}
[56.919235] (-) TimerEvent: {}
[57.019650] (-) TimerEvent: {}
[57.120042] (-) TimerEvent: {}
[57.220461] (-) TimerEvent: {}
[57.320935] (-) TimerEvent: {}
[57.421706] (-) TimerEvent: {}
[57.534650] (-) TimerEvent: {}
[57.640843] (-) TimerEvent: {}
[57.744654] (-) TimerEvent: {}
[57.845298] (-) TimerEvent: {}
[57.945692] (-) TimerEvent: {}
[58.046144] (-) TimerEvent: {}
[58.146520] (-) TimerEvent: {}
[58.246920] (-) TimerEvent: {}
[58.347317] (-) TimerEvent: {}
[58.447698] (-) TimerEvent: {}
[58.548148] (-) TimerEvent: {}
[58.648638] (-) TimerEvent: {}
[58.749046] (-) TimerEvent: {}
[58.849444] (-) TimerEvent: {}
[58.949911] (-) TimerEvent: {}
[59.050303] (-) TimerEvent: {}
[59.150709] (-) TimerEvent: {}
[59.251208] (-) TimerEvent: {}
[59.351587] (-) TimerEvent: {}
[59.452115] (-) TimerEvent: {}
[59.552491] (-) TimerEvent: {}
[59.652898] (-) TimerEvent: {}
[59.753513] (-) TimerEvent: {}
[59.856697] (-) TimerEvent: {}
[59.957362] (-) TimerEvent: {}
[60.057766] (-) TimerEvent: {}
[60.158174] (-) TimerEvent: {}
[60.258573] (-) TimerEvent: {}
[60.358950] (-) TimerEvent: {}
[60.459608] (-) TimerEvent: {}
[60.560129] (-) TimerEvent: {}
[60.660560] (-) TimerEvent: {}
[60.760957] (-) TimerEvent: {}
[60.861334] (-) TimerEvent: {}
[60.964740] (-) TimerEvent: {}
[61.069111] (-) TimerEvent: {}
[61.170374] (-) TimerEvent: {}
[61.272020] (-) TimerEvent: {}
[61.372404] (-) TimerEvent: {}
[61.478196] (-) TimerEvent: {}
[61.578951] (-) TimerEvent: {}
[61.812826] (-) TimerEvent: {}
[61.916704] (-) TimerEvent: {}
[62.017076] (-) TimerEvent: {}
[62.117479] (-) TimerEvent: {}
[62.217872] (-) TimerEvent: {}
[62.318251] (-) TimerEvent: {}
[62.418654] (-) TimerEvent: {}
[62.519052] (-) TimerEvent: {}
[62.619460] (-) TimerEvent: {}
[62.719849] (-) TimerEvent: {}
[62.820261] (-) TimerEvent: {}
[62.926050] (-) TimerEvent: {}
[63.026492] (-) TimerEvent: {}
[63.126867] (-) TimerEvent: {}
[63.227238] (-) TimerEvent: {}
[63.327608] (-) TimerEvent: {}
[63.428030] (-) TimerEvent: {}
[63.529761] (-) TimerEvent: {}
[63.630230] (-) TimerEvent: {}
[63.730600] (-) TimerEvent: {}
[63.831340] (-) TimerEvent: {}
[63.932761] (-) TimerEvent: {}
[64.033160] (-) TimerEvent: {}
[64.133941] (-) TimerEvent: {}
[64.234346] (-) TimerEvent: {}
[64.334988] (-) TimerEvent: {}
[64.435363] (-) TimerEvent: {}
[64.535755] (-) TimerEvent: {}
[64.593043] (servo_control) StdoutLine: {'line': b'[ 41%] Linking CXX executable target_tracker_node\n'}
[64.635925] (-) TimerEvent: {}
[64.736303] (-) TimerEvent: {}
[64.846736] (-) TimerEvent: {}
[64.947140] (-) TimerEvent: {}
[65.047567] (-) TimerEvent: {}
[65.148005] (-) TimerEvent: {}
[65.248455] (-) TimerEvent: {}
[65.348895] (-) TimerEvent: {}
[65.449319] (-) TimerEvent: {}
[65.556679] (-) TimerEvent: {}
[65.664671] (-) TimerEvent: {}
[65.765062] (-) TimerEvent: {}
[65.865447] (-) TimerEvent: {}
[65.965839] (-) TimerEvent: {}
[66.068961] (-) TimerEvent: {}
[66.169380] (-) TimerEvent: {}
[66.269786] (-) TimerEvent: {}
[66.371436] (-) TimerEvent: {}
[66.471843] (-) TimerEvent: {}
[66.572263] (-) TimerEvent: {}
[66.672805] (-) TimerEvent: {}
[66.773213] (-) TimerEvent: {}
[66.873660] (-) TimerEvent: {}
[66.974094] (-) TimerEvent: {}
[66.976328] (servo_control) StdoutLine: {'line': b'[ 41%] Built target target_tracker_node\n'}
[67.074287] (-) TimerEvent: {}
[67.174676] (-) TimerEvent: {}
[67.259224] (servo_control) StdoutLine: {'line': b'[ 44%] Linking CXX executable scan_sequence_node\n'}
[67.274962] (-) TimerEvent: {}
[67.376359] (-) TimerEvent: {}
[67.477467] (-) TimerEvent: {}
[67.577853] (-) TimerEvent: {}
[67.678254] (-) TimerEvent: {}
[67.778686] (-) TimerEvent: {}
[67.879099] (-) TimerEvent: {}
[67.979508] (-) TimerEvent: {}
[68.079892] (-) TimerEvent: {}
[68.180290] (-) TimerEvent: {}
[68.280681] (-) TimerEvent: {}
[68.381217] (-) TimerEvent: {}
[68.481885] (-) TimerEvent: {}
[68.582264] (-) TimerEvent: {}
[68.682652] (-) TimerEvent: {}
[68.783127] (-) TimerEvent: {}
[68.884657] (-) TimerEvent: {}
[68.985158] (-) TimerEvent: {}
[69.085605] (-) TimerEvent: {}
[69.185999] (-) TimerEvent: {}
[69.287069] (-) TimerEvent: {}
[69.387533] (-) TimerEvent: {}
[69.488658] (-) TimerEvent: {}
[69.589065] (-) TimerEvent: {}
[69.689510] (-) TimerEvent: {}
[69.789906] (-) TimerEvent: {}
[69.835157] (servo_control) StdoutLine: {'line': b'[ 44%] Built target scan_sequence_node\n'}
[69.890193] (-) TimerEvent: {}
[69.990608] (-) TimerEvent: {}
[70.090992] (-) TimerEvent: {}
[70.191374] (-) TimerEvent: {}
[70.291739] (-) TimerEvent: {}
[70.392113] (-) TimerEvent: {}
[70.492495] (-) TimerEvent: {}
[70.593014] (-) TimerEvent: {}
[70.693455] (-) TimerEvent: {}
[70.793888] (-) TimerEvent: {}
[70.894378] (-) TimerEvent: {}
[70.995155] (-) TimerEvent: {}
[71.095687] (-) TimerEvent: {}
[71.196843] (-) TimerEvent: {}
[71.297336] (-) TimerEvent: {}
[71.397715] (-) TimerEvent: {}
[71.498609] (-) TimerEvent: {}
[71.600724] (-) TimerEvent: {}
[71.701156] (-) TimerEvent: {}
[71.801682] (-) TimerEvent: {}
[71.902053] (-) TimerEvent: {}
[72.002516] (-) TimerEvent: {}
[72.102911] (-) TimerEvent: {}
[72.203287] (-) TimerEvent: {}
[72.303701] (-) TimerEvent: {}
[72.404153] (-) TimerEvent: {}
[72.504599] (-) TimerEvent: {}
[72.605035] (-) TimerEvent: {}
[72.705528] (-) TimerEvent: {}
[72.805907] (-) TimerEvent: {}
[72.906313] (-) TimerEvent: {}
[73.006702] (-) TimerEvent: {}
[73.107071] (-) TimerEvent: {}
[73.208772] (-) TimerEvent: {}
[73.309167] (-) TimerEvent: {}
[73.409588] (-) TimerEvent: {}
[73.510284] (-) TimerEvent: {}
[73.610678] (-) TimerEvent: {}
[73.711202] (-) TimerEvent: {}
[73.811691] (-) TimerEvent: {}
[73.914793] (-) TimerEvent: {}
[74.015180] (-) TimerEvent: {}
[74.116676] (-) TimerEvent: {}
[74.217087] (-) TimerEvent: {}
[74.317479] (-) TimerEvent: {}
[74.488663] (-) TimerEvent: {}
[74.589066] (-) TimerEvent: {}
[74.689447] (-) TimerEvent: {}
[74.789838] (-) TimerEvent: {}
[74.890225] (-) TimerEvent: {}
[74.990634] (-) TimerEvent: {}
[75.091017] (-) TimerEvent: {}
[75.191416] (-) TimerEvent: {}
[75.291814] (-) TimerEvent: {}
[75.392214] (-) TimerEvent: {}
[75.492545] (-) TimerEvent: {}
[75.592931] (-) TimerEvent: {}
[75.693382] (-) TimerEvent: {}
[75.793889] (-) TimerEvent: {}
[75.894340] (-) TimerEvent: {}
[75.994821] (-) TimerEvent: {}
[76.095318] (-) TimerEvent: {}
[76.195755] (-) TimerEvent: {}
[76.296403] (-) TimerEvent: {}
[76.396865] (-) TimerEvent: {}
[76.498107] (-) TimerEvent: {}
[76.524832] (servo_control) StdoutLine: {'line': b'[ 46%] Linking CXX executable dynamic_tf_broadcaster\n'}
[76.598286] (-) TimerEvent: {}
[76.700402] (-) TimerEvent: {}
[76.800915] (-) TimerEvent: {}
[76.902654] (-) TimerEvent: {}
[77.003542] (-) TimerEvent: {}
[77.104348] (-) TimerEvent: {}
[77.206660] (-) TimerEvent: {}
[77.307257] (-) TimerEvent: {}
[77.407834] (-) TimerEvent: {}
[77.508244] (-) TimerEvent: {}
[77.608648] (-) TimerEvent: {}
[77.709055] (-) TimerEvent: {}
[77.809607] (-) TimerEvent: {}
[77.910697] (-) TimerEvent: {}
[78.008825] (servo_control) StdoutLine: {'line': b'[ 46%] Built target dynamic_tf_broadcaster\n'}
[78.010872] (-) TimerEvent: {}
[78.087041] (servo_control) StdoutLine: {'line': b'[ 48%] Generating C type support dispatch for ROS interfaces\n'}
[78.111030] (-) TimerEvent: {}
[78.211487] (-) TimerEvent: {}
[78.311859] (-) TimerEvent: {}
[78.412347] (-) TimerEvent: {}
[78.512811] (-) TimerEvent: {}
[78.613192] (-) TimerEvent: {}
[78.713634] (-) TimerEvent: {}
[78.814920] (-) TimerEvent: {}
[78.915320] (-) TimerEvent: {}
[79.015741] (-) TimerEvent: {}
[79.116186] (-) TimerEvent: {}
[79.216646] (-) TimerEvent: {}
[79.317063] (-) TimerEvent: {}
[79.417574] (-) TimerEvent: {}
[79.517951] (-) TimerEvent: {}
[79.534903] (servo_control) StdoutLine: {'line': b'Scanning dependencies of target servo_control__rosidl_typesupport_c\n'}
[79.583078] (servo_control) StdoutLine: {'line': b'[ 51%] Building CXX object CMakeFiles/servo_control__rosidl_typesupport_c.dir/rosidl_typesupport_c/servo_control/srv/get_local_dimensions__type_support.cpp.o\n'}
[79.618134] (-) TimerEvent: {}
[79.718521] (-) TimerEvent: {}
[79.808632] (servo_control) StdoutLine: {'line': b'[ 53%] Linking CXX shared library libservo_control__rosidl_typesupport_c.so\n'}
[79.818712] (-) TimerEvent: {}
[79.919110] (-) TimerEvent: {}
[79.999594] (servo_control) StdoutLine: {'line': b'[ 53%] Built target servo_control__rosidl_typesupport_c\n'}
[80.019318] (-) TimerEvent: {}
[80.058666] (servo_control) StdoutLine: {'line': b'[ 55%] Generating C++ type support for eProsima Fast-RTPS\n'}
[80.119491] (-) TimerEvent: {}
[80.220116] (-) TimerEvent: {}
[80.320598] (-) TimerEvent: {}
[80.421281] (-) TimerEvent: {}
[80.521892] (-) TimerEvent: {}
[80.622537] (-) TimerEvent: {}
[80.723196] (-) TimerEvent: {}
[80.823607] (-) TimerEvent: {}
[80.924112] (-) TimerEvent: {}
[81.024733] (-) TimerEvent: {}
[81.125166] (-) TimerEvent: {}
[81.225652] (-) TimerEvent: {}
[81.326066] (-) TimerEvent: {}
[81.426634] (-) TimerEvent: {}
[81.527665] (-) TimerEvent: {}
[81.544547] (servo_control) StdoutLine: {'line': b'Scanning dependencies of target servo_control__rosidl_typesupport_fastrtps_cpp\n'}
[81.620759] (servo_control) StdoutLine: {'line': b'[ 58%] Building CXX object CMakeFiles/servo_control__rosidl_typesupport_fastrtps_cpp.dir/rosidl_typesupport_fastrtps_cpp/servo_control/srv/detail/dds_fastrtps/get_local_dimensions__type_support.cpp.o\n'}
[81.630369] (-) TimerEvent: {}
[81.731831] (-) TimerEvent: {}
[81.832657] (-) TimerEvent: {}
[81.933062] (-) TimerEvent: {}
[82.033490] (-) TimerEvent: {}
[82.134106] (-) TimerEvent: {}
[82.234702] (-) TimerEvent: {}
[82.335204] (-) TimerEvent: {}
[82.435870] (-) TimerEvent: {}
[82.536764] (-) TimerEvent: {}
[82.640655] (-) TimerEvent: {}
[82.741156] (-) TimerEvent: {}
[82.841642] (-) TimerEvent: {}
[82.942041] (-) TimerEvent: {}
[83.042436] (-) TimerEvent: {}
[83.142831] (-) TimerEvent: {}
[83.243214] (-) TimerEvent: {}
[83.343587] (-) TimerEvent: {}
[83.443982] (-) TimerEvent: {}
[83.544571] (-) TimerEvent: {}
[83.645073] (-) TimerEvent: {}
[83.746671] (-) TimerEvent: {}
[83.847229] (-) TimerEvent: {}
[83.949168] (-) TimerEvent: {}
[84.049685] (-) TimerEvent: {}
[84.150109] (-) TimerEvent: {}
[84.154962] (servo_control) StdoutLine: {'line': b'[ 60%] Linking CXX shared library libservo_control__rosidl_typesupport_fastrtps_cpp.so\n'}
[84.250281] (-) TimerEvent: {}
[84.350680] (-) TimerEvent: {}
[84.452712] (-) TimerEvent: {}
[84.542770] (servo_control) StdoutLine: {'line': b'[ 60%] Built target servo_control__rosidl_typesupport_fastrtps_cpp\n'}
[84.552904] (-) TimerEvent: {}
[84.593127] (servo_control) StdoutLine: {'line': b'[ 62%] Generating C++ type support dispatch for ROS interfaces\n'}
[84.653721] (-) TimerEvent: {}
[84.754103] (-) TimerEvent: {}
[84.854499] (-) TimerEvent: {}
[84.955029] (-) TimerEvent: {}
[85.055894] (-) TimerEvent: {}
[85.156286] (-) TimerEvent: {}
[85.256758] (-) TimerEvent: {}
[85.360221] (-) TimerEvent: {}
[85.461580] (-) TimerEvent: {}
[85.561940] (-) TimerEvent: {}
[85.667199] (-) TimerEvent: {}
[85.767567] (-) TimerEvent: {}
[85.867941] (-) TimerEvent: {}
[85.923282] (servo_control) StdoutLine: {'line': b'Scanning dependencies of target servo_control__rosidl_typesupport_cpp\n'}
[85.968749] (-) TimerEvent: {}
[85.987105] (servo_control) StdoutLine: {'line': b'[ 65%] Building CXX object CMakeFiles/servo_control__rosidl_typesupport_cpp.dir/rosidl_typesupport_cpp/servo_control/srv/get_local_dimensions__type_support.cpp.o\n'}
[86.069357] (-) TimerEvent: {}
[86.169838] (-) TimerEvent: {}
[86.270244] (-) TimerEvent: {}
[86.370688] (-) TimerEvent: {}
[86.471152] (-) TimerEvent: {}
[86.571507] (-) TimerEvent: {}
[86.671927] (-) TimerEvent: {}
[86.772340] (-) TimerEvent: {}
[86.872733] (-) TimerEvent: {}
[86.973105] (-) TimerEvent: {}
[87.073486] (-) TimerEvent: {}
[87.173848] (-) TimerEvent: {}
[87.274225] (-) TimerEvent: {}
[87.374579] (-) TimerEvent: {}
[87.474954] (-) TimerEvent: {}
[87.565244] (servo_control) StdoutLine: {'line': b'[ 67%] Linking CXX shared library libservo_control__rosidl_typesupport_cpp.so\n'}
[87.575305] (-) TimerEvent: {}
[87.675705] (-) TimerEvent: {}
[87.728463] (servo_control) StdoutLine: {'line': b'[ 67%] Built target servo_control__rosidl_typesupport_cpp\n'}
[87.778062] (servo_control) StdoutLine: {'line': b'[ 69%] Generating C type support for eProsima Fast-RTPS\n'}
[87.778684] (-) TimerEvent: {}
[87.878984] (-) TimerEvent: {}
[87.979351] (-) TimerEvent: {}
[88.079972] (-) TimerEvent: {}
[88.180367] (-) TimerEvent: {}
[88.280795] (-) TimerEvent: {}
[88.381257] (-) TimerEvent: {}
[88.481630] (-) TimerEvent: {}
[88.582016] (-) TimerEvent: {}
[88.682370] (-) TimerEvent: {}
[88.782699] (-) TimerEvent: {}
[88.883060] (-) TimerEvent: {}
[88.983433] (-) TimerEvent: {}
[89.083798] (-) TimerEvent: {}
[89.184173] (-) TimerEvent: {}
[89.284552] (-) TimerEvent: {}
[89.299345] (servo_control) StdoutLine: {'line': b'Scanning dependencies of target servo_control__rosidl_typesupport_fastrtps_c\n'}
[89.348831] (servo_control) StdoutLine: {'line': b'[ 72%] Building CXX object CMakeFiles/servo_control__rosidl_typesupport_fastrtps_c.dir/rosidl_typesupport_fastrtps_c/servo_control/srv/detail/get_local_dimensions__type_support_c.cpp.o\n'}
[89.384687] (-) TimerEvent: {}
[89.485040] (-) TimerEvent: {}
[89.585397] (-) TimerEvent: {}
[89.685808] (-) TimerEvent: {}
[89.786245] (-) TimerEvent: {}
[89.886647] (-) TimerEvent: {}
[89.987008] (-) TimerEvent: {}
[90.087355] (-) TimerEvent: {}
[90.187707] (-) TimerEvent: {}
[90.288132] (-) TimerEvent: {}
[90.388619] (-) TimerEvent: {}
[90.489119] (-) TimerEvent: {}
[90.589494] (-) TimerEvent: {}
[90.689866] (-) TimerEvent: {}
[90.790216] (-) TimerEvent: {}
[90.890561] (-) TimerEvent: {}
[90.990974] (-) TimerEvent: {}
[91.091345] (-) TimerEvent: {}
[91.191750] (-) TimerEvent: {}
[91.292154] (-) TimerEvent: {}
[91.333929] (servo_control) StdoutLine: {'line': b'[ 74%] Linking CXX shared library libservo_control__rosidl_typesupport_fastrtps_c.so\n'}
[91.392326] (-) TimerEvent: {}
[91.492681] (-) TimerEvent: {}
[91.593038] (-) TimerEvent: {}
[91.655297] (servo_control) StdoutLine: {'line': b'[ 74%] Built target servo_control__rosidl_typesupport_fastrtps_c\n'}
[91.693266] (-) TimerEvent: {}
[91.696372] (servo_control) StdoutLine: {'line': b'Scanning dependencies of target servo_control\n'}
[91.745270] (servo_control) StdoutLine: {'line': b'[ 74%] Built target servo_control\n'}
[91.789361] (servo_control) StdoutLine: {'line': b'Scanning dependencies of target servo_control__py\n'}
[91.795124] (-) TimerEvent: {}
[91.835176] (servo_control) StdoutLine: {'line': b'[ 76%] Generating Python code for ROS interfaces\n'}
[91.895273] (-) TimerEvent: {}
[91.995616] (-) TimerEvent: {}
[92.096027] (-) TimerEvent: {}
[92.196369] (-) TimerEvent: {}
[92.296750] (-) TimerEvent: {}
[92.397094] (-) TimerEvent: {}
[92.497443] (-) TimerEvent: {}
[92.597792] (-) TimerEvent: {}
[92.698235] (-) TimerEvent: {}
[92.798759] (-) TimerEvent: {}
[92.899109] (-) TimerEvent: {}
[92.999455] (-) TimerEvent: {}
[93.099802] (-) TimerEvent: {}
[93.200155] (-) TimerEvent: {}
[93.300779] (-) TimerEvent: {}
[93.407818] (-) TimerEvent: {}
[93.508162] (-) TimerEvent: {}
[93.608614] (-) TimerEvent: {}
[93.708958] (-) TimerEvent: {}
[93.809292] (-) TimerEvent: {}
[93.909680] (-) TimerEvent: {}
[94.010077] (-) TimerEvent: {}
[94.110425] (-) TimerEvent: {}
[94.210783] (-) TimerEvent: {}
[94.311112] (-) TimerEvent: {}
[94.411493] (-) TimerEvent: {}
[94.511992] (-) TimerEvent: {}
[94.612428] (-) TimerEvent: {}
[94.712847] (-) TimerEvent: {}
[94.721786] (servo_control) StdoutLine: {'line': b'[ 76%] Built target servo_control__py\n'}
[94.813018] (-) TimerEvent: {}
[94.893732] (servo_control) StdoutLine: {'line': b'Scanning dependencies of target local_dimensions_node\n'}
[94.913189] (-) TimerEvent: {}
[94.960286] (servo_control) StdoutLine: {'line': b'[ 79%] Building CXX object CMakeFiles/local_dimensions_node.dir/src/local_dimensions_node.cpp.o\n'}
[95.013360] (-) TimerEvent: {}
[95.113816] (-) TimerEvent: {}
[95.214234] (-) TimerEvent: {}
[95.314605] (-) TimerEvent: {}
[95.415023] (-) TimerEvent: {}
[95.515382] (-) TimerEvent: {}
[95.615770] (-) TimerEvent: {}
[95.716391] (-) TimerEvent: {}
[95.816794] (-) TimerEvent: {}
[95.917164] (-) TimerEvent: {}
[96.017569] (-) TimerEvent: {}
[96.118061] (-) TimerEvent: {}
[96.218453] (-) TimerEvent: {}
[96.318954] (-) TimerEvent: {}
[96.419394] (-) TimerEvent: {}
[96.519754] (-) TimerEvent: {}
[96.620125] (-) TimerEvent: {}
[96.720493] (-) TimerEvent: {}
[96.820978] (-) TimerEvent: {}
[96.921437] (-) TimerEvent: {}
[97.023576] (-) TimerEvent: {}
[97.125500] (-) TimerEvent: {}
[97.225877] (-) TimerEvent: {}
[97.326246] (-) TimerEvent: {}
[97.426626] (-) TimerEvent: {}
[97.527072] (-) TimerEvent: {}
[97.627551] (-) TimerEvent: {}
[97.727949] (-) TimerEvent: {}
[97.828405] (-) TimerEvent: {}
[97.928868] (-) TimerEvent: {}
[98.029240] (-) TimerEvent: {}
[98.129629] (-) TimerEvent: {}
[98.230033] (-) TimerEvent: {}
[98.330517] (-) TimerEvent: {}
[98.431080] (-) TimerEvent: {}
[98.531640] (-) TimerEvent: {}
[98.631992] (-) TimerEvent: {}
[98.732346] (-) TimerEvent: {}
[98.832736] (-) TimerEvent: {}
[98.933106] (-) TimerEvent: {}
[99.033503] (-) TimerEvent: {}
[99.133865] (-) TimerEvent: {}
[99.234211] (-) TimerEvent: {}
[99.334573] (-) TimerEvent: {}
[99.435006] (-) TimerEvent: {}
[99.535368] (-) TimerEvent: {}
[99.635726] (-) TimerEvent: {}
[99.736083] (-) TimerEvent: {}
[99.836447] (-) TimerEvent: {}
[99.936870] (-) TimerEvent: {}
[100.037233] (-) TimerEvent: {}
[100.137652] (-) TimerEvent: {}
[100.238000] (-) TimerEvent: {}
[100.338373] (-) TimerEvent: {}
[100.440654] (-) TimerEvent: {}
[100.541021] (-) TimerEvent: {}
[100.641387] (-) TimerEvent: {}
[100.741745] (-) TimerEvent: {}
[100.842105] (-) TimerEvent: {}
[100.942526] (-) TimerEvent: {}
[101.042922] (-) TimerEvent: {}
[101.143378] (-) TimerEvent: {}
[101.243843] (-) TimerEvent: {}
[101.344207] (-) TimerEvent: {}
[101.444619] (-) TimerEvent: {}
[101.544974] (-) TimerEvent: {}
[101.645326] (-) TimerEvent: {}
[101.745686] (-) TimerEvent: {}
[101.846060] (-) TimerEvent: {}
[101.946419] (-) TimerEvent: {}
[102.046788] (-) TimerEvent: {}
[102.147288] (-) TimerEvent: {}
[102.247661] (-) TimerEvent: {}
[102.348020] (-) TimerEvent: {}
[102.448385] (-) TimerEvent: {}
[102.548954] (-) TimerEvent: {}
[102.649411] (-) TimerEvent: {}
[102.749797] (-) TimerEvent: {}
[102.850339] (-) TimerEvent: {}
[102.950705] (-) TimerEvent: {}
[103.051150] (-) TimerEvent: {}
[103.151461] (-) TimerEvent: {}
[103.251825] (-) TimerEvent: {}
[103.352212] (-) TimerEvent: {}
[103.452719] (-) TimerEvent: {}
[103.557611] (-) TimerEvent: {}
[103.657990] (-) TimerEvent: {}
[103.758341] (-) TimerEvent: {}
[103.858745] (-) TimerEvent: {}
[103.959133] (-) TimerEvent: {}
[104.059551] (-) TimerEvent: {}
[104.159947] (-) TimerEvent: {}
[104.260322] (-) TimerEvent: {}
[104.360717] (-) TimerEvent: {}
[104.461126] (-) TimerEvent: {}
[104.561497] (-) TimerEvent: {}
[104.662130] (-) TimerEvent: {}
[104.762515] (-) TimerEvent: {}
[104.863268] (-) TimerEvent: {}
[104.963685] (-) TimerEvent: {}
[105.064114] (-) TimerEvent: {}
[105.164572] (-) TimerEvent: {}
[105.264945] (-) TimerEvent: {}
[105.366436] (-) TimerEvent: {}
[105.466964] (-) TimerEvent: {}
[105.567348] (-) TimerEvent: {}
[105.667721] (-) TimerEvent: {}
[105.768137] (-) TimerEvent: {}
[105.868621] (-) TimerEvent: {}
[105.973071] (-) TimerEvent: {}
[106.073539] (-) TimerEvent: {}
[106.176437] (-) TimerEvent: {}
[106.276839] (-) TimerEvent: {}
[106.377250] (-) TimerEvent: {}
[106.477633] (-) TimerEvent: {}
[106.578122] (-) TimerEvent: {}
[106.684656] (-) TimerEvent: {}
[106.785109] (-) TimerEvent: {}
[106.885592] (-) TimerEvent: {}
[106.985958] (-) TimerEvent: {}
[107.086329] (-) TimerEvent: {}
[107.188652] (-) TimerEvent: {}
[107.289030] (-) TimerEvent: {}
[107.389458] (-) TimerEvent: {}
[107.489853] (-) TimerEvent: {}
[107.590232] (-) TimerEvent: {}
[107.690645] (-) TimerEvent: {}
[107.791351] (-) TimerEvent: {}
[107.891768] (-) TimerEvent: {}
[107.992200] (-) TimerEvent: {}
[108.092967] (-) TimerEvent: {}
[108.193359] (-) TimerEvent: {}
[108.293997] (-) TimerEvent: {}
[108.394373] (-) TimerEvent: {}
[108.494809] (-) TimerEvent: {}
[108.595509] (-) TimerEvent: {}
[108.696078] (-) TimerEvent: {}
[108.796484] (-) TimerEvent: {}
[108.896952] (-) TimerEvent: {}
[108.997339] (-) TimerEvent: {}
[109.097709] (-) TimerEvent: {}
[109.198113] (-) TimerEvent: {}
[109.298492] (-) TimerEvent: {}
[109.398877] (-) TimerEvent: {}
[109.500324] (-) TimerEvent: {}
[109.601761] (-) TimerEvent: {}
[109.703981] (-) TimerEvent: {}
[109.804379] (-) TimerEvent: {}
[109.908672] (-) TimerEvent: {}
[110.012492] (-) TimerEvent: {}
[110.112935] (-) TimerEvent: {}
[110.213349] (-) TimerEvent: {}
[110.313724] (-) TimerEvent: {}
[110.414336] (-) TimerEvent: {}
[110.514753] (-) TimerEvent: {}
[110.615305] (-) TimerEvent: {}
[110.720199] (-) TimerEvent: {}
[110.820979] (-) TimerEvent: {}
[110.921445] (-) TimerEvent: {}
[111.021874] (-) TimerEvent: {}
[111.122271] (-) TimerEvent: {}
[111.223144] (-) TimerEvent: {}
[111.324694] (-) TimerEvent: {}
[111.426057] (-) TimerEvent: {}
[111.528605] (-) TimerEvent: {}
[111.629151] (-) TimerEvent: {}
[111.730542] (-) TimerEvent: {}
[111.831642] (-) TimerEvent: {}
[111.933413] (-) TimerEvent: {}
[112.033836] (-) TimerEvent: {}
[112.134231] (-) TimerEvent: {}
[112.234620] (-) TimerEvent: {}
[112.335217] (-) TimerEvent: {}
[112.435599] (-) TimerEvent: {}
[112.535995] (-) TimerEvent: {}
[112.636757] (-) TimerEvent: {}
[112.737204] (-) TimerEvent: {}
[112.837588] (-) TimerEvent: {}
[112.937966] (-) TimerEvent: {}
[113.040682] (-) TimerEvent: {}
[113.141066] (-) TimerEvent: {}
[113.241448] (-) TimerEvent: {}
[113.344672] (-) TimerEvent: {}
[113.445055] (-) TimerEvent: {}
[113.545436] (-) TimerEvent: {}
[113.645784] (-) TimerEvent: {}
[113.747198] (-) TimerEvent: {}
[113.847580] (-) TimerEvent: {}
[113.947968] (-) TimerEvent: {}
[114.048355] (-) TimerEvent: {}
[114.148777] (-) TimerEvent: {}
[114.249130] (-) TimerEvent: {}
[114.349510] (-) TimerEvent: {}
[114.449882] (-) TimerEvent: {}
[114.550256] (-) TimerEvent: {}
[114.650619] (-) TimerEvent: {}
[114.750968] (-) TimerEvent: {}
[114.851334] (-) TimerEvent: {}
[114.951705] (-) TimerEvent: {}
[115.052213] (-) TimerEvent: {}
[115.152692] (-) TimerEvent: {}
[115.253048] (-) TimerEvent: {}
[115.353401] (-) TimerEvent: {}
[115.453741] (-) TimerEvent: {}
[115.554086] (-) TimerEvent: {}
[115.654476] (-) TimerEvent: {}
[115.754860] (-) TimerEvent: {}
[115.855306] (-) TimerEvent: {}
[115.955754] (-) TimerEvent: {}
[116.056111] (-) TimerEvent: {}
[116.156475] (-) TimerEvent: {}
[116.256908] (-) TimerEvent: {}
[116.357276] (-) TimerEvent: {}
[116.457639] (-) TimerEvent: {}
[116.558061] (-) TimerEvent: {}
[116.658446] (-) TimerEvent: {}
[116.758807] (-) TimerEvent: {}
[116.859168] (-) TimerEvent: {}
[116.959521] (-) TimerEvent: {}
[117.059862] (-) TimerEvent: {}
[117.160229] (-) TimerEvent: {}
[117.260615] (-) TimerEvent: {}
[117.360988] (-) TimerEvent: {}
[117.461330] (-) TimerEvent: {}
[117.561768] (-) TimerEvent: {}
[117.662143] (-) TimerEvent: {}
[117.762486] (-) TimerEvent: {}
[117.867496] (-) TimerEvent: {}
[117.968236] (-) TimerEvent: {}
[118.068660] (-) TimerEvent: {}
[118.169033] (-) TimerEvent: {}
[118.269478] (-) TimerEvent: {}
[118.369818] (-) TimerEvent: {}
[118.470170] (-) TimerEvent: {}
[118.570554] (-) TimerEvent: {}
[118.670963] (-) TimerEvent: {}
[118.771341] (-) TimerEvent: {}
[118.871769] (-) TimerEvent: {}
[118.972119] (-) TimerEvent: {}
[119.072473] (-) TimerEvent: {}
[119.172960] (-) TimerEvent: {}
[119.273336] (-) TimerEvent: {}
[119.373720] (-) TimerEvent: {}
[119.474097] (-) TimerEvent: {}
[119.574445] (-) TimerEvent: {}
[119.674798] (-) TimerEvent: {}
[119.775317] (-) TimerEvent: {}
[119.875678] (-) TimerEvent: {}
[119.976034] (-) TimerEvent: {}
[120.076465] (-) TimerEvent: {}
[120.176870] (-) TimerEvent: {}
[120.277258] (-) TimerEvent: {}
[120.377608] (-) TimerEvent: {}
[120.478005] (-) TimerEvent: {}
[120.578351] (-) TimerEvent: {}
[120.678870] (-) TimerEvent: {}
[120.779374] (-) TimerEvent: {}
[120.879777] (-) TimerEvent: {}
[120.980132] (-) TimerEvent: {}
[121.080568] (-) TimerEvent: {}
[121.180939] (-) TimerEvent: {}
[121.281287] (-) TimerEvent: {}
[121.381649] (-) TimerEvent: {}
[121.482020] (-) TimerEvent: {}
[121.582422] (-) TimerEvent: {}
[121.682874] (-) TimerEvent: {}
[121.783263] (-) TimerEvent: {}
[121.883688] (-) TimerEvent: {}
[121.984058] (-) TimerEvent: {}
[122.087960] (-) TimerEvent: {}
[122.188393] (-) TimerEvent: {}
[122.288803] (-) TimerEvent: {}
[122.389217] (-) TimerEvent: {}
[122.491484] (-) TimerEvent: {}
[122.591863] (-) TimerEvent: {}
[122.692234] (-) TimerEvent: {}
[122.792681] (-) TimerEvent: {}
[122.893206] (-) TimerEvent: {}
[122.995236] (-) TimerEvent: {}
[123.095607] (-) TimerEvent: {}
[123.196089] (-) TimerEvent: {}
[123.296598] (-) TimerEvent: {}
[123.397015] (-) TimerEvent: {}
[123.497457] (-) TimerEvent: {}
[123.597899] (-) TimerEvent: {}
[123.698291] (-) TimerEvent: {}
[123.799442] (-) TimerEvent: {}
[123.899836] (-) TimerEvent: {}
[124.001303] (-) TimerEvent: {}
[124.101929] (-) TimerEvent: {}
[124.202497] (-) TimerEvent: {}
[124.302898] (-) TimerEvent: {}
[124.403272] (-) TimerEvent: {}
[124.503679] (-) TimerEvent: {}
[124.604048] (-) TimerEvent: {}
[124.704433] (-) TimerEvent: {}
[124.804870] (-) TimerEvent: {}
[124.905321] (-) TimerEvent: {}
[125.005908] (-) TimerEvent: {}
[125.106429] (-) TimerEvent: {}
[125.207637] (-) TimerEvent: {}
[125.308018] (-) TimerEvent: {}
[125.408402] (-) TimerEvent: {}
[125.509101] (-) TimerEvent: {}
[125.609609] (-) TimerEvent: {}
[125.710088] (-) TimerEvent: {}
[125.810629] (-) TimerEvent: {}
[125.911071] (-) TimerEvent: {}
[126.011658] (-) TimerEvent: {}
[126.112249] (-) TimerEvent: {}
[126.212708] (-) TimerEvent: {}
[126.313068] (-) TimerEvent: {}
[126.416730] (-) TimerEvent: {}
[126.517097] (-) TimerEvent: {}
[126.564139] (servo_control) StdoutLine: {'line': b'[ 81%] Linking CXX executable local_dimensions_node\n'}
[126.617281] (-) TimerEvent: {}
[126.717654] (-) TimerEvent: {}
[126.818044] (-) TimerEvent: {}
[126.918558] (-) TimerEvent: {}
[127.019026] (-) TimerEvent: {}
[127.120958] (-) TimerEvent: {}
[127.221394] (-) TimerEvent: {}
[127.321820] (-) TimerEvent: {}
[127.422228] (-) TimerEvent: {}
[127.522575] (-) TimerEvent: {}
[127.622938] (-) TimerEvent: {}
[127.723307] (-) TimerEvent: {}
[127.823721] (-) TimerEvent: {}
[127.907179] (servo_control) StdoutLine: {'line': b'[ 81%] Built target local_dimensions_node\n'}
[127.923890] (-) TimerEvent: {}
[128.024233] (-) TimerEvent: {}
[128.057376] (servo_control) StdoutLine: {'line': b'Scanning dependencies of target servo_control__python\n'}
[128.102199] (servo_control) StdoutLine: {'line': b'[ 83%] Building C object CMakeFiles/servo_control__python.dir/rosidl_generator_py/servo_control/srv/_get_local_dimensions_s.c.o\n'}
[128.124496] (-) TimerEvent: {}
[128.225017] (-) TimerEvent: {}
[128.325432] (-) TimerEvent: {}
[128.425791] (-) TimerEvent: {}
[128.526171] (-) TimerEvent: {}
[128.626574] (-) TimerEvent: {}
[128.726938] (-) TimerEvent: {}
[128.827346] (-) TimerEvent: {}
[128.922584] (servo_control) StdoutLine: {'line': b'[ 86%] Linking C shared library rosidl_generator_py/servo_control/libservo_control__python.so\n'}
[128.928057] (-) TimerEvent: {}
[129.028602] (-) TimerEvent: {}
[129.114846] (servo_control) StdoutLine: {'line': b'[ 86%] Built target servo_control__python\n'}
[129.128683] (-) TimerEvent: {}
[129.189430] (servo_control) StdoutLine: {'line': b'Scanning dependencies of target servo_control__rosidl_typesupport_c__pyext\n'}
[129.228849] (-) TimerEvent: {}
[129.238511] (servo_control) StdoutLine: {'line': b'[ 88%] Building C object CMakeFiles/servo_control__rosidl_typesupport_c__pyext.dir/rosidl_generator_py/servo_control/_servo_control_s.ep.rosidl_typesupport_c.c.o\n'}
[129.329032] (-) TimerEvent: {}
[129.429417] (-) TimerEvent: {}
[129.529880] (-) TimerEvent: {}
[129.630413] (-) TimerEvent: {}
[129.694728] (servo_control) StdoutLine: {'line': b'[ 90%] Linking C shared library rosidl_generator_py/servo_control/servo_control_s__rosidl_typesupport_c.cpython-38-aarch64-linux-gnu.so\n'}
[129.730656] (-) TimerEvent: {}
[129.831151] (-) TimerEvent: {}
[129.848007] (servo_control) StdoutLine: {'line': b'[ 90%] Built target servo_control__rosidl_typesupport_c__pyext\n'}
[129.924276] (servo_control) StdoutLine: {'line': b'Scanning dependencies of target servo_control__rosidl_typesupport_fastrtps_c__pyext\n'}
[129.931337] (-) TimerEvent: {}
[129.978824] (servo_control) StdoutLine: {'line': b'[ 93%] Building C object CMakeFiles/servo_control__rosidl_typesupport_fastrtps_c__pyext.dir/rosidl_generator_py/servo_control/_servo_control_s.ep.rosidl_typesupport_fastrtps_c.c.o\n'}
[130.031506] (-) TimerEvent: {}
[130.131943] (-) TimerEvent: {}
[130.232419] (-) TimerEvent: {}
[130.332844] (-) TimerEvent: {}
[130.392091] (servo_control) StdoutLine: {'line': b'[ 95%] Linking CXX shared library rosidl_generator_py/servo_control/servo_control_s__rosidl_typesupport_fastrtps_c.cpython-38-aarch64-linux-gnu.so\n'}
[130.433026] (-) TimerEvent: {}
[130.533382] (-) TimerEvent: {}
[130.633754] (-) TimerEvent: {}
[130.655869] (servo_control) StdoutLine: {'line': b'[ 95%] Built target servo_control__rosidl_typesupport_fastrtps_c__pyext\n'}
[130.729572] (servo_control) StdoutLine: {'line': b'Scanning dependencies of target servo_control__rosidl_typesupport_introspection_c__pyext\n'}
[130.733915] (-) TimerEvent: {}
[130.778065] (servo_control) StdoutLine: {'line': b'[ 97%] Building C object CMakeFiles/servo_control__rosidl_typesupport_introspection_c__pyext.dir/rosidl_generator_py/servo_control/_servo_control_s.ep.rosidl_typesupport_introspection_c.c.o\n'}
[130.834119] (-) TimerEvent: {}
[130.934478] (-) TimerEvent: {}
[131.034869] (-) TimerEvent: {}
[131.135227] (-) TimerEvent: {}
[131.177151] (servo_control) StdoutLine: {'line': b'[100%] Linking C shared library rosidl_generator_py/servo_control/servo_control_s__rosidl_typesupport_introspection_c.cpython-38-aarch64-linux-gnu.so\n'}
[131.235413] (-) TimerEvent: {}
[131.325067] (servo_control) StdoutLine: {'line': b'[100%] Built target servo_control__rosidl_typesupport_introspection_c__pyext\n'}
[131.335662] (-) TimerEvent: {}
[131.384632] (servo_control) CommandEnded: {'returncode': 0}
[131.435967] (-) TimerEvent: {}
[131.536684] (-) TimerEvent: {}
[131.612822] (servo_control) JobProgress: {'identifier': 'servo_control', 'progress': 'install'}
[131.614827] (servo_control) Command: {'cmd': ['/usr/bin/cmake', '--install', '/root/lidar_system/build/servo_control'], 'cwd': '/root/lidar_system/build/servo_control', 'env': OrderedDict([('HOSTNAME', 'ubuntu-desktop'), ('SHLVL', '1'), ('LD_LIBRARY_PATH', '/opt/ros/foxy/opt/yaml_cpp_vendor/lib:/opt/ros/foxy/opt/rviz_ogre_vendor/lib:/opt/ros/foxy/lib/aarch64-linux-gnu:/opt/ros/foxy/lib'), ('HOME', '/root'), ('OLDPWD', '/'), ('ROS_PYTHON_VERSION', '3'), ('ROS_DISTRO', 'foxy'), ('_', '/usr/bin/colcon'), ('ROS_VERSION', '2'), ('ROS_LOCALHOST_ONLY', '0'), ('QT_X11_NO_MITSHM', '1'), ('PATH', '/opt/ros/foxy/bin:/usr/local/sbin:/usr/local/bin:/usr/sbin:/usr/bin:/sbin:/bin'), ('FASTRTPS_DEFAULT_PROFILES_FILE', '/fastdds.xml'), ('DISPLAY', ':0'), ('LANG', 'C.UTF-8'), ('RMW_IMPLEMENTATION', 'rmw_fastrtps_cpp'), ('ROS_DOMAIN_ID', '0'), ('AMENT_PREFIX_PATH', '/opt/ros/foxy'), ('PWD', '/root/lidar_system/build/servo_control'), ('LC_ALL', 'C.UTF-8'), ('PYTHONPATH', '/opt/ros/foxy/lib/python3.8/site-packages'), ('COLCON', '1'), ('CMAKE_PREFIX_PATH', '/opt/ros/foxy')]), 'shell': False}
[131.637027] (-) TimerEvent: {}
[131.660364] (servo_control) StdoutLine: {'line': b'-- Install configuration: ""\n'}
[131.663041] (servo_control) StdoutLine: {'line': b'-- Installing: /root/lidar_system/install/servo_control/share/ament_index/resource_index/rosidl_interfaces/servo_control\n'}
[131.664050] (servo_control) StdoutLine: {'line': b'-- Installing: /root/lidar_system/install/servo_control/include/servo_control\n'}
[131.665340] (servo_control) StdoutLine: {'line': b'-- Installing: /root/lidar_system/install/servo_control/include/servo_control/msg\n'}
[131.666070] (servo_control) StdoutLine: {'line': b'-- Installing: /root/lidar_system/install/servo_control/include/servo_control/msg/rosidl_generator_c__visibility_control.h\n'}
[131.667089] (servo_control) StdoutLine: {'line': b'-- Installing: /root/lidar_system/install/servo_control/include/servo_control/srv\n'}
[131.668424] (servo_control) StdoutLine: {'line': b'-- Installing: /root/lidar_system/install/servo_control/include/servo_control/srv/get_local_dimensions.h\n'}
[131.669205] (servo_control) StdoutLine: {'line': b'-- Installing: /root/lidar_system/install/servo_control/include/servo_control/srv/detail\n'}
[131.669764] (servo_control) StdoutLine: {'line': b'-- Installing: /root/lidar_system/install/servo_control/include/servo_control/srv/detail/get_local_dimensions__struct.h\n'}
[131.670209] (servo_control) StdoutLine: {'line': b'-- Installing: /root/lidar_system/install/servo_control/include/servo_control/srv/detail/get_local_dimensions__type_support.h\n'}
[131.670650] (servo_control) StdoutLine: {'line': b'-- Installing: /root/lidar_system/install/servo_control/include/servo_control/srv/detail/get_local_dimensions__functions.h\n'}
[131.671677] (servo_control) StdoutLine: {'line': b'-- Installing: /root/lidar_system/install/servo_control/include/servo_control/srv/detail/get_local_dimensions__functions.c\n'}
[131.672443] (servo_control) StdoutLine: {'line': b'-- Installing: /root/lidar_system/install/servo_control/share/servo_control/environment/library_path.sh\n'}
[131.673734] (servo_control) StdoutLine: {'line': b'-- Installing: /root/lidar_system/install/servo_control/share/servo_control/environment/library_path.dsv\n'}
[131.674890] (servo_control) StdoutLine: {'line': b'-- Installing: /root/lidar_system/install/servo_control/lib/libservo_control__rosidl_generator_c.so\n'}
[131.676307] (servo_control) StdoutLine: {'line': b'-- Set runtime path of "/root/lidar_system/install/servo_control/lib/libservo_control__rosidl_generator_c.so" to ""\n'}
[131.678680] (servo_control) StdoutLine: {'line': b'-- Up-to-date: /root/lidar_system/install/servo_control/include/servo_control\n'}
[131.680077] (servo_control) StdoutLine: {'line': b'-- Up-to-date: /root/lidar_system/install/servo_control/include/servo_control/msg\n'}
[131.681444] (servo_control) StdoutLine: {'line': b'-- Installing: /root/lidar_system/install/servo_control/include/servo_control/msg/rosidl_typesupport_fastrtps_c__visibility_control.h\n'}
[131.684907] (servo_control) StdoutLine: {'line': b'-- Up-to-date: /root/lidar_system/install/servo_control/include/servo_control/srv\n'}
[131.685505] (servo_control) StdoutLine: {'line': b'-- Up-to-date: /root/lidar_system/install/servo_control/include/servo_control/srv/detail\n'}
[131.685933] (servo_control) StdoutLine: {'line': b'-- Installing: /root/lidar_system/install/servo_control/include/servo_control/srv/detail/get_local_dimensions__rosidl_typesupport_fastrtps_c.h\n'}
[131.686340] (servo_control) StdoutLine: {'line': b'-- Installing: /root/lidar_system/install/servo_control/lib/libservo_control__rosidl_typesupport_fastrtps_c.so\n'}
[131.686766] (servo_control) StdoutLine: {'line': b'-- Set runtime path of "/root/lidar_system/install/servo_control/lib/libservo_control__rosidl_typesupport_fastrtps_c.so" to ""\n'}
[131.687170] (servo_control) StdoutLine: {'line': b'-- Up-to-date: /root/lidar_system/install/servo_control/include/servo_control\n'}
[131.687643] (servo_control) StdoutLine: {'line': b'-- Up-to-date: /root/lidar_system/install/servo_control/include/servo_control/msg\n'}
[131.688260] (servo_control) StdoutLine: {'line': b'-- Installing: /root/lidar_system/install/servo_control/include/servo_control/msg/rosidl_typesupport_fastrtps_cpp__visibility_control.h\n'}
[131.688832] (servo_control) StdoutLine: {'line': b'-- Up-to-date: /root/lidar_system/install/servo_control/include/servo_control/srv\n'}
[131.689320] (servo_control) StdoutLine: {'line': b'-- Up-to-date: /root/lidar_system/install/servo_control/include/servo_control/srv/detail\n'}
[131.689876] (servo_control) StdoutLine: {'line': b'-- Installing: /root/lidar_system/install/servo_control/include/servo_control/srv/detail/get_local_dimensions__rosidl_typesupport_fastrtps_cpp.hpp\n'}
[131.690374] (servo_control) StdoutLine: {'line': b'-- Installing: /root/lidar_system/install/servo_control/include/servo_control/srv/detail/dds_fastrtps\n'}
[131.691642] (servo_control) StdoutLine: {'line': b'-- Installing: /root/lidar_system/install/servo_control/lib/libservo_control__rosidl_typesupport_fastrtps_cpp.so\n'}
[131.692624] (servo_control) StdoutLine: {'line': b'-- Set runtime path of "/root/lidar_system/install/servo_control/lib/libservo_control__rosidl_typesupport_fastrtps_cpp.so" to ""\n'}
[131.693088] (servo_control) StdoutLine: {'line': b'-- Up-to-date: /root/lidar_system/install/servo_control/include/servo_control\n'}
[131.693520] (servo_control) StdoutLine: {'line': b'-- Up-to-date: /root/lidar_system/install/servo_control/include/servo_control/msg\n'}
[131.694005] (servo_control) StdoutLine: {'line': b'-- Installing: /root/lidar_system/install/servo_control/include/servo_control/msg/rosidl_typesupport_introspection_c__visibility_control.h\n'}
[131.694496] (servo_control) StdoutLine: {'line': b'-- Up-to-date: /root/lidar_system/install/servo_control/include/servo_control/srv\n'}
[131.694923] (servo_control) StdoutLine: {'line': b'-- Up-to-date: /root/lidar_system/install/servo_control/include/servo_control/srv/detail\n'}
[131.695326] (servo_control) StdoutLine: {'line': b'-- Installing: /root/lidar_system/install/servo_control/include/servo_control/srv/detail/get_local_dimensions__rosidl_typesupport_introspection_c.h\n'}
[131.695847] (servo_control) StdoutLine: {'line': b'-- Installing: /root/lidar_system/install/servo_control/include/servo_control/srv/detail/get_local_dimensions__type_support.c\n'}
[131.697200] (servo_control) StdoutLine: {'line': b'-- Installing: /root/lidar_system/install/servo_control/lib/libservo_control__rosidl_typesupport_introspection_c.so\n'}
[131.697822] (servo_control) StdoutLine: {'line': b'-- Set runtime path of "/root/lidar_system/install/servo_control/lib/libservo_control__rosidl_typesupport_introspection_c.so" to ""\n'}
[131.698247] (servo_control) StdoutLine: {'line': b'-- Installing: /root/lidar_system/install/servo_control/lib/libservo_control__rosidl_typesupport_c.so\n'}
[131.699888] (servo_control) StdoutLine: {'line': b'-- Set runtime path of "/root/lidar_system/install/servo_control/lib/libservo_control__rosidl_typesupport_c.so" to ""\n'}
[131.700483] (servo_control) StdoutLine: {'line': b'-- Up-to-date: /root/lidar_system/install/servo_control/include/servo_control\n'}
[131.701019] (servo_control) StdoutLine: {'line': b'-- Up-to-date: /root/lidar_system/install/servo_control/include/servo_control/msg\n'}
[131.701490] (servo_control) StdoutLine: {'line': b'-- Installing: /root/lidar_system/install/servo_control/include/servo_control/msg/rosidl_generator_cpp__visibility_control.hpp\n'}
[131.701996] (servo_control) StdoutLine: {'line': b'-- Up-to-date: /root/lidar_system/install/servo_control/include/servo_control/srv\n'}
[131.702427] (servo_control) StdoutLine: {'line': b'-- Up-to-date: /root/lidar_system/install/servo_control/include/servo_control/srv/detail\n'}
[131.702842] (servo_control) StdoutLine: {'line': b'-- Installing: /root/lidar_system/install/servo_control/include/servo_control/srv/detail/get_local_dimensions__traits.hpp\n'}
[131.703267] (servo_control) StdoutLine: {'line': b'-- Installing: /root/lidar_system/install/servo_control/include/servo_control/srv/detail/get_local_dimensions__struct.hpp\n'}
[131.704779] (servo_control) StdoutLine: {'line': b'-- Installing: /root/lidar_system/install/servo_control/include/servo_control/srv/detail/get_local_dimensions__type_support.hpp\n'}
[131.705310] (servo_control) StdoutLine: {'line': b'-- Installing: /root/lidar_system/install/servo_control/include/servo_control/srv/detail/get_local_dimensions__builder.hpp\n'}
[131.706050] (servo_control) StdoutLine: {'line': b'-- Installing: /root/lidar_system/install/servo_control/include/servo_control/srv/get_local_dimensions.hpp\n'}
[131.706444] (servo_control) StdoutLine: {'line': b'-- Up-to-date: /root/lidar_system/install/servo_control/include/servo_control\n'}
[131.706777] (servo_control) StdoutLine: {'line': b'-- Up-to-date: /root/lidar_system/install/servo_control/include/servo_control/srv\n'}
[131.707395] (servo_control) StdoutLine: {'line': b'-- Up-to-date: /root/lidar_system/install/servo_control/include/servo_control/srv/detail\n'}
[131.707715] (servo_control) StdoutLine: {'line': b'-- Installing: /root/lidar_system/install/servo_control/include/servo_control/srv/detail/get_local_dimensions__type_support.cpp\n'}
[131.708033] (servo_control) StdoutLine: {'line': b'-- Installing: /root/lidar_system/install/servo_control/include/servo_control/srv/detail/get_local_dimensions__rosidl_typesupport_introspection_cpp.hpp\n'}
[131.708344] (servo_control) StdoutLine: {'line': b'-- Installing: /root/lidar_system/install/servo_control/lib/libservo_control__rosidl_typesupport_introspection_cpp.so\n'}
[131.709120] (servo_control) StdoutLine: {'line': b'-- Set runtime path of "/root/lidar_system/install/servo_control/lib/libservo_control__rosidl_typesupport_introspection_cpp.so" to ""\n'}
[131.709721] (servo_control) StdoutLine: {'line': b'-- Installing: /root/lidar_system/install/servo_control/lib/libservo_control__rosidl_typesupport_cpp.so\n'}
[131.710746] (servo_control) StdoutLine: {'line': b'-- Set runtime path of "/root/lidar_system/install/servo_control/lib/libservo_control__rosidl_typesupport_cpp.so" to ""\n'}
[131.711522] (servo_control) StdoutLine: {'line': b'-- Up-to-date: /root/lidar_system/install/servo_control/share/servo_control/environment/pythonpath.sh\n'}
[131.711871] (servo_control) StdoutLine: {'line': b'-- Installing: /root/lidar_system/install/servo_control/share/servo_control/environment/pythonpath.dsv\n'}
[131.714747] (servo_control) StdoutLine: {'line': b'-- Installing: /root/lidar_system/install/servo_control/lib/python3.8/site-packages/servo_control/__init__.py\n'}
[131.737171] (-) TimerEvent: {}
[131.837514] (-) TimerEvent: {}
[131.859167] (servo_control) StdoutLine: {'line': b"Compiling '/root/lidar_system/install/servo_control/lib/python3.8/site-packages/servo_control/__init__.py'...\n"}
[131.882498] (servo_control) StdoutLine: {'line': b'-- Installing: /root/lidar_system/install/servo_control/lib/python3.8/site-packages/servo_control/srv\n'}
[131.884211] (servo_control) StdoutLine: {'line': b'-- Installing: /root/lidar_system/install/servo_control/lib/python3.8/site-packages/servo_control/srv/_get_local_dimensions_s.c\n'}
[131.884958] (servo_control) StdoutLine: {'line': b'-- Installing: /root/lidar_system/install/servo_control/lib/python3.8/site-packages/servo_control/srv/__init__.py\n'}
[131.885487] (servo_control) StdoutLine: {'line': b'-- Installing: /root/lidar_system/install/servo_control/lib/python3.8/site-packages/servo_control/srv/_get_local_dimensions.py\n'}
[131.886557] (servo_control) StdoutLine: {'line': b'-- Installing: /root/lidar_system/install/servo_control/lib/python3.8/site-packages/servo_control/servo_control_s__rosidl_typesupport_fastrtps_c.cpython-38-aarch64-linux-gnu.so\n'}
[131.888156] (servo_control) StdoutLine: {'line': b'-- Set runtime path of "/root/lidar_system/install/servo_control/lib/python3.8/site-packages/servo_control/servo_control_s__rosidl_typesupport_fastrtps_c.cpython-38-aarch64-linux-gnu.so" to ""\n'}
[131.889322] (servo_control) StdoutLine: {'line': b'-- Installing: /root/lidar_system/install/servo_control/lib/python3.8/site-packages/servo_control/servo_control_s__rosidl_typesupport_introspection_c.cpython-38-aarch64-linux-gnu.so\n'}
[131.890897] (servo_control) StdoutLine: {'line': b'-- Set runtime path of "/root/lidar_system/install/servo_control/lib/python3.8/site-packages/servo_control/servo_control_s__rosidl_typesupport_introspection_c.cpython-38-aarch64-linux-gnu.so" to ""\n'}
[131.892105] (servo_control) StdoutLine: {'line': b'-- Installing: /root/lidar_system/install/servo_control/lib/python3.8/site-packages/servo_control/servo_control_s__rosidl_typesupport_c.cpython-38-aarch64-linux-gnu.so\n'}
[131.893765] (servo_control) StdoutLine: {'line': b'-- Set runtime path of "/root/lidar_system/install/servo_control/lib/python3.8/site-packages/servo_control/servo_control_s__rosidl_typesupport_c.cpython-38-aarch64-linux-gnu.so" to ""\n'}
[131.894511] (servo_control) StdoutLine: {'line': b'-- Installing: /root/lidar_system/install/servo_control/lib/libservo_control__python.so\n'}
[131.895410] (servo_control) StdoutLine: {'line': b'-- Set runtime path of "/root/lidar_system/install/servo_control/lib/libservo_control__python.so" to ""\n'}
[131.896066] (servo_control) StdoutLine: {'line': b'-- Installing: /root/lidar_system/install/servo_control/share/servo_control/srv/GetLocalDimensions.idl\n'}
[131.897048] (servo_control) StdoutLine: {'line': b'-- Installing: /root/lidar_system/install/servo_control/share/servo_control/srv/GetLocalDimensions.srv\n'}
[131.898978] (servo_control) StdoutLine: {'line': b'-- Installing: /root/lidar_system/install/servo_control/share/servo_control/srv/GetLocalDimensions_Request.msg\n'}
[131.900369] (servo_control) StdoutLine: {'line': b'-- Installing: /root/lidar_system/install/servo_control/share/servo_control/srv/GetLocalDimensions_Response.msg\n'}
[131.904718] (servo_control) StdoutLine: {'line': b'-- Installing: /root/lidar_system/install/servo_control/lib/servo_control/dynamic_tf_broadcaster\n'}
[131.916735] (servo_control) StdoutLine: {'line': b'-- Set runtime path of "/root/lidar_system/install/servo_control/lib/servo_control/dynamic_tf_broadcaster" to ""\n'}
[131.919891] (servo_control) StdoutLine: {'line': b'-- Installing: /root/lidar_system/install/servo_control/lib/servo_control/lidar_pointcloud_node\n'}
[131.930236] (servo_control) StdoutLine: {'line': b'-- Set runtime path of "/root/lidar_system/install/servo_control/lib/servo_control/lidar_pointcloud_node" to ""\n'}
[131.933484] (servo_control) StdoutLine: {'line': b'-- Installing: /root/lidar_system/install/servo_control/lib/servo_control/scan_sequence_node\n'}
[131.937702] (-) TimerEvent: {}
[131.955991] (servo_control) StdoutLine: {'line': b'-- Set runtime path of "/root/lidar_system/install/servo_control/lib/servo_control/scan_sequence_node" to ""\n'}
[131.958665] (servo_control) StdoutLine: {'line': b'-- Installing: /root/lidar_system/install/servo_control/lib/servo_control/target_tracker_node\n'}
[131.973053] (servo_control) StdoutLine: {'line': b'-- Set runtime path of "/root/lidar_system/install/servo_control/lib/servo_control/target_tracker_node" to ""\n'}
[131.976005] (servo_control) StdoutLine: {'line': b'-- Installing: /root/lidar_system/install/servo_control/lib/servo_control/mavros_tf_node\n'}
[131.988013] (servo_control) StdoutLine: {'line': b'-- Set runtime path of "/root/lidar_system/install/servo_control/lib/servo_control/mavros_tf_node" to ""\n'}
[131.989144] (servo_control) StdoutLine: {'line': b'-- Installing: /root/lidar_system/install/servo_control/lib/servo_control/local_dimensions_node\n'}
[131.998154] (servo_control) StdoutLine: {'line': b'-- Set runtime path of "/root/lidar_system/install/servo_control/lib/servo_control/local_dimensions_node" to ""\n'}
[131.998919] (servo_control) StdoutLine: {'line': b'-- Up-to-date: /root/lidar_system/install/servo_control/lib/python3.8/site-packages/servo_control\n'}
[132.007398] (servo_control) StdoutLine: {'line': b'-- Installing: /root/lidar_system/install/servo_control/lib/python3.8/site-packages/servo_control/__init__.py\n'}
[132.039123] (-) TimerEvent: {}
[132.139709] (-) TimerEvent: {}
[132.153712] (servo_control) StdoutLine: {'line': b"Listing '/root/lidar_system/install/servo_control/lib/python3.8/site-packages/servo_control'...\n"}
[132.154314] (servo_control) StdoutLine: {'line': b"Compiling '/root/lidar_system/install/servo_control/lib/python3.8/site-packages/servo_control/__init__.py'...\n"}
[132.154739] (servo_control) StdoutLine: {'line': b"Listing '/root/lidar_system/install/servo_control/lib/python3.8/site-packages/servo_control/srv'...\n"}
[132.155154] (servo_control) StdoutLine: {'line': b"Compiling '/root/lidar_system/install/servo_control/lib/python3.8/site-packages/servo_control/srv/__init__.py'...\n"}
[132.155612] (servo_control) StdoutLine: {'line': b"Compiling '/root/lidar_system/install/servo_control/lib/python3.8/site-packages/servo_control/srv/_get_local_dimensions.py'...\n"}
[132.180439] (servo_control) StdoutLine: {'line': b'-- Up-to-date: /root/lidar_system/install/servo_control/lib/servo_control/servo_motor_node.py\n'}
[132.182322] (servo_control) StdoutLine: {'line': b'-- Up-to-date: /root/lidar_system/install/servo_control/lib/servo_control/lidar_bbox_open3d.py\n'}
[132.183625] (servo_control) StdoutLine: {'line': b'-- Installing: /root/lidar_system/install/servo_control/share/ament_index/resource_index/package_run_dependencies/servo_control\n'}
[132.185213] (servo_control) StdoutLine: {'line': b'-- Up-to-date: /root/lidar_system/install/servo_control/share/ament_index/resource_index/parent_prefix_path/servo_control\n'}
[132.187304] (servo_control) StdoutLine: {'line': b'-- Up-to-date: /root/lidar_system/install/servo_control/share/servo_control/environment/ament_prefix_path.sh\n'}
[132.187886] (servo_control) StdoutLine: {'line': b'-- Installing: /root/lidar_system/install/servo_control/share/servo_control/environment/ament_prefix_path.dsv\n'}
[132.188881] (servo_control) StdoutLine: {'line': b'-- Up-to-date: /root/lidar_system/install/servo_control/share/servo_control/environment/path.sh\n'}
[132.189902] (servo_control) StdoutLine: {'line': b'-- Installing: /root/lidar_system/install/servo_control/share/servo_control/environment/path.dsv\n'}
[132.191180] (servo_control) StdoutLine: {'line': b'-- Up-to-date: /root/lidar_system/install/servo_control/share/servo_control/local_setup.bash\n'}
[132.191659] (servo_control) StdoutLine: {'line': b'-- Installing: /root/lidar_system/install/servo_control/share/servo_control/local_setup.sh\n'}
[132.193232] (servo_control) StdoutLine: {'line': b'-- Up-to-date: /root/lidar_system/install/servo_control/share/servo_control/local_setup.zsh\n'}
[132.194143] (servo_control) StdoutLine: {'line': b'-- Installing: /root/lidar_system/install/servo_control/share/servo_control/local_setup.dsv\n'}
[132.194848] (servo_control) StdoutLine: {'line': b'-- Installing: /root/lidar_system/install/servo_control/share/servo_control/package.dsv\n'}
[132.196301] (servo_control) StdoutLine: {'line': b'-- Up-to-date: /root/lidar_system/install/servo_control/share/ament_index/resource_index/packages/servo_control\n'}
[132.199625] (servo_control) StdoutLine: {'line': b'-- Installing: /root/lidar_system/install/servo_control/share/servo_control/cmake/servo_control__rosidl_generator_cExport.cmake\n'}
[132.204848] (servo_control) StdoutLine: {'line': b'-- Installing: /root/lidar_system/install/servo_control/share/servo_control/cmake/servo_control__rosidl_generator_cExport-noconfig.cmake\n'}
[132.206541] (servo_control) StdoutLine: {'line': b'-- Installing: /root/lidar_system/install/servo_control/share/servo_control/cmake/servo_control__rosidl_typesupport_introspection_cExport.cmake\n'}
[132.208230] (servo_control) StdoutLine: {'line': b'-- Installing: /root/lidar_system/install/servo_control/share/servo_control/cmake/servo_control__rosidl_typesupport_introspection_cExport-noconfig.cmake\n'}
[132.209816] (servo_control) StdoutLine: {'line': b'-- Installing: /root/lidar_system/install/servo_control/share/servo_control/cmake/servo_control__rosidl_typesupport_cExport.cmake\n'}
[132.211240] (servo_control) StdoutLine: {'line': b'-- Installing: /root/lidar_system/install/servo_control/share/servo_control/cmake/servo_control__rosidl_typesupport_cExport-noconfig.cmake\n'}
[132.212708] (servo_control) StdoutLine: {'line': b'-- Installing: /root/lidar_system/install/servo_control/share/servo_control/cmake/servo_control__rosidl_generator_cppExport.cmake\n'}
[132.214259] (servo_control) StdoutLine: {'line': b'-- Installing: /root/lidar_system/install/servo_control/share/servo_control/cmake/servo_control__rosidl_typesupport_introspection_cppExport.cmake\n'}
[132.215375] (servo_control) StdoutLine: {'line': b'-- Installing: /root/lidar_system/install/servo_control/share/servo_control/cmake/servo_control__rosidl_typesupport_introspection_cppExport-noconfig.cmake\n'}
[132.216555] (servo_control) StdoutLine: {'line': b'-- Installing: /root/lidar_system/install/servo_control/share/servo_control/cmake/servo_control__rosidl_typesupport_cppExport.cmake\n'}
[132.217484] (servo_control) StdoutLine: {'line': b'-- Installing: /root/lidar_system/install/servo_control/share/servo_control/cmake/servo_control__rosidl_typesupport_cppExport-noconfig.cmake\n'}
[132.218502] (servo_control) StdoutLine: {'line': b'-- Installing: /root/lidar_system/install/servo_control/share/servo_control/cmake/rosidl_cmake-extras.cmake\n'}
[132.220089] (servo_control) StdoutLine: {'line': b'-- Installing: /root/lidar_system/install/servo_control/share/servo_control/cmake/ament_cmake_export_dependencies-extras.cmake\n'}
[132.221424] (servo_control) StdoutLine: {'line': b'-- Installing: /root/lidar_system/install/servo_control/share/servo_control/cmake/ament_cmake_export_libraries-extras.cmake\n'}
[132.222700] (servo_control) StdoutLine: {'line': b'-- Installing: /root/lidar_system/install/servo_control/share/servo_control/cmake/ament_cmake_export_targets-extras.cmake\n'}
[132.224328] (servo_control) StdoutLine: {'line': b'-- Installing: /root/lidar_system/install/servo_control/share/servo_control/cmake/ament_cmake_export_include_directories-extras.cmake\n'}
[132.226084] (servo_control) StdoutLine: {'line': b'-- Installing: /root/lidar_system/install/servo_control/share/servo_control/cmake/rosidl_cmake_export_typesupport_libraries-extras.cmake\n'}
[132.227078] (servo_control) StdoutLine: {'line': b'-- Installing: /root/lidar_system/install/servo_control/share/servo_control/cmake/rosidl_cmake_export_typesupport_targets-extras.cmake\n'}
[132.229032] (servo_control) StdoutLine: {'line': b'-- Installing: /root/lidar_system/install/servo_control/share/servo_control/cmake/servo_controlConfig.cmake\n'}
[132.232276] (servo_control) StdoutLine: {'line': b'-- Up-to-date: /root/lidar_system/install/servo_control/share/servo_control/cmake/servo_controlConfig-version.cmake\n'}
[132.233350] (servo_control) StdoutLine: {'line': b'-- Installing: /root/lidar_system/install/servo_control/share/servo_control/package.xml\n'}
[132.239908] (-) TimerEvent: {}
[132.243703] (servo_control) CommandEnded: {'returncode': 0}
[132.340395] (-) TimerEvent: {}
[132.440833] (-) TimerEvent: {}
[132.541211] (-) TimerEvent: {}
[132.643690] (-) TimerEvent: {}
[132.659968] (servo_control) JobEnded: {'identifier': 'servo_control', 'rc': 0}
[132.662909] (-) EventReactorShutdown: {}
