[0.090s] Invoking command in '/root/lidar_system/build/servo_control': CMAKE_PREFIX_PATH=/opt/ros/foxy /usr/bin/cmake --build /root/lidar_system/build/servo_control -- -j4 -l4
[0.639s] [  2%] Built target servo_control__cpp
[0.650s] [  8%] Built target servo_control__rosidl_generator_c
[0.813s] [ 12%] Built target octomap_planner_node
[0.859s] [ 17%] Built target dynamic_tf_broadcaster
[0.979s] [ 21%] Built target target_tracker_node
[1.039s] [ 25%] Built target lidar_pointcloud_node
[1.080s] [ 29%] Built target scan_sequence_node
[1.183s] [ 34%] Built target mavros_tf_node
[1.183s] [ 40%] Built target servo_control__rosidl_typesupport_cpp
[1.295s] [ 46%] Built target servo_control__rosidl_typesupport_introspection_cpp
[1.321s] [ 53%] Built target servo_control__rosidl_typesupport_fastrtps_cpp
[1.342s] [ 59%] Built target servo_control__rosidl_typesupport_c
[1.368s] [ 65%] Built target servo_control__rosidl_typesupport_introspection_c
[1.530s] [ 72%] Built target servo_control__rosidl_typesupport_fastrtps_c
[1.793s] [ 72%] Built target servo_control
[1.799s] [ 74%] Built target servo_control__py
[1.879s] [ 78%] Built target local_dimensions_node
[1.903s] [ 82%] Built target px4_takeoff_manager_node
[1.976s] [ 87%] Built target servo_control__python
[2.142s] [ 91%] Built target servo_control__rosidl_typesupport_c__pyext
[2.253s] [ 95%] Built target servo_control__rosidl_typesupport_fastrtps_c__pyext
[2.254s] [100%] Built target servo_control__rosidl_typesupport_introspection_c__pyext
[2.254s] Invoked command in '/root/lidar_system/build/servo_control' returned '0': CMAKE_PREFIX_PATH=/opt/ros/foxy /usr/bin/cmake --build /root/lidar_system/build/servo_control -- -j4 -l4
[2.629s] Invoking command in '/root/lidar_system/build/servo_control': CMAKE_PREFIX_PATH=/opt/ros/foxy /usr/bin/cmake --install /root/lidar_system/build/servo_control
[2.684s] -- Install configuration: ""
[2.686s] -- Up-to-date: /root/lidar_system/install/servo_control/share/ament_index/resource_index/rosidl_interfaces/servo_control
[2.687s] -- Up-to-date: /root/lidar_system/install/servo_control/include/servo_control
[2.688s] -- Up-to-date: /root/lidar_system/install/servo_control/include/servo_control/msg
[2.688s] -- Up-to-date: /root/lidar_system/install/servo_control/include/servo_control/msg/rosidl_generator_c__visibility_control.h
[2.695s] -- Up-to-date: /root/lidar_system/install/servo_control/include/servo_control/srv
[2.696s] -- Up-to-date: /root/lidar_system/install/servo_control/include/servo_control/srv/get_local_dimensions.h
[2.698s] -- Up-to-date: /root/lidar_system/install/servo_control/include/servo_control/srv/detail
[2.699s] -- Up-to-date: /root/lidar_system/install/servo_control/include/servo_control/srv/detail/get_local_dimensions__struct.h
[2.700s] -- Up-to-date: /root/lidar_system/install/servo_control/include/servo_control/srv/detail/get_local_dimensions__type_support.h
[2.702s] -- Up-to-date: /root/lidar_system/install/servo_control/include/servo_control/srv/detail/get_local_dimensions__functions.h
[2.703s] -- Up-to-date: /root/lidar_system/install/servo_control/include/servo_control/srv/detail/get_local_dimensions__functions.c
[2.704s] -- Up-to-date: /root/lidar_system/install/servo_control/share/servo_control/environment/library_path.sh
[2.704s] -- Up-to-date: /root/lidar_system/install/servo_control/share/servo_control/environment/library_path.dsv
[2.705s] -- Up-to-date: /root/lidar_system/install/servo_control/lib/libservo_control__rosidl_generator_c.so
[2.709s] -- Up-to-date: /root/lidar_system/install/servo_control/include/servo_control
[2.712s] -- Up-to-date: /root/lidar_system/install/servo_control/include/servo_control/msg
[2.713s] -- Up-to-date: /root/lidar_system/install/servo_control/include/servo_control/msg/rosidl_typesupport_fastrtps_c__visibility_control.h
[2.714s] -- Up-to-date: /root/lidar_system/install/servo_control/include/servo_control/srv
[2.715s] -- Up-to-date: /root/lidar_system/install/servo_control/include/servo_control/srv/detail
[2.715s] -- Up-to-date: /root/lidar_system/install/servo_control/include/servo_control/srv/detail/get_local_dimensions__rosidl_typesupport_fastrtps_c.h
[2.716s] -- Up-to-date: /root/lidar_system/install/servo_control/lib/libservo_control__rosidl_typesupport_fastrtps_c.so
[2.716s] -- Up-to-date: /root/lidar_system/install/servo_control/include/servo_control
[2.717s] -- Up-to-date: /root/lidar_system/install/servo_control/include/servo_control/msg
[2.717s] -- Up-to-date: /root/lidar_system/install/servo_control/include/servo_control/msg/rosidl_typesupport_fastrtps_cpp__visibility_control.h
[2.718s] -- Up-to-date: /root/lidar_system/install/servo_control/include/servo_control/srv
[2.718s] -- Up-to-date: /root/lidar_system/install/servo_control/include/servo_control/srv/detail
[2.719s] -- Up-to-date: /root/lidar_system/install/servo_control/include/servo_control/srv/detail/get_local_dimensions__rosidl_typesupport_fastrtps_cpp.hpp
[2.720s] -- Up-to-date: /root/lidar_system/install/servo_control/include/servo_control/srv/detail/dds_fastrtps
[2.720s] -- Up-to-date: /root/lidar_system/install/servo_control/lib/libservo_control__rosidl_typesupport_fastrtps_cpp.so
[2.721s] -- Up-to-date: /root/lidar_system/install/servo_control/include/servo_control
[2.722s] -- Up-to-date: /root/lidar_system/install/servo_control/include/servo_control/msg
[2.722s] -- Up-to-date: /root/lidar_system/install/servo_control/include/servo_control/msg/rosidl_typesupport_introspection_c__visibility_control.h
[2.723s] -- Up-to-date: /root/lidar_system/install/servo_control/include/servo_control/srv
[2.723s] -- Up-to-date: /root/lidar_system/install/servo_control/include/servo_control/srv/detail
[2.724s] -- Up-to-date: /root/lidar_system/install/servo_control/include/servo_control/srv/detail/get_local_dimensions__rosidl_typesupport_introspection_c.h
[2.724s] -- Up-to-date: /root/lidar_system/install/servo_control/include/servo_control/srv/detail/get_local_dimensions__type_support.c
[2.724s] -- Up-to-date: /root/lidar_system/install/servo_control/lib/libservo_control__rosidl_typesupport_introspection_c.so
[2.725s] -- Up-to-date: /root/lidar_system/install/servo_control/lib/libservo_control__rosidl_typesupport_c.so
[2.725s] -- Up-to-date: /root/lidar_system/install/servo_control/include/servo_control
[2.725s] -- Up-to-date: /root/lidar_system/install/servo_control/include/servo_control/msg
[2.726s] -- Up-to-date: /root/lidar_system/install/servo_control/include/servo_control/msg/rosidl_generator_cpp__visibility_control.hpp
[2.726s] -- Up-to-date: /root/lidar_system/install/servo_control/include/servo_control/srv
[2.727s] -- Up-to-date: /root/lidar_system/install/servo_control/include/servo_control/srv/detail
[2.728s] -- Up-to-date: /root/lidar_system/install/servo_control/include/servo_control/srv/detail/get_local_dimensions__traits.hpp
[2.728s] -- Up-to-date: /root/lidar_system/install/servo_control/include/servo_control/srv/detail/get_local_dimensions__struct.hpp
[2.728s] -- Up-to-date: /root/lidar_system/install/servo_control/include/servo_control/srv/detail/get_local_dimensions__type_support.hpp
[2.729s] -- Up-to-date: /root/lidar_system/install/servo_control/include/servo_control/srv/detail/get_local_dimensions__builder.hpp
[2.729s] -- Up-to-date: /root/lidar_system/install/servo_control/include/servo_control/srv/get_local_dimensions.hpp
[2.730s] -- Up-to-date: /root/lidar_system/install/servo_control/include/servo_control
[2.731s] -- Up-to-date: /root/lidar_system/install/servo_control/include/servo_control/srv
[2.731s] -- Up-to-date: /root/lidar_system/install/servo_control/include/servo_control/srv/detail
[2.731s] -- Up-to-date: /root/lidar_system/install/servo_control/include/servo_control/srv/detail/get_local_dimensions__type_support.cpp
[2.732s] -- Up-to-date: /root/lidar_system/install/servo_control/include/servo_control/srv/detail/get_local_dimensions__rosidl_typesupport_introspection_cpp.hpp
[2.732s] -- Up-to-date: /root/lidar_system/install/servo_control/lib/libservo_control__rosidl_typesupport_introspection_cpp.so
[2.732s] -- Up-to-date: /root/lidar_system/install/servo_control/lib/libservo_control__rosidl_typesupport_cpp.so
[2.733s] -- Up-to-date: /root/lidar_system/install/servo_control/share/servo_control/environment/pythonpath.sh
[2.733s] -- Up-to-date: /root/lidar_system/install/servo_control/share/servo_control/environment/pythonpath.dsv
[2.734s] -- Installing: /root/lidar_system/install/servo_control/lib/python3.8/site-packages/servo_control/__init__.py
[2.869s] Compiling '/root/lidar_system/install/servo_control/lib/python3.8/site-packages/servo_control/__init__.py'...
[2.903s] -- Up-to-date: /root/lidar_system/install/servo_control/lib/python3.8/site-packages/servo_control/srv
[2.904s] -- Up-to-date: /root/lidar_system/install/servo_control/lib/python3.8/site-packages/servo_control/srv/_get_local_dimensions_s.c
[2.905s] -- Up-to-date: /root/lidar_system/install/servo_control/lib/python3.8/site-packages/servo_control/srv/__init__.py
[2.906s] -- Up-to-date: /root/lidar_system/install/servo_control/lib/python3.8/site-packages/servo_control/srv/_get_local_dimensions.py
[2.907s] -- Up-to-date: /root/lidar_system/install/servo_control/lib/python3.8/site-packages/servo_control/servo_control_s__rosidl_typesupport_fastrtps_c.cpython-38-aarch64-linux-gnu.so
[2.909s] -- Up-to-date: /root/lidar_system/install/servo_control/lib/python3.8/site-packages/servo_control/servo_control_s__rosidl_typesupport_introspection_c.cpython-38-aarch64-linux-gnu.so
[2.910s] -- Up-to-date: /root/lidar_system/install/servo_control/lib/python3.8/site-packages/servo_control/servo_control_s__rosidl_typesupport_c.cpython-38-aarch64-linux-gnu.so
[2.911s] -- Up-to-date: /root/lidar_system/install/servo_control/lib/libservo_control__python.so
[2.911s] -- Up-to-date: /root/lidar_system/install/servo_control/share/servo_control/srv/GetLocalDimensions.idl
[2.912s] -- Up-to-date: /root/lidar_system/install/servo_control/share/servo_control/srv/GetLocalDimensions.srv
[2.913s] -- Up-to-date: /root/lidar_system/install/servo_control/share/servo_control/srv/GetLocalDimensions_Request.msg
[2.914s] -- Up-to-date: /root/lidar_system/install/servo_control/share/servo_control/srv/GetLocalDimensions_Response.msg
[2.914s] -- Up-to-date: /root/lidar_system/install/servo_control/lib/servo_control/dynamic_tf_broadcaster
[2.918s] -- Up-to-date: /root/lidar_system/install/servo_control/lib/servo_control/lidar_pointcloud_node
[2.920s] -- Up-to-date: /root/lidar_system/install/servo_control/lib/servo_control/scan_sequence_node
[2.922s] -- Up-to-date: /root/lidar_system/install/servo_control/lib/servo_control/target_tracker_node
[2.925s] -- Up-to-date: /root/lidar_system/install/servo_control/lib/servo_control/mavros_tf_node
[2.930s] -- Up-to-date: /root/lidar_system/install/servo_control/lib/servo_control/local_dimensions_node
[2.934s] -- Up-to-date: /root/lidar_system/install/servo_control/lib/servo_control/px4_takeoff_manager_node
[2.938s] -- Up-to-date: /root/lidar_system/install/servo_control/lib/servo_control/octomap_planner_node
[2.939s] -- Up-to-date: /root/lidar_system/install/servo_control/lib/python3.8/site-packages/servo_control
[2.940s] -- Installing: /root/lidar_system/install/servo_control/lib/python3.8/site-packages/servo_control/__init__.py
[3.137s] Listing '/root/lidar_system/install/servo_control/lib/python3.8/site-packages/servo_control'...
[3.138s] Compiling '/root/lidar_system/install/servo_control/lib/python3.8/site-packages/servo_control/__init__.py'...
[3.139s] Listing '/root/lidar_system/install/servo_control/lib/python3.8/site-packages/servo_control/srv'...
[3.174s] -- Up-to-date: /root/lidar_system/install/servo_control/lib/servo_control/servo_motor_node.py
[3.176s] -- Up-to-date: /root/lidar_system/install/servo_control/lib/servo_control/lidar_bbox_open3d.py
[3.177s] -- Up-to-date: /root/lidar_system/install/servo_control/share/ament_index/resource_index/package_run_dependencies/servo_control
[3.179s] -- Up-to-date: /root/lidar_system/install/servo_control/share/ament_index/resource_index/parent_prefix_path/servo_control
[3.180s] -- Up-to-date: /root/lidar_system/install/servo_control/share/servo_control/environment/ament_prefix_path.sh
[3.181s] -- Up-to-date: /root/lidar_system/install/servo_control/share/servo_control/environment/ament_prefix_path.dsv
[3.182s] -- Up-to-date: /root/lidar_system/install/servo_control/share/servo_control/environment/path.sh
[3.183s] -- Up-to-date: /root/lidar_system/install/servo_control/share/servo_control/environment/path.dsv
[3.184s] -- Up-to-date: /root/lidar_system/install/servo_control/share/servo_control/local_setup.bash
[3.185s] -- Up-to-date: /root/lidar_system/install/servo_control/share/servo_control/local_setup.sh
[3.186s] -- Up-to-date: /root/lidar_system/install/servo_control/share/servo_control/local_setup.zsh
[3.186s] -- Up-to-date: /root/lidar_system/install/servo_control/share/servo_control/local_setup.dsv
[3.194s] -- Installing: /root/lidar_system/install/servo_control/share/servo_control/package.dsv
[3.196s] -- Up-to-date: /root/lidar_system/install/servo_control/share/ament_index/resource_index/packages/servo_control
[3.197s] -- Up-to-date: /root/lidar_system/install/servo_control/share/servo_control/cmake/servo_control__rosidl_generator_cExport.cmake
[3.198s] -- Up-to-date: /root/lidar_system/install/servo_control/share/servo_control/cmake/servo_control__rosidl_generator_cExport-noconfig.cmake
[3.198s] -- Up-to-date: /root/lidar_system/install/servo_control/share/servo_control/cmake/servo_control__rosidl_typesupport_introspection_cExport.cmake
[3.198s] -- Up-to-date: /root/lidar_system/install/servo_control/share/servo_control/cmake/servo_control__rosidl_typesupport_introspection_cExport-noconfig.cmake
[3.199s] -- Up-to-date: /root/lidar_system/install/servo_control/share/servo_control/cmake/servo_control__rosidl_typesupport_cExport.cmake
[3.199s] -- Up-to-date: /root/lidar_system/install/servo_control/share/servo_control/cmake/servo_control__rosidl_typesupport_cExport-noconfig.cmake
[3.200s] -- Up-to-date: /root/lidar_system/install/servo_control/share/servo_control/cmake/servo_control__rosidl_generator_cppExport.cmake
[3.200s] -- Up-to-date: /root/lidar_system/install/servo_control/share/servo_control/cmake/servo_control__rosidl_typesupport_introspection_cppExport.cmake
[3.201s] -- Up-to-date: /root/lidar_system/install/servo_control/share/servo_control/cmake/servo_control__rosidl_typesupport_introspection_cppExport-noconfig.cmake
[3.201s] -- Up-to-date: /root/lidar_system/install/servo_control/share/servo_control/cmake/servo_control__rosidl_typesupport_cppExport.cmake
[3.202s] -- Up-to-date: /root/lidar_system/install/servo_control/share/servo_control/cmake/servo_control__rosidl_typesupport_cppExport-noconfig.cmake
[3.204s] -- Up-to-date: /root/lidar_system/install/servo_control/share/servo_control/cmake/rosidl_cmake-extras.cmake
[3.224s] -- Up-to-date: /root/lidar_system/install/servo_control/share/servo_control/cmake/ament_cmake_export_dependencies-extras.cmake
[3.225s] -- Up-to-date: /root/lidar_system/install/servo_control/share/servo_control/cmake/ament_cmake_export_libraries-extras.cmake
[3.228s] -- Up-to-date: /root/lidar_system/install/servo_control/share/servo_control/cmake/ament_cmake_export_targets-extras.cmake
[3.228s] -- Up-to-date: /root/lidar_system/install/servo_control/share/servo_control/cmake/ament_cmake_export_include_directories-extras.cmake
[3.229s] -- Up-to-date: /root/lidar_system/install/servo_control/share/servo_control/cmake/rosidl_cmake_export_typesupport_libraries-extras.cmake
[3.229s] -- Up-to-date: /root/lidar_system/install/servo_control/share/servo_control/cmake/rosidl_cmake_export_typesupport_targets-extras.cmake
[3.230s] -- Up-to-date: /root/lidar_system/install/servo_control/share/servo_control/cmake/servo_controlConfig.cmake
[3.230s] -- Up-to-date: /root/lidar_system/install/servo_control/share/servo_control/cmake/servo_controlConfig-version.cmake
[3.231s] -- Up-to-date: /root/lidar_system/install/servo_control/share/servo_control/package.xml
[3.231s] Invoked command in '/root/lidar_system/build/servo_control' returned '0': CMAKE_PREFIX_PATH=/opt/ros/foxy /usr/bin/cmake --install /root/lidar_system/build/servo_control
