[0.000000] (-) TimerEvent: {}
[0.000242] (rplidar_ros) JobQueued: {'identifier': 'rplidar_ros', 'dependencies': OrderedDict()}
[0.000378] (servo_control) JobQueued: {'identifier': 'servo_control', 'dependencies': OrderedDict()}
[0.002273] (rplidar_ros) JobStarted: {'identifier': 'rplidar_ros'}
[0.053379] (servo_control) JobStarted: {'identifier': 'servo_control'}
[0.092728] (rplidar_ros) JobProgress: {'identifier': 'rplidar_ros', 'progress': 'cmake'}
[0.095189] (rplidar_ros) JobProgress: {'identifier': 'rplidar_ros', 'progress': 'build'}
[0.098044] (rplidar_ros) Command: {'cmd': ['/usr/bin/cmake', '--build', '/root/lidar_system/build/rplidar_ros', '--', '-j4', '-l4'], 'cwd': '/root/lidar_system/build/rplidar_ros', 'env': OrderedDict([('HOSTNAME', 'ubuntu-desktop'), ('SHLVL', '1'), ('LD_LIBRARY_PATH', '/opt/ros/foxy/opt/yaml_cpp_vendor/lib:/opt/ros/foxy/opt/rviz_ogre_vendor/lib:/opt/ros/foxy/lib/aarch64-linux-gnu:/opt/ros/foxy/lib'), ('HOME', '/root'), ('OLDPWD', '/'), ('ROS_PYTHON_VERSION', '3'), ('ROS_DISTRO', 'foxy'), ('_', '/usr/bin/colcon'), ('ROS_VERSION', '2'), ('ROS_LOCALHOST_ONLY', '0'), ('QT_X11_NO_MITSHM', '1'), ('PATH', '/opt/ros/foxy/bin:/usr/local/sbin:/usr/local/bin:/usr/sbin:/usr/bin:/sbin:/bin'), ('FASTRTPS_DEFAULT_PROFILES_FILE', '/fastdds.xml'), ('DISPLAY', ':0'), ('LANG', 'C.UTF-8'), ('RMW_IMPLEMENTATION', 'rmw_fastrtps_cpp'), ('ROS_DOMAIN_ID', '0'), ('AMENT_PREFIX_PATH', '/opt/ros/foxy'), ('PWD', '/root/lidar_system/build/rplidar_ros'), ('LC_ALL', 'C.UTF-8'), ('PYTHONPATH', '/opt/ros/foxy/lib/python3.8/site-packages'), ('COLCON', '1'), ('CMAKE_PREFIX_PATH', '/opt/ros/foxy')]), 'shell': False}
[0.104888] (-) TimerEvent: {}
[0.108724] (servo_control) JobProgress: {'identifier': 'servo_control', 'progress': 'cmake'}
[0.112528] (servo_control) JobProgress: {'identifier': 'servo_control', 'progress': 'build'}
[0.118094] (servo_control) Command: {'cmd': ['/usr/bin/cmake', '--build', '/root/lidar_system/build/servo_control', '--', '-j4', '-l4'], 'cwd': '/root/lidar_system/build/servo_control', 'env': OrderedDict([('HOSTNAME', 'ubuntu-desktop'), ('SHLVL', '1'), ('LD_LIBRARY_PATH', '/opt/ros/foxy/opt/yaml_cpp_vendor/lib:/opt/ros/foxy/opt/rviz_ogre_vendor/lib:/opt/ros/foxy/lib/aarch64-linux-gnu:/opt/ros/foxy/lib'), ('HOME', '/root'), ('OLDPWD', '/'), ('ROS_PYTHON_VERSION', '3'), ('ROS_DISTRO', 'foxy'), ('_', '/usr/bin/colcon'), ('ROS_VERSION', '2'), ('ROS_LOCALHOST_ONLY', '0'), ('QT_X11_NO_MITSHM', '1'), ('PATH', '/opt/ros/foxy/bin:/usr/local/sbin:/usr/local/bin:/usr/sbin:/usr/bin:/sbin:/bin'), ('FASTRTPS_DEFAULT_PROFILES_FILE', '/fastdds.xml'), ('DISPLAY', ':0'), ('LANG', 'C.UTF-8'), ('RMW_IMPLEMENTATION', 'rmw_fastrtps_cpp'), ('ROS_DOMAIN_ID', '0'), ('AMENT_PREFIX_PATH', '/opt/ros/foxy'), ('PWD', '/root/lidar_system/build/servo_control'), ('LC_ALL', 'C.UTF-8'), ('PYTHONPATH', '/opt/ros/foxy/lib/python3.8/site-packages'), ('COLCON', '1'), ('CMAKE_PREFIX_PATH', '/opt/ros/foxy')]), 'shell': False}
[0.205083] (-) TimerEvent: {}
[0.305446] (-) TimerEvent: {}
[0.376511] (rplidar_ros) StdoutLine: {'line': b'[  5%] Built target rplidar_client\n'}
[0.393974] (servo_control) StdoutLine: {'line': b'[ 20%] Built target dynamic_tf_broadcaster\n'}
[0.405616] (-) TimerEvent: {}
[0.506078] (-) TimerEvent: {}
[0.538898] (rplidar_ros) StdoutLine: {'line': b'[ 52%] Built target rplidar_node\n'}
[0.539966] (servo_control) StdoutLine: {'line': b'[ 40%] Built target mavros_tf_node\n'}
[0.606286] (-) TimerEvent: {}
[0.649024] (servo_control) StdoutLine: {'line': b'Scanning dependencies of target scan_sequence_node\n'}
[0.690459] (rplidar_ros) StdoutLine: {'line': b'[100%] Built target rplidar_composition\n'}
[0.706471] (-) TimerEvent: {}
[0.715566] (servo_control) StdoutLine: {'line': b'[ 50%] Building CXX object CMakeFiles/scan_sequence_node.dir/src/scan_sequence_node.cpp.o\n'}
[0.731691] (rplidar_ros) CommandEnded: {'returncode': 0}
[0.807995] (-) TimerEvent: {}
[0.908585] (-) TimerEvent: {}
[0.947828] (rplidar_ros) JobProgress: {'identifier': 'rplidar_ros', 'progress': 'install'}
[0.989146] (rplidar_ros) Command: {'cmd': ['/usr/bin/cmake', '--install', '/root/lidar_system/build/rplidar_ros'], 'cwd': '/root/lidar_system/build/rplidar_ros', 'env': OrderedDict([('HOSTNAME', 'ubuntu-desktop'), ('SHLVL', '1'), ('LD_LIBRARY_PATH', '/opt/ros/foxy/opt/yaml_cpp_vendor/lib:/opt/ros/foxy/opt/rviz_ogre_vendor/lib:/opt/ros/foxy/lib/aarch64-linux-gnu:/opt/ros/foxy/lib'), ('HOME', '/root'), ('OLDPWD', '/'), ('ROS_PYTHON_VERSION', '3'), ('ROS_DISTRO', 'foxy'), ('_', '/usr/bin/colcon'), ('ROS_VERSION', '2'), ('ROS_LOCALHOST_ONLY', '0'), ('QT_X11_NO_MITSHM', '1'), ('PATH', '/opt/ros/foxy/bin:/usr/local/sbin:/usr/local/bin:/usr/sbin:/usr/bin:/sbin:/bin'), ('FASTRTPS_DEFAULT_PROFILES_FILE', '/fastdds.xml'), ('DISPLAY', ':0'), ('LANG', 'C.UTF-8'), ('RMW_IMPLEMENTATION', 'rmw_fastrtps_cpp'), ('ROS_DOMAIN_ID', '0'), ('AMENT_PREFIX_PATH', '/opt/ros/foxy'), ('PWD', '/root/lidar_system/build/rplidar_ros'), ('LC_ALL', 'C.UTF-8'), ('PYTHONPATH', '/opt/ros/foxy/lib/python3.8/site-packages'), ('COLCON', '1'), ('CMAKE_PREFIX_PATH', '/opt/ros/foxy')]), 'shell': False}
[1.008893] (-) TimerEvent: {}
[1.027918] (rplidar_ros) StdoutLine: {'line': b'-- Install configuration: ""\n'}
[1.029291] (rplidar_ros) StdoutLine: {'line': b'-- Up-to-date: /root/lidar_system/install/rplidar_ros/share/rplidar_ros/launch\n'}
[1.030564] (rplidar_ros) StdoutLine: {'line': b'-- Up-to-date: /root/lidar_system/install/rplidar_ros/share/rplidar_ros/launch/rplidar_a3_launch.py\n'}
[1.031677] (rplidar_ros) StdoutLine: {'line': b'-- Up-to-date: /root/lidar_system/install/rplidar_ros/share/rplidar_ros/launch/view_rplidar_a2m8_launch.py\n'}
[1.032182] (rplidar_ros) StdoutLine: {'line': b'-- Up-to-date: /root/lidar_system/install/rplidar_ros/share/rplidar_ros/launch/view_rplidar_a2m7_launch.py\n'}
[1.033006] (rplidar_ros) StdoutLine: {'line': b'-- Up-to-date: /root/lidar_system/install/rplidar_ros/share/rplidar_ros/launch/rplidar_s2_launch.py\n'}
[1.033837] (rplidar_ros) StdoutLine: {'line': b'-- Up-to-date: /root/lidar_system/install/rplidar_ros/share/rplidar_ros/launch/rplidar_s1_tcp_launch.py\n'}
[1.034789] (rplidar_ros) StdoutLine: {'line': b'-- Up-to-date: /root/lidar_system/install/rplidar_ros/share/rplidar_ros/launch/view_rplidar_a1_launch.py\n'}
[1.035533] (rplidar_ros) StdoutLine: {'line': b'-- Up-to-date: /root/lidar_system/install/rplidar_ros/share/rplidar_ros/launch/rplidar_t1_launch.py\n'}
[1.036211] (rplidar_ros) StdoutLine: {'line': b'-- Up-to-date: /root/lidar_system/install/rplidar_ros/share/rplidar_ros/launch/system_launch.py\n'}
[1.038640] (rplidar_ros) StdoutLine: {'line': b'-- Up-to-date: /root/lidar_system/install/rplidar_ros/share/rplidar_ros/launch/rplidar_a1_launch.py\n'}
[1.042414] (rplidar_ros) StdoutLine: {'line': b'-- Up-to-date: /root/lidar_system/install/rplidar_ros/share/rplidar_ros/launch/view_rplidar_s1_launch.py\n'}
[1.043102] (rplidar_ros) StdoutLine: {'line': b'-- Up-to-date: /root/lidar_system/install/rplidar_ros/share/rplidar_ros/launch/view_rplidar_s2_launch.py\n'}
[1.043756] (rplidar_ros) StdoutLine: {'line': b'-- Up-to-date: /root/lidar_system/install/rplidar_ros/share/rplidar_ros/launch/view_rplidar_s2e_launch.py\n'}
[1.044422] (rplidar_ros) StdoutLine: {'line': b'-- Up-to-date: /root/lidar_system/install/rplidar_ros/share/rplidar_ros/launch/view_rplidar_a2m12_launch.py\n'}
[1.045069] (rplidar_ros) StdoutLine: {'line': b'-- Up-to-date: /root/lidar_system/install/rplidar_ros/share/rplidar_ros/launch/rplidar_a2m7_launch.py\n'}
[1.045712] (rplidar_ros) StdoutLine: {'line': b'-- Up-to-date: /root/lidar_system/install/rplidar_ros/share/rplidar_ros/launch/rplidar_s2e_launch.py\n'}
[1.048249] (rplidar_ros) StdoutLine: {'line': b'-- Up-to-date: /root/lidar_system/install/rplidar_ros/share/rplidar_ros/launch/view_rplidar_s1_tcp_launch.py\n'}
[1.048741] (rplidar_ros) StdoutLine: {'line': b'-- Up-to-date: /root/lidar_system/install/rplidar_ros/share/rplidar_ros/launch/rplidar_a2m12_launch.py\n'}
[1.049592] (rplidar_ros) StdoutLine: {'line': b'-- Up-to-date: /root/lidar_system/install/rplidar_ros/share/rplidar_ros/launch/rplidar_s1_launch.py\n'}
[1.050561] (rplidar_ros) StdoutLine: {'line': b'-- Up-to-date: /root/lidar_system/install/rplidar_ros/share/rplidar_ros/launch/__pycache__\n'}
[1.053784] (rplidar_ros) StdoutLine: {'line': b'-- Installing: /root/lidar_system/install/rplidar_ros/share/rplidar_ros/launch/__pycache__/system_launch.cpython-38.pyc\n'}
[1.057726] (rplidar_ros) StdoutLine: {'line': b'-- Up-to-date: /root/lidar_system/install/rplidar_ros/share/rplidar_ros/launch/rplidar_s3_launch.py\n'}
[1.071649] (rplidar_ros) StdoutLine: {'line': b'-- Up-to-date: /root/lidar_system/install/rplidar_ros/share/rplidar_ros/launch/rplidar_a2m8_launch.py\n'}
[1.072296] (rplidar_ros) StdoutLine: {'line': b'-- Up-to-date: /root/lidar_system/install/rplidar_ros/share/rplidar_ros/launch/view_rplidar_t1_launch.py\n'}
[1.072966] (rplidar_ros) StdoutLine: {'line': b'-- Up-to-date: /root/lidar_system/install/rplidar_ros/share/rplidar_ros/launch/view_rplidar_a3_launch.py\n'}
[1.073611] (rplidar_ros) StdoutLine: {'line': b'-- Up-to-date: /root/lidar_system/install/rplidar_ros/share/rplidar_ros/launch/rplidar_c1_launch.py\n'}
[1.074015] (rplidar_ros) StdoutLine: {'line': b'-- Up-to-date: /root/lidar_system/install/rplidar_ros/share/rplidar_ros/launch/view_rplidar_s3_launch.py\n'}
[1.074716] (rplidar_ros) StdoutLine: {'line': b'-- Up-to-date: /root/lidar_system/install/rplidar_ros/share/rplidar_ros/launch/view_rplidar_c1_launch.py\n'}
[1.077773] (rplidar_ros) StdoutLine: {'line': b'-- Up-to-date: /root/lidar_system/install/rplidar_ros/share/rplidar_ros/rviz\n'}
[1.078529] (rplidar_ros) StdoutLine: {'line': b'-- Up-to-date: /root/lidar_system/install/rplidar_ros/share/rplidar_ros/rviz/rplidar_ros.rviz\n'}
[1.081631] (rplidar_ros) StdoutLine: {'line': b'-- Up-to-date: /root/lidar_system/install/rplidar_ros/lib/rplidar_ros/rplidar_node\n'}
[1.082163] (rplidar_ros) StdoutLine: {'line': b'-- Up-to-date: /root/lidar_system/install/rplidar_ros/lib/rplidar_ros/rplidar_composition\n'}
[1.082787] (rplidar_ros) StdoutLine: {'line': b'-- Up-to-date: /root/lidar_system/install/rplidar_ros/lib/rplidar_ros/rplidar_client\n'}
[1.083675] (rplidar_ros) StdoutLine: {'line': b'-- Up-to-date: /root/lidar_system/install/rplidar_ros/share/ament_index/resource_index/package_run_dependencies/rplidar_ros\n'}
[1.084512] (rplidar_ros) StdoutLine: {'line': b'-- Up-to-date: /root/lidar_system/install/rplidar_ros/share/ament_index/resource_index/parent_prefix_path/rplidar_ros\n'}
[1.085151] (rplidar_ros) StdoutLine: {'line': b'-- Up-to-date: /root/lidar_system/install/rplidar_ros/share/rplidar_ros/environment/ament_prefix_path.sh\n'}
[1.085876] (rplidar_ros) StdoutLine: {'line': b'-- Up-to-date: /root/lidar_system/install/rplidar_ros/share/rplidar_ros/environment/ament_prefix_path.dsv\n'}
[1.086814] (rplidar_ros) StdoutLine: {'line': b'-- Up-to-date: /root/lidar_system/install/rplidar_ros/share/rplidar_ros/environment/path.sh\n'}
[1.087747] (rplidar_ros) StdoutLine: {'line': b'-- Up-to-date: /root/lidar_system/install/rplidar_ros/share/rplidar_ros/environment/path.dsv\n'}
[1.088487] (rplidar_ros) StdoutLine: {'line': b'-- Up-to-date: /root/lidar_system/install/rplidar_ros/share/rplidar_ros/local_setup.bash\n'}
[1.089680] (rplidar_ros) StdoutLine: {'line': b'-- Up-to-date: /root/lidar_system/install/rplidar_ros/share/rplidar_ros/local_setup.sh\n'}
[1.090558] (rplidar_ros) StdoutLine: {'line': b'-- Up-to-date: /root/lidar_system/install/rplidar_ros/share/rplidar_ros/local_setup.zsh\n'}
[1.091378] (rplidar_ros) StdoutLine: {'line': b'-- Up-to-date: /root/lidar_system/install/rplidar_ros/share/rplidar_ros/local_setup.dsv\n'}
[1.095534] (rplidar_ros) StdoutLine: {'line': b'-- Installing: /root/lidar_system/install/rplidar_ros/share/rplidar_ros/package.dsv\n'}
[1.096095] (rplidar_ros) StdoutLine: {'line': b'-- Up-to-date: /root/lidar_system/install/rplidar_ros/share/ament_index/resource_index/packages/rplidar_ros\n'}
[1.096592] (rplidar_ros) StdoutLine: {'line': b'-- Up-to-date: /root/lidar_system/install/rplidar_ros/share/rplidar_ros/cmake/ament_cmake_export_dependencies-extras.cmake\n'}
[1.097062] (rplidar_ros) StdoutLine: {'line': b'-- Up-to-date: /root/lidar_system/install/rplidar_ros/share/rplidar_ros/cmake/ament_cmake_export_include_directories-extras.cmake\n'}
[1.097519] (rplidar_ros) StdoutLine: {'line': b'-- Up-to-date: /root/lidar_system/install/rplidar_ros/share/rplidar_ros/cmake/rplidar_rosConfig.cmake\n'}
[1.107371] (rplidar_ros) StdoutLine: {'line': b'-- Up-to-date: /root/lidar_system/install/rplidar_ros/share/rplidar_ros/cmake/rplidar_rosConfig-version.cmake\n'}
[1.108050] (rplidar_ros) StdoutLine: {'line': b'-- Up-to-date: /root/lidar_system/install/rplidar_ros/share/rplidar_ros/package.xml\n'}
[1.109648] (-) TimerEvent: {}
[1.110623] (rplidar_ros) CommandEnded: {'returncode': 0}
[1.209895] (-) TimerEvent: {}
[1.310648] (-) TimerEvent: {}
[1.391048] (rplidar_ros) JobEnded: {'identifier': 'rplidar_ros', 'rc': 0}
[1.410821] (-) TimerEvent: {}
[1.511237] (-) TimerEvent: {}
[1.611595] (-) TimerEvent: {}
[1.711950] (-) TimerEvent: {}
[1.812361] (-) TimerEvent: {}
[1.912774] (-) TimerEvent: {}
[2.013137] (-) TimerEvent: {}
[2.113554] (-) TimerEvent: {}
[2.213970] (-) TimerEvent: {}
[2.314383] (-) TimerEvent: {}
[2.414738] (-) TimerEvent: {}
[2.515103] (-) TimerEvent: {}
[2.615483] (-) TimerEvent: {}
[2.715845] (-) TimerEvent: {}
[2.816265] (-) TimerEvent: {}
[2.916629] (-) TimerEvent: {}
[3.017005] (-) TimerEvent: {}
[3.117425] (-) TimerEvent: {}
[3.217796] (-) TimerEvent: {}
[3.318168] (-) TimerEvent: {}
[3.418604] (-) TimerEvent: {}
[3.518967] (-) TimerEvent: {}
[3.619322] (-) TimerEvent: {}
[3.719732] (-) TimerEvent: {}
[3.820097] (-) TimerEvent: {}
[3.920456] (-) TimerEvent: {}
[4.020815] (-) TimerEvent: {}
[4.121185] (-) TimerEvent: {}
[4.221559] (-) TimerEvent: {}
[4.321927] (-) TimerEvent: {}
[4.422333] (-) TimerEvent: {}
[4.522704] (-) TimerEvent: {}
[4.623076] (-) TimerEvent: {}
[4.723443] (-) TimerEvent: {}
[4.823808] (-) TimerEvent: {}
[4.924176] (-) TimerEvent: {}
[5.024541] (-) TimerEvent: {}
[5.124915] (-) TimerEvent: {}
[5.225276] (-) TimerEvent: {}
[5.325677] (-) TimerEvent: {}
[5.426114] (-) TimerEvent: {}
[5.526626] (-) TimerEvent: {}
[5.627149] (-) TimerEvent: {}
[5.727525] (-) TimerEvent: {}
[5.828138] (-) TimerEvent: {}
[5.928664] (-) TimerEvent: {}
[6.029059] (-) TimerEvent: {}
[6.132183] (-) TimerEvent: {}
[6.232577] (-) TimerEvent: {}
[6.335985] (-) TimerEvent: {}
[6.442432] (-) TimerEvent: {}
[6.542943] (-) TimerEvent: {}
[6.643299] (-) TimerEvent: {}
[6.743662] (-) TimerEvent: {}
[6.844036] (-) TimerEvent: {}
[6.944434] (-) TimerEvent: {}
[7.045269] (-) TimerEvent: {}
[7.150334] (-) TimerEvent: {}
[7.250688] (-) TimerEvent: {}
[7.351017] (-) TimerEvent: {}
[7.419061] (servo_control) StderrLine: {'line': b'/root/lidar_system/servo_control/src/scan_sequence_node.cpp: In constructor \xe2\x80\x98ScanSequenceNode::ScanSequenceNode()\xe2\x80\x99:\n'}
[7.419971] (servo_control) StderrLine: {'line': b'/root/lidar_system/servo_control/src/scan_sequence_node.cpp:671:16: warning: \xe2\x80\x98ScanSequenceNode::tilt_settle_start_\xe2\x80\x99 will be initialized after [-Wreorder]\n'}
[7.420644] (servo_control) StderrLine: {'line': b'  671 |   rclcpp::Time tilt_settle_start_;\n'}
[7.421271] (servo_control) StderrLine: {'line': b'      |                ^~~~~~~~~~~~~~~~~~\n'}
[7.421931] (servo_control) StderrLine: {'line': b'/root/lidar_system/servo_control/src/scan_sequence_node.cpp:648:16: warning:   \xe2\x80\x98rclcpp::Time ScanSequenceNode::last_target_time_\xe2\x80\x99 [-Wreorder]\n'}
[7.422724] (servo_control) StderrLine: {'line': b'  648 |   rclcpp::Time last_target_time_;\n'}
[7.423391] (servo_control) StderrLine: {'line': b'      |                ^~~~~~~~~~~~~~~~~\n'}
[7.424028] (servo_control) StderrLine: {'line': b'/root/lidar_system/servo_control/src/scan_sequence_node.cpp:14:3: warning:   when initialized here [-Wreorder]\n'}
[7.424543] (servo_control) StderrLine: {'line': b'   14 |   ScanSequenceNode()\n'}
[7.424947] (servo_control) StderrLine: {'line': b'      |   ^~~~~~~~~~~~~~~~\n'}
[7.454335] (-) TimerEvent: {}
[7.554692] (-) TimerEvent: {}
[7.655052] (-) TimerEvent: {}
[7.755490] (-) TimerEvent: {}
[7.855898] (-) TimerEvent: {}
[7.956338] (-) TimerEvent: {}
[8.056760] (-) TimerEvent: {}
[8.157248] (-) TimerEvent: {}
[8.257777] (-) TimerEvent: {}
[8.358290] (-) TimerEvent: {}
[8.458697] (-) TimerEvent: {}
[8.559031] (-) TimerEvent: {}
[8.659369] (-) TimerEvent: {}
[8.760326] (-) TimerEvent: {}
[8.860692] (-) TimerEvent: {}
[8.961080] (-) TimerEvent: {}
[9.061982] (-) TimerEvent: {}
[9.162730] (-) TimerEvent: {}
[9.263440] (-) TimerEvent: {}
[9.363887] (-) TimerEvent: {}
[9.464274] (-) TimerEvent: {}
[9.564644] (-) TimerEvent: {}
[9.665034] (-) TimerEvent: {}
[9.766367] (-) TimerEvent: {}
[9.866762] (-) TimerEvent: {}
[9.975732] (-) TimerEvent: {}
[10.076169] (-) TimerEvent: {}
[10.178336] (-) TimerEvent: {}
[10.278728] (-) TimerEvent: {}
[10.382507] (-) TimerEvent: {}
[10.482890] (-) TimerEvent: {}
[10.583307] (-) TimerEvent: {}
[10.683692] (-) TimerEvent: {}
[10.784069] (-) TimerEvent: {}
[10.884581] (-) TimerEvent: {}
[10.985013] (-) TimerEvent: {}
[11.085861] (-) TimerEvent: {}
[11.186347] (-) TimerEvent: {}
[11.287736] (-) TimerEvent: {}
[11.388154] (-) TimerEvent: {}
[11.488552] (-) TimerEvent: {}
[11.588981] (-) TimerEvent: {}
[11.689531] (-) TimerEvent: {}
[11.790406] (-) TimerEvent: {}
[11.891803] (-) TimerEvent: {}
[11.992196] (-) TimerEvent: {}
[12.092588] (-) TimerEvent: {}
[12.193221] (-) TimerEvent: {}
[12.293599] (-) TimerEvent: {}
[12.394366] (-) TimerEvent: {}
[12.494768] (-) TimerEvent: {}
[12.595216] (-) TimerEvent: {}
[12.698350] (-) TimerEvent: {}
[12.798740] (-) TimerEvent: {}
[12.899154] (-) TimerEvent: {}
[13.000199] (-) TimerEvent: {}
[13.100613] (-) TimerEvent: {}
[13.201029] (-) TimerEvent: {}
[13.301565] (-) TimerEvent: {}
[13.402354] (-) TimerEvent: {}
[13.505789] (-) TimerEvent: {}
[13.606231] (-) TimerEvent: {}
[13.709987] (-) TimerEvent: {}
[13.810525] (-) TimerEvent: {}
[13.910939] (-) TimerEvent: {}
[14.011376] (-) TimerEvent: {}
[14.111786] (-) TimerEvent: {}
[14.212543] (-) TimerEvent: {}
[14.313073] (-) TimerEvent: {}
[14.413642] (-) TimerEvent: {}
[14.514293] (-) TimerEvent: {}
[14.614738] (-) TimerEvent: {}
[14.715975] (-) TimerEvent: {}
[14.817475] (-) TimerEvent: {}
[14.917927] (-) TimerEvent: {}
[15.018412] (-) TimerEvent: {}
[15.122350] (-) TimerEvent: {}
[15.222933] (-) TimerEvent: {}
[15.323860] (-) TimerEvent: {}
[15.424603] (-) TimerEvent: {}
[15.525142] (-) TimerEvent: {}
[15.626369] (-) TimerEvent: {}
[15.726788] (-) TimerEvent: {}
[15.827449] (-) TimerEvent: {}
[15.928665] (-) TimerEvent: {}
[16.029133] (-) TimerEvent: {}
[16.129514] (-) TimerEvent: {}
[16.229924] (-) TimerEvent: {}
[16.330386] (-) TimerEvent: {}
[16.430804] (-) TimerEvent: {}
[16.531179] (-) TimerEvent: {}
[16.634809] (-) TimerEvent: {}
[16.735189] (-) TimerEvent: {}
[16.835592] (-) TimerEvent: {}
[16.935983] (-) TimerEvent: {}
[17.036438] (-) TimerEvent: {}
[17.136924] (-) TimerEvent: {}
[17.237484] (-) TimerEvent: {}
[17.337951] (-) TimerEvent: {}
[17.440380] (-) TimerEvent: {}
[17.540809] (-) TimerEvent: {}
[17.645781] (-) TimerEvent: {}
[17.746291] (-) TimerEvent: {}
[17.846698] (-) TimerEvent: {}
[17.947169] (-) TimerEvent: {}
[18.047696] (-) TimerEvent: {}
[18.148188] (-) TimerEvent: {}
[18.248778] (-) TimerEvent: {}
[18.349279] (-) TimerEvent: {}
[18.449749] (-) TimerEvent: {}
[18.550247] (-) TimerEvent: {}
[18.650706] (-) TimerEvent: {}
[18.751091] (-) TimerEvent: {}
[18.851501] (-) TimerEvent: {}
[18.953073] (-) TimerEvent: {}
[19.053570] (-) TimerEvent: {}
[19.154399] (-) TimerEvent: {}
[19.254804] (-) TimerEvent: {}
[19.355566] (-) TimerEvent: {}
[19.456399] (-) TimerEvent: {}
[19.556800] (-) TimerEvent: {}
[19.657222] (-) TimerEvent: {}
[19.757628] (-) TimerEvent: {}
[19.858025] (-) TimerEvent: {}
[19.961884] (-) TimerEvent: {}
[20.062480] (-) TimerEvent: {}
[20.162975] (-) TimerEvent: {}
[20.263338] (-) TimerEvent: {}
[20.363728] (-) TimerEvent: {}
[20.464420] (-) TimerEvent: {}
[20.564920] (-) TimerEvent: {}
[20.665954] (-) TimerEvent: {}
[20.766334] (-) TimerEvent: {}
[20.869139] (-) TimerEvent: {}
[20.970618] (-) TimerEvent: {}
[21.071017] (-) TimerEvent: {}
[21.171437] (-) TimerEvent: {}
[21.271811] (-) TimerEvent: {}
[21.372207] (-) TimerEvent: {}
[21.472573] (-) TimerEvent: {}
[21.572961] (-) TimerEvent: {}
[21.673348] (-) TimerEvent: {}
[21.773731] (-) TimerEvent: {}
[21.874237] (-) TimerEvent: {}
[21.974660] (-) TimerEvent: {}
[22.075063] (-) TimerEvent: {}
[22.175451] (-) TimerEvent: {}
[22.275919] (-) TimerEvent: {}
[22.376287] (-) TimerEvent: {}
[22.476721] (-) TimerEvent: {}
[22.577091] (-) TimerEvent: {}
[22.677459] (-) TimerEvent: {}
[22.777849] (-) TimerEvent: {}
[22.878443] (-) TimerEvent: {}
[22.978837] (-) TimerEvent: {}
[23.079239] (-) TimerEvent: {}
[23.179821] (-) TimerEvent: {}
[23.280255] (-) TimerEvent: {}
[23.380821] (-) TimerEvent: {}
[23.481262] (-) TimerEvent: {}
[23.581626] (-) TimerEvent: {}
[23.681987] (-) TimerEvent: {}
[23.782523] (-) TimerEvent: {}
[23.882949] (-) TimerEvent: {}
[23.983631] (-) TimerEvent: {}
[24.084031] (-) TimerEvent: {}
[24.184453] (-) TimerEvent: {}
[24.284824] (-) TimerEvent: {}
[24.385275] (-) TimerEvent: {}
[24.485711] (-) TimerEvent: {}
[24.587741] (-) TimerEvent: {}
[24.688129] (-) TimerEvent: {}
[24.788615] (-) TimerEvent: {}
[24.888997] (-) TimerEvent: {}
[24.989374] (-) TimerEvent: {}
[25.089764] (-) TimerEvent: {}
[25.190264] (-) TimerEvent: {}
[25.291076] (-) TimerEvent: {}
[25.391460] (-) TimerEvent: {}
[25.491840] (-) TimerEvent: {}
[25.592204] (-) TimerEvent: {}
[25.692698] (-) TimerEvent: {}
[25.793111] (-) TimerEvent: {}
[25.893576] (-) TimerEvent: {}
[25.994400] (-) TimerEvent: {}
[26.095008] (-) TimerEvent: {}
[26.195434] (-) TimerEvent: {}
[26.295819] (-) TimerEvent: {}
[26.396222] (-) TimerEvent: {}
[26.496632] (-) TimerEvent: {}
[26.596998] (-) TimerEvent: {}
[26.697380] (-) TimerEvent: {}
[26.797859] (-) TimerEvent: {}
[26.898518] (-) TimerEvent: {}
[26.998978] (-) TimerEvent: {}
[27.099768] (-) TimerEvent: {}
[27.200140] (-) TimerEvent: {}
[27.300508] (-) TimerEvent: {}
[27.400877] (-) TimerEvent: {}
[27.501297] (-) TimerEvent: {}
[27.601729] (-) TimerEvent: {}
[27.702155] (-) TimerEvent: {}
[27.802743] (-) TimerEvent: {}
[27.903191] (-) TimerEvent: {}
[28.003556] (-) TimerEvent: {}
[28.103928] (-) TimerEvent: {}
[28.204326] (-) TimerEvent: {}
[28.304706] (-) TimerEvent: {}
[28.405137] (-) TimerEvent: {}
[28.505595] (-) TimerEvent: {}
[28.605973] (-) TimerEvent: {}
[28.706370] (-) TimerEvent: {}
[28.806734] (-) TimerEvent: {}
[28.907114] (-) TimerEvent: {}
[29.007711] (-) TimerEvent: {}
[29.108274] (-) TimerEvent: {}
[29.208650] (-) TimerEvent: {}
[29.309024] (-) TimerEvent: {}
[29.409509] (-) TimerEvent: {}
[29.509866] (-) TimerEvent: {}
[29.610293] (-) TimerEvent: {}
[29.710715] (-) TimerEvent: {}
[29.811153] (-) TimerEvent: {}
[29.911640] (-) TimerEvent: {}
[30.012022] (-) TimerEvent: {}
[30.112417] (-) TimerEvent: {}
[30.212791] (-) TimerEvent: {}
[30.313162] (-) TimerEvent: {}
[30.413536] (-) TimerEvent: {}
[30.514101] (-) TimerEvent: {}
[30.614533] (-) TimerEvent: {}
[30.714904] (-) TimerEvent: {}
[30.815261] (-) TimerEvent: {}
[30.915628] (-) TimerEvent: {}
[31.015999] (-) TimerEvent: {}
[31.116379] (-) TimerEvent: {}
[31.216799] (-) TimerEvent: {}
[31.317263] (-) TimerEvent: {}
[31.417906] (-) TimerEvent: {}
[31.518604] (-) TimerEvent: {}
[31.619034] (-) TimerEvent: {}
[31.721734] (-) TimerEvent: {}
[31.822712] (-) TimerEvent: {}
[31.923100] (-) TimerEvent: {}
[32.024403] (-) TimerEvent: {}
[32.124801] (-) TimerEvent: {}
[32.226234] (-) TimerEvent: {}
[32.326744] (-) TimerEvent: {}
[32.427154] (-) TimerEvent: {}
[32.527562] (-) TimerEvent: {}
[32.627971] (-) TimerEvent: {}
[32.728599] (-) TimerEvent: {}
[32.828989] (-) TimerEvent: {}
[32.929362] (-) TimerEvent: {}
[33.029755] (-) TimerEvent: {}
[33.130168] (-) TimerEvent: {}
[33.230650] (-) TimerEvent: {}
[33.331074] (-) TimerEvent: {}
[33.433785] (-) TimerEvent: {}
[33.536571] (-) TimerEvent: {}
[33.636981] (-) TimerEvent: {}
[33.737402] (-) TimerEvent: {}
[33.837921] (-) TimerEvent: {}
[33.938546] (-) TimerEvent: {}
[34.040709] (-) TimerEvent: {}
[34.141365] (-) TimerEvent: {}
[34.241864] (-) TimerEvent: {}
[34.342312] (-) TimerEvent: {}
[34.442768] (-) TimerEvent: {}
[34.543161] (-) TimerEvent: {}
[34.643668] (-) TimerEvent: {}
[34.744343] (-) TimerEvent: {}
[34.844722] (-) TimerEvent: {}
[34.945315] (-) TimerEvent: {}
[35.046792] (-) TimerEvent: {}
[35.150287] (-) TimerEvent: {}
[35.250682] (-) TimerEvent: {}
[35.351148] (-) TimerEvent: {}
[35.451724] (-) TimerEvent: {}
[35.552352] (-) TimerEvent: {}
[35.652900] (-) TimerEvent: {}
[35.753396] (-) TimerEvent: {}
[35.854660] (-) TimerEvent: {}
[35.955099] (-) TimerEvent: {}
[36.055801] (-) TimerEvent: {}
[36.156199] (-) TimerEvent: {}
[36.256639] (-) TimerEvent: {}
[36.357083] (-) TimerEvent: {}
[36.457519] (-) TimerEvent: {}
[36.558018] (-) TimerEvent: {}
[36.658964] (-) TimerEvent: {}
[36.759354] (-) TimerEvent: {}
[36.859863] (-) TimerEvent: {}
[36.960284] (-) TimerEvent: {}
[37.060679] (-) TimerEvent: {}
[37.161091] (-) TimerEvent: {}
[37.261517] (-) TimerEvent: {}
[37.366346] (-) TimerEvent: {}
[37.466833] (-) TimerEvent: {}
[37.567550] (-) TimerEvent: {}
[37.668573] (-) TimerEvent: {}
[37.769865] (-) TimerEvent: {}
[37.870575] (-) TimerEvent: {}
[37.971641] (-) TimerEvent: {}
[38.074327] (-) TimerEvent: {}
[38.174690] (-) TimerEvent: {}
[38.275124] (-) TimerEvent: {}
[38.375502] (-) TimerEvent: {}
[38.475912] (-) TimerEvent: {}
[38.576431] (-) TimerEvent: {}
[38.676954] (-) TimerEvent: {}
[38.777476] (-) TimerEvent: {}
[38.877882] (-) TimerEvent: {}
[38.978287] (-) TimerEvent: {}
[39.078669] (-) TimerEvent: {}
[39.179154] (-) TimerEvent: {}
[39.279689] (-) TimerEvent: {}
[39.380070] (-) TimerEvent: {}
[39.480482] (-) TimerEvent: {}
[39.580886] (-) TimerEvent: {}
[39.681339] (-) TimerEvent: {}
[39.783640] (-) TimerEvent: {}
[39.884042] (-) TimerEvent: {}
[39.984463] (-) TimerEvent: {}
[40.090370] (-) TimerEvent: {}
[40.190754] (-) TimerEvent: {}
[40.291157] (-) TimerEvent: {}
[40.392499] (-) TimerEvent: {}
[40.492990] (-) TimerEvent: {}
[40.593416] (-) TimerEvent: {}
[40.693806] (-) TimerEvent: {}
[40.794253] (-) TimerEvent: {}
[40.894651] (-) TimerEvent: {}
[40.995107] (-) TimerEvent: {}
[41.095534] (-) TimerEvent: {}
[41.195914] (-) TimerEvent: {}
[41.296339] (-) TimerEvent: {}
[41.396785] (-) TimerEvent: {}
[41.497293] (-) TimerEvent: {}
[41.598094] (-) TimerEvent: {}
[41.698528] (-) TimerEvent: {}
[41.800158] (-) TimerEvent: {}
[41.900641] (-) TimerEvent: {}
[42.001024] (-) TimerEvent: {}
[42.101862] (-) TimerEvent: {}
[42.202625] (-) TimerEvent: {}
[42.303069] (-) TimerEvent: {}
[42.403465] (-) TimerEvent: {}
[42.510335] (-) TimerEvent: {}
[42.611118] (-) TimerEvent: {}
[42.711630] (-) TimerEvent: {}
[42.812149] (-) TimerEvent: {}
[42.912689] (-) TimerEvent: {}
[43.013118] (-) TimerEvent: {}
[43.113728] (-) TimerEvent: {}
[43.214272] (-) TimerEvent: {}
[43.317054] (-) TimerEvent: {}
[43.418111] (-) TimerEvent: {}
[43.518809] (-) TimerEvent: {}
[43.619329] (-) TimerEvent: {}
[43.719706] (-) TimerEvent: {}
[43.820435] (-) TimerEvent: {}
[43.921056] (-) TimerEvent: {}
[44.021435] (-) TimerEvent: {}
[44.121873] (-) TimerEvent: {}
[44.222632] (-) TimerEvent: {}
[44.323343] (-) TimerEvent: {}
[44.423752] (-) TimerEvent: {}
[44.524178] (-) TimerEvent: {}
[44.626787] (-) TimerEvent: {}
[44.727274] (-) TimerEvent: {}
[44.827816] (-) TimerEvent: {}
[44.928277] (-) TimerEvent: {}
[45.028800] (-) TimerEvent: {}
[45.129454] (-) TimerEvent: {}
[45.230091] (-) TimerEvent: {}
[45.330599] (-) TimerEvent: {}
[45.434382] (-) TimerEvent: {}
[45.534778] (-) TimerEvent: {}
[45.635277] (-) TimerEvent: {}
[45.735737] (-) TimerEvent: {}
[45.836539] (-) TimerEvent: {}
[45.937077] (-) TimerEvent: {}
[46.037894] (-) TimerEvent: {}
[46.139321] (-) TimerEvent: {}
[46.239980] (-) TimerEvent: {}
[46.340384] (-) TimerEvent: {}
[46.440788] (-) TimerEvent: {}
[46.541191] (-) TimerEvent: {}
[46.641615] (-) TimerEvent: {}
[46.742067] (-) TimerEvent: {}
[46.842721] (-) TimerEvent: {}
[46.943416] (-) TimerEvent: {}
[47.044157] (-) TimerEvent: {}
[47.144568] (-) TimerEvent: {}
[47.246596] (-) TimerEvent: {}
[47.347021] (-) TimerEvent: {}
[47.447431] (-) TimerEvent: {}
[47.550337] (-) TimerEvent: {}
[47.652574] (-) TimerEvent: {}
[47.752980] (-) TimerEvent: {}
[47.853421] (-) TimerEvent: {}
[47.953897] (-) TimerEvent: {}
[48.054613] (-) TimerEvent: {}
[48.155124] (-) TimerEvent: {}
[48.255731] (-) TimerEvent: {}
[48.356215] (-) TimerEvent: {}
[48.456664] (-) TimerEvent: {}
[48.557057] (-) TimerEvent: {}
[48.657444] (-) TimerEvent: {}
[48.757814] (-) TimerEvent: {}
[48.858385] (-) TimerEvent: {}
[48.958836] (-) TimerEvent: {}
[49.059758] (-) TimerEvent: {}
[49.160157] (-) TimerEvent: {}
[49.260630] (-) TimerEvent: {}
[49.361053] (-) TimerEvent: {}
[49.461457] (-) TimerEvent: {}
[49.561839] (-) TimerEvent: {}
[49.662571] (-) TimerEvent: {}
[49.763451] (-) TimerEvent: {}
[49.863907] (-) TimerEvent: {}
[49.964292] (-) TimerEvent: {}
[50.064725] (-) TimerEvent: {}
[50.165678] (-) TimerEvent: {}
[50.266080] (-) TimerEvent: {}
[50.367024] (-) TimerEvent: {}
[50.467490] (-) TimerEvent: {}
[50.567896] (-) TimerEvent: {}
[50.668272] (-) TimerEvent: {}
[50.768926] (-) TimerEvent: {}
[50.869363] (-) TimerEvent: {}
[50.969894] (-) TimerEvent: {}
[51.070385] (-) TimerEvent: {}
[51.170765] (-) TimerEvent: {}
[51.271229] (-) TimerEvent: {}
[51.371924] (-) TimerEvent: {}
[51.472301] (-) TimerEvent: {}
[51.572711] (-) TimerEvent: {}
[51.675131] (-) TimerEvent: {}
[51.775504] (-) TimerEvent: {}
[51.876344] (-) TimerEvent: {}
[51.976717] (-) TimerEvent: {}
[52.077256] (-) TimerEvent: {}
[52.177674] (-) TimerEvent: {}
[52.278071] (-) TimerEvent: {}
[52.378526] (-) TimerEvent: {}
[52.478894] (-) TimerEvent: {}
[52.579289] (-) TimerEvent: {}
[52.679676] (-) TimerEvent: {}
[52.780073] (-) TimerEvent: {}
[52.880586] (-) TimerEvent: {}
[52.981058] (-) TimerEvent: {}
[53.081450] (-) TimerEvent: {}
[53.181840] (-) TimerEvent: {}
[53.237301] (servo_control) StdoutLine: {'line': b'[ 60%] Linking CXX executable scan_sequence_node\n'}
[53.282015] (-) TimerEvent: {}
[53.382440] (-) TimerEvent: {}
[53.482812] (-) TimerEvent: {}
[53.583189] (-) TimerEvent: {}
[53.683638] (-) TimerEvent: {}
[53.785184] (-) TimerEvent: {}
[53.885614] (-) TimerEvent: {}
[53.986031] (-) TimerEvent: {}
[54.086624] (-) TimerEvent: {}
[54.187027] (-) TimerEvent: {}
[54.287492] (-) TimerEvent: {}
[54.388028] (-) TimerEvent: {}
[54.488419] (-) TimerEvent: {}
[54.588909] (-) TimerEvent: {}
[54.689399] (-) TimerEvent: {}
[54.790035] (-) TimerEvent: {}
[54.891078] (-) TimerEvent: {}
[54.991879] (-) TimerEvent: {}
[55.092393] (-) TimerEvent: {}
[55.193035] (-) TimerEvent: {}
[55.293757] (-) TimerEvent: {}
[55.390783] (servo_control) StdoutLine: {'line': b'[ 60%] Built target scan_sequence_node\n'}
[55.393930] (-) TimerEvent: {}
[55.494348] (-) TimerEvent: {}
[55.564101] (servo_control) StdoutLine: {'line': b'[ 80%] Built target lidar_pointcloud_node\n'}
[55.594542] (-) TimerEvent: {}
[55.672003] (servo_control) StdoutLine: {'line': b'Scanning dependencies of target target_tracker_node\n'}
[55.694709] (-) TimerEvent: {}
[55.742113] (servo_control) StdoutLine: {'line': b'[ 90%] Building CXX object CMakeFiles/target_tracker_node.dir/src/target_tracker_node.cpp.o\n'}
[55.794918] (-) TimerEvent: {}
[55.895362] (-) TimerEvent: {}
[55.998353] (-) TimerEvent: {}
[56.098744] (-) TimerEvent: {}
[56.199126] (-) TimerEvent: {}
[56.299545] (-) TimerEvent: {}
[56.399916] (-) TimerEvent: {}
[56.500305] (-) TimerEvent: {}
[56.600686] (-) TimerEvent: {}
[56.701070] (-) TimerEvent: {}
[56.801423] (-) TimerEvent: {}
[56.901847] (-) TimerEvent: {}
[57.002296] (-) TimerEvent: {}
[57.102659] (-) TimerEvent: {}
[57.203038] (-) TimerEvent: {}
[57.303874] (-) TimerEvent: {}
[57.404404] (-) TimerEvent: {}
[57.505271] (-) TimerEvent: {}
[57.605793] (-) TimerEvent: {}
[57.706441] (-) TimerEvent: {}
[57.806853] (-) TimerEvent: {}
[57.907296] (-) TimerEvent: {}
[58.007852] (-) TimerEvent: {}
[58.108263] (-) TimerEvent: {}
[58.208716] (-) TimerEvent: {}
[58.309148] (-) TimerEvent: {}
[58.409504] (-) TimerEvent: {}
[58.509877] (-) TimerEvent: {}
[58.610289] (-) TimerEvent: {}
[58.710664] (-) TimerEvent: {}
[58.811117] (-) TimerEvent: {}
[58.911530] (-) TimerEvent: {}
[59.011907] (-) TimerEvent: {}
[59.112278] (-) TimerEvent: {}
[59.212639] (-) TimerEvent: {}
[59.313009] (-) TimerEvent: {}
[59.413411] (-) TimerEvent: {}
[59.514327] (-) TimerEvent: {}
[59.614689] (-) TimerEvent: {}
[59.715062] (-) TimerEvent: {}
[59.815420] (-) TimerEvent: {}
[59.915796] (-) TimerEvent: {}
[60.016283] (-) TimerEvent: {}
[60.116677] (-) TimerEvent: {}
[60.217081] (-) TimerEvent: {}
[60.317485] (-) TimerEvent: {}
[60.417891] (-) TimerEvent: {}
[60.518340] (-) TimerEvent: {}
[60.618749] (-) TimerEvent: {}
[60.719109] (-) TimerEvent: {}
[60.819478] (-) TimerEvent: {}
[60.919866] (-) TimerEvent: {}
[61.022338] (-) TimerEvent: {}
[61.122696] (-) TimerEvent: {}
[61.223053] (-) TimerEvent: {}
[61.323418] (-) TimerEvent: {}
[61.423775] (-) TimerEvent: {}
[61.524159] (-) TimerEvent: {}
[61.624543] (-) TimerEvent: {}
[61.724922] (-) TimerEvent: {}
[61.825296] (-) TimerEvent: {}
[61.925668] (-) TimerEvent: {}
[62.026039] (-) TimerEvent: {}
[62.126643] (-) TimerEvent: {}
[62.227047] (-) TimerEvent: {}
[62.327755] (-) TimerEvent: {}
[62.428182] (-) TimerEvent: {}
[62.528592] (-) TimerEvent: {}
[62.629051] (-) TimerEvent: {}
[62.730308] (-) TimerEvent: {}
[62.832324] (-) TimerEvent: {}
[62.932710] (-) TimerEvent: {}
[63.033133] (-) TimerEvent: {}
[63.133847] (-) TimerEvent: {}
[63.234269] (-) TimerEvent: {}
[63.334644] (-) TimerEvent: {}
[63.435460] (-) TimerEvent: {}
[63.529922] (servo_control) StderrLine: {'line': b'/root/lidar_system/servo_control/src/target_tracker_node.cpp: In constructor \xe2\x80\x98TargetTrackerNode::TargetTrackerNode()\xe2\x80\x99:\n'}
[63.530611] (servo_control) StderrLine: {'line': b'/root/lidar_system/servo_control/src/target_tracker_node.cpp:301:7: warning: \xe2\x80\x98TargetTrackerNode::scan_count_\xe2\x80\x99 will be initialized after [-Wreorder]\n'}
[63.531020] (servo_control) StderrLine: {'line': b'  301 |   int scan_count_;\n'}
[63.531370] (servo_control) StderrLine: {'line': b'      |       ^~~~~~~~~~~\n'}
[63.531717] (servo_control) StderrLine: {'line': b'/root/lidar_system/servo_control/src/target_tracker_node.cpp:300:8: warning:   \xe2\x80\x98bool TargetTrackerNode::capture_next_\xe2\x80\x99 [-Wreorder]\n'}
[63.532087] (servo_control) StderrLine: {'line': b'  300 |   bool capture_next_;\n'}
[63.532437] (servo_control) StderrLine: {'line': b'      |        ^~~~~~~~~~~~~\n'}
[63.532778] (servo_control) StderrLine: {'line': b'/root/lidar_system/servo_control/src/target_tracker_node.cpp:14:3: warning:   when initialized here [-Wreorder]\n'}
[63.533146] (servo_control) StderrLine: {'line': b'   14 |   TargetTrackerNode()\n'}
[63.533498] (servo_control) StderrLine: {'line': b'      |   ^~~~~~~~~~~~~~~~~\n'}
[63.533853] (servo_control) StderrLine: {'line': b'/root/lidar_system/servo_control/src/target_tracker_node.cpp:300:8: warning: \xe2\x80\x98TargetTrackerNode::capture_next_\xe2\x80\x99 will be initialized after [-Wreorder]\n'}
[63.534308] (servo_control) StderrLine: {'line': b'  300 |   bool capture_next_;\n'}
[63.534706] (servo_control) StderrLine: {'line': b'      |        ^~~~~~~~~~~~~\n'}
[63.535402] (servo_control) StderrLine: {'line': b'/root/lidar_system/servo_control/src/target_tracker_node.cpp:299:8: warning:   \xe2\x80\x98bool TargetTrackerNode::bg_valid_\xe2\x80\x99 [-Wreorder]\n'}
[63.535928] (-) TimerEvent: {}
[63.536058] (servo_control) StderrLine: {'line': b'  299 |   bool bg_valid_;\n'}
[63.536502] (servo_control) StderrLine: {'line': b'      |        ^~~~~~~~~\n'}
[63.538284] (servo_control) StderrLine: {'line': b'/root/lidar_system/servo_control/src/target_tracker_node.cpp:14:3: warning:   when initialized here [-Wreorder]\n'}
[63.538836] (servo_control) StderrLine: {'line': b'   14 |   TargetTrackerNode()\n'}
[63.539326] (servo_control) StderrLine: {'line': b'      |   ^~~~~~~~~~~~~~~~~\n'}
[63.636139] (-) TimerEvent: {}
[63.736664] (-) TimerEvent: {}
[63.838330] (-) TimerEvent: {}
[63.938714] (-) TimerEvent: {}
[64.039137] (-) TimerEvent: {}
[64.140107] (-) TimerEvent: {}
[64.240604] (-) TimerEvent: {}
[64.341162] (-) TimerEvent: {}
[64.443402] (-) TimerEvent: {}
[64.544016] (-) TimerEvent: {}
[64.644408] (-) TimerEvent: {}
[64.744995] (-) TimerEvent: {}
[64.845380] (-) TimerEvent: {}
[64.945758] (-) TimerEvent: {}
[65.049723] (-) TimerEvent: {}
[65.150113] (-) TimerEvent: {}
[65.250549] (-) TimerEvent: {}
[65.350970] (-) TimerEvent: {}
[65.451368] (-) TimerEvent: {}
[65.551752] (-) TimerEvent: {}
[65.652153] (-) TimerEvent: {}
[65.752613] (-) TimerEvent: {}
[65.853290] (-) TimerEvent: {}
[65.955477] (-) TimerEvent: {}
[66.057640] (-) TimerEvent: {}
[66.159384] (-) TimerEvent: {}
[66.259788] (-) TimerEvent: {}
[66.363535] (-) TimerEvent: {}
[66.463905] (-) TimerEvent: {}
[66.564297] (-) TimerEvent: {}
[66.664683] (-) TimerEvent: {}
[66.765165] (-) TimerEvent: {}
[66.865691] (-) TimerEvent: {}
[66.966295] (-) TimerEvent: {}
[67.066687] (-) TimerEvent: {}
[67.167084] (-) TimerEvent: {}
[67.267461] (-) TimerEvent: {}
[67.367837] (-) TimerEvent: {}
[67.468230] (-) TimerEvent: {}
[67.568636] (-) TimerEvent: {}
[67.669049] (-) TimerEvent: {}
[67.769478] (-) TimerEvent: {}
[67.870079] (-) TimerEvent: {}
[67.970523] (-) TimerEvent: {}
[68.071113] (-) TimerEvent: {}
[68.171495] (-) TimerEvent: {}
[68.272425] (-) TimerEvent: {}
[68.372801] (-) TimerEvent: {}
[68.473342] (-) TimerEvent: {}
[68.573882] (-) TimerEvent: {}
[68.674407] (-) TimerEvent: {}
[68.774829] (-) TimerEvent: {}
[68.875265] (-) TimerEvent: {}
[68.975751] (-) TimerEvent: {}
[69.076167] (-) TimerEvent: {}
[69.176821] (-) TimerEvent: {}
[69.279162] (-) TimerEvent: {}
[69.379619] (-) TimerEvent: {}
[69.482281] (-) TimerEvent: {}
[69.583724] (-) TimerEvent: {}
[69.685205] (-) TimerEvent: {}
[69.785656] (-) TimerEvent: {}
[69.886059] (-) TimerEvent: {}
[69.986555] (-) TimerEvent: {}
[70.087165] (-) TimerEvent: {}
[70.193453] (-) TimerEvent: {}
[70.293858] (-) TimerEvent: {}
[70.394268] (-) TimerEvent: {}
[70.494668] (-) TimerEvent: {}
[70.598340] (-) TimerEvent: {}
[70.700393] (-) TimerEvent: {}
[70.800765] (-) TimerEvent: {}
[70.901132] (-) TimerEvent: {}
[71.001635] (-) TimerEvent: {}
[71.102039] (-) TimerEvent: {}
[71.205752] (-) TimerEvent: {}
[71.306160] (-) TimerEvent: {}
[71.406601] (-) TimerEvent: {}
[71.507006] (-) TimerEvent: {}
[71.607398] (-) TimerEvent: {}
[71.707967] (-) TimerEvent: {}
[71.808395] (-) TimerEvent: {}
[71.908776] (-) TimerEvent: {}
[72.010332] (-) TimerEvent: {}
[72.110820] (-) TimerEvent: {}
[72.211248] (-) TimerEvent: {}
[72.311674] (-) TimerEvent: {}
[72.412091] (-) TimerEvent: {}
[72.512493] (-) TimerEvent: {}
[72.612919] (-) TimerEvent: {}
[72.713351] (-) TimerEvent: {}
[72.813736] (-) TimerEvent: {}
[72.914181] (-) TimerEvent: {}
[73.014623] (-) TimerEvent: {}
[73.114996] (-) TimerEvent: {}
[73.215380] (-) TimerEvent: {}
[73.316988] (-) TimerEvent: {}
[73.417403] (-) TimerEvent: {}
[73.517901] (-) TimerEvent: {}
[73.618308] (-) TimerEvent: {}
[73.718761] (-) TimerEvent: {}
[73.819154] (-) TimerEvent: {}
[73.919547] (-) TimerEvent: {}
[74.020194] (-) TimerEvent: {}
[74.120713] (-) TimerEvent: {}
[74.221123] (-) TimerEvent: {}
[74.321608] (-) TimerEvent: {}
[74.422001] (-) TimerEvent: {}
[74.522518] (-) TimerEvent: {}
[74.623019] (-) TimerEvent: {}
[74.723443] (-) TimerEvent: {}
[74.823850] (-) TimerEvent: {}
[74.924250] (-) TimerEvent: {}
[75.024651] (-) TimerEvent: {}
[75.125017] (-) TimerEvent: {}
[75.225740] (-) TimerEvent: {}
[75.326136] (-) TimerEvent: {}
[75.426630] (-) TimerEvent: {}
[75.527066] (-) TimerEvent: {}
[75.627906] (-) TimerEvent: {}
[75.728309] (-) TimerEvent: {}
[75.828943] (-) TimerEvent: {}
[75.929341] (-) TimerEvent: {}
[76.029779] (-) TimerEvent: {}
[76.130224] (-) TimerEvent: {}
[76.230623] (-) TimerEvent: {}
[76.331027] (-) TimerEvent: {}
[76.432140] (-) TimerEvent: {}
[76.533137] (-) TimerEvent: {}
[76.633518] (-) TimerEvent: {}
[76.733952] (-) TimerEvent: {}
[76.835157] (-) TimerEvent: {}
[76.935632] (-) TimerEvent: {}
[77.036046] (-) TimerEvent: {}
[77.136484] (-) TimerEvent: {}
[77.238320] (-) TimerEvent: {}
[77.338904] (-) TimerEvent: {}
[77.439391] (-) TimerEvent: {}
[77.539793] (-) TimerEvent: {}
[77.640184] (-) TimerEvent: {}
[77.740621] (-) TimerEvent: {}
[77.841618] (-) TimerEvent: {}
[77.942106] (-) TimerEvent: {}
[78.042699] (-) TimerEvent: {}
[78.143185] (-) TimerEvent: {}
[78.243707] (-) TimerEvent: {}
[78.344197] (-) TimerEvent: {}
[78.444718] (-) TimerEvent: {}
[78.545102] (-) TimerEvent: {}
[78.646976] (-) TimerEvent: {}
[78.750333] (-) TimerEvent: {}
[78.850720] (-) TimerEvent: {}
[78.951116] (-) TimerEvent: {}
[79.051512] (-) TimerEvent: {}
[79.151920] (-) TimerEvent: {}
[79.252310] (-) TimerEvent: {}
[79.352673] (-) TimerEvent: {}
[79.453040] (-) TimerEvent: {}
[79.553413] (-) TimerEvent: {}
[79.653791] (-) TimerEvent: {}
[79.754152] (-) TimerEvent: {}
[79.854687] (-) TimerEvent: {}
[79.955514] (-) TimerEvent: {}
[80.056315] (-) TimerEvent: {}
[80.159360] (-) TimerEvent: {}
[80.259967] (-) TimerEvent: {}
[80.360456] (-) TimerEvent: {}
[80.460967] (-) TimerEvent: {}
[80.561344] (-) TimerEvent: {}
[80.661752] (-) TimerEvent: {}
[80.762259] (-) TimerEvent: {}
[80.863139] (-) TimerEvent: {}
[80.963552] (-) TimerEvent: {}
[81.063918] (-) TimerEvent: {}
[81.164322] (-) TimerEvent: {}
[81.264721] (-) TimerEvent: {}
[81.365117] (-) TimerEvent: {}
[81.467005] (-) TimerEvent: {}
[81.567391] (-) TimerEvent: {}
[81.667796] (-) TimerEvent: {}
[81.768318] (-) TimerEvent: {}
[81.868733] (-) TimerEvent: {}
[81.969120] (-) TimerEvent: {}
[82.070362] (-) TimerEvent: {}
[82.170750] (-) TimerEvent: {}
[82.271129] (-) TimerEvent: {}
[82.371509] (-) TimerEvent: {}
[82.471949] (-) TimerEvent: {}
[82.572315] (-) TimerEvent: {}
[82.672681] (-) TimerEvent: {}
[82.773083] (-) TimerEvent: {}
[82.873562] (-) TimerEvent: {}
[82.976448] (-) TimerEvent: {}
[83.076859] (-) TimerEvent: {}
[83.177414] (-) TimerEvent: {}
[83.277819] (-) TimerEvent: {}
[83.378635] (-) TimerEvent: {}
[83.479016] (-) TimerEvent: {}
[83.660618] (-) TimerEvent: {}
[83.761004] (-) TimerEvent: {}
[83.861389] (-) TimerEvent: {}
[83.961796] (-) TimerEvent: {}
[84.062333] (-) TimerEvent: {}
[84.163059] (-) TimerEvent: {}
[84.263495] (-) TimerEvent: {}
[84.364355] (-) TimerEvent: {}
[84.464818] (-) TimerEvent: {}
[84.565177] (-) TimerEvent: {}
[84.665557] (-) TimerEvent: {}
[84.766003] (-) TimerEvent: {}
[84.866509] (-) TimerEvent: {}
[84.966889] (-) TimerEvent: {}
[85.067274] (-) TimerEvent: {}
[85.167651] (-) TimerEvent: {}
[85.268018] (-) TimerEvent: {}
[85.368389] (-) TimerEvent: {}
[85.468775] (-) TimerEvent: {}
[85.569212] (-) TimerEvent: {}
[85.669702] (-) TimerEvent: {}
[85.770388] (-) TimerEvent: {}
[85.871233] (-) TimerEvent: {}
[85.971708] (-) TimerEvent: {}
[86.072273] (-) TimerEvent: {}
[86.174360] (-) TimerEvent: {}
[86.275065] (-) TimerEvent: {}
[86.375563] (-) TimerEvent: {}
[86.476103] (-) TimerEvent: {}
[86.576478] (-) TimerEvent: {}
[86.676862] (-) TimerEvent: {}
[86.777400] (-) TimerEvent: {}
[86.877789] (-) TimerEvent: {}
[86.978302] (-) TimerEvent: {}
[87.078705] (-) TimerEvent: {}
[87.179118] (-) TimerEvent: {}
[87.279506] (-) TimerEvent: {}
[87.379885] (-) TimerEvent: {}
[87.480319] (-) TimerEvent: {}
[87.580867] (-) TimerEvent: {}
[87.681305] (-) TimerEvent: {}
[87.781688] (-) TimerEvent: {}
[87.882074] (-) TimerEvent: {}
[87.982557] (-) TimerEvent: {}
[88.083020] (-) TimerEvent: {}
[88.183664] (-) TimerEvent: {}
[88.284352] (-) TimerEvent: {}
[88.384823] (-) TimerEvent: {}
[88.485200] (-) TimerEvent: {}
[88.597661] (-) TimerEvent: {}
[88.698045] (-) TimerEvent: {}
[88.798472] (-) TimerEvent: {}
[88.898861] (-) TimerEvent: {}
[88.999815] (-) TimerEvent: {}
[89.100183] (-) TimerEvent: {}
[89.200539] (-) TimerEvent: {}
[89.300918] (-) TimerEvent: {}
[89.401312] (-) TimerEvent: {}
[89.501815] (-) TimerEvent: {}
[89.602288] (-) TimerEvent: {}
[89.705857] (-) TimerEvent: {}
[89.806355] (-) TimerEvent: {}
[89.910340] (-) TimerEvent: {}
[90.010719] (-) TimerEvent: {}
[90.111099] (-) TimerEvent: {}
[90.211481] (-) TimerEvent: {}
[90.311871] (-) TimerEvent: {}
[90.412412] (-) TimerEvent: {}
[90.513097] (-) TimerEvent: {}
[90.613699] (-) TimerEvent: {}
[90.714154] (-) TimerEvent: {}
[90.815370] (-) TimerEvent: {}
[90.915795] (-) TimerEvent: {}
[91.016177] (-) TimerEvent: {}
[91.116701] (-) TimerEvent: {}
[91.217561] (-) TimerEvent: {}
[91.318208] (-) TimerEvent: {}
[91.420821] (-) TimerEvent: {}
[91.521156] (-) TimerEvent: {}
[91.621743] (-) TimerEvent: {}
[91.722142] (-) TimerEvent: {}
[91.822620] (-) TimerEvent: {}
[91.923908] (-) TimerEvent: {}
[92.024460] (-) TimerEvent: {}
[92.124900] (-) TimerEvent: {}
[92.225526] (-) TimerEvent: {}
[92.325914] (-) TimerEvent: {}
[92.426319] (-) TimerEvent: {}
[92.526690] (-) TimerEvent: {}
[92.627146] (-) TimerEvent: {}
[92.727530] (-) TimerEvent: {}
[92.828044] (-) TimerEvent: {}
[92.928453] (-) TimerEvent: {}
[93.028934] (-) TimerEvent: {}
[93.129549] (-) TimerEvent: {}
[93.230111] (-) TimerEvent: {}
[93.331159] (-) TimerEvent: {}
[93.431538] (-) TimerEvent: {}
[93.482294] (servo_control) StdoutLine: {'line': b'[100%] Linking CXX executable target_tracker_node\n'}
[93.531711] (-) TimerEvent: {}
[93.632703] (-) TimerEvent: {}
[93.733087] (-) TimerEvent: {}
[93.833528] (-) TimerEvent: {}
[93.933986] (-) TimerEvent: {}
[94.034408] (-) TimerEvent: {}
[94.135943] (-) TimerEvent: {}
[94.236334] (-) TimerEvent: {}
[94.342360] (-) TimerEvent: {}
[94.443375] (-) TimerEvent: {}
[94.544014] (-) TimerEvent: {}
[94.644455] (-) TimerEvent: {}
[94.745617] (-) TimerEvent: {}
[94.845990] (-) TimerEvent: {}
[94.946381] (-) TimerEvent: {}
[95.046754] (-) TimerEvent: {}
[95.147476] (-) TimerEvent: {}
[95.152747] (servo_control) StdoutLine: {'line': b'[100%] Built target target_tracker_node\n'}
[95.208983] (servo_control) CommandEnded: {'returncode': 0}
[95.248253] (-) TimerEvent: {}
[95.348871] (-) TimerEvent: {}
[95.395142] (servo_control) JobProgress: {'identifier': 'servo_control', 'progress': 'install'}
[95.396712] (servo_control) Command: {'cmd': ['/usr/bin/cmake', '--install', '/root/lidar_system/build/servo_control'], 'cwd': '/root/lidar_system/build/servo_control', 'env': OrderedDict([('HOSTNAME', 'ubuntu-desktop'), ('SHLVL', '1'), ('LD_LIBRARY_PATH', '/opt/ros/foxy/opt/yaml_cpp_vendor/lib:/opt/ros/foxy/opt/rviz_ogre_vendor/lib:/opt/ros/foxy/lib/aarch64-linux-gnu:/opt/ros/foxy/lib'), ('HOME', '/root'), ('OLDPWD', '/'), ('ROS_PYTHON_VERSION', '3'), ('ROS_DISTRO', 'foxy'), ('_', '/usr/bin/colcon'), ('ROS_VERSION', '2'), ('ROS_LOCALHOST_ONLY', '0'), ('QT_X11_NO_MITSHM', '1'), ('PATH', '/opt/ros/foxy/bin:/usr/local/sbin:/usr/local/bin:/usr/sbin:/usr/bin:/sbin:/bin'), ('FASTRTPS_DEFAULT_PROFILES_FILE', '/fastdds.xml'), ('DISPLAY', ':0'), ('LANG', 'C.UTF-8'), ('RMW_IMPLEMENTATION', 'rmw_fastrtps_cpp'), ('ROS_DOMAIN_ID', '0'), ('AMENT_PREFIX_PATH', '/opt/ros/foxy'), ('PWD', '/root/lidar_system/build/servo_control'), ('LC_ALL', 'C.UTF-8'), ('PYTHONPATH', '/opt/ros/foxy/lib/python3.8/site-packages'), ('COLCON', '1'), ('CMAKE_PREFIX_PATH', '/opt/ros/foxy')]), 'shell': False}
[95.449292] (-) TimerEvent: {}
[95.452019] (servo_control) StdoutLine: {'line': b'-- Install configuration: ""\n'}
[95.453158] (servo_control) StdoutLine: {'line': b'-- Up-to-date: /root/lidar_system/install/servo_control/lib/servo_control/dynamic_tf_broadcaster\n'}
[95.455780] (servo_control) StdoutLine: {'line': b'-- Up-to-date: /root/lidar_system/install/servo_control/lib/servo_control/lidar_pointcloud_node\n'}
[95.456973] (servo_control) StdoutLine: {'line': b'-- Installing: /root/lidar_system/install/servo_control/lib/servo_control/scan_sequence_node\n'}
[95.489810] (servo_control) StdoutLine: {'line': b'-- Set runtime path of "/root/lidar_system/install/servo_control/lib/servo_control/scan_sequence_node" to ""\n'}
[95.491032] (servo_control) StdoutLine: {'line': b'-- Installing: /root/lidar_system/install/servo_control/lib/servo_control/target_tracker_node\n'}
[95.511991] (servo_control) StdoutLine: {'line': b'-- Set runtime path of "/root/lidar_system/install/servo_control/lib/servo_control/target_tracker_node" to ""\n'}
[95.513296] (servo_control) StdoutLine: {'line': b'-- Up-to-date: /root/lidar_system/install/servo_control/lib/servo_control/mavros_tf_node\n'}
[95.514544] (servo_control) StdoutLine: {'line': b'-- Up-to-date: /root/lidar_system/install/servo_control/share/servo_control/environment/pythonpath.sh\n'}
[95.515279] (servo_control) StdoutLine: {'line': b'-- Up-to-date: /root/lidar_system/install/servo_control/share/servo_control/environment/pythonpath.dsv\n'}
[95.515971] (servo_control) StdoutLine: {'line': b'-- Up-to-date: /root/lidar_system/install/servo_control/lib/python3.8/site-packages/servo_control\n'}
[95.517043] (servo_control) StdoutLine: {'line': b'-- Up-to-date: /root/lidar_system/install/servo_control/lib/python3.8/site-packages/servo_control/__init__.py\n'}
[95.550611] (-) TimerEvent: {}
[95.651100] (-) TimerEvent: {}
[95.669402] (servo_control) StdoutLine: {'line': b"Listing '/root/lidar_system/install/servo_control/lib/python3.8/site-packages/servo_control'...\n"}
[95.695786] (servo_control) StdoutLine: {'line': b'-- Up-to-date: /root/lidar_system/install/servo_control/lib/servo_control/servo_motor_node.py\n'}
[95.697586] (servo_control) StdoutLine: {'line': b'-- Up-to-date: /root/lidar_system/install/servo_control/lib/servo_control/lidar_bbox_open3d.py\n'}
[95.698784] (servo_control) StdoutLine: {'line': b'-- Up-to-date: /root/lidar_system/install/servo_control/share/ament_index/resource_index/package_run_dependencies/servo_control\n'}
[95.699610] (servo_control) StdoutLine: {'line': b'-- Up-to-date: /root/lidar_system/install/servo_control/share/ament_index/resource_index/parent_prefix_path/servo_control\n'}
[95.700527] (servo_control) StdoutLine: {'line': b'-- Up-to-date: /root/lidar_system/install/servo_control/share/servo_control/environment/ament_prefix_path.sh\n'}
[95.700923] (servo_control) StdoutLine: {'line': b'-- Up-to-date: /root/lidar_system/install/servo_control/share/servo_control/environment/ament_prefix_path.dsv\n'}
[95.701293] (servo_control) StdoutLine: {'line': b'-- Up-to-date: /root/lidar_system/install/servo_control/share/servo_control/environment/path.sh\n'}
[95.701651] (servo_control) StdoutLine: {'line': b'-- Up-to-date: /root/lidar_system/install/servo_control/share/servo_control/environment/path.dsv\n'}
[95.702013] (servo_control) StdoutLine: {'line': b'-- Up-to-date: /root/lidar_system/install/servo_control/share/servo_control/local_setup.bash\n'}
[95.702558] (servo_control) StdoutLine: {'line': b'-- Up-to-date: /root/lidar_system/install/servo_control/share/servo_control/local_setup.sh\n'}
[95.703125] (servo_control) StdoutLine: {'line': b'-- Up-to-date: /root/lidar_system/install/servo_control/share/servo_control/local_setup.zsh\n'}
[95.704151] (servo_control) StdoutLine: {'line': b'-- Up-to-date: /root/lidar_system/install/servo_control/share/servo_control/local_setup.dsv\n'}
[95.706706] (servo_control) StdoutLine: {'line': b'-- Installing: /root/lidar_system/install/servo_control/share/servo_control/package.dsv\n'}
[95.708775] (servo_control) StdoutLine: {'line': b'-- Up-to-date: /root/lidar_system/install/servo_control/share/ament_index/resource_index/packages/servo_control\n'}
[95.736012] (servo_control) StdoutLine: {'line': b'-- Up-to-date: /root/lidar_system/install/servo_control/share/servo_control/cmake/servo_controlConfig.cmake\n'}
[95.742614] (servo_control) StdoutLine: {'line': b'-- Up-to-date: /root/lidar_system/install/servo_control/share/servo_control/cmake/servo_controlConfig-version.cmake\n'}
[95.743979] (servo_control) StdoutLine: {'line': b'-- Up-to-date: /root/lidar_system/install/servo_control/share/servo_control/package.xml\n'}
[95.745770] (servo_control) CommandEnded: {'returncode': 0}
[95.754133] (-) TimerEvent: {}
[95.855067] (-) TimerEvent: {}
[95.955466] (-) TimerEvent: {}
[96.055772] (-) TimerEvent: {}
[96.062560] (servo_control) JobEnded: {'identifier': 'servo_control', 'rc': 0}
[96.067259] (-) EventReactorShutdown: {}
