[0.000000] (-) TimerEvent: {}
[0.000390] (rplidar_ros) JobQueued: {'identifier': 'rplidar_ros', 'dependencies': OrderedDict()}
[0.000548] (servo_control) JobQueued: {'identifier': 'servo_control', 'dependencies': OrderedDict()}
[0.002124] (rplidar_ros) JobStarted: {'identifier': 'rplidar_ros'}
[0.097649] (servo_control) JobStarted: {'identifier': 'servo_control'}
[0.104007] (-) TimerEvent: {}
[0.152770] (rplidar_ros) JobProgress: {'identifier': 'rplidar_ros', 'progress': 'cmake'}
[0.165852] (rplidar_ros) JobProgress: {'identifier': 'rplidar_ros', 'progress': 'build'}
[0.170066] (rplidar_ros) Command: {'cmd': ['/usr/bin/cmake', '--build', '/root/lidar_system/build/rplidar_ros', '--', '-j4', '-l4'], 'cwd': '/root/lidar_system/build/rplidar_ros', 'env': OrderedDict([('HOSTNAME', 'ubuntu-desktop'), ('SHLVL', '1'), ('LD_LIBRARY_PATH', '/opt/ros/foxy/opt/yaml_cpp_vendor/lib:/opt/ros/foxy/opt/rviz_ogre_vendor/lib:/opt/ros/foxy/lib/aarch64-linux-gnu:/opt/ros/foxy/lib'), ('HOME', '/root'), ('OLDPWD', '/'), ('ROS_PYTHON_VERSION', '3'), ('ROS_DISTRO', 'foxy'), ('_', '/usr/bin/colcon'), ('ROS_VERSION', '2'), ('ROS_LOCALHOST_ONLY', '0'), ('QT_X11_NO_MITSHM', '1'), ('PATH', '/opt/ros/foxy/bin:/usr/local/sbin:/usr/local/bin:/usr/sbin:/usr/bin:/sbin:/bin'), ('FASTRTPS_DEFAULT_PROFILES_FILE', '/fastdds.xml'), ('DISPLAY', ':0'), ('LANG', 'C.UTF-8'), ('RMW_IMPLEMENTATION', 'rmw_fastrtps_cpp'), ('ROS_DOMAIN_ID', '0'), ('AMENT_PREFIX_PATH', '/opt/ros/foxy'), ('PWD', '/root/lidar_system/build/rplidar_ros'), ('LC_ALL', 'C.UTF-8'), ('PYTHONPATH', '/opt/ros/foxy/lib/python3.8/site-packages'), ('COLCON', '1'), ('CMAKE_PREFIX_PATH', '/opt/ros/foxy')]), 'shell': False}
[0.184414] (servo_control) JobProgress: {'identifier': 'servo_control', 'progress': 'cmake'}
[0.204073] (-) TimerEvent: {}
[0.220708] (servo_control) JobProgress: {'identifier': 'servo_control', 'progress': 'build'}
[0.221609] (servo_control) Command: {'cmd': ['/usr/bin/cmake', '--build', '/root/lidar_system/build/servo_control', '--', '-j4', '-l4'], 'cwd': '/root/lidar_system/build/servo_control', 'env': OrderedDict([('HOSTNAME', 'ubuntu-desktop'), ('SHLVL', '1'), ('LD_LIBRARY_PATH', '/opt/ros/foxy/opt/yaml_cpp_vendor/lib:/opt/ros/foxy/opt/rviz_ogre_vendor/lib:/opt/ros/foxy/lib/aarch64-linux-gnu:/opt/ros/foxy/lib'), ('HOME', '/root'), ('OLDPWD', '/'), ('ROS_PYTHON_VERSION', '3'), ('ROS_DISTRO', 'foxy'), ('_', '/usr/bin/colcon'), ('ROS_VERSION', '2'), ('ROS_LOCALHOST_ONLY', '0'), ('QT_X11_NO_MITSHM', '1'), ('PATH', '/opt/ros/foxy/bin:/usr/local/sbin:/usr/local/bin:/usr/sbin:/usr/bin:/sbin:/bin'), ('FASTRTPS_DEFAULT_PROFILES_FILE', '/fastdds.xml'), ('DISPLAY', ':0'), ('LANG', 'C.UTF-8'), ('RMW_IMPLEMENTATION', 'rmw_fastrtps_cpp'), ('ROS_DOMAIN_ID', '0'), ('AMENT_PREFIX_PATH', '/opt/ros/foxy'), ('PWD', '/root/lidar_system/build/servo_control'), ('LC_ALL', 'C.UTF-8'), ('PYTHONPATH', '/opt/ros/foxy/lib/python3.8/site-packages'), ('COLCON', '1'), ('CMAKE_PREFIX_PATH', '/opt/ros/foxy')]), 'shell': False}
[0.304312] (-) TimerEvent: {}
[0.404817] (-) TimerEvent: {}
[0.434066] (servo_control) StdoutLine: {'line': b'-- Found ament_cmake: 0.9.12 (/opt/ros/foxy/share/ament_cmake/cmake)\n'}
[0.504989] (-) TimerEvent: {}
[0.581073] (servo_control) StdoutLine: {'line': b'-- Using PYTHON_EXECUTABLE: /usr/bin/python3\n'}
[0.605255] (-) TimerEvent: {}
[0.697813] (rplidar_ros) StdoutLine: {'line': b'[ 47%] Built target rplidar_node\n'}
[0.709930] (rplidar_ros) StdoutLine: {'line': b'[ 94%] Built target rplidar_composition\n'}
[0.710735] (-) TimerEvent: {}
[0.716799] (rplidar_ros) StdoutLine: {'line': b'[100%] Built target rplidar_client\n'}
[0.784107] (rplidar_ros) CommandEnded: {'returncode': 0}
[0.811208] (-) TimerEvent: {}
[0.911616] (-) TimerEvent: {}
[1.012069] (-) TimerEvent: {}
[1.115341] (rplidar_ros) JobProgress: {'identifier': 'rplidar_ros', 'progress': 'install'}
[1.115986] (-) TimerEvent: {}
[1.166241] (rplidar_ros) Command: {'cmd': ['/usr/bin/cmake', '--install', '/root/lidar_system/build/rplidar_ros'], 'cwd': '/root/lidar_system/build/rplidar_ros', 'env': OrderedDict([('HOSTNAME', 'ubuntu-desktop'), ('SHLVL', '1'), ('LD_LIBRARY_PATH', '/opt/ros/foxy/opt/yaml_cpp_vendor/lib:/opt/ros/foxy/opt/rviz_ogre_vendor/lib:/opt/ros/foxy/lib/aarch64-linux-gnu:/opt/ros/foxy/lib'), ('HOME', '/root'), ('OLDPWD', '/'), ('ROS_PYTHON_VERSION', '3'), ('ROS_DISTRO', 'foxy'), ('_', '/usr/bin/colcon'), ('ROS_VERSION', '2'), ('ROS_LOCALHOST_ONLY', '0'), ('QT_X11_NO_MITSHM', '1'), ('PATH', '/opt/ros/foxy/bin:/usr/local/sbin:/usr/local/bin:/usr/sbin:/usr/bin:/sbin:/bin'), ('FASTRTPS_DEFAULT_PROFILES_FILE', '/fastdds.xml'), ('DISPLAY', ':0'), ('LANG', 'C.UTF-8'), ('RMW_IMPLEMENTATION', 'rmw_fastrtps_cpp'), ('ROS_DOMAIN_ID', '0'), ('AMENT_PREFIX_PATH', '/opt/ros/foxy'), ('PWD', '/root/lidar_system/build/rplidar_ros'), ('LC_ALL', 'C.UTF-8'), ('PYTHONPATH', '/opt/ros/foxy/lib/python3.8/site-packages'), ('COLCON', '1'), ('CMAKE_PREFIX_PATH', '/opt/ros/foxy')]), 'shell': False}
[1.216202] (-) TimerEvent: {}
[1.222334] (rplidar_ros) StdoutLine: {'line': b'-- Install configuration: ""\n'}
[1.223113] (rplidar_ros) StdoutLine: {'line': b'-- Up-to-date: /root/lidar_system/install/rplidar_ros/share/rplidar_ros/launch\n'}
[1.223686] (rplidar_ros) StdoutLine: {'line': b'-- Up-to-date: /root/lidar_system/install/rplidar_ros/share/rplidar_ros/launch/rplidar_a3_launch.py\n'}
[1.224194] (rplidar_ros) StdoutLine: {'line': b'-- Up-to-date: /root/lidar_system/install/rplidar_ros/share/rplidar_ros/launch/view_rplidar_a2m8_launch.py\n'}
[1.224727] (rplidar_ros) StdoutLine: {'line': b'-- Up-to-date: /root/lidar_system/install/rplidar_ros/share/rplidar_ros/launch/view_rplidar_a2m7_launch.py\n'}
[1.226084] (rplidar_ros) StdoutLine: {'line': b'-- Up-to-date: /root/lidar_system/install/rplidar_ros/share/rplidar_ros/launch/rplidar_s2_launch.py\n'}
[1.227128] (rplidar_ros) StdoutLine: {'line': b'-- Up-to-date: /root/lidar_system/install/rplidar_ros/share/rplidar_ros/launch/rplidar_s1_tcp_launch.py\n'}
[1.228819] (rplidar_ros) StdoutLine: {'line': b'-- Up-to-date: /root/lidar_system/install/rplidar_ros/share/rplidar_ros/launch/view_rplidar_a1_launch.py\n'}
[1.229938] (rplidar_ros) StdoutLine: {'line': b'-- Up-to-date: /root/lidar_system/install/rplidar_ros/share/rplidar_ros/launch/rplidar_t1_launch.py\n'}
[1.230499] (rplidar_ros) StdoutLine: {'line': b'-- Up-to-date: /root/lidar_system/install/rplidar_ros/share/rplidar_ros/launch/system_launch.py\n'}
[1.230927] (rplidar_ros) StdoutLine: {'line': b'-- Up-to-date: /root/lidar_system/install/rplidar_ros/share/rplidar_ros/launch/rplidar_a1_launch.py\n'}
[1.231452] (rplidar_ros) StdoutLine: {'line': b'-- Up-to-date: /root/lidar_system/install/rplidar_ros/share/rplidar_ros/launch/view_rplidar_s1_launch.py\n'}
[1.233193] (rplidar_ros) StdoutLine: {'line': b'-- Up-to-date: /root/lidar_system/install/rplidar_ros/share/rplidar_ros/launch/view_rplidar_s2_launch.py\n'}
[1.240947] (rplidar_ros) StdoutLine: {'line': b'-- Up-to-date: /root/lidar_system/install/rplidar_ros/share/rplidar_ros/launch/view_rplidar_s2e_launch.py\n'}
[1.241500] (rplidar_ros) StdoutLine: {'line': b'-- Up-to-date: /root/lidar_system/install/rplidar_ros/share/rplidar_ros/launch/view_rplidar_a2m12_launch.py\n'}
[1.241923] (rplidar_ros) StdoutLine: {'line': b'-- Up-to-date: /root/lidar_system/install/rplidar_ros/share/rplidar_ros/launch/rplidar_a2m7_launch.py\n'}
[1.242325] (rplidar_ros) StdoutLine: {'line': b'-- Up-to-date: /root/lidar_system/install/rplidar_ros/share/rplidar_ros/launch/rplidar_s2e_launch.py\n'}
[1.242705] (rplidar_ros) StdoutLine: {'line': b'-- Up-to-date: /root/lidar_system/install/rplidar_ros/share/rplidar_ros/launch/view_rplidar_s1_tcp_launch.py\n'}
[1.243105] (rplidar_ros) StdoutLine: {'line': b'-- Up-to-date: /root/lidar_system/install/rplidar_ros/share/rplidar_ros/launch/rplidar_a2m12_launch.py\n'}
[1.243510] (rplidar_ros) StdoutLine: {'line': b'-- Up-to-date: /root/lidar_system/install/rplidar_ros/share/rplidar_ros/launch/rplidar_s1_launch.py\n'}
[1.243932] (rplidar_ros) StdoutLine: {'line': b'-- Up-to-date: /root/lidar_system/install/rplidar_ros/share/rplidar_ros/launch/__pycache__\n'}
[1.244336] (rplidar_ros) StdoutLine: {'line': b'-- Installing: /root/lidar_system/install/rplidar_ros/share/rplidar_ros/launch/__pycache__/system_launch.cpython-38.pyc\n'}
[1.244820] (rplidar_ros) StdoutLine: {'line': b'-- Up-to-date: /root/lidar_system/install/rplidar_ros/share/rplidar_ros/launch/rplidar_s3_launch.py\n'}
[1.245484] (rplidar_ros) StdoutLine: {'line': b'-- Up-to-date: /root/lidar_system/install/rplidar_ros/share/rplidar_ros/launch/rplidar_a2m8_launch.py\n'}
[1.245932] (rplidar_ros) StdoutLine: {'line': b'-- Up-to-date: /root/lidar_system/install/rplidar_ros/share/rplidar_ros/launch/view_rplidar_t1_launch.py\n'}
[1.246333] (rplidar_ros) StdoutLine: {'line': b'-- Up-to-date: /root/lidar_system/install/rplidar_ros/share/rplidar_ros/launch/view_rplidar_a3_launch.py\n'}
[1.246728] (rplidar_ros) StdoutLine: {'line': b'-- Up-to-date: /root/lidar_system/install/rplidar_ros/share/rplidar_ros/launch/rplidar_c1_launch.py\n'}
[1.247112] (rplidar_ros) StdoutLine: {'line': b'-- Up-to-date: /root/lidar_system/install/rplidar_ros/share/rplidar_ros/launch/view_rplidar_s3_launch.py\n'}
[1.247508] (rplidar_ros) StdoutLine: {'line': b'-- Up-to-date: /root/lidar_system/install/rplidar_ros/share/rplidar_ros/launch/view_rplidar_c1_launch.py\n'}
[1.247889] (rplidar_ros) StdoutLine: {'line': b'-- Up-to-date: /root/lidar_system/install/rplidar_ros/share/rplidar_ros/rviz\n'}
[1.248240] (rplidar_ros) StdoutLine: {'line': b'-- Up-to-date: /root/lidar_system/install/rplidar_ros/share/rplidar_ros/rviz/rplidar_ros.rviz\n'}
[1.248590] (rplidar_ros) StdoutLine: {'line': b'-- Up-to-date: /root/lidar_system/install/rplidar_ros/lib/rplidar_ros/rplidar_node\n'}
[1.248949] (rplidar_ros) StdoutLine: {'line': b'-- Up-to-date: /root/lidar_system/install/rplidar_ros/lib/rplidar_ros/rplidar_composition\n'}
[1.249715] (rplidar_ros) StdoutLine: {'line': b'-- Up-to-date: /root/lidar_system/install/rplidar_ros/lib/rplidar_ros/rplidar_client\n'}
[1.250428] (rplidar_ros) StdoutLine: {'line': b'-- Up-to-date: /root/lidar_system/install/rplidar_ros/share/ament_index/resource_index/package_run_dependencies/rplidar_ros\n'}
[1.250930] (rplidar_ros) StdoutLine: {'line': b'-- Up-to-date: /root/lidar_system/install/rplidar_ros/share/ament_index/resource_index/parent_prefix_path/rplidar_ros\n'}
[1.251349] (rplidar_ros) StdoutLine: {'line': b'-- Up-to-date: /root/lidar_system/install/rplidar_ros/share/rplidar_ros/environment/ament_prefix_path.sh\n'}
[1.251741] (rplidar_ros) StdoutLine: {'line': b'-- Up-to-date: /root/lidar_system/install/rplidar_ros/share/rplidar_ros/environment/ament_prefix_path.dsv\n'}
[1.252111] (rplidar_ros) StdoutLine: {'line': b'-- Up-to-date: /root/lidar_system/install/rplidar_ros/share/rplidar_ros/environment/path.sh\n'}
[1.252538] (rplidar_ros) StdoutLine: {'line': b'-- Up-to-date: /root/lidar_system/install/rplidar_ros/share/rplidar_ros/environment/path.dsv\n'}
[1.252951] (rplidar_ros) StdoutLine: {'line': b'-- Up-to-date: /root/lidar_system/install/rplidar_ros/share/rplidar_ros/local_setup.bash\n'}
[1.254709] (rplidar_ros) StdoutLine: {'line': b'-- Up-to-date: /root/lidar_system/install/rplidar_ros/share/rplidar_ros/local_setup.sh\n'}
[1.255236] (rplidar_ros) StdoutLine: {'line': b'-- Up-to-date: /root/lidar_system/install/rplidar_ros/share/rplidar_ros/local_setup.zsh\n'}
[1.255706] (rplidar_ros) StdoutLine: {'line': b'-- Up-to-date: /root/lidar_system/install/rplidar_ros/share/rplidar_ros/local_setup.dsv\n'}
[1.256099] (rplidar_ros) StdoutLine: {'line': b'-- Installing: /root/lidar_system/install/rplidar_ros/share/rplidar_ros/package.dsv\n'}
[1.288407] (rplidar_ros) StdoutLine: {'line': b'-- Up-to-date: /root/lidar_system/install/rplidar_ros/share/ament_index/resource_index/packages/rplidar_ros\n'}
[1.289499] (rplidar_ros) StdoutLine: {'line': b'-- Up-to-date: /root/lidar_system/install/rplidar_ros/share/rplidar_ros/cmake/ament_cmake_export_dependencies-extras.cmake\n'}
[1.290048] (rplidar_ros) StdoutLine: {'line': b'-- Up-to-date: /root/lidar_system/install/rplidar_ros/share/rplidar_ros/cmake/ament_cmake_export_include_directories-extras.cmake\n'}
[1.290498] (rplidar_ros) StdoutLine: {'line': b'-- Up-to-date: /root/lidar_system/install/rplidar_ros/share/rplidar_ros/cmake/rplidar_rosConfig.cmake\n'}
[1.290955] (rplidar_ros) StdoutLine: {'line': b'-- Up-to-date: /root/lidar_system/install/rplidar_ros/share/rplidar_ros/cmake/rplidar_rosConfig-version.cmake\n'}
[1.291378] (rplidar_ros) StdoutLine: {'line': b'-- Up-to-date: /root/lidar_system/install/rplidar_ros/share/rplidar_ros/package.xml\n'}
[1.298925] (rplidar_ros) CommandEnded: {'returncode': 0}
[1.317361] (-) TimerEvent: {}
[1.419204] (-) TimerEvent: {}
[1.519629] (-) TimerEvent: {}
[1.623699] (-) TimerEvent: {}
[1.724201] (-) TimerEvent: {}
[1.824605] (-) TimerEvent: {}
[1.880596] (rplidar_ros) JobEnded: {'identifier': 'rplidar_ros', 'rc': 0}
[1.886534] (servo_control) StdoutLine: {'line': b'-- Found rclcpp: 2.4.3 (/opt/ros/foxy/share/rclcpp/cmake)\n'}
[1.924991] (-) TimerEvent: {}
[2.025925] (-) TimerEvent: {}
[2.122684] (servo_control) StdoutLine: {'line': b'-- Using all available rosidl_typesupport_c: rosidl_typesupport_fastrtps_c;rosidl_typesupport_introspection_c\n'}
[2.127778] (-) TimerEvent: {}
[2.152218] (servo_control) StdoutLine: {'line': b'-- Found rosidl_adapter: 1.3.1 (/opt/ros/foxy/share/rosidl_adapter/cmake)\n'}
[2.228001] (-) TimerEvent: {}
[2.328656] (-) TimerEvent: {}
[2.429178] (-) TimerEvent: {}
[2.529712] (-) TimerEvent: {}
[2.630474] (-) TimerEvent: {}
[2.731130] (-) TimerEvent: {}
[2.831628] (-) TimerEvent: {}
[2.932149] (-) TimerEvent: {}
[3.033286] (-) TimerEvent: {}
[3.133674] (-) TimerEvent: {}
[3.196555] (servo_control) StdoutLine: {'line': b'-- Using all available rosidl_typesupport_cpp: rosidl_typesupport_fastrtps_cpp;rosidl_typesupport_introspection_cpp\n'}
[3.233860] (-) TimerEvent: {}
[3.336021] (-) TimerEvent: {}
[3.436516] (-) TimerEvent: {}
[3.516337] (servo_control) StdoutLine: {'line': b'-- Found rmw_implementation_cmake: 1.0.4 (/opt/ros/foxy/share/rmw_implementation_cmake/cmake)\n'}
[3.526977] (servo_control) StdoutLine: {'line': b"-- Using RMW implementation 'rmw_fastrtps_cpp' as default\n"}
[3.536714] (-) TimerEvent: {}
[3.637331] (-) TimerEvent: {}
[3.737869] (-) TimerEvent: {}
[3.838858] (-) TimerEvent: {}
[3.939789] (-) TimerEvent: {}
[4.040246] (-) TimerEvent: {}
[4.140998] (-) TimerEvent: {}
[4.241529] (-) TimerEvent: {}
[4.348130] (-) TimerEvent: {}
[4.418260] (servo_control) StdoutLine: {'line': b'-- Found geometry_msgs: 2.0.5 (/opt/ros/foxy/share/geometry_msgs/cmake)\n'}
[4.448848] (-) TimerEvent: {}
[4.549445] (-) TimerEvent: {}
[4.625269] (servo_control) StdoutLine: {'line': b'-- Found sensor_msgs: 2.0.5 (/opt/ros/foxy/share/sensor_msgs/cmake)\n'}
[4.649616] (-) TimerEvent: {}
[4.750264] (-) TimerEvent: {}
[4.850642] (-) TimerEvent: {}
[4.951027] (-) TimerEvent: {}
[5.044727] (servo_control) StdoutLine: {'line': b'-- Found tf2_ros: 0.13.14 (/opt/ros/foxy/share/tf2_ros/cmake)\n'}
[5.051219] (-) TimerEvent: {}
[5.151605] (-) TimerEvent: {}
[5.252008] (-) TimerEvent: {}
[5.352382] (-) TimerEvent: {}
[5.453326] (-) TimerEvent: {}
[5.553716] (-) TimerEvent: {}
[5.654160] (-) TimerEvent: {}
[5.754689] (-) TimerEvent: {}
[5.855127] (-) TimerEvent: {}
[5.957275] (-) TimerEvent: {}
[6.057705] (-) TimerEvent: {}
[6.158233] (-) TimerEvent: {}
[6.258697] (-) TimerEvent: {}
[6.359088] (-) TimerEvent: {}
[6.466195] (-) TimerEvent: {}
[6.566561] (-) TimerEvent: {}
[6.669288] (-) TimerEvent: {}
[6.769658] (-) TimerEvent: {}
[6.870182] (-) TimerEvent: {}
[6.970740] (-) TimerEvent: {}
[7.068703] (servo_control) StdoutLine: {'line': b'-- Found laser_geometry: 2.2.0 (/opt/ros/foxy/share/laser_geometry/cmake)\n'}
[7.070707] (-) TimerEvent: {}
[7.104849] (servo_control) StdoutLine: {'line': b'-- Found tf2_sensor_msgs: 0.13.14 (/opt/ros/foxy/share/tf2_sensor_msgs/cmake)\n'}
[7.170907] (-) TimerEvent: {}
[7.204971] (servo_control) StdoutLine: {'line': b'-- Found visualization_msgs: 2.0.5 (/opt/ros/foxy/share/visualization_msgs/cmake)\n'}
[7.271130] (-) TimerEvent: {}
[7.371692] (-) TimerEvent: {}
[7.472311] (-) TimerEvent: {}
[7.572704] (-) TimerEvent: {}
[7.673272] (-) TimerEvent: {}
[7.717979] (servo_control) StdoutLine: {'line': b'-- Found ament_lint_auto: 0.9.8 (/opt/ros/foxy/share/ament_lint_auto/cmake)\n'}
[7.773436] (-) TimerEvent: {}
[7.874682] (-) TimerEvent: {}
[7.975035] (-) TimerEvent: {}
[8.034506] (servo_control) StdoutLine: {'line': b'-- Configuring done\n'}
[8.075222] (-) TimerEvent: {}
[8.175744] (-) TimerEvent: {}
[8.235039] (servo_control) StdoutLine: {'line': b'-- Generating done\n'}
[8.248056] (servo_control) StdoutLine: {'line': b'-- Build files have been written to: /root/lidar_system/build/servo_control\n'}
[8.275950] (-) TimerEvent: {}
[8.376381] (-) TimerEvent: {}
[8.476776] (-) TimerEvent: {}
[8.504420] (servo_control) StdoutLine: {'line': b'[ 10%] Building CXX object CMakeFiles/dynamic_tf_broadcaster.dir/src/dynamic_tf_broadcaster.cpp.o\n'}
[8.527565] (servo_control) StdoutLine: {'line': b'[ 20%] Building CXX object CMakeFiles/target_tracker_node.dir/src/target_tracker_node.cpp.o\n'}
[8.537562] (servo_control) StdoutLine: {'line': b'[ 30%] Building CXX object CMakeFiles/lidar_pointcloud_node.dir/src/lidar_pointcloud_node.cpp.o\n'}
[8.577288] (-) TimerEvent: {}
[8.677693] (-) TimerEvent: {}
[8.778156] (-) TimerEvent: {}
[8.885288] (-) TimerEvent: {}
[8.989278] (-) TimerEvent: {}
[9.089663] (-) TimerEvent: {}
[9.192893] (-) TimerEvent: {}
[9.293287] (-) TimerEvent: {}
[9.397294] (-) TimerEvent: {}
[9.497667] (-) TimerEvent: {}
[9.601052] (-) TimerEvent: {}
[9.698277] (servo_control) StdoutLine: {'line': b'[ 40%] Building CXX object CMakeFiles/mavros_tf_node.dir/src/mavros_tf_node.cpp.o\n'}
[9.704727] (-) TimerEvent: {}
[9.805107] (-) TimerEvent: {}
[9.905510] (-) TimerEvent: {}
[10.005892] (-) TimerEvent: {}
[10.106287] (-) TimerEvent: {}
[10.206673] (-) TimerEvent: {}
[10.307058] (-) TimerEvent: {}
[10.409285] (-) TimerEvent: {}
[10.517287] (-) TimerEvent: {}
[10.617662] (-) TimerEvent: {}
[10.718049] (-) TimerEvent: {}
[10.818441] (-) TimerEvent: {}
[10.918839] (-) TimerEvent: {}
[11.019242] (-) TimerEvent: {}
[11.120493] (-) TimerEvent: {}
[11.220918] (-) TimerEvent: {}
[11.321299] (-) TimerEvent: {}
[11.421684] (-) TimerEvent: {}
[11.541331] (-) TimerEvent: {}
[11.641711] (-) TimerEvent: {}
[11.742097] (-) TimerEvent: {}
[11.842762] (-) TimerEvent: {}
[11.943153] (-) TimerEvent: {}
[12.044113] (-) TimerEvent: {}
[12.144631] (-) TimerEvent: {}
[12.245037] (-) TimerEvent: {}
[12.345573] (-) TimerEvent: {}
[12.445983] (-) TimerEvent: {}
[12.546377] (-) TimerEvent: {}
[12.646787] (-) TimerEvent: {}
[12.747187] (-) TimerEvent: {}
[12.847606] (-) TimerEvent: {}
[12.948005] (-) TimerEvent: {}
[13.048410] (-) TimerEvent: {}
[13.149214] (-) TimerEvent: {}
[13.249638] (-) TimerEvent: {}
[13.350064] (-) TimerEvent: {}
[13.450443] (-) TimerEvent: {}
[13.550833] (-) TimerEvent: {}
[13.651234] (-) TimerEvent: {}
[13.751626] (-) TimerEvent: {}
[13.852020] (-) TimerEvent: {}
[13.952418] (-) TimerEvent: {}
[14.058778] (-) TimerEvent: {}
[14.159179] (-) TimerEvent: {}
[14.259574] (-) TimerEvent: {}
[14.359973] (-) TimerEvent: {}
[14.460373] (-) TimerEvent: {}
[14.560779] (-) TimerEvent: {}
[14.661210] (-) TimerEvent: {}
[14.761619] (-) TimerEvent: {}
[14.862035] (-) TimerEvent: {}
[14.966935] (-) TimerEvent: {}
[15.067359] (-) TimerEvent: {}
[15.169280] (-) TimerEvent: {}
[15.269688] (-) TimerEvent: {}
[15.370078] (-) TimerEvent: {}
[15.470464] (-) TimerEvent: {}
[15.571149] (-) TimerEvent: {}
[15.671530] (-) TimerEvent: {}
[15.771918] (-) TimerEvent: {}
[15.872309] (-) TimerEvent: {}
[15.972692] (-) TimerEvent: {}
[16.073092] (-) TimerEvent: {}
[16.173512] (-) TimerEvent: {}
[16.273889] (-) TimerEvent: {}
[16.374293] (-) TimerEvent: {}
[16.474681] (-) TimerEvent: {}
[16.577594] (-) TimerEvent: {}
[16.677983] (-) TimerEvent: {}
[16.778382] (-) TimerEvent: {}
[16.878765] (-) TimerEvent: {}
[16.979163] (-) TimerEvent: {}
[17.079562] (-) TimerEvent: {}
[17.179966] (-) TimerEvent: {}
[17.280372] (-) TimerEvent: {}
[17.385402] (-) TimerEvent: {}
[17.485833] (-) TimerEvent: {}
[17.586250] (-) TimerEvent: {}
[17.696907] (-) TimerEvent: {}
[17.797295] (-) TimerEvent: {}
[17.897684] (-) TimerEvent: {}
[17.998074] (-) TimerEvent: {}
[18.098480] (-) TimerEvent: {}
[18.213304] (-) TimerEvent: {}
[18.318867] (-) TimerEvent: {}
[18.419296] (-) TimerEvent: {}
[18.519686] (-) TimerEvent: {}
[18.620079] (-) TimerEvent: {}
[18.720466] (-) TimerEvent: {}
[18.820840] (-) TimerEvent: {}
[18.921237] (-) TimerEvent: {}
[19.021614] (-) TimerEvent: {}
[19.122002] (-) TimerEvent: {}
[19.222424] (-) TimerEvent: {}
[19.322860] (-) TimerEvent: {}
[19.423289] (-) TimerEvent: {}
[19.523688] (-) TimerEvent: {}
[19.624088] (-) TimerEvent: {}
[19.758485] (-) TimerEvent: {}
[19.859373] (-) TimerEvent: {}
[19.965294] (-) TimerEvent: {}
[20.069282] (-) TimerEvent: {}
[20.170137] (-) TimerEvent: {}
[20.270528] (-) TimerEvent: {}
[20.371044] (-) TimerEvent: {}
[20.471476] (-) TimerEvent: {}
[20.571894] (-) TimerEvent: {}
[20.672310] (-) TimerEvent: {}
[20.772730] (-) TimerEvent: {}
[20.879834] (-) TimerEvent: {}
[20.980230] (-) TimerEvent: {}
[21.080648] (-) TimerEvent: {}
[21.181090] (-) TimerEvent: {}
[21.281510] (-) TimerEvent: {}
[21.381883] (-) TimerEvent: {}
[21.482269] (-) TimerEvent: {}
[21.589201] (-) TimerEvent: {}
[21.689588] (-) TimerEvent: {}
[21.790219] (-) TimerEvent: {}
[21.890619] (-) TimerEvent: {}
[21.991027] (-) TimerEvent: {}
[22.091611] (-) TimerEvent: {}
[22.192180] (-) TimerEvent: {}
[22.292616] (-) TimerEvent: {}
[22.393039] (-) TimerEvent: {}
[22.493956] (-) TimerEvent: {}
[22.594445] (-) TimerEvent: {}
[22.694840] (-) TimerEvent: {}
[22.795231] (-) TimerEvent: {}
[22.895636] (-) TimerEvent: {}
[22.996025] (-) TimerEvent: {}
[23.096412] (-) TimerEvent: {}
[23.196892] (-) TimerEvent: {}
[23.297319] (-) TimerEvent: {}
[23.397823] (-) TimerEvent: {}
[23.498268] (-) TimerEvent: {}
[23.598734] (-) TimerEvent: {}
[23.701576] (-) TimerEvent: {}
[23.802007] (-) TimerEvent: {}
[23.902413] (-) TimerEvent: {}
[24.003315] (-) TimerEvent: {}
[24.103743] (-) TimerEvent: {}
[24.208403] (-) TimerEvent: {}
[24.308855] (-) TimerEvent: {}
[24.409340] (-) TimerEvent: {}
[24.513046] (-) TimerEvent: {}
[24.613563] (-) TimerEvent: {}
[24.713990] (-) TimerEvent: {}
[24.814435] (-) TimerEvent: {}
[24.914831] (-) TimerEvent: {}
[25.017490] (-) TimerEvent: {}
[25.117944] (-) TimerEvent: {}
[25.218340] (-) TimerEvent: {}
[25.318773] (-) TimerEvent: {}
[25.419187] (-) TimerEvent: {}
[25.519656] (-) TimerEvent: {}
[25.620223] (-) TimerEvent: {}
[25.721070] (-) TimerEvent: {}
[25.821491] (-) TimerEvent: {}
[25.921907] (-) TimerEvent: {}
[26.034633] (-) TimerEvent: {}
[26.137345] (-) TimerEvent: {}
[26.237727] (-) TimerEvent: {}
[26.338179] (-) TimerEvent: {}
[26.438871] (-) TimerEvent: {}
[26.539267] (-) TimerEvent: {}
[26.642685] (-) TimerEvent: {}
[26.743109] (-) TimerEvent: {}
[26.843511] (-) TimerEvent: {}
[26.943957] (-) TimerEvent: {}
[27.044370] (-) TimerEvent: {}
[27.144760] (-) TimerEvent: {}
[27.248482] (-) TimerEvent: {}
[27.348882] (-) TimerEvent: {}
[27.454186] (-) TimerEvent: {}
[27.554776] (-) TimerEvent: {}
[27.657770] (-) TimerEvent: {}
[27.758254] (-) TimerEvent: {}
[27.858696] (-) TimerEvent: {}
[27.959100] (-) TimerEvent: {}
[28.059493] (-) TimerEvent: {}
[28.159885] (-) TimerEvent: {}
[28.260284] (-) TimerEvent: {}
[28.360680] (-) TimerEvent: {}
[28.461081] (-) TimerEvent: {}
[28.562012] (-) TimerEvent: {}
[28.662386] (-) TimerEvent: {}
[28.762787] (-) TimerEvent: {}
[28.863522] (-) TimerEvent: {}
[28.969295] (-) TimerEvent: {}
[29.070842] (-) TimerEvent: {}
[29.171239] (-) TimerEvent: {}
[29.271712] (-) TimerEvent: {}
[29.372112] (-) TimerEvent: {}
[29.472503] (-) TimerEvent: {}
[29.572894] (-) TimerEvent: {}
[29.673289] (-) TimerEvent: {}
[29.773679] (-) TimerEvent: {}
[29.881311] (-) TimerEvent: {}
[29.981706] (-) TimerEvent: {}
[30.082096] (-) TimerEvent: {}
[30.182491] (-) TimerEvent: {}
[30.282896] (-) TimerEvent: {}
[30.383284] (-) TimerEvent: {}
[30.483684] (-) TimerEvent: {}
[30.584070] (-) TimerEvent: {}
[30.684467] (-) TimerEvent: {}
[30.784874] (-) TimerEvent: {}
[30.885880] (-) TimerEvent: {}
[30.986281] (-) TimerEvent: {}
[31.086701] (-) TimerEvent: {}
[31.191789] (-) TimerEvent: {}
[31.292190] (-) TimerEvent: {}
[31.392587] (-) TimerEvent: {}
[31.493010] (-) TimerEvent: {}
[31.593424] (-) TimerEvent: {}
[31.693822] (-) TimerEvent: {}
[31.794205] (-) TimerEvent: {}
[31.894886] (-) TimerEvent: {}
[31.995320] (-) TimerEvent: {}
[32.095723] (-) TimerEvent: {}
[32.196119] (-) TimerEvent: {}
[32.296516] (-) TimerEvent: {}
[32.396998] (-) TimerEvent: {}
[32.497437] (-) TimerEvent: {}
[32.597841] (-) TimerEvent: {}
[32.698634] (-) TimerEvent: {}
[32.799012] (-) TimerEvent: {}
[32.899397] (-) TimerEvent: {}
[32.999790] (-) TimerEvent: {}
[33.100879] (-) TimerEvent: {}
[33.201296] (-) TimerEvent: {}
[33.305813] (-) TimerEvent: {}
[33.409120] (-) TimerEvent: {}
[33.509522] (-) TimerEvent: {}
[33.609919] (-) TimerEvent: {}
[33.710310] (-) TimerEvent: {}
[33.810692] (-) TimerEvent: {}
[33.911091] (-) TimerEvent: {}
[34.011660] (-) TimerEvent: {}
[34.112143] (-) TimerEvent: {}
[34.212524] (-) TimerEvent: {}
[34.312919] (-) TimerEvent: {}
[34.413292] (-) TimerEvent: {}
[34.515269] (-) TimerEvent: {}
[34.615671] (-) TimerEvent: {}
[34.716067] (-) TimerEvent: {}
[34.816469] (-) TimerEvent: {}
[34.916883] (-) TimerEvent: {}
[35.020307] (-) TimerEvent: {}
[35.120823] (-) TimerEvent: {}
[35.221223] (-) TimerEvent: {}
[35.322183] (-) TimerEvent: {}
[35.422580] (-) TimerEvent: {}
[35.522966] (-) TimerEvent: {}
[35.623365] (-) TimerEvent: {}
[35.723763] (-) TimerEvent: {}
[35.824161] (-) TimerEvent: {}
[35.924565] (-) TimerEvent: {}
[36.029519] (-) TimerEvent: {}
[36.129894] (-) TimerEvent: {}
[36.230286] (-) TimerEvent: {}
[36.330675] (-) TimerEvent: {}
[36.431072] (-) TimerEvent: {}
[36.531450] (-) TimerEvent: {}
[36.631827] (-) TimerEvent: {}
[37.143710] (-) TimerEvent: {}
[37.244101] (-) TimerEvent: {}
[37.344483] (-) TimerEvent: {}
[37.444914] (-) TimerEvent: {}
[37.545353] (-) TimerEvent: {}
[37.645816] (-) TimerEvent: {}
[37.746205] (-) TimerEvent: {}
[37.846593] (-) TimerEvent: {}
[37.946988] (-) TimerEvent: {}
[38.047373] (-) TimerEvent: {}
[38.148535] (-) TimerEvent: {}
[38.250037] (-) TimerEvent: {}
[38.353935] (-) TimerEvent: {}
[38.454809] (-) TimerEvent: {}
[38.555182] (-) TimerEvent: {}
[38.655549] (-) TimerEvent: {}
[38.755965] (-) TimerEvent: {}
[38.856381] (-) TimerEvent: {}
[38.956767] (-) TimerEvent: {}
[39.057183] (-) TimerEvent: {}
[39.157555] (-) TimerEvent: {}
[39.258044] (-) TimerEvent: {}
[39.358562] (-) TimerEvent: {}
[39.458950] (-) TimerEvent: {}
[39.559340] (-) TimerEvent: {}
[39.659724] (-) TimerEvent: {}
[39.760111] (-) TimerEvent: {}
[39.860503] (-) TimerEvent: {}
[39.960892] (-) TimerEvent: {}
[40.068140] (-) TimerEvent: {}
[40.168541] (-) TimerEvent: {}
[40.268946] (-) TimerEvent: {}
[40.369744] (-) TimerEvent: {}
[40.470232] (-) TimerEvent: {}
[40.570641] (-) TimerEvent: {}
[40.671006] (-) TimerEvent: {}
[40.773837] (-) TimerEvent: {}
[40.874237] (-) TimerEvent: {}
[40.974812] (-) TimerEvent: {}
[41.082704] (-) TimerEvent: {}
[41.086343] (servo_control) StdoutLine: {'line': b'[ 50%] Linking CXX executable dynamic_tf_broadcaster\n'}
[41.089377] (servo_control) StdoutLine: {'line': b'[ 60%] Linking CXX executable mavros_tf_node\n'}
[41.183503] (-) TimerEvent: {}
[41.283991] (-) TimerEvent: {}
[41.384444] (-) TimerEvent: {}
[41.484965] (-) TimerEvent: {}
[41.585605] (-) TimerEvent: {}
[41.686032] (-) TimerEvent: {}
[41.786513] (-) TimerEvent: {}
[41.892632] (-) TimerEvent: {}
[41.993023] (-) TimerEvent: {}
[42.093653] (-) TimerEvent: {}
[42.195944] (-) TimerEvent: {}
[42.296424] (-) TimerEvent: {}
[42.403439] (-) TimerEvent: {}
[42.504395] (-) TimerEvent: {}
[42.609841] (-) TimerEvent: {}
[42.710295] (-) TimerEvent: {}
[42.812475] (-) TimerEvent: {}
[42.912871] (-) TimerEvent: {}
[43.013274] (-) TimerEvent: {}
[43.113749] (-) TimerEvent: {}
[43.214333] (-) TimerEvent: {}
[43.314705] (-) TimerEvent: {}
[43.415120] (-) TimerEvent: {}
[43.515526] (-) TimerEvent: {}
[43.588088] (servo_control) StdoutLine: {'line': b'[ 60%] Built target dynamic_tf_broadcaster\n'}
[43.588943] (servo_control) StdoutLine: {'line': b'[ 60%] Built target mavros_tf_node\n'}
[43.616829] (-) TimerEvent: {}
[43.717286] (-) TimerEvent: {}
[43.817662] (-) TimerEvent: {}
[43.918356] (-) TimerEvent: {}
[44.018762] (-) TimerEvent: {}
[44.119241] (-) TimerEvent: {}
[44.219756] (-) TimerEvent: {}
[44.320869] (-) TimerEvent: {}
[44.421471] (-) TimerEvent: {}
[44.521958] (-) TimerEvent: {}
[44.622408] (-) TimerEvent: {}
[44.722803] (-) TimerEvent: {}
[44.823180] (-) TimerEvent: {}
[44.844267] (servo_control) StdoutLine: {'line': b'[ 70%] Linking CXX executable target_tracker_node\n'}
[44.923484] (-) TimerEvent: {}
[45.024040] (-) TimerEvent: {}
[45.124421] (-) TimerEvent: {}
[45.224807] (-) TimerEvent: {}
[45.325501] (-) TimerEvent: {}
[45.426418] (-) TimerEvent: {}
[45.526843] (-) TimerEvent: {}
[45.613718] (servo_control) StdoutLine: {'line': b'[ 80%] Linking CXX executable lidar_pointcloud_node\n'}
[45.627642] (-) TimerEvent: {}
[45.728129] (-) TimerEvent: {}
[45.828570] (-) TimerEvent: {}
[45.931405] (-) TimerEvent: {}
[46.031868] (-) TimerEvent: {}
[46.133280] (-) TimerEvent: {}
[46.233694] (-) TimerEvent: {}
[46.334377] (-) TimerEvent: {}
[46.434809] (-) TimerEvent: {}
[46.535187] (-) TimerEvent: {}
[46.635595] (-) TimerEvent: {}
[46.697515] (servo_control) StdoutLine: {'line': b'[ 80%] Built target target_tracker_node\n'}
[46.735779] (-) TimerEvent: {}
[46.836157] (-) TimerEvent: {}
[46.936523] (-) TimerEvent: {}
[47.036886] (-) TimerEvent: {}
[47.137310] (-) TimerEvent: {}
[47.237643] (-) TimerEvent: {}
[47.338031] (-) TimerEvent: {}
[47.353524] (servo_control) StdoutLine: {'line': b'[ 80%] Built target lidar_pointcloud_node\n'}
[47.438968] (-) TimerEvent: {}
[47.523115] (servo_control) StdoutLine: {'line': b'[ 90%] Building CXX object CMakeFiles/scan_sequence_node.dir/src/scan_sequence_node.cpp.o\n'}
[47.539192] (-) TimerEvent: {}
[47.639577] (-) TimerEvent: {}
[47.740059] (-) TimerEvent: {}
[47.840859] (-) TimerEvent: {}
[47.941318] (-) TimerEvent: {}
[48.041712] (-) TimerEvent: {}
[48.142187] (-) TimerEvent: {}
[48.242588] (-) TimerEvent: {}
[48.343005] (-) TimerEvent: {}
[48.443436] (-) TimerEvent: {}
[48.543818] (-) TimerEvent: {}
[48.644232] (-) TimerEvent: {}
[48.744627] (-) TimerEvent: {}
[48.849262] (-) TimerEvent: {}
[48.949627] (-) TimerEvent: {}
[49.050028] (-) TimerEvent: {}
[49.150454] (-) TimerEvent: {}
[49.250845] (-) TimerEvent: {}
[49.351243] (-) TimerEvent: {}
[49.451636] (-) TimerEvent: {}
[49.552265] (-) TimerEvent: {}
[49.652753] (-) TimerEvent: {}
[49.753342] (-) TimerEvent: {}
[49.853930] (-) TimerEvent: {}
[49.954322] (-) TimerEvent: {}
[50.054680] (-) TimerEvent: {}
[50.155068] (-) TimerEvent: {}
[50.255654] (-) TimerEvent: {}
[50.356071] (-) TimerEvent: {}
[50.456467] (-) TimerEvent: {}
[50.556863] (-) TimerEvent: {}
[50.657271] (-) TimerEvent: {}
[50.757630] (-) TimerEvent: {}
[50.857999] (-) TimerEvent: {}
[50.958375] (-) TimerEvent: {}
[51.058753] (-) TimerEvent: {}
[51.159122] (-) TimerEvent: {}
[51.259504] (-) TimerEvent: {}
[51.359884] (-) TimerEvent: {}
[51.461267] (-) TimerEvent: {}
[51.561636] (-) TimerEvent: {}
[51.662075] (-) TimerEvent: {}
[51.762467] (-) TimerEvent: {}
[51.862864] (-) TimerEvent: {}
[51.963255] (-) TimerEvent: {}
[52.063725] (-) TimerEvent: {}
[52.164194] (-) TimerEvent: {}
[52.264585] (-) TimerEvent: {}
[52.364982] (-) TimerEvent: {}
[52.465453] (-) TimerEvent: {}
[52.565845] (-) TimerEvent: {}
[52.666221] (-) TimerEvent: {}
[52.766588] (-) TimerEvent: {}
[52.866944] (-) TimerEvent: {}
[52.967338] (-) TimerEvent: {}
[53.067706] (-) TimerEvent: {}
[53.168103] (-) TimerEvent: {}
[53.268510] (-) TimerEvent: {}
[53.368893] (-) TimerEvent: {}
[53.469307] (-) TimerEvent: {}
[53.569673] (-) TimerEvent: {}
[53.670093] (-) TimerEvent: {}
[53.770453] (-) TimerEvent: {}
[53.870817] (-) TimerEvent: {}
[53.971251] (-) TimerEvent: {}
[54.071625] (-) TimerEvent: {}
[54.171998] (-) TimerEvent: {}
[54.272377] (-) TimerEvent: {}
[54.372778] (-) TimerEvent: {}
[54.473219] (-) TimerEvent: {}
[54.573790] (-) TimerEvent: {}
[54.674172] (-) TimerEvent: {}
[54.774558] (-) TimerEvent: {}
[54.875162] (-) TimerEvent: {}
[54.975525] (-) TimerEvent: {}
[55.075904] (-) TimerEvent: {}
[55.176301] (-) TimerEvent: {}
[55.276707] (-) TimerEvent: {}
[55.377086] (-) TimerEvent: {}
[55.477746] (-) TimerEvent: {}
[55.578330] (-) TimerEvent: {}
[55.679209] (-) TimerEvent: {}
[55.779646] (-) TimerEvent: {}
[55.880010] (-) TimerEvent: {}
[55.980381] (-) TimerEvent: {}
[56.080926] (-) TimerEvent: {}
[56.181567] (-) TimerEvent: {}
[56.281964] (-) TimerEvent: {}
[56.382399] (-) TimerEvent: {}
[56.482759] (-) TimerEvent: {}
[56.583131] (-) TimerEvent: {}
[56.683513] (-) TimerEvent: {}
[56.783915] (-) TimerEvent: {}
[56.884309] (-) TimerEvent: {}
[56.984674] (-) TimerEvent: {}
[57.085045] (-) TimerEvent: {}
[57.185429] (-) TimerEvent: {}
[57.285797] (-) TimerEvent: {}
[57.386161] (-) TimerEvent: {}
[57.486534] (-) TimerEvent: {}
[57.586912] (-) TimerEvent: {}
[57.687504] (-) TimerEvent: {}
[57.787867] (-) TimerEvent: {}
[57.888314] (-) TimerEvent: {}
[57.988679] (-) TimerEvent: {}
[58.089069] (-) TimerEvent: {}
[58.189554] (-) TimerEvent: {}
[58.289954] (-) TimerEvent: {}
[58.390453] (-) TimerEvent: {}
[58.490841] (-) TimerEvent: {}
[58.591204] (-) TimerEvent: {}
[58.691561] (-) TimerEvent: {}
[58.791920] (-) TimerEvent: {}
[58.892301] (-) TimerEvent: {}
[58.992753] (-) TimerEvent: {}
[59.093286] (-) TimerEvent: {}
[59.193796] (-) TimerEvent: {}
[59.294166] (-) TimerEvent: {}
[59.394526] (-) TimerEvent: {}
[59.494884] (-) TimerEvent: {}
[59.595372] (-) TimerEvent: {}
[59.695769] (-) TimerEvent: {}
[59.796163] (-) TimerEvent: {}
[59.896696] (-) TimerEvent: {}
[59.997054] (-) TimerEvent: {}
[60.097484] (-) TimerEvent: {}
[60.197844] (-) TimerEvent: {}
[60.298196] (-) TimerEvent: {}
[60.398564] (-) TimerEvent: {}
[60.498969] (-) TimerEvent: {}
[60.599511] (-) TimerEvent: {}
[60.700001] (-) TimerEvent: {}
[60.800360] (-) TimerEvent: {}
[60.900720] (-) TimerEvent: {}
[61.001081] (-) TimerEvent: {}
[61.101487] (-) TimerEvent: {}
[61.201849] (-) TimerEvent: {}
[61.302228] (-) TimerEvent: {}
[61.402584] (-) TimerEvent: {}
[61.502964] (-) TimerEvent: {}
[61.603429] (-) TimerEvent: {}
[61.703817] (-) TimerEvent: {}
[61.804701] (-) TimerEvent: {}
[61.905104] (-) TimerEvent: {}
[62.005611] (-) TimerEvent: {}
[62.106168] (-) TimerEvent: {}
[62.206560] (-) TimerEvent: {}
[62.306923] (-) TimerEvent: {}
[62.407308] (-) TimerEvent: {}
[62.507710] (-) TimerEvent: {}
[62.608109] (-) TimerEvent: {}
[62.708546] (-) TimerEvent: {}
[62.808952] (-) TimerEvent: {}
[62.909399] (-) TimerEvent: {}
[63.009757] (-) TimerEvent: {}
[63.110118] (-) TimerEvent: {}
[63.210477] (-) TimerEvent: {}
[63.310867] (-) TimerEvent: {}
[63.417289] (-) TimerEvent: {}
[63.517659] (-) TimerEvent: {}
[63.618056] (-) TimerEvent: {}
[63.718464] (-) TimerEvent: {}
[63.819916] (-) TimerEvent: {}
[63.920356] (-) TimerEvent: {}
[64.020768] (-) TimerEvent: {}
[64.121225] (-) TimerEvent: {}
[64.221851] (-) TimerEvent: {}
[64.322261] (-) TimerEvent: {}
[64.422687] (-) TimerEvent: {}
[64.523068] (-) TimerEvent: {}
[64.623450] (-) TimerEvent: {}
[64.723844] (-) TimerEvent: {}
[64.824259] (-) TimerEvent: {}
[64.924644] (-) TimerEvent: {}
[65.025031] (-) TimerEvent: {}
[65.125468] (-) TimerEvent: {}
[65.225824] (-) TimerEvent: {}
[65.327281] (-) TimerEvent: {}
[65.427672] (-) TimerEvent: {}
[65.529349] (-) TimerEvent: {}
[65.630751] (-) TimerEvent: {}
[65.731150] (-) TimerEvent: {}
[65.831532] (-) TimerEvent: {}
[65.931905] (-) TimerEvent: {}
[66.032304] (-) TimerEvent: {}
[66.132701] (-) TimerEvent: {}
[66.233245] (-) TimerEvent: {}
[66.333739] (-) TimerEvent: {}
[66.434123] (-) TimerEvent: {}
[66.534492] (-) TimerEvent: {}
[66.634868] (-) TimerEvent: {}
[66.735304] (-) TimerEvent: {}
[66.835730] (-) TimerEvent: {}
[66.940262] (-) TimerEvent: {}
[67.040651] (-) TimerEvent: {}
[67.141060] (-) TimerEvent: {}
[67.241479] (-) TimerEvent: {}
[67.341852] (-) TimerEvent: {}
[67.442230] (-) TimerEvent: {}
[67.542689] (-) TimerEvent: {}
[67.643073] (-) TimerEvent: {}
[67.743445] (-) TimerEvent: {}
[67.843819] (-) TimerEvent: {}
[67.944211] (-) TimerEvent: {}
[68.044653] (-) TimerEvent: {}
[68.145037] (-) TimerEvent: {}
[68.245534] (-) TimerEvent: {}
[68.349392] (-) TimerEvent: {}
[68.449806] (-) TimerEvent: {}
[68.550171] (-) TimerEvent: {}
[68.650538] (-) TimerEvent: {}
[68.750966] (-) TimerEvent: {}
[68.851349] (-) TimerEvent: {}
[68.951718] (-) TimerEvent: {}
[69.052195] (-) TimerEvent: {}
[69.152716] (-) TimerEvent: {}
[69.253079] (-) TimerEvent: {}
[69.353504] (-) TimerEvent: {}
[69.453878] (-) TimerEvent: {}
[69.554403] (-) TimerEvent: {}
[69.654884] (-) TimerEvent: {}
[69.755345] (-) TimerEvent: {}
[69.855750] (-) TimerEvent: {}
[69.956114] (-) TimerEvent: {}
[70.056499] (-) TimerEvent: {}
[70.156876] (-) TimerEvent: {}
[70.257253] (-) TimerEvent: {}
[70.357632] (-) TimerEvent: {}
[70.458005] (-) TimerEvent: {}
[70.558373] (-) TimerEvent: {}
[70.658733] (-) TimerEvent: {}
[70.759150] (-) TimerEvent: {}
[70.859515] (-) TimerEvent: {}
[70.959939] (-) TimerEvent: {}
[71.060353] (-) TimerEvent: {}
[71.160770] (-) TimerEvent: {}
[71.261194] (-) TimerEvent: {}
[71.361621] (-) TimerEvent: {}
[71.462034] (-) TimerEvent: {}
[71.562417] (-) TimerEvent: {}
[71.662788] (-) TimerEvent: {}
[71.763435] (-) TimerEvent: {}
[71.863856] (-) TimerEvent: {}
[71.964244] (-) TimerEvent: {}
[72.099771] (-) TimerEvent: {}
[72.200142] (-) TimerEvent: {}
[72.300514] (-) TimerEvent: {}
[72.400906] (-) TimerEvent: {}
[72.501306] (-) TimerEvent: {}
[72.601680] (-) TimerEvent: {}
[72.702041] (-) TimerEvent: {}
[72.802411] (-) TimerEvent: {}
[72.902973] (-) TimerEvent: {}
[73.003367] (-) TimerEvent: {}
[73.103786] (-) TimerEvent: {}
[73.204257] (-) TimerEvent: {}
[73.305571] (-) TimerEvent: {}
[73.405939] (-) TimerEvent: {}
[73.506305] (-) TimerEvent: {}
[73.606671] (-) TimerEvent: {}
[73.707035] (-) TimerEvent: {}
[73.807405] (-) TimerEvent: {}
[73.907779] (-) TimerEvent: {}
[74.008155] (-) TimerEvent: {}
[74.108549] (-) TimerEvent: {}
[74.208930] (-) TimerEvent: {}
[74.309279] (-) TimerEvent: {}
[74.409635] (-) TimerEvent: {}
[74.510010] (-) TimerEvent: {}
[74.610406] (-) TimerEvent: {}
[74.710807] (-) TimerEvent: {}
[74.811319] (-) TimerEvent: {}
[74.911696] (-) TimerEvent: {}
[75.012061] (-) TimerEvent: {}
[75.112495] (-) TimerEvent: {}
[75.212869] (-) TimerEvent: {}
[75.313419] (-) TimerEvent: {}
[75.413806] (-) TimerEvent: {}
[75.514227] (-) TimerEvent: {}
[75.614683] (-) TimerEvent: {}
[75.715047] (-) TimerEvent: {}
[75.815416] (-) TimerEvent: {}
[75.915813] (-) TimerEvent: {}
[76.016405] (-) TimerEvent: {}
[76.116938] (-) TimerEvent: {}
[76.217564] (-) TimerEvent: {}
[76.317946] (-) TimerEvent: {}
[76.418313] (-) TimerEvent: {}
[76.518670] (-) TimerEvent: {}
[76.619029] (-) TimerEvent: {}
[76.719398] (-) TimerEvent: {}
[76.819928] (-) TimerEvent: {}
[76.920319] (-) TimerEvent: {}
[77.020825] (-) TimerEvent: {}
[77.121258] (-) TimerEvent: {}
[77.221716] (-) TimerEvent: {}
[77.322096] (-) TimerEvent: {}
[77.422544] (-) TimerEvent: {}
[77.522945] (-) TimerEvent: {}
[77.623348] (-) TimerEvent: {}
[77.723768] (-) TimerEvent: {}
[77.824138] (-) TimerEvent: {}
[77.924500] (-) TimerEvent: {}
[78.024864] (-) TimerEvent: {}
[78.125362] (-) TimerEvent: {}
[78.225740] (-) TimerEvent: {}
[78.326225] (-) TimerEvent: {}
[78.426699] (-) TimerEvent: {}
[78.527155] (-) TimerEvent: {}
[78.627552] (-) TimerEvent: {}
[78.727913] (-) TimerEvent: {}
[78.828300] (-) TimerEvent: {}
[78.928721] (-) TimerEvent: {}
[79.029278] (-) TimerEvent: {}
[79.129738] (-) TimerEvent: {}
[79.230137] (-) TimerEvent: {}
[79.330535] (-) TimerEvent: {}
[79.430950] (-) TimerEvent: {}
[79.531312] (-) TimerEvent: {}
[79.631710] (-) TimerEvent: {}
[79.732129] (-) TimerEvent: {}
[79.832528] (-) TimerEvent: {}
[79.932948] (-) TimerEvent: {}
[80.033427] (-) TimerEvent: {}
[80.135267] (-) TimerEvent: {}
[80.235652] (-) TimerEvent: {}
[80.336055] (-) TimerEvent: {}
[80.436474] (-) TimerEvent: {}
[80.536945] (-) TimerEvent: {}
[80.637502] (-) TimerEvent: {}
[80.737933] (-) TimerEvent: {}
[80.838320] (-) TimerEvent: {}
[80.938690] (-) TimerEvent: {}
[81.039097] (-) TimerEvent: {}
[81.140559] (-) TimerEvent: {}
[81.240964] (-) TimerEvent: {}
[81.341605] (-) TimerEvent: {}
[81.442077] (-) TimerEvent: {}
[81.542419] (-) TimerEvent: {}
[81.642777] (-) TimerEvent: {}
[81.743158] (-) TimerEvent: {}
[81.843535] (-) TimerEvent: {}
[81.943908] (-) TimerEvent: {}
[82.044326] (-) TimerEvent: {}
[85.261637] (-) TimerEvent: {}
[85.362163] (-) TimerEvent: {}
[85.462691] (-) TimerEvent: {}
[85.563062] (-) TimerEvent: {}
[85.663461] (-) TimerEvent: {}
[85.763826] (-) TimerEvent: {}
[85.864176] (-) TimerEvent: {}
[85.964546] (-) TimerEvent: {}
[86.064930] (-) TimerEvent: {}
[86.165317] (-) TimerEvent: {}
[86.265700] (-) TimerEvent: {}
[86.366072] (-) TimerEvent: {}
[86.466433] (-) TimerEvent: {}
[86.566790] (-) TimerEvent: {}
[86.667146] (-) TimerEvent: {}
[86.767577] (-) TimerEvent: {}
[86.867941] (-) TimerEvent: {}
[86.968411] (-) TimerEvent: {}
[87.196810] (-) TimerEvent: {}
[87.297272] (-) TimerEvent: {}
[87.397623] (-) TimerEvent: {}
[87.498004] (-) TimerEvent: {}
[87.598386] (-) TimerEvent: {}
[87.698759] (-) TimerEvent: {}
[87.799176] (-) TimerEvent: {}
[87.899643] (-) TimerEvent: {}
[87.999993] (-) TimerEvent: {}
[88.100447] (-) TimerEvent: {}
[88.200810] (-) TimerEvent: {}
[88.301206] (-) TimerEvent: {}
[88.401601] (-) TimerEvent: {}
[88.502107] (-) TimerEvent: {}
[88.602525] (-) TimerEvent: {}
[88.702897] (-) TimerEvent: {}
[88.803276] (-) TimerEvent: {}
[88.903672] (-) TimerEvent: {}
[89.004211] (-) TimerEvent: {}
[89.104774] (-) TimerEvent: {}
[89.205589] (-) TimerEvent: {}
[89.306884] (-) TimerEvent: {}
[89.407249] (-) TimerEvent: {}
[89.507615] (-) TimerEvent: {}
[89.607981] (-) TimerEvent: {}
[89.708391] (-) TimerEvent: {}
[89.808848] (-) TimerEvent: {}
[89.909326] (-) TimerEvent: {}
[90.009823] (-) TimerEvent: {}
[90.110186] (-) TimerEvent: {}
[90.210555] (-) TimerEvent: {}
[90.310941] (-) TimerEvent: {}
[90.411308] (-) TimerEvent: {}
[90.511694] (-) TimerEvent: {}
[90.612103] (-) TimerEvent: {}
[90.712526] (-) TimerEvent: {}
[90.812986] (-) TimerEvent: {}
[90.913537] (-) TimerEvent: {}
[91.013889] (-) TimerEvent: {}
[91.114240] (-) TimerEvent: {}
[91.214624] (-) TimerEvent: {}
[91.314990] (-) TimerEvent: {}
[91.415408] (-) TimerEvent: {}
[91.515768] (-) TimerEvent: {}
[91.616123] (-) TimerEvent: {}
[91.716491] (-) TimerEvent: {}
[91.816877] (-) TimerEvent: {}
[91.917340] (-) TimerEvent: {}
[92.017837] (-) TimerEvent: {}
[92.122824] (-) TimerEvent: {}
[92.223199] (-) TimerEvent: {}
[92.323556] (-) TimerEvent: {}
[92.423919] (-) TimerEvent: {}
[92.524310] (-) TimerEvent: {}
[92.624732] (-) TimerEvent: {}
[92.725478] (-) TimerEvent: {}
[92.825944] (-) TimerEvent: {}
[92.926303] (-) TimerEvent: {}
[93.026855] (-) TimerEvent: {}
[93.127223] (-) TimerEvent: {}
[93.227591] (-) TimerEvent: {}
[93.328021] (-) TimerEvent: {}
[93.428395] (-) TimerEvent: {}
[93.528830] (-) TimerEvent: {}
[93.629243] (-) TimerEvent: {}
[93.729624] (-) TimerEvent: {}
[93.829995] (-) TimerEvent: {}
[93.930354] (-) TimerEvent: {}
[94.030755] (-) TimerEvent: {}
[94.131154] (-) TimerEvent: {}
[94.231541] (-) TimerEvent: {}
[94.331914] (-) TimerEvent: {}
[94.432290] (-) TimerEvent: {}
[94.471198] (servo_control) StdoutLine: {'line': b'[100%] Linking CXX executable scan_sequence_node\n'}
[94.532461] (-) TimerEvent: {}
[94.632843] (-) TimerEvent: {}
[94.733268] (-) TimerEvent: {}
[94.833709] (-) TimerEvent: {}
[94.934248] (-) TimerEvent: {}
[95.034657] (-) TimerEvent: {}
[95.135054] (-) TimerEvent: {}
[95.235473] (-) TimerEvent: {}
[95.335957] (-) TimerEvent: {}
[95.436560] (-) TimerEvent: {}
[95.536968] (-) TimerEvent: {}
[95.637583] (-) TimerEvent: {}
[95.737949] (-) TimerEvent: {}
[95.838425] (-) TimerEvent: {}
[95.938820] (-) TimerEvent: {}
[96.039224] (-) TimerEvent: {}
[96.139701] (-) TimerEvent: {}
[96.240224] (-) TimerEvent: {}
[96.340723] (-) TimerEvent: {}
[96.441233] (-) TimerEvent: {}
[96.472934] (servo_control) StdoutLine: {'line': b'[100%] Built target scan_sequence_node\n'}
[96.519520] (servo_control) CommandEnded: {'returncode': 0}
[96.545850] (-) TimerEvent: {}
[96.639267] (servo_control) JobProgress: {'identifier': 'servo_control', 'progress': 'install'}
[96.641049] (servo_control) Command: {'cmd': ['/usr/bin/cmake', '--install', '/root/lidar_system/build/servo_control'], 'cwd': '/root/lidar_system/build/servo_control', 'env': OrderedDict([('HOSTNAME', 'ubuntu-desktop'), ('SHLVL', '1'), ('LD_LIBRARY_PATH', '/opt/ros/foxy/opt/yaml_cpp_vendor/lib:/opt/ros/foxy/opt/rviz_ogre_vendor/lib:/opt/ros/foxy/lib/aarch64-linux-gnu:/opt/ros/foxy/lib'), ('HOME', '/root'), ('OLDPWD', '/'), ('ROS_PYTHON_VERSION', '3'), ('ROS_DISTRO', 'foxy'), ('_', '/usr/bin/colcon'), ('ROS_VERSION', '2'), ('ROS_LOCALHOST_ONLY', '0'), ('QT_X11_NO_MITSHM', '1'), ('PATH', '/opt/ros/foxy/bin:/usr/local/sbin:/usr/local/bin:/usr/sbin:/usr/bin:/sbin:/bin'), ('FASTRTPS_DEFAULT_PROFILES_FILE', '/fastdds.xml'), ('DISPLAY', ':0'), ('LANG', 'C.UTF-8'), ('RMW_IMPLEMENTATION', 'rmw_fastrtps_cpp'), ('ROS_DOMAIN_ID', '0'), ('AMENT_PREFIX_PATH', '/opt/ros/foxy'), ('PWD', '/root/lidar_system/build/servo_control'), ('LC_ALL', 'C.UTF-8'), ('PYTHONPATH', '/opt/ros/foxy/lib/python3.8/site-packages'), ('COLCON', '1'), ('CMAKE_PREFIX_PATH', '/opt/ros/foxy')]), 'shell': False}
[96.646700] (-) TimerEvent: {}
[96.688014] (servo_control) StdoutLine: {'line': b'-- Install configuration: ""\n'}
[96.695699] (servo_control) StdoutLine: {'line': b'-- Installing: /root/lidar_system/install/servo_control/lib/servo_control/dynamic_tf_broadcaster\n'}
[96.706456] (servo_control) StdoutLine: {'line': b'-- Set runtime path of "/root/lidar_system/install/servo_control/lib/servo_control/dynamic_tf_broadcaster" to ""\n'}
[96.713252] (servo_control) StdoutLine: {'line': b'-- Installing: /root/lidar_system/install/servo_control/lib/servo_control/lidar_pointcloud_node\n'}
[96.723491] (servo_control) StdoutLine: {'line': b'-- Set runtime path of "/root/lidar_system/install/servo_control/lib/servo_control/lidar_pointcloud_node" to ""\n'}
[96.727530] (servo_control) StdoutLine: {'line': b'-- Installing: /root/lidar_system/install/servo_control/lib/servo_control/scan_sequence_node\n'}
[96.747648] (-) TimerEvent: {}
[96.748645] (servo_control) StdoutLine: {'line': b'-- Set runtime path of "/root/lidar_system/install/servo_control/lib/servo_control/scan_sequence_node" to ""\n'}
[96.753769] (servo_control) StdoutLine: {'line': b'-- Installing: /root/lidar_system/install/servo_control/lib/servo_control/target_tracker_node\n'}
[96.766142] (servo_control) StdoutLine: {'line': b'-- Set runtime path of "/root/lidar_system/install/servo_control/lib/servo_control/target_tracker_node" to ""\n'}
[96.768626] (servo_control) StdoutLine: {'line': b'-- Installing: /root/lidar_system/install/servo_control/lib/servo_control/mavros_tf_node\n'}
[96.778544] (servo_control) StdoutLine: {'line': b'-- Set runtime path of "/root/lidar_system/install/servo_control/lib/servo_control/mavros_tf_node" to ""\n'}
[96.779597] (servo_control) StdoutLine: {'line': b'-- Up-to-date: /root/lidar_system/install/servo_control/share/servo_control/environment/pythonpath.sh\n'}
[96.780447] (servo_control) StdoutLine: {'line': b'-- Installing: /root/lidar_system/install/servo_control/share/servo_control/environment/pythonpath.dsv\n'}
[96.782339] (servo_control) StdoutLine: {'line': b'-- Up-to-date: /root/lidar_system/install/servo_control/lib/python3.8/site-packages/servo_control\n'}
[96.784426] (servo_control) StdoutLine: {'line': b'-- Up-to-date: /root/lidar_system/install/servo_control/lib/python3.8/site-packages/servo_control/__init__.py\n'}
[96.849362] (-) TimerEvent: {}
[96.949727] (-) TimerEvent: {}
[97.050077] (-) TimerEvent: {}
[97.059685] (servo_control) StdoutLine: {'line': b"Listing '/root/lidar_system/install/servo_control/lib/python3.8/site-packages/servo_control'...\n"}
[97.083423] (servo_control) StdoutLine: {'line': b'-- Up-to-date: /root/lidar_system/install/servo_control/lib/servo_control/servo_motor_node.py\n'}
[97.084613] (servo_control) StdoutLine: {'line': b'-- Up-to-date: /root/lidar_system/install/servo_control/lib/servo_control/lidar_bbox_open3d.py\n'}
[97.085033] (servo_control) StderrLine: {'line': b'CMake Error at cmake_install.cmake:161 (file):\n'}
[97.085553] (servo_control) StderrLine: {'line': b'  file INSTALL cannot find\n'}
[97.085917] (servo_control) StderrLine: {'line': b'  "/root/lidar_system/servo_control/scripts/profile_classifier_node.py": No\n'}
[97.086273] (servo_control) StderrLine: {'line': b'  such file or directory.\n'}
[97.086648] (servo_control) StderrLine: {'line': b'\n'}
[97.087179] (servo_control) StderrLine: {'line': b'\n'}
[97.089302] (servo_control) CommandEnded: {'returncode': 1}
[97.150352] (-) TimerEvent: {}
[97.251220] (-) TimerEvent: {}
[97.306637] (servo_control) JobEnded: {'identifier': 'servo_control', 'rc': 1}
[97.317559] (-) EventReactorShutdown: {}
