[0.136s] Invoking command in '/root/lidar_system/build/servo_control': CMAKE_PREFIX_PATH=/opt/ros/foxy /usr/bin/cmake --build /root/lidar_system/build/servo_control -- -j4 -l4
[0.707s] [  2%] Built target servo_control__cpp
[0.733s] [  8%] Built target servo_control__rosidl_generator_c
[0.921s] [ 12%] Built target dynamic_tf_broadcaster
[0.947s] [ 17%] Built target octomap_planner_node
[1.005s] [ 21%] Built target target_tracker_node
[1.091s] [ 25%] Built target lidar_pointcloud_node
[1.155s] [ 31%] Built target servo_control__rosidl_typesupport_cpp
[1.160s] [ 36%] Built target scan_sequence_node
[1.192s] [ 40%] Built target mavros_tf_node
[1.268s] [ 46%] Built target servo_control__rosidl_typesupport_fastrtps_cpp
[1.296s] [ 53%] Built target servo_control__rosidl_typesupport_introspection_cpp
[1.297s] [ 59%] Built target servo_control__rosidl_typesupport_introspection_c
[1.379s] [ 65%] Built target servo_control__rosidl_typesupport_c
[1.430s] [ 72%] Built target servo_control__rosidl_typesupport_fastrtps_c
[1.582s] [ 72%] Built target servo_control
[1.634s] [ 74%] Built target servo_control__py
[1.673s] Scanning dependencies of target px4_takeoff_manager_node
[1.676s] [ 78%] Built target local_dimensions_node
[1.761s] [ 80%] Building CXX object CMakeFiles/px4_takeoff_manager_node.dir/src/px4_takeoff_manager_node.cpp.o
[1.790s] [ 85%] Built target servo_control__python
[2.047s] [ 89%] Built target servo_control__rosidl_typesupport_fastrtps_c__pyext
[2.055s] [ 93%] Built target servo_control__rosidl_typesupport_c__pyext
[2.063s] [ 97%] Built target servo_control__rosidl_typesupport_introspection_c__pyext
[37.879s] [100%] Linking CXX executable px4_takeoff_manager_node
[39.864s] [100%] Built target px4_takeoff_manager_node
[39.907s] Invoked command in '/root/lidar_system/build/servo_control' returned '0': CMAKE_PREFIX_PATH=/opt/ros/foxy /usr/bin/cmake --build /root/lidar_system/build/servo_control -- -j4 -l4
[40.106s] Invoking command in '/root/lidar_system/build/servo_control': CMAKE_PREFIX_PATH=/opt/ros/foxy /usr/bin/cmake --install /root/lidar_system/build/servo_control
[40.140s] -- Install configuration: ""
[40.141s] -- Up-to-date: /root/lidar_system/install/servo_control/share/ament_index/resource_index/rosidl_interfaces/servo_control
[40.142s] -- Up-to-date: /root/lidar_system/install/servo_control/include/servo_control
[40.142s] -- Up-to-date: /root/lidar_system/install/servo_control/include/servo_control/msg
[40.143s] -- Up-to-date: /root/lidar_system/install/servo_control/include/servo_control/msg/rosidl_generator_c__visibility_control.h
[40.144s] -- Up-to-date: /root/lidar_system/install/servo_control/include/servo_control/srv
[40.145s] -- Up-to-date: /root/lidar_system/install/servo_control/include/servo_control/srv/get_local_dimensions.h
[40.145s] -- Up-to-date: /root/lidar_system/install/servo_control/include/servo_control/srv/detail
[40.146s] -- Up-to-date: /root/lidar_system/install/servo_control/include/servo_control/srv/detail/get_local_dimensions__struct.h
[40.146s] -- Up-to-date: /root/lidar_system/install/servo_control/include/servo_control/srv/detail/get_local_dimensions__type_support.h
[40.146s] -- Up-to-date: /root/lidar_system/install/servo_control/include/servo_control/srv/detail/get_local_dimensions__functions.h
[40.147s] -- Up-to-date: /root/lidar_system/install/servo_control/include/servo_control/srv/detail/get_local_dimensions__functions.c
[40.148s] -- Up-to-date: /root/lidar_system/install/servo_control/share/servo_control/environment/library_path.sh
[40.149s] -- Up-to-date: /root/lidar_system/install/servo_control/share/servo_control/environment/library_path.dsv
[40.149s] -- Up-to-date: /root/lidar_system/install/servo_control/lib/libservo_control__rosidl_generator_c.so
[40.149s] -- Up-to-date: /root/lidar_system/install/servo_control/include/servo_control
[40.150s] -- Up-to-date: /root/lidar_system/install/servo_control/include/servo_control/msg
[40.151s] -- Up-to-date: /root/lidar_system/install/servo_control/include/servo_control/msg/rosidl_typesupport_fastrtps_c__visibility_control.h
[40.152s] -- Up-to-date: /root/lidar_system/install/servo_control/include/servo_control/srv
[40.152s] -- Up-to-date: /root/lidar_system/install/servo_control/include/servo_control/srv/detail
[40.153s] -- Up-to-date: /root/lidar_system/install/servo_control/include/servo_control/srv/detail/get_local_dimensions__rosidl_typesupport_fastrtps_c.h
[40.154s] -- Up-to-date: /root/lidar_system/install/servo_control/lib/libservo_control__rosidl_typesupport_fastrtps_c.so
[40.154s] -- Up-to-date: /root/lidar_system/install/servo_control/include/servo_control
[40.155s] -- Up-to-date: /root/lidar_system/install/servo_control/include/servo_control/msg
[40.155s] -- Up-to-date: /root/lidar_system/install/servo_control/include/servo_control/msg/rosidl_typesupport_fastrtps_cpp__visibility_control.h
[40.155s] -- Up-to-date: /root/lidar_system/install/servo_control/include/servo_control/srv
[40.156s] -- Up-to-date: /root/lidar_system/install/servo_control/include/servo_control/srv/detail
[40.156s] -- Up-to-date: /root/lidar_system/install/servo_control/include/servo_control/srv/detail/get_local_dimensions__rosidl_typesupport_fastrtps_cpp.hpp
[40.157s] -- Up-to-date: /root/lidar_system/install/servo_control/include/servo_control/srv/detail/dds_fastrtps
[40.157s] -- Up-to-date: /root/lidar_system/install/servo_control/lib/libservo_control__rosidl_typesupport_fastrtps_cpp.so
[40.157s] -- Up-to-date: /root/lidar_system/install/servo_control/include/servo_control
[40.158s] -- Up-to-date: /root/lidar_system/install/servo_control/include/servo_control/msg
[40.159s] -- Up-to-date: /root/lidar_system/install/servo_control/include/servo_control/msg/rosidl_typesupport_introspection_c__visibility_control.h
[40.160s] -- Up-to-date: /root/lidar_system/install/servo_control/include/servo_control/srv
[40.161s] -- Up-to-date: /root/lidar_system/install/servo_control/include/servo_control/srv/detail
[40.161s] -- Up-to-date: /root/lidar_system/install/servo_control/include/servo_control/srv/detail/get_local_dimensions__rosidl_typesupport_introspection_c.h
[40.161s] -- Up-to-date: /root/lidar_system/install/servo_control/include/servo_control/srv/detail/get_local_dimensions__type_support.c
[40.162s] -- Up-to-date: /root/lidar_system/install/servo_control/lib/libservo_control__rosidl_typesupport_introspection_c.so
[40.162s] -- Up-to-date: /root/lidar_system/install/servo_control/lib/libservo_control__rosidl_typesupport_c.so
[40.162s] -- Up-to-date: /root/lidar_system/install/servo_control/include/servo_control
[40.163s] -- Up-to-date: /root/lidar_system/install/servo_control/include/servo_control/msg
[40.163s] -- Up-to-date: /root/lidar_system/install/servo_control/include/servo_control/msg/rosidl_generator_cpp__visibility_control.hpp
[40.164s] -- Up-to-date: /root/lidar_system/install/servo_control/include/servo_control/srv
[40.164s] -- Up-to-date: /root/lidar_system/install/servo_control/include/servo_control/srv/detail
[40.165s] -- Up-to-date: /root/lidar_system/install/servo_control/include/servo_control/srv/detail/get_local_dimensions__traits.hpp
[40.165s] -- Up-to-date: /root/lidar_system/install/servo_control/include/servo_control/srv/detail/get_local_dimensions__struct.hpp
[40.166s] -- Up-to-date: /root/lidar_system/install/servo_control/include/servo_control/srv/detail/get_local_dimensions__type_support.hpp
[40.166s] -- Up-to-date: /root/lidar_system/install/servo_control/include/servo_control/srv/detail/get_local_dimensions__builder.hpp
[40.167s] -- Up-to-date: /root/lidar_system/install/servo_control/include/servo_control/srv/get_local_dimensions.hpp
[40.167s] -- Up-to-date: /root/lidar_system/install/servo_control/include/servo_control
[40.167s] -- Up-to-date: /root/lidar_system/install/servo_control/include/servo_control/srv
[40.168s] -- Up-to-date: /root/lidar_system/install/servo_control/include/servo_control/srv/detail
[40.168s] -- Up-to-date: /root/lidar_system/install/servo_control/include/servo_control/srv/detail/get_local_dimensions__type_support.cpp
[40.168s] -- Up-to-date: /root/lidar_system/install/servo_control/include/servo_control/srv/detail/get_local_dimensions__rosidl_typesupport_introspection_cpp.hpp
[40.169s] -- Up-to-date: /root/lidar_system/install/servo_control/lib/libservo_control__rosidl_typesupport_introspection_cpp.so
[40.169s] -- Up-to-date: /root/lidar_system/install/servo_control/lib/libservo_control__rosidl_typesupport_cpp.so
[40.169s] -- Up-to-date: /root/lidar_system/install/servo_control/share/servo_control/environment/pythonpath.sh
[40.170s] -- Up-to-date: /root/lidar_system/install/servo_control/share/servo_control/environment/pythonpath.dsv
[40.170s] -- Installing: /root/lidar_system/install/servo_control/lib/python3.8/site-packages/servo_control/__init__.py
[40.283s] Compiling '/root/lidar_system/install/servo_control/lib/python3.8/site-packages/servo_control/__init__.py'...
[40.306s] -- Up-to-date: /root/lidar_system/install/servo_control/lib/python3.8/site-packages/servo_control/srv
[40.307s] -- Up-to-date: /root/lidar_system/install/servo_control/lib/python3.8/site-packages/servo_control/srv/_get_local_dimensions_s.c
[40.308s] -- Up-to-date: /root/lidar_system/install/servo_control/lib/python3.8/site-packages/servo_control/srv/__init__.py
[40.308s] -- Up-to-date: /root/lidar_system/install/servo_control/lib/python3.8/site-packages/servo_control/srv/_get_local_dimensions.py
[40.309s] -- Up-to-date: /root/lidar_system/install/servo_control/lib/python3.8/site-packages/servo_control/servo_control_s__rosidl_typesupport_fastrtps_c.cpython-38-aarch64-linux-gnu.so
[40.311s] -- Up-to-date: /root/lidar_system/install/servo_control/lib/python3.8/site-packages/servo_control/servo_control_s__rosidl_typesupport_introspection_c.cpython-38-aarch64-linux-gnu.so
[40.314s] -- Up-to-date: /root/lidar_system/install/servo_control/lib/python3.8/site-packages/servo_control/servo_control_s__rosidl_typesupport_c.cpython-38-aarch64-linux-gnu.so
[40.316s] -- Up-to-date: /root/lidar_system/install/servo_control/lib/libservo_control__python.so
[40.318s] -- Up-to-date: /root/lidar_system/install/servo_control/share/servo_control/srv/GetLocalDimensions.idl
[40.318s] -- Up-to-date: /root/lidar_system/install/servo_control/share/servo_control/srv/GetLocalDimensions.srv
[40.318s] -- Up-to-date: /root/lidar_system/install/servo_control/share/servo_control/srv/GetLocalDimensions_Request.msg
[40.319s] -- Up-to-date: /root/lidar_system/install/servo_control/share/servo_control/srv/GetLocalDimensions_Response.msg
[40.320s] -- Up-to-date: /root/lidar_system/install/servo_control/lib/servo_control/dynamic_tf_broadcaster
[40.322s] -- Up-to-date: /root/lidar_system/install/servo_control/lib/servo_control/lidar_pointcloud_node
[40.325s] -- Up-to-date: /root/lidar_system/install/servo_control/lib/servo_control/scan_sequence_node
[40.327s] -- Up-to-date: /root/lidar_system/install/servo_control/lib/servo_control/target_tracker_node
[40.333s] -- Up-to-date: /root/lidar_system/install/servo_control/lib/servo_control/mavros_tf_node
[40.336s] -- Up-to-date: /root/lidar_system/install/servo_control/lib/servo_control/local_dimensions_node
[40.338s] -- Installing: /root/lidar_system/install/servo_control/lib/servo_control/px4_takeoff_manager_node
[40.355s] -- Set runtime path of "/root/lidar_system/install/servo_control/lib/servo_control/px4_takeoff_manager_node" to ""
[40.357s] -- Up-to-date: /root/lidar_system/install/servo_control/lib/servo_control/octomap_planner_node
[40.358s] -- Up-to-date: /root/lidar_system/install/servo_control/lib/python3.8/site-packages/servo_control
[40.358s] -- Installing: /root/lidar_system/install/servo_control/lib/python3.8/site-packages/servo_control/__init__.py
[40.474s] Listing '/root/lidar_system/install/servo_control/lib/python3.8/site-packages/servo_control'...
[40.475s] Compiling '/root/lidar_system/install/servo_control/lib/python3.8/site-packages/servo_control/__init__.py'...
[40.475s] Listing '/root/lidar_system/install/servo_control/lib/python3.8/site-packages/servo_control/srv'...
[40.500s] -- Up-to-date: /root/lidar_system/install/servo_control/lib/servo_control/servo_motor_node.py
[40.501s] -- Up-to-date: /root/lidar_system/install/servo_control/lib/servo_control/lidar_bbox_open3d.py
[40.501s] -- Up-to-date: /root/lidar_system/install/servo_control/share/ament_index/resource_index/package_run_dependencies/servo_control
[40.502s] -- Up-to-date: /root/lidar_system/install/servo_control/share/ament_index/resource_index/parent_prefix_path/servo_control
[40.503s] -- Up-to-date: /root/lidar_system/install/servo_control/share/servo_control/environment/ament_prefix_path.sh
[40.503s] -- Up-to-date: /root/lidar_system/install/servo_control/share/servo_control/environment/ament_prefix_path.dsv
[40.503s] -- Up-to-date: /root/lidar_system/install/servo_control/share/servo_control/environment/path.sh
[40.504s] -- Up-to-date: /root/lidar_system/install/servo_control/share/servo_control/environment/path.dsv
[40.504s] -- Up-to-date: /root/lidar_system/install/servo_control/share/servo_control/local_setup.bash
[40.505s] -- Up-to-date: /root/lidar_system/install/servo_control/share/servo_control/local_setup.sh
[40.505s] -- Up-to-date: /root/lidar_system/install/servo_control/share/servo_control/local_setup.zsh
[40.506s] -- Up-to-date: /root/lidar_system/install/servo_control/share/servo_control/local_setup.dsv
[40.506s] -- Installing: /root/lidar_system/install/servo_control/share/servo_control/package.dsv
[40.506s] -- Up-to-date: /root/lidar_system/install/servo_control/share/ament_index/resource_index/packages/servo_control
[40.509s] -- Up-to-date: /root/lidar_system/install/servo_control/share/servo_control/cmake/servo_control__rosidl_generator_cExport.cmake
[40.509s] -- Up-to-date: /root/lidar_system/install/servo_control/share/servo_control/cmake/servo_control__rosidl_generator_cExport-noconfig.cmake
[40.511s] -- Up-to-date: /root/lidar_system/install/servo_control/share/servo_control/cmake/servo_control__rosidl_typesupport_introspection_cExport.cmake
[40.511s] -- Up-to-date: /root/lidar_system/install/servo_control/share/servo_control/cmake/servo_control__rosidl_typesupport_introspection_cExport-noconfig.cmake
[40.513s] -- Up-to-date: /root/lidar_system/install/servo_control/share/servo_control/cmake/servo_control__rosidl_typesupport_cExport.cmake
[40.513s] -- Up-to-date: /root/lidar_system/install/servo_control/share/servo_control/cmake/servo_control__rosidl_typesupport_cExport-noconfig.cmake
[40.514s] -- Up-to-date: /root/lidar_system/install/servo_control/share/servo_control/cmake/servo_control__rosidl_generator_cppExport.cmake
[40.516s] -- Up-to-date: /root/lidar_system/install/servo_control/share/servo_control/cmake/servo_control__rosidl_typesupport_introspection_cppExport.cmake
[40.516s] -- Up-to-date: /root/lidar_system/install/servo_control/share/servo_control/cmake/servo_control__rosidl_typesupport_introspection_cppExport-noconfig.cmake
[40.517s] -- Up-to-date: /root/lidar_system/install/servo_control/share/servo_control/cmake/servo_control__rosidl_typesupport_cppExport.cmake
[40.518s] -- Up-to-date: /root/lidar_system/install/servo_control/share/servo_control/cmake/servo_control__rosidl_typesupport_cppExport-noconfig.cmake
[40.519s] -- Up-to-date: /root/lidar_system/install/servo_control/share/servo_control/cmake/rosidl_cmake-extras.cmake
[40.520s] -- Up-to-date: /root/lidar_system/install/servo_control/share/servo_control/cmake/ament_cmake_export_dependencies-extras.cmake
[40.520s] -- Up-to-date: /root/lidar_system/install/servo_control/share/servo_control/cmake/ament_cmake_export_libraries-extras.cmake
[40.520s] -- Up-to-date: /root/lidar_system/install/servo_control/share/servo_control/cmake/ament_cmake_export_targets-extras.cmake
[40.521s] -- Up-to-date: /root/lidar_system/install/servo_control/share/servo_control/cmake/ament_cmake_export_include_directories-extras.cmake
[40.521s] -- Up-to-date: /root/lidar_system/install/servo_control/share/servo_control/cmake/rosidl_cmake_export_typesupport_libraries-extras.cmake
[40.521s] -- Up-to-date: /root/lidar_system/install/servo_control/share/servo_control/cmake/rosidl_cmake_export_typesupport_targets-extras.cmake
[40.522s] -- Up-to-date: /root/lidar_system/install/servo_control/share/servo_control/cmake/servo_controlConfig.cmake
[40.522s] -- Up-to-date: /root/lidar_system/install/servo_control/share/servo_control/cmake/servo_controlConfig-version.cmake
[40.523s] -- Up-to-date: /root/lidar_system/install/servo_control/share/servo_control/package.xml
[40.536s] Invoked command in '/root/lidar_system/build/servo_control' returned '0': CMAKE_PREFIX_PATH=/opt/ros/foxy /usr/bin/cmake --install /root/lidar_system/build/servo_control
