[0.112s] Invoking command in '/root/lidar_system/build/servo_control': CMAKE_PREFIX_PATH=/opt/ros/foxy /usr/bin/cmake --build /root/lidar_system/build/servo_control -- -j4 -l4
[0.779s] [  2%] Built target servo_control__cpp
[0.853s] [  8%] Built target servo_control__rosidl_generator_c
[1.006s] [ 12%] Built target dynamic_tf_broadcaster
[1.017s] [ 17%] Built target octomap_planner_node
[1.072s] [ 21%] Built target target_tracker_node
[1.129s] [ 25%] Built target lidar_pointcloud_node
[1.201s] [ 31%] Built target servo_control__rosidl_typesupport_cpp
[1.231s] [ 36%] Built target scan_sequence_node
[1.271s] [ 42%] Built target servo_control__rosidl_typesupport_fastrtps_cpp
[1.291s] [ 46%] Built target mavros_tf_node
[1.344s] [ 53%] Built target servo_control__rosidl_typesupport_introspection_cpp
[1.352s] [ 59%] Built target servo_control__rosidl_typesupport_introspection_c
[1.397s] [ 65%] Built target servo_control__rosidl_typesupport_c
[1.504s] [ 72%] Built target servo_control__rosidl_typesupport_fastrtps_c
[1.551s] [ 72%] Built target servo_control
[1.747s] [ 74%] Built target servo_control__py
[1.748s] Scanning dependencies of target px4_takeoff_manager_node
[1.750s] [ 78%] Built target local_dimensions_node
[1.811s] [ 80%] Building CXX object CMakeFiles/px4_takeoff_manager_node.dir/src/px4_takeoff_manager_node.cpp.o
[1.843s] [ 85%] Built target servo_control__python
[2.148s] [ 89%] Built target servo_control__rosidl_typesupport_fastrtps_c__pyext
[2.185s] [ 93%] Built target servo_control__rosidl_typesupport_introspection_c__pyext
[2.186s] [ 97%] Built target servo_control__rosidl_typesupport_c__pyext
[38.312s] [100%] Linking CXX executable px4_takeoff_manager_node
[40.433s] [100%] Built target px4_takeoff_manager_node
[40.474s] Invoked command in '/root/lidar_system/build/servo_control' returned '0': CMAKE_PREFIX_PATH=/opt/ros/foxy /usr/bin/cmake --build /root/lidar_system/build/servo_control -- -j4 -l4
[40.668s] Invoking command in '/root/lidar_system/build/servo_control': CMAKE_PREFIX_PATH=/opt/ros/foxy /usr/bin/cmake --install /root/lidar_system/build/servo_control
[40.700s] -- Install configuration: ""
[40.703s] -- Up-to-date: /root/lidar_system/install/servo_control/share/ament_index/resource_index/rosidl_interfaces/servo_control
[40.705s] -- Up-to-date: /root/lidar_system/install/servo_control/include/servo_control
[40.705s] -- Up-to-date: /root/lidar_system/install/servo_control/include/servo_control/msg
[40.706s] -- Up-to-date: /root/lidar_system/install/servo_control/include/servo_control/msg/rosidl_generator_c__visibility_control.h
[40.707s] -- Up-to-date: /root/lidar_system/install/servo_control/include/servo_control/srv
[40.708s] -- Up-to-date: /root/lidar_system/install/servo_control/include/servo_control/srv/get_local_dimensions.h
[40.708s] -- Up-to-date: /root/lidar_system/install/servo_control/include/servo_control/srv/detail
[40.709s] -- Up-to-date: /root/lidar_system/install/servo_control/include/servo_control/srv/detail/get_local_dimensions__struct.h
[40.709s] -- Up-to-date: /root/lidar_system/install/servo_control/include/servo_control/srv/detail/get_local_dimensions__type_support.h
[40.709s] -- Up-to-date: /root/lidar_system/install/servo_control/include/servo_control/srv/detail/get_local_dimensions__functions.h
[40.710s] -- Up-to-date: /root/lidar_system/install/servo_control/include/servo_control/srv/detail/get_local_dimensions__functions.c
[40.710s] -- Up-to-date: /root/lidar_system/install/servo_control/share/servo_control/environment/library_path.sh
[40.711s] -- Up-to-date: /root/lidar_system/install/servo_control/share/servo_control/environment/library_path.dsv
[40.711s] -- Up-to-date: /root/lidar_system/install/servo_control/lib/libservo_control__rosidl_generator_c.so
[40.712s] -- Up-to-date: /root/lidar_system/install/servo_control/include/servo_control
[40.712s] -- Up-to-date: /root/lidar_system/install/servo_control/include/servo_control/msg
[40.712s] -- Up-to-date: /root/lidar_system/install/servo_control/include/servo_control/msg/rosidl_typesupport_fastrtps_c__visibility_control.h
[40.713s] -- Up-to-date: /root/lidar_system/install/servo_control/include/servo_control/srv
[40.714s] -- Up-to-date: /root/lidar_system/install/servo_control/include/servo_control/srv/detail
[40.715s] -- Up-to-date: /root/lidar_system/install/servo_control/include/servo_control/srv/detail/get_local_dimensions__rosidl_typesupport_fastrtps_c.h
[40.715s] -- Up-to-date: /root/lidar_system/install/servo_control/lib/libservo_control__rosidl_typesupport_fastrtps_c.so
[40.715s] -- Up-to-date: /root/lidar_system/install/servo_control/include/servo_control
[40.716s] -- Up-to-date: /root/lidar_system/install/servo_control/include/servo_control/msg
[40.716s] -- Up-to-date: /root/lidar_system/install/servo_control/include/servo_control/msg/rosidl_typesupport_fastrtps_cpp__visibility_control.h
[40.717s] -- Up-to-date: /root/lidar_system/install/servo_control/include/servo_control/srv
[40.717s] -- Up-to-date: /root/lidar_system/install/servo_control/include/servo_control/srv/detail
[40.718s] -- Up-to-date: /root/lidar_system/install/servo_control/include/servo_control/srv/detail/get_local_dimensions__rosidl_typesupport_fastrtps_cpp.hpp
[40.719s] -- Up-to-date: /root/lidar_system/install/servo_control/include/servo_control/srv/detail/dds_fastrtps
[40.719s] -- Up-to-date: /root/lidar_system/install/servo_control/lib/libservo_control__rosidl_typesupport_fastrtps_cpp.so
[40.719s] -- Up-to-date: /root/lidar_system/install/servo_control/include/servo_control
[40.720s] -- Up-to-date: /root/lidar_system/install/servo_control/include/servo_control/msg
[40.720s] -- Up-to-date: /root/lidar_system/install/servo_control/include/servo_control/msg/rosidl_typesupport_introspection_c__visibility_control.h
[40.720s] -- Up-to-date: /root/lidar_system/install/servo_control/include/servo_control/srv
[40.721s] -- Up-to-date: /root/lidar_system/install/servo_control/include/servo_control/srv/detail
[40.721s] -- Up-to-date: /root/lidar_system/install/servo_control/include/servo_control/srv/detail/get_local_dimensions__rosidl_typesupport_introspection_c.h
[40.722s] -- Up-to-date: /root/lidar_system/install/servo_control/include/servo_control/srv/detail/get_local_dimensions__type_support.c
[40.722s] -- Up-to-date: /root/lidar_system/install/servo_control/lib/libservo_control__rosidl_typesupport_introspection_c.so
[40.723s] -- Up-to-date: /root/lidar_system/install/servo_control/lib/libservo_control__rosidl_typesupport_c.so
[40.724s] -- Up-to-date: /root/lidar_system/install/servo_control/include/servo_control
[40.724s] -- Up-to-date: /root/lidar_system/install/servo_control/include/servo_control/msg
[40.725s] -- Up-to-date: /root/lidar_system/install/servo_control/include/servo_control/msg/rosidl_generator_cpp__visibility_control.hpp
[40.725s] -- Up-to-date: /root/lidar_system/install/servo_control/include/servo_control/srv
[40.725s] -- Up-to-date: /root/lidar_system/install/servo_control/include/servo_control/srv/detail
[40.726s] -- Up-to-date: /root/lidar_system/install/servo_control/include/servo_control/srv/detail/get_local_dimensions__traits.hpp
[40.726s] -- Up-to-date: /root/lidar_system/install/servo_control/include/servo_control/srv/detail/get_local_dimensions__struct.hpp
[40.727s] -- Up-to-date: /root/lidar_system/install/servo_control/include/servo_control/srv/detail/get_local_dimensions__type_support.hpp
[40.727s] -- Up-to-date: /root/lidar_system/install/servo_control/include/servo_control/srv/detail/get_local_dimensions__builder.hpp
[40.727s] -- Up-to-date: /root/lidar_system/install/servo_control/include/servo_control/srv/get_local_dimensions.hpp
[40.728s] -- Up-to-date: /root/lidar_system/install/servo_control/include/servo_control
[40.728s] -- Up-to-date: /root/lidar_system/install/servo_control/include/servo_control/srv
[40.729s] -- Up-to-date: /root/lidar_system/install/servo_control/include/servo_control/srv/detail
[40.729s] -- Up-to-date: /root/lidar_system/install/servo_control/include/servo_control/srv/detail/get_local_dimensions__type_support.cpp
[40.730s] -- Up-to-date: /root/lidar_system/install/servo_control/include/servo_control/srv/detail/get_local_dimensions__rosidl_typesupport_introspection_cpp.hpp
[40.730s] -- Up-to-date: /root/lidar_system/install/servo_control/lib/libservo_control__rosidl_typesupport_introspection_cpp.so
[40.730s] -- Up-to-date: /root/lidar_system/install/servo_control/lib/libservo_control__rosidl_typesupport_cpp.so
[40.731s] -- Up-to-date: /root/lidar_system/install/servo_control/share/servo_control/environment/pythonpath.sh
[40.731s] -- Up-to-date: /root/lidar_system/install/servo_control/share/servo_control/environment/pythonpath.dsv
[40.732s] -- Installing: /root/lidar_system/install/servo_control/lib/python3.8/site-packages/servo_control/__init__.py
[40.850s] Compiling '/root/lidar_system/install/servo_control/lib/python3.8/site-packages/servo_control/__init__.py'...
[40.870s] -- Up-to-date: /root/lidar_system/install/servo_control/lib/python3.8/site-packages/servo_control/srv
[40.871s] -- Up-to-date: /root/lidar_system/install/servo_control/lib/python3.8/site-packages/servo_control/srv/_get_local_dimensions_s.c
[40.871s] -- Up-to-date: /root/lidar_system/install/servo_control/lib/python3.8/site-packages/servo_control/srv/__init__.py
[40.871s] -- Up-to-date: /root/lidar_system/install/servo_control/lib/python3.8/site-packages/servo_control/srv/_get_local_dimensions.py
[40.873s] -- Up-to-date: /root/lidar_system/install/servo_control/lib/python3.8/site-packages/servo_control/servo_control_s__rosidl_typesupport_fastrtps_c.cpython-38-aarch64-linux-gnu.so
[40.875s] -- Up-to-date: /root/lidar_system/install/servo_control/lib/python3.8/site-packages/servo_control/servo_control_s__rosidl_typesupport_introspection_c.cpython-38-aarch64-linux-gnu.so
[40.878s] -- Up-to-date: /root/lidar_system/install/servo_control/lib/python3.8/site-packages/servo_control/servo_control_s__rosidl_typesupport_c.cpython-38-aarch64-linux-gnu.so
[40.880s] -- Up-to-date: /root/lidar_system/install/servo_control/lib/libservo_control__python.so
[40.881s] -- Up-to-date: /root/lidar_system/install/servo_control/share/servo_control/srv/GetLocalDimensions.idl
[40.882s] -- Up-to-date: /root/lidar_system/install/servo_control/share/servo_control/srv/GetLocalDimensions.srv
[40.882s] -- Up-to-date: /root/lidar_system/install/servo_control/share/servo_control/srv/GetLocalDimensions_Request.msg
[40.882s] -- Up-to-date: /root/lidar_system/install/servo_control/share/servo_control/srv/GetLocalDimensions_Response.msg
[40.885s] -- Up-to-date: /root/lidar_system/install/servo_control/lib/servo_control/dynamic_tf_broadcaster
[40.888s] -- Up-to-date: /root/lidar_system/install/servo_control/lib/servo_control/lidar_pointcloud_node
[40.891s] -- Up-to-date: /root/lidar_system/install/servo_control/lib/servo_control/scan_sequence_node
[40.894s] -- Up-to-date: /root/lidar_system/install/servo_control/lib/servo_control/target_tracker_node
[40.897s] -- Up-to-date: /root/lidar_system/install/servo_control/lib/servo_control/mavros_tf_node
[40.900s] -- Up-to-date: /root/lidar_system/install/servo_control/lib/servo_control/local_dimensions_node
[40.904s] -- Installing: /root/lidar_system/install/servo_control/lib/servo_control/px4_takeoff_manager_node
[40.920s] -- Set runtime path of "/root/lidar_system/install/servo_control/lib/servo_control/px4_takeoff_manager_node" to ""
[40.925s] -- Up-to-date: /root/lidar_system/install/servo_control/lib/servo_control/octomap_planner_node
[40.927s] -- Up-to-date: /root/lidar_system/install/servo_control/lib/python3.8/site-packages/servo_control
[40.927s] -- Installing: /root/lidar_system/install/servo_control/lib/python3.8/site-packages/servo_control/__init__.py
[41.046s] Listing '/root/lidar_system/install/servo_control/lib/python3.8/site-packages/servo_control'...
[41.047s] Compiling '/root/lidar_system/install/servo_control/lib/python3.8/site-packages/servo_control/__init__.py'...
[41.047s] Listing '/root/lidar_system/install/servo_control/lib/python3.8/site-packages/servo_control/srv'...
[41.066s] -- Up-to-date: /root/lidar_system/install/servo_control/lib/servo_control/servo_motor_node.py
[41.067s] -- Up-to-date: /root/lidar_system/install/servo_control/lib/servo_control/lidar_bbox_open3d.py
[41.068s] -- Up-to-date: /root/lidar_system/install/servo_control/share/ament_index/resource_index/package_run_dependencies/servo_control
[41.068s] -- Up-to-date: /root/lidar_system/install/servo_control/share/ament_index/resource_index/parent_prefix_path/servo_control
[41.069s] -- Up-to-date: /root/lidar_system/install/servo_control/share/servo_control/environment/ament_prefix_path.sh
[41.070s] -- Up-to-date: /root/lidar_system/install/servo_control/share/servo_control/environment/ament_prefix_path.dsv
[41.070s] -- Up-to-date: /root/lidar_system/install/servo_control/share/servo_control/environment/path.sh
[41.071s] -- Up-to-date: /root/lidar_system/install/servo_control/share/servo_control/environment/path.dsv
[41.071s] -- Up-to-date: /root/lidar_system/install/servo_control/share/servo_control/local_setup.bash
[41.072s] -- Up-to-date: /root/lidar_system/install/servo_control/share/servo_control/local_setup.sh
[41.072s] -- Up-to-date: /root/lidar_system/install/servo_control/share/servo_control/local_setup.zsh
[41.072s] -- Up-to-date: /root/lidar_system/install/servo_control/share/servo_control/local_setup.dsv
[41.073s] -- Installing: /root/lidar_system/install/servo_control/share/servo_control/package.dsv
[41.073s] -- Up-to-date: /root/lidar_system/install/servo_control/share/ament_index/resource_index/packages/servo_control
[41.076s] -- Up-to-date: /root/lidar_system/install/servo_control/share/servo_control/cmake/servo_control__rosidl_generator_cExport.cmake
[41.076s] -- Up-to-date: /root/lidar_system/install/servo_control/share/servo_control/cmake/servo_control__rosidl_generator_cExport-noconfig.cmake
[41.078s] -- Up-to-date: /root/lidar_system/install/servo_control/share/servo_control/cmake/servo_control__rosidl_typesupport_introspection_cExport.cmake
[41.078s] -- Up-to-date: /root/lidar_system/install/servo_control/share/servo_control/cmake/servo_control__rosidl_typesupport_introspection_cExport-noconfig.cmake
[41.079s] -- Up-to-date: /root/lidar_system/install/servo_control/share/servo_control/cmake/servo_control__rosidl_typesupport_cExport.cmake
[41.079s] -- Up-to-date: /root/lidar_system/install/servo_control/share/servo_control/cmake/servo_control__rosidl_typesupport_cExport-noconfig.cmake
[41.080s] -- Up-to-date: /root/lidar_system/install/servo_control/share/servo_control/cmake/servo_control__rosidl_generator_cppExport.cmake
[41.082s] -- Up-to-date: /root/lidar_system/install/servo_control/share/servo_control/cmake/servo_control__rosidl_typesupport_introspection_cppExport.cmake
[41.082s] -- Up-to-date: /root/lidar_system/install/servo_control/share/servo_control/cmake/servo_control__rosidl_typesupport_introspection_cppExport-noconfig.cmake
[41.084s] -- Up-to-date: /root/lidar_system/install/servo_control/share/servo_control/cmake/servo_control__rosidl_typesupport_cppExport.cmake
[41.085s] -- Up-to-date: /root/lidar_system/install/servo_control/share/servo_control/cmake/servo_control__rosidl_typesupport_cppExport-noconfig.cmake
[41.085s] -- Up-to-date: /root/lidar_system/install/servo_control/share/servo_control/cmake/rosidl_cmake-extras.cmake
[41.086s] -- Up-to-date: /root/lidar_system/install/servo_control/share/servo_control/cmake/ament_cmake_export_dependencies-extras.cmake
[41.087s] -- Up-to-date: /root/lidar_system/install/servo_control/share/servo_control/cmake/ament_cmake_export_libraries-extras.cmake
[41.087s] -- Up-to-date: /root/lidar_system/install/servo_control/share/servo_control/cmake/ament_cmake_export_targets-extras.cmake
[41.087s] -- Up-to-date: /root/lidar_system/install/servo_control/share/servo_control/cmake/ament_cmake_export_include_directories-extras.cmake
[41.088s] -- Up-to-date: /root/lidar_system/install/servo_control/share/servo_control/cmake/rosidl_cmake_export_typesupport_libraries-extras.cmake
[41.088s] -- Up-to-date: /root/lidar_system/install/servo_control/share/servo_control/cmake/rosidl_cmake_export_typesupport_targets-extras.cmake
[41.088s] -- Up-to-date: /root/lidar_system/install/servo_control/share/servo_control/cmake/servo_controlConfig.cmake
[41.089s] -- Up-to-date: /root/lidar_system/install/servo_control/share/servo_control/cmake/servo_controlConfig-version.cmake
[41.089s] -- Up-to-date: /root/lidar_system/install/servo_control/share/servo_control/package.xml
[41.103s] Invoked command in '/root/lidar_system/build/servo_control' returned '0': CMAKE_PREFIX_PATH=/opt/ros/foxy /usr/bin/cmake --install /root/lidar_system/build/servo_control
