Scanning dependencies of target target_tracker_node
[ 10%] Building CXX object CMakeFiles/target_tracker_node.dir/src/target_tracker_node.cpp.o
[ 30%] Built target mavros_tf_node
[ 50%] Built target dynamic_tf_broadcaster
[ 70%] Built target lidar_pointcloud_node
[ 90%] Built target scan_sequence_node
[100%] Linking CXX executable target_tracker_node
[100%] Built target target_tracker_node
-- Install configuration: ""
-- Up-to-date: /root/lidar_system/install/servo_control/lib/servo_control/dynamic_tf_broadcaster
-- Up-to-date: /root/lidar_system/install/servo_control/lib/servo_control/lidar_pointcloud_node
-- Up-to-date: /root/lidar_system/install/servo_control/lib/servo_control/scan_sequence_node
-- Installing: /root/lidar_system/install/servo_control/lib/servo_control/target_tracker_node
-- Set runtime path of "/root/lidar_system/install/servo_control/lib/servo_control/target_tracker_node" to ""
-- Up-to-date: /root/lidar_system/install/servo_control/lib/servo_control/mavros_tf_node
-- Up-to-date: /root/lidar_system/install/servo_control/share/servo_control/environment/pythonpath.sh
-- Up-to-date: /root/lidar_system/install/servo_control/share/servo_control/environment/pythonpath.dsv
-- Up-to-date: /root/lidar_system/install/servo_control/lib/python3.8/site-packages/servo_control
-- Up-to-date: /root/lidar_system/install/servo_control/lib/python3.8/site-packages/servo_control/__init__.py
Listing '/root/lidar_system/install/servo_control/lib/python3.8/site-packages/servo_control'...
-- Up-to-date: /root/lidar_system/install/servo_control/lib/servo_control/servo_motor_node.py
-- Up-to-date: /root/lidar_system/install/servo_control/lib/servo_control/lidar_bbox_open3d.py
CMake Error at cmake_install.cmake:161 (file):
  file INSTALL cannot find
  "/root/lidar_system/servo_control/scripts/profile_classifier_node.py": No
  such file or directory.


