[0.096s] Invoking command in '/root/lidar_system/build/servo_control': CMAKE_PREFIX_PATH=/opt/ros/foxy /usr/bin/cmake --build /root/lidar_system/build/servo_control -- -j4 -l4
[0.759s] Scanning dependencies of target target_tracker_node
[0.949s] [ 10%] Building CXX object CMakeFiles/target_tracker_node.dir/src/target_tracker_node.cpp.o
[0.954s] [ 30%] Built target mavros_tf_node
[0.957s] [ 50%] Built target dynamic_tf_broadcaster
[1.063s] [ 70%] Built target lidar_pointcloud_node
[1.296s] [ 90%] Built target scan_sequence_node
[35.294s] [100%] Linking CXX executable target_tracker_node
[36.760s] [100%] Built target target_tracker_node
[36.804s] Invoked command in '/root/lidar_system/build/servo_control' returned '0': CMAKE_PREFIX_PATH=/opt/ros/foxy /usr/bin/cmake --build /root/lidar_system/build/servo_control -- -j4 -l4
[36.929s] Invoking command in '/root/lidar_system/build/servo_control': CMAKE_PREFIX_PATH=/opt/ros/foxy /usr/bin/cmake --install /root/lidar_system/build/servo_control
[36.963s] -- Install configuration: ""
[36.967s] -- Up-to-date: /root/lidar_system/install/servo_control/lib/servo_control/dynamic_tf_broadcaster
[36.968s] -- Up-to-date: /root/lidar_system/install/servo_control/lib/servo_control/lidar_pointcloud_node
[36.969s] -- Up-to-date: /root/lidar_system/install/servo_control/lib/servo_control/scan_sequence_node
[36.969s] -- Installing: /root/lidar_system/install/servo_control/lib/servo_control/target_tracker_node
[36.980s] -- Set runtime path of "/root/lidar_system/install/servo_control/lib/servo_control/target_tracker_node" to ""
[36.980s] -- Up-to-date: /root/lidar_system/install/servo_control/lib/servo_control/mavros_tf_node
[36.981s] -- Up-to-date: /root/lidar_system/install/servo_control/share/servo_control/environment/pythonpath.sh
[36.982s] -- Up-to-date: /root/lidar_system/install/servo_control/share/servo_control/environment/pythonpath.dsv
[36.983s] -- Up-to-date: /root/lidar_system/install/servo_control/lib/python3.8/site-packages/servo_control
[36.991s] -- Up-to-date: /root/lidar_system/install/servo_control/lib/python3.8/site-packages/servo_control/__init__.py
[37.124s] Listing '/root/lidar_system/install/servo_control/lib/python3.8/site-packages/servo_control'...
[37.152s] -- Up-to-date: /root/lidar_system/install/servo_control/lib/servo_control/servo_motor_node.py
[37.153s] -- Up-to-date: /root/lidar_system/install/servo_control/lib/servo_control/lidar_bbox_open3d.py
[37.163s] CMake Error at cmake_install.cmake:161 (file):
[37.165s]   file INSTALL cannot find
[37.165s]   "/root/lidar_system/servo_control/scripts/profile_classifier_node.py": No
[37.166s]   such file or directory.
[37.166s] 
[37.166s] 
[37.167s] Invoked command in '/root/lidar_system/build/servo_control' returned '1': CMAKE_PREFIX_PATH=/opt/ros/foxy /usr/bin/cmake --install /root/lidar_system/build/servo_control
