[0.081s] Invoking command in '/root/lidar_system/build/servo_control': CMAKE_PREFIX_PATH=/opt/ros/foxy /usr/bin/cmake --build /root/lidar_system/build/servo_control -- -j4 -l4
[0.672s] [ 20%] Built target dynamic_tf_broadcaster
[0.789s] [ 40%] Built target mavros_tf_node
[0.800s] [ 60%] Built target target_tracker_node
[0.803s] [ 80%] Built target lidar_pointcloud_node
[0.847s] Scanning dependencies of target scan_sequence_node
[0.925s] [ 90%] Building CXX object CMakeFiles/scan_sequence_node.dir/src/scan_sequence_node.cpp.o
[54.582s] [100%] Linking CXX executable scan_sequence_node
[56.681s] [100%] Built target scan_sequence_node
[56.733s] Invoked command in '/root/lidar_system/build/servo_control' returned '0': CMAKE_PREFIX_PATH=/opt/ros/foxy /usr/bin/cmake --build /root/lidar_system/build/servo_control -- -j4 -l4
[56.862s] Invoking command in '/root/lidar_system/build/servo_control': CMAKE_PREFIX_PATH=/opt/ros/foxy /usr/bin/cmake --install /root/lidar_system/build/servo_control
[56.904s] -- Install configuration: ""
[56.906s] -- Up-to-date: /root/lidar_system/install/servo_control/lib/servo_control/dynamic_tf_broadcaster
[56.908s] -- Up-to-date: /root/lidar_system/install/servo_control/lib/servo_control/lidar_pointcloud_node
[56.909s] -- Installing: /root/lidar_system/install/servo_control/lib/servo_control/scan_sequence_node
[56.937s] -- Set runtime path of "/root/lidar_system/install/servo_control/lib/servo_control/scan_sequence_node" to ""
[56.937s] -- Up-to-date: /root/lidar_system/install/servo_control/lib/servo_control/target_tracker_node
[56.938s] -- Up-to-date: /root/lidar_system/install/servo_control/lib/servo_control/mavros_tf_node
[56.940s] -- Up-to-date: /root/lidar_system/install/servo_control/share/servo_control/environment/pythonpath.sh
[56.940s] -- Up-to-date: /root/lidar_system/install/servo_control/share/servo_control/environment/pythonpath.dsv
[56.941s] -- Up-to-date: /root/lidar_system/install/servo_control/lib/python3.8/site-packages/servo_control
[56.941s] -- Up-to-date: /root/lidar_system/install/servo_control/lib/python3.8/site-packages/servo_control/__init__.py
[57.077s] Listing '/root/lidar_system/install/servo_control/lib/python3.8/site-packages/servo_control'...
[57.100s] -- Up-to-date: /root/lidar_system/install/servo_control/lib/servo_control/servo_motor_node.py
[57.101s] -- Up-to-date: /root/lidar_system/install/servo_control/lib/servo_control/lidar_bbox_open3d.py
[57.101s] -- Up-to-date: /root/lidar_system/install/servo_control/share/ament_index/resource_index/package_run_dependencies/servo_control
[57.102s] -- Up-to-date: /root/lidar_system/install/servo_control/share/ament_index/resource_index/parent_prefix_path/servo_control
[57.102s] -- Up-to-date: /root/lidar_system/install/servo_control/share/servo_control/environment/ament_prefix_path.sh
[57.102s] -- Up-to-date: /root/lidar_system/install/servo_control/share/servo_control/environment/ament_prefix_path.dsv
[57.103s] -- Up-to-date: /root/lidar_system/install/servo_control/share/servo_control/environment/path.sh
[57.103s] -- Up-to-date: /root/lidar_system/install/servo_control/share/servo_control/environment/path.dsv
[57.104s] -- Up-to-date: /root/lidar_system/install/servo_control/share/servo_control/local_setup.bash
[57.105s] -- Up-to-date: /root/lidar_system/install/servo_control/share/servo_control/local_setup.sh
[57.105s] -- Up-to-date: /root/lidar_system/install/servo_control/share/servo_control/local_setup.zsh
[57.105s] -- Up-to-date: /root/lidar_system/install/servo_control/share/servo_control/local_setup.dsv
[57.106s] -- Installing: /root/lidar_system/install/servo_control/share/servo_control/package.dsv
[57.106s] -- Up-to-date: /root/lidar_system/install/servo_control/share/ament_index/resource_index/packages/servo_control
[57.107s] -- Up-to-date: /root/lidar_system/install/servo_control/share/servo_control/cmake/servo_controlConfig.cmake
[57.109s] -- Up-to-date: /root/lidar_system/install/servo_control/share/servo_control/cmake/servo_controlConfig-version.cmake
[57.109s] -- Up-to-date: /root/lidar_system/install/servo_control/share/servo_control/package.xml
[57.122s] Invoked command in '/root/lidar_system/build/servo_control' returned '0': CMAKE_PREFIX_PATH=/opt/ros/foxy /usr/bin/cmake --install /root/lidar_system/build/servo_control
