[0.120s] Invoking command in '/root/lidar_system/build/servo_control': CMAKE_PREFIX_PATH=/opt/ros/foxy /usr/bin/cmake --build /root/lidar_system/build/servo_control -- -j4 -l4
[0.599s] [ 20%] Built target dynamic_tf_broadcaster
[0.782s] [ 40%] Built target mavros_tf_node
[0.975s] [ 60%] Built target scan_sequence_node
[1.265s] [ 80%] Built target lidar_pointcloud_node
[1.457s] [100%] Built target target_tracker_node
[1.609s] Invoked command in '/root/lidar_system/build/servo_control' returned '0': CMAKE_PREFIX_PATH=/opt/ros/foxy /usr/bin/cmake --build /root/lidar_system/build/servo_control -- -j4 -l4
[1.805s] Invoking command in '/root/lidar_system/build/servo_control': CMAKE_PREFIX_PATH=/opt/ros/foxy /usr/bin/cmake --install /root/lidar_system/build/servo_control
[1.842s] -- Install configuration: ""
[1.843s] -- Up-to-date: /root/lidar_system/install/servo_control/lib/servo_control/dynamic_tf_broadcaster
[1.845s] -- Up-to-date: /root/lidar_system/install/servo_control/lib/servo_control/lidar_pointcloud_node
[1.847s] -- Up-to-date: /root/lidar_system/install/servo_control/lib/servo_control/scan_sequence_node
[1.848s] -- Up-to-date: /root/lidar_system/install/servo_control/lib/servo_control/target_tracker_node
[1.850s] -- Up-to-date: /root/lidar_system/install/servo_control/lib/servo_control/mavros_tf_node
[1.851s] -- Up-to-date: /root/lidar_system/install/servo_control/share/servo_control/environment/pythonpath.sh
[1.852s] -- Up-to-date: /root/lidar_system/install/servo_control/share/servo_control/environment/pythonpath.dsv
[1.852s] -- Up-to-date: /root/lidar_system/install/servo_control/lib/python3.8/site-packages/servo_control
[1.853s] -- Up-to-date: /root/lidar_system/install/servo_control/lib/python3.8/site-packages/servo_control/__init__.py
[1.992s] Listing '/root/lidar_system/install/servo_control/lib/python3.8/site-packages/servo_control'...
[2.018s] -- Up-to-date: /root/lidar_system/install/servo_control/lib/servo_control/servo_motor_node.py
[2.019s] -- Up-to-date: /root/lidar_system/install/servo_control/lib/servo_control/lidar_bbox_open3d.py
[2.019s] -- Up-to-date: /root/lidar_system/install/servo_control/share/ament_index/resource_index/package_run_dependencies/servo_control
[2.020s] -- Up-to-date: /root/lidar_system/install/servo_control/share/ament_index/resource_index/parent_prefix_path/servo_control
[2.021s] -- Up-to-date: /root/lidar_system/install/servo_control/share/servo_control/environment/ament_prefix_path.sh
[2.022s] -- Up-to-date: /root/lidar_system/install/servo_control/share/servo_control/environment/ament_prefix_path.dsv
[2.022s] -- Up-to-date: /root/lidar_system/install/servo_control/share/servo_control/environment/path.sh
[2.022s] -- Up-to-date: /root/lidar_system/install/servo_control/share/servo_control/environment/path.dsv
[2.023s] -- Up-to-date: /root/lidar_system/install/servo_control/share/servo_control/local_setup.bash
[2.025s] -- Up-to-date: /root/lidar_system/install/servo_control/share/servo_control/local_setup.sh
[2.025s] -- Up-to-date: /root/lidar_system/install/servo_control/share/servo_control/local_setup.zsh
[2.026s] -- Up-to-date: /root/lidar_system/install/servo_control/share/servo_control/local_setup.dsv
[2.026s] -- Installing: /root/lidar_system/install/servo_control/share/servo_control/package.dsv
[2.031s] -- Up-to-date: /root/lidar_system/install/servo_control/share/ament_index/resource_index/packages/servo_control
[2.038s] -- Up-to-date: /root/lidar_system/install/servo_control/share/servo_control/cmake/servo_controlConfig.cmake
[2.051s] -- Up-to-date: /root/lidar_system/install/servo_control/share/servo_control/cmake/servo_controlConfig-version.cmake
[2.051s] -- Up-to-date: /root/lidar_system/install/servo_control/share/servo_control/package.xml
[2.053s] Invoked command in '/root/lidar_system/build/servo_control' returned '0': CMAKE_PREFIX_PATH=/opt/ros/foxy /usr/bin/cmake --install /root/lidar_system/build/servo_control
