[0.116s] Invoking command in '/root/lidar_system/build/servo_control': CMAKE_PREFIX_PATH=/opt/ros/foxy /usr/bin/cmake --build /root/lidar_system/build/servo_control -- -j4 -l4
[0.640s] [ 20%] Built target dynamic_tf_broadcaster
[0.765s] Scanning dependencies of target mavros_tf_node
[0.836s] [ 30%] Building CXX object CMakeFiles/mavros_tf_node.dir/src/mavros_tf_node.cpp.o
[29.520s] [ 40%] Linking CXX executable mavros_tf_node
[31.173s] [ 40%] Built target mavros_tf_node
[31.610s] [ 60%] Built target scan_sequence_node
[31.831s] [ 80%] Built target lidar_pointcloud_node
[32.006s] [100%] Built target target_tracker_node
[32.054s] Invoked command in '/root/lidar_system/build/servo_control' returned '0': CMAKE_PREFIX_PATH=/opt/ros/foxy /usr/bin/cmake --build /root/lidar_system/build/servo_control -- -j4 -l4
[32.206s] Invoking command in '/root/lidar_system/build/servo_control': CMAKE_PREFIX_PATH=/opt/ros/foxy /usr/bin/cmake --install /root/lidar_system/build/servo_control
[32.254s] -- Install configuration: ""
[32.255s] -- Up-to-date: /root/lidar_system/install/servo_control/lib/servo_control/dynamic_tf_broadcaster
[32.258s] -- Up-to-date: /root/lidar_system/install/servo_control/lib/servo_control/lidar_pointcloud_node
[32.258s] -- Up-to-date: /root/lidar_system/install/servo_control/lib/servo_control/scan_sequence_node
[32.260s] -- Up-to-date: /root/lidar_system/install/servo_control/lib/servo_control/target_tracker_node
[32.261s] -- Installing: /root/lidar_system/install/servo_control/lib/servo_control/mavros_tf_node
[32.274s] -- Set runtime path of "/root/lidar_system/install/servo_control/lib/servo_control/mavros_tf_node" to ""
[32.275s] -- Up-to-date: /root/lidar_system/install/servo_control/share/servo_control/environment/pythonpath.sh
[32.275s] -- Up-to-date: /root/lidar_system/install/servo_control/share/servo_control/environment/pythonpath.dsv
[32.275s] -- Up-to-date: /root/lidar_system/install/servo_control/lib/python3.8/site-packages/servo_control
[32.276s] -- Up-to-date: /root/lidar_system/install/servo_control/lib/python3.8/site-packages/servo_control/__init__.py
[32.424s] Listing '/root/lidar_system/install/servo_control/lib/python3.8/site-packages/servo_control'...
[32.452s] -- Up-to-date: /root/lidar_system/install/servo_control/lib/servo_control/servo_motor_node.py
[32.454s] -- Up-to-date: /root/lidar_system/install/servo_control/share/ament_index/resource_index/package_run_dependencies/servo_control
[32.454s] -- Up-to-date: /root/lidar_system/install/servo_control/share/ament_index/resource_index/parent_prefix_path/servo_control
[32.454s] -- Up-to-date: /root/lidar_system/install/servo_control/share/servo_control/environment/ament_prefix_path.sh
[32.455s] -- Up-to-date: /root/lidar_system/install/servo_control/share/servo_control/environment/ament_prefix_path.dsv
[32.455s] -- Up-to-date: /root/lidar_system/install/servo_control/share/servo_control/environment/path.sh
[32.456s] -- Up-to-date: /root/lidar_system/install/servo_control/share/servo_control/environment/path.dsv
[32.456s] -- Up-to-date: /root/lidar_system/install/servo_control/share/servo_control/local_setup.bash
[32.457s] -- Up-to-date: /root/lidar_system/install/servo_control/share/servo_control/local_setup.sh
[32.461s] -- Up-to-date: /root/lidar_system/install/servo_control/share/servo_control/local_setup.zsh
[32.468s] -- Up-to-date: /root/lidar_system/install/servo_control/share/servo_control/local_setup.dsv
[32.480s] -- Installing: /root/lidar_system/install/servo_control/share/servo_control/package.dsv
[32.480s] -- Up-to-date: /root/lidar_system/install/servo_control/share/ament_index/resource_index/packages/servo_control
[32.481s] -- Up-to-date: /root/lidar_system/install/servo_control/share/servo_control/cmake/servo_controlConfig.cmake
[32.482s] -- Up-to-date: /root/lidar_system/install/servo_control/share/servo_control/cmake/servo_controlConfig-version.cmake
[32.482s] -- Up-to-date: /root/lidar_system/install/servo_control/share/servo_control/package.xml
[32.483s] Invoked command in '/root/lidar_system/build/servo_control' returned '0': CMAKE_PREFIX_PATH=/opt/ros/foxy /usr/bin/cmake --install /root/lidar_system/build/servo_control
