[0.061s] Invoking command in '/root/lidar_system/build/servo_control': CMAKE_PREFIX_PATH=/opt/ros/foxy /usr/bin/cmake --build /root/lidar_system/build/servo_control -- -j4 -l4
[0.340s] [  2%] Built target servo_control__cpp
[0.398s] [  8%] Built target servo_control__rosidl_generator_c
[0.421s] [ 17%] Built target dynamic_tf_broadcaster
[0.422s] [ 17%] Built target octomap_planner_node
[0.606s] [ 21%] Built target scan_sequence_node
[0.611s] [ 25%] Built target mavros_tf_node
[0.619s] [ 29%] Built target target_tracker_node
[0.626s] [ 34%] Built target lidar_pointcloud_node
[0.710s] [ 40%] Built target servo_control__rosidl_typesupport_cpp
[0.717s] [ 46%] Built target servo_control__rosidl_typesupport_introspection_cpp
[0.734s] [ 53%] Built target servo_control__rosidl_typesupport_introspection_c
[0.753s] [ 59%] Built target servo_control__rosidl_typesupport_fastrtps_cpp
[0.804s] [ 65%] Built target servo_control__rosidl_typesupport_c
[0.867s] [ 72%] Built target servo_control__rosidl_typesupport_fastrtps_c
[1.040s] [ 72%] Built target servo_control
[1.041s] [ 74%] Built target servo_control__py
[1.090s] [ 78%] Built target local_dimensions_node
[1.093s] [ 82%] Built target px4_takeoff_manager_node
[1.154s] [ 87%] Built target servo_control__python
[1.321s] [ 91%] Built target servo_control__rosidl_typesupport_fastrtps_c__pyext
[1.322s] [ 95%] Built target servo_control__rosidl_typesupport_introspection_c__pyext
[1.322s] [100%] Built target servo_control__rosidl_typesupport_c__pyext
[1.346s] Invoked command in '/root/lidar_system/build/servo_control' returned '0': CMAKE_PREFIX_PATH=/opt/ros/foxy /usr/bin/cmake --build /root/lidar_system/build/servo_control -- -j4 -l4
[1.537s] Invoking command in '/root/lidar_system/build/servo_control': CMAKE_PREFIX_PATH=/opt/ros/foxy /usr/bin/cmake --install /root/lidar_system/build/servo_control
[1.571s] -- Install configuration: ""
[1.571s] -- Up-to-date: /root/lidar_system/install/servo_control/share/ament_index/resource_index/rosidl_interfaces/servo_control
[1.572s] -- Up-to-date: /root/lidar_system/install/servo_control/include/servo_control
[1.573s] -- Up-to-date: /root/lidar_system/install/servo_control/include/servo_control/msg
[1.574s] -- Up-to-date: /root/lidar_system/install/servo_control/include/servo_control/msg/rosidl_generator_c__visibility_control.h
[1.574s] -- Up-to-date: /root/lidar_system/install/servo_control/include/servo_control/srv
[1.575s] -- Up-to-date: /root/lidar_system/install/servo_control/include/servo_control/srv/get_local_dimensions.h
[1.575s] -- Up-to-date: /root/lidar_system/install/servo_control/include/servo_control/srv/detail
[1.576s] -- Up-to-date: /root/lidar_system/install/servo_control/include/servo_control/srv/detail/get_local_dimensions__struct.h
[1.576s] -- Up-to-date: /root/lidar_system/install/servo_control/include/servo_control/srv/detail/get_local_dimensions__type_support.h
[1.577s] -- Up-to-date: /root/lidar_system/install/servo_control/include/servo_control/srv/detail/get_local_dimensions__functions.h
[1.577s] -- Up-to-date: /root/lidar_system/install/servo_control/include/servo_control/srv/detail/get_local_dimensions__functions.c
[1.578s] -- Up-to-date: /root/lidar_system/install/servo_control/share/servo_control/environment/library_path.sh
[1.579s] -- Up-to-date: /root/lidar_system/install/servo_control/share/servo_control/environment/library_path.dsv
[1.579s] -- Up-to-date: /root/lidar_system/install/servo_control/lib/libservo_control__rosidl_generator_c.so
[1.580s] -- Up-to-date: /root/lidar_system/install/servo_control/include/servo_control
[1.580s] -- Up-to-date: /root/lidar_system/install/servo_control/include/servo_control/msg
[1.581s] -- Up-to-date: /root/lidar_system/install/servo_control/include/servo_control/msg/rosidl_typesupport_fastrtps_c__visibility_control.h
[1.581s] -- Up-to-date: /root/lidar_system/install/servo_control/include/servo_control/srv
[1.582s] -- Up-to-date: /root/lidar_system/install/servo_control/include/servo_control/srv/detail
[1.583s] -- Up-to-date: /root/lidar_system/install/servo_control/include/servo_control/srv/detail/get_local_dimensions__rosidl_typesupport_fastrtps_c.h
[1.584s] -- Up-to-date: /root/lidar_system/install/servo_control/lib/libservo_control__rosidl_typesupport_fastrtps_c.so
[1.584s] -- Up-to-date: /root/lidar_system/install/servo_control/include/servo_control
[1.585s] -- Up-to-date: /root/lidar_system/install/servo_control/include/servo_control/msg
[1.585s] -- Up-to-date: /root/lidar_system/install/servo_control/include/servo_control/msg/rosidl_typesupport_fastrtps_cpp__visibility_control.h
[1.585s] -- Up-to-date: /root/lidar_system/install/servo_control/include/servo_control/srv
[1.586s] -- Up-to-date: /root/lidar_system/install/servo_control/include/servo_control/srv/detail
[1.587s] -- Up-to-date: /root/lidar_system/install/servo_control/include/servo_control/srv/detail/get_local_dimensions__rosidl_typesupport_fastrtps_cpp.hpp
[1.587s] -- Up-to-date: /root/lidar_system/install/servo_control/include/servo_control/srv/detail/dds_fastrtps
[1.587s] -- Up-to-date: /root/lidar_system/install/servo_control/lib/libservo_control__rosidl_typesupport_fastrtps_cpp.so
[1.588s] -- Up-to-date: /root/lidar_system/install/servo_control/include/servo_control
[1.588s] -- Up-to-date: /root/lidar_system/install/servo_control/include/servo_control/msg
[1.588s] -- Up-to-date: /root/lidar_system/install/servo_control/include/servo_control/msg/rosidl_typesupport_introspection_c__visibility_control.h
[1.589s] -- Up-to-date: /root/lidar_system/install/servo_control/include/servo_control/srv
[1.589s] -- Up-to-date: /root/lidar_system/install/servo_control/include/servo_control/srv/detail
[1.590s] -- Up-to-date: /root/lidar_system/install/servo_control/include/servo_control/srv/detail/get_local_dimensions__rosidl_typesupport_introspection_c.h
[1.590s] -- Up-to-date: /root/lidar_system/install/servo_control/include/servo_control/srv/detail/get_local_dimensions__type_support.c
[1.590s] -- Up-to-date: /root/lidar_system/install/servo_control/lib/libservo_control__rosidl_typesupport_introspection_c.so
[1.591s] -- Up-to-date: /root/lidar_system/install/servo_control/lib/libservo_control__rosidl_typesupport_c.so
[1.591s] -- Up-to-date: /root/lidar_system/install/servo_control/include/servo_control
[1.591s] -- Up-to-date: /root/lidar_system/install/servo_control/include/servo_control/msg
[1.592s] -- Up-to-date: /root/lidar_system/install/servo_control/include/servo_control/msg/rosidl_generator_cpp__visibility_control.hpp
[1.592s] -- Up-to-date: /root/lidar_system/install/servo_control/include/servo_control/srv
[1.593s] -- Up-to-date: /root/lidar_system/install/servo_control/include/servo_control/srv/detail
[1.593s] -- Up-to-date: /root/lidar_system/install/servo_control/include/servo_control/srv/detail/get_local_dimensions__traits.hpp
[1.594s] -- Up-to-date: /root/lidar_system/install/servo_control/include/servo_control/srv/detail/get_local_dimensions__struct.hpp
[1.594s] -- Up-to-date: /root/lidar_system/install/servo_control/include/servo_control/srv/detail/get_local_dimensions__type_support.hpp
[1.595s] -- Up-to-date: /root/lidar_system/install/servo_control/include/servo_control/srv/detail/get_local_dimensions__builder.hpp
[1.595s] -- Up-to-date: /root/lidar_system/install/servo_control/include/servo_control/srv/get_local_dimensions.hpp
[1.596s] -- Up-to-date: /root/lidar_system/install/servo_control/include/servo_control
[1.596s] -- Up-to-date: /root/lidar_system/install/servo_control/include/servo_control/srv
[1.596s] -- Up-to-date: /root/lidar_system/install/servo_control/include/servo_control/srv/detail
[1.597s] -- Up-to-date: /root/lidar_system/install/servo_control/include/servo_control/srv/detail/get_local_dimensions__type_support.cpp
[1.597s] -- Up-to-date: /root/lidar_system/install/servo_control/include/servo_control/srv/detail/get_local_dimensions__rosidl_typesupport_introspection_cpp.hpp
[1.597s] -- Up-to-date: /root/lidar_system/install/servo_control/lib/libservo_control__rosidl_typesupport_introspection_cpp.so
[1.598s] -- Up-to-date: /root/lidar_system/install/servo_control/lib/libservo_control__rosidl_typesupport_cpp.so
[1.598s] -- Up-to-date: /root/lidar_system/install/servo_control/share/servo_control/environment/pythonpath.sh
[1.598s] -- Up-to-date: /root/lidar_system/install/servo_control/share/servo_control/environment/pythonpath.dsv
[1.599s] -- Installing: /root/lidar_system/install/servo_control/lib/python3.8/site-packages/servo_control/__init__.py
[1.702s] Compiling '/root/lidar_system/install/servo_control/lib/python3.8/site-packages/servo_control/__init__.py'...
[1.723s] -- Up-to-date: /root/lidar_system/install/servo_control/lib/python3.8/site-packages/servo_control/srv
[1.724s] -- Up-to-date: /root/lidar_system/install/servo_control/lib/python3.8/site-packages/servo_control/srv/_get_local_dimensions_s.c
[1.724s] -- Up-to-date: /root/lidar_system/install/servo_control/lib/python3.8/site-packages/servo_control/srv/__init__.py
[1.725s] -- Up-to-date: /root/lidar_system/install/servo_control/lib/python3.8/site-packages/servo_control/srv/_get_local_dimensions.py
[1.725s] -- Up-to-date: /root/lidar_system/install/servo_control/lib/python3.8/site-packages/servo_control/servo_control_s__rosidl_typesupport_fastrtps_c.cpython-38-aarch64-linux-gnu.so
[1.726s] -- Up-to-date: /root/lidar_system/install/servo_control/lib/python3.8/site-packages/servo_control/servo_control_s__rosidl_typesupport_introspection_c.cpython-38-aarch64-linux-gnu.so
[1.728s] -- Up-to-date: /root/lidar_system/install/servo_control/lib/python3.8/site-packages/servo_control/servo_control_s__rosidl_typesupport_c.cpython-38-aarch64-linux-gnu.so
[1.730s] -- Up-to-date: /root/lidar_system/install/servo_control/lib/libservo_control__python.so
[1.731s] -- Up-to-date: /root/lidar_system/install/servo_control/share/servo_control/srv/GetLocalDimensions.idl
[1.732s] -- Up-to-date: /root/lidar_system/install/servo_control/share/servo_control/srv/GetLocalDimensions.srv
[1.732s] -- Up-to-date: /root/lidar_system/install/servo_control/share/servo_control/srv/GetLocalDimensions_Request.msg
[1.733s] -- Up-to-date: /root/lidar_system/install/servo_control/share/servo_control/srv/GetLocalDimensions_Response.msg
[1.733s] -- Up-to-date: /root/lidar_system/install/servo_control/lib/servo_control/dynamic_tf_broadcaster
[1.734s] -- Up-to-date: /root/lidar_system/install/servo_control/lib/servo_control/lidar_pointcloud_node
[1.735s] -- Up-to-date: /root/lidar_system/install/servo_control/lib/servo_control/scan_sequence_node
[1.736s] -- Up-to-date: /root/lidar_system/install/servo_control/lib/servo_control/target_tracker_node
[1.737s] -- Up-to-date: /root/lidar_system/install/servo_control/lib/servo_control/mavros_tf_node
[1.739s] -- Up-to-date: /root/lidar_system/install/servo_control/lib/servo_control/local_dimensions_node
[1.740s] -- Up-to-date: /root/lidar_system/install/servo_control/lib/servo_control/px4_takeoff_manager_node
[1.741s] -- Up-to-date: /root/lidar_system/install/servo_control/lib/servo_control/octomap_planner_node
[1.742s] -- Up-to-date: /root/lidar_system/install/servo_control/lib/python3.8/site-packages/servo_control
[1.743s] -- Installing: /root/lidar_system/install/servo_control/lib/python3.8/site-packages/servo_control/__init__.py
[1.860s] Listing '/root/lidar_system/install/servo_control/lib/python3.8/site-packages/servo_control'...
[1.861s] Compiling '/root/lidar_system/install/servo_control/lib/python3.8/site-packages/servo_control/__init__.py'...
[1.861s] Listing '/root/lidar_system/install/servo_control/lib/python3.8/site-packages/servo_control/srv'...
[1.880s] -- Up-to-date: /root/lidar_system/install/servo_control/lib/servo_control/servo_motor_node.py
[1.881s] -- Up-to-date: /root/lidar_system/install/servo_control/lib/servo_control/lidar_bbox_open3d.py
[1.882s] -- Up-to-date: /root/lidar_system/install/servo_control/share/ament_index/resource_index/package_run_dependencies/servo_control
[1.883s] -- Up-to-date: /root/lidar_system/install/servo_control/share/ament_index/resource_index/parent_prefix_path/servo_control
[1.884s] -- Up-to-date: /root/lidar_system/install/servo_control/share/servo_control/environment/ament_prefix_path.sh
[1.884s] -- Up-to-date: /root/lidar_system/install/servo_control/share/servo_control/environment/ament_prefix_path.dsv
[1.885s] -- Up-to-date: /root/lidar_system/install/servo_control/share/servo_control/environment/path.sh
[1.886s] -- Up-to-date: /root/lidar_system/install/servo_control/share/servo_control/environment/path.dsv
[1.886s] -- Up-to-date: /root/lidar_system/install/servo_control/share/servo_control/local_setup.bash
[1.887s] -- Up-to-date: /root/lidar_system/install/servo_control/share/servo_control/local_setup.sh
[1.888s] -- Up-to-date: /root/lidar_system/install/servo_control/share/servo_control/local_setup.zsh
[1.889s] -- Up-to-date: /root/lidar_system/install/servo_control/share/servo_control/local_setup.dsv
[1.890s] -- Installing: /root/lidar_system/install/servo_control/share/servo_control/package.dsv
[1.890s] -- Up-to-date: /root/lidar_system/install/servo_control/share/ament_index/resource_index/packages/servo_control
[1.890s] -- Up-to-date: /root/lidar_system/install/servo_control/share/servo_control/cmake/servo_control__rosidl_generator_cExport.cmake
[1.891s] -- Up-to-date: /root/lidar_system/install/servo_control/share/servo_control/cmake/servo_control__rosidl_generator_cExport-noconfig.cmake
[1.891s] -- Up-to-date: /root/lidar_system/install/servo_control/share/servo_control/cmake/servo_control__rosidl_typesupport_introspection_cExport.cmake
[1.892s] -- Up-to-date: /root/lidar_system/install/servo_control/share/servo_control/cmake/servo_control__rosidl_typesupport_introspection_cExport-noconfig.cmake
[1.892s] -- Up-to-date: /root/lidar_system/install/servo_control/share/servo_control/cmake/servo_control__rosidl_typesupport_cExport.cmake
[1.892s] -- Up-to-date: /root/lidar_system/install/servo_control/share/servo_control/cmake/servo_control__rosidl_typesupport_cExport-noconfig.cmake
[1.893s] -- Up-to-date: /root/lidar_system/install/servo_control/share/servo_control/cmake/servo_control__rosidl_generator_cppExport.cmake
[1.893s] -- Up-to-date: /root/lidar_system/install/servo_control/share/servo_control/cmake/servo_control__rosidl_typesupport_introspection_cppExport.cmake
[1.895s] -- Up-to-date: /root/lidar_system/install/servo_control/share/servo_control/cmake/servo_control__rosidl_typesupport_introspection_cppExport-noconfig.cmake
[1.908s] -- Up-to-date: /root/lidar_system/install/servo_control/share/servo_control/cmake/servo_control__rosidl_typesupport_cppExport.cmake
[1.909s] -- Up-to-date: /root/lidar_system/install/servo_control/share/servo_control/cmake/servo_control__rosidl_typesupport_cppExport-noconfig.cmake
[1.909s] -- Up-to-date: /root/lidar_system/install/servo_control/share/servo_control/cmake/rosidl_cmake-extras.cmake
[1.910s] -- Up-to-date: /root/lidar_system/install/servo_control/share/servo_control/cmake/ament_cmake_export_dependencies-extras.cmake
[1.910s] -- Up-to-date: /root/lidar_system/install/servo_control/share/servo_control/cmake/ament_cmake_export_libraries-extras.cmake
[1.911s] -- Up-to-date: /root/lidar_system/install/servo_control/share/servo_control/cmake/ament_cmake_export_targets-extras.cmake
[1.911s] -- Up-to-date: /root/lidar_system/install/servo_control/share/servo_control/cmake/ament_cmake_export_include_directories-extras.cmake
[1.912s] -- Up-to-date: /root/lidar_system/install/servo_control/share/servo_control/cmake/rosidl_cmake_export_typesupport_libraries-extras.cmake
[1.912s] -- Up-to-date: /root/lidar_system/install/servo_control/share/servo_control/cmake/rosidl_cmake_export_typesupport_targets-extras.cmake
[1.913s] -- Up-to-date: /root/lidar_system/install/servo_control/share/servo_control/cmake/servo_controlConfig.cmake
[1.913s] -- Up-to-date: /root/lidar_system/install/servo_control/share/servo_control/cmake/servo_controlConfig-version.cmake
[1.913s] -- Up-to-date: /root/lidar_system/install/servo_control/share/servo_control/package.xml
[1.914s] Invoked command in '/root/lidar_system/build/servo_control' returned '0': CMAKE_PREFIX_PATH=/opt/ros/foxy /usr/bin/cmake --install /root/lidar_system/build/servo_control
