[0.131s] Invoking command in '/root/lidar_system/build/servo_control': CMAKE_PREFIX_PATH=/opt/ros/foxy /usr/bin/cmake --build /root/lidar_system/build/servo_control -- -j4 -l4
[0.470s] Scanning dependencies of target target_tracker_node
[0.635s] [ 10%] Building CXX object CMakeFiles/target_tracker_node.dir/src/target_tracker_node.cpp.o
[0.711s] [ 30%] Built target dynamic_tf_broadcaster
[0.793s] [ 50%] Built target mavros_tf_node
[0.802s] [ 70%] Built target lidar_pointcloud_node
[0.935s] Scanning dependencies of target scan_sequence_node
[1.026s] [ 80%] Building CXX object CMakeFiles/scan_sequence_node.dir/src/scan_sequence_node.cpp.o
[9.523s] /root/lidar_system/servo_control/src/scan_sequence_node.cpp: In member function ‘void ScanSequenceNode::detected_callback(std_msgs::msg::Bool_<std::allocator<void> >::SharedPtr)’:
[9.524s] /root/lidar_system/servo_control/src/scan_sequence_node.cpp:155:63: warning: unused parameter ‘msg’ [-Wunused-parameter]
[9.524s]   155 |   void detected_callback(const std_msgs::msg::Bool::SharedPtr msg)
[9.525s]       |                          ~~~~~~~~~~~~~~~~~~~~~~~~~~~~~~~~~~~~~^~~
[37.619s] [ 90%] Linking CXX executable target_tracker_node
[39.305s] [ 90%] Built target target_tracker_node
[48.358s] [100%] Linking CXX executable scan_sequence_node
[50.302s] [100%] Built target scan_sequence_node
[50.348s] Invoked command in '/root/lidar_system/build/servo_control' returned '0': CMAKE_PREFIX_PATH=/opt/ros/foxy /usr/bin/cmake --build /root/lidar_system/build/servo_control -- -j4 -l4
[50.579s] Invoking command in '/root/lidar_system/build/servo_control': CMAKE_PREFIX_PATH=/opt/ros/foxy /usr/bin/cmake --install /root/lidar_system/build/servo_control
[50.625s] -- Install configuration: ""
[50.628s] -- Up-to-date: /root/lidar_system/install/servo_control/lib/servo_control/dynamic_tf_broadcaster
[50.631s] -- Up-to-date: /root/lidar_system/install/servo_control/lib/servo_control/lidar_pointcloud_node
[50.634s] -- Installing: /root/lidar_system/install/servo_control/lib/servo_control/scan_sequence_node
[50.653s] -- Set runtime path of "/root/lidar_system/install/servo_control/lib/servo_control/scan_sequence_node" to ""
[50.654s] -- Installing: /root/lidar_system/install/servo_control/lib/servo_control/target_tracker_node
[50.675s] -- Set runtime path of "/root/lidar_system/install/servo_control/lib/servo_control/target_tracker_node" to ""
[50.679s] -- Up-to-date: /root/lidar_system/install/servo_control/lib/servo_control/mavros_tf_node
[50.681s] -- Up-to-date: /root/lidar_system/install/servo_control/share/servo_control/environment/pythonpath.sh
[50.682s] -- Up-to-date: /root/lidar_system/install/servo_control/share/servo_control/environment/pythonpath.dsv
[50.682s] -- Up-to-date: /root/lidar_system/install/servo_control/lib/python3.8/site-packages/servo_control
[50.688s] -- Up-to-date: /root/lidar_system/install/servo_control/lib/python3.8/site-packages/servo_control/__init__.py
[50.865s] Listing '/root/lidar_system/install/servo_control/lib/python3.8/site-packages/servo_control'...
[50.906s] -- Up-to-date: /root/lidar_system/install/servo_control/lib/servo_control/servo_motor_node.py
[50.907s] -- Up-to-date: /root/lidar_system/install/servo_control/lib/servo_control/lidar_bbox_open3d.py
[50.913s] -- Up-to-date: /root/lidar_system/install/servo_control/share/ament_index/resource_index/package_run_dependencies/servo_control
[50.916s] -- Up-to-date: /root/lidar_system/install/servo_control/share/ament_index/resource_index/parent_prefix_path/servo_control
[50.932s] -- Up-to-date: /root/lidar_system/install/servo_control/share/servo_control/environment/ament_prefix_path.sh
[50.933s] -- Up-to-date: /root/lidar_system/install/servo_control/share/servo_control/environment/ament_prefix_path.dsv
[50.933s] -- Up-to-date: /root/lidar_system/install/servo_control/share/servo_control/environment/path.sh
[50.934s] -- Up-to-date: /root/lidar_system/install/servo_control/share/servo_control/environment/path.dsv
[50.935s] -- Up-to-date: /root/lidar_system/install/servo_control/share/servo_control/local_setup.bash
[50.936s] -- Up-to-date: /root/lidar_system/install/servo_control/share/servo_control/local_setup.sh
[50.937s] -- Up-to-date: /root/lidar_system/install/servo_control/share/servo_control/local_setup.zsh
[50.939s] -- Up-to-date: /root/lidar_system/install/servo_control/share/servo_control/local_setup.dsv
[50.940s] -- Installing: /root/lidar_system/install/servo_control/share/servo_control/package.dsv
[50.942s] -- Up-to-date: /root/lidar_system/install/servo_control/share/ament_index/resource_index/packages/servo_control
[50.942s] -- Up-to-date: /root/lidar_system/install/servo_control/share/servo_control/cmake/servo_controlConfig.cmake
[50.943s] -- Up-to-date: /root/lidar_system/install/servo_control/share/servo_control/cmake/servo_controlConfig-version.cmake
[50.944s] -- Up-to-date: /root/lidar_system/install/servo_control/share/servo_control/package.xml
[50.946s] Invoked command in '/root/lidar_system/build/servo_control' returned '0': CMAKE_PREFIX_PATH=/opt/ros/foxy /usr/bin/cmake --install /root/lidar_system/build/servo_control
