[0.068s] Invoking command in '/root/lidar_system/build/servo_control': CMAKE_PREFIX_PATH=/opt/ros/foxy /usr/bin/cmake --build /root/lidar_system/build/servo_control -- -j4 -l4
[0.520s] [ 20%] Built target lidar_pointcloud_node
[0.530s] [ 40%] Built target target_tracker_node
[0.547s] [ 60%] Built target dynamic_tf_broadcaster
[0.550s] [ 80%] Built target mavros_tf_node
[0.669s] Scanning dependencies of target scan_sequence_node
[0.721s] [ 90%] Building CXX object CMakeFiles/scan_sequence_node.dir/src/scan_sequence_node.cpp.o
[51.391s] [100%] Linking CXX executable scan_sequence_node
[53.647s] [100%] Built target scan_sequence_node
[53.692s] Invoked command in '/root/lidar_system/build/servo_control' returned '0': CMAKE_PREFIX_PATH=/opt/ros/foxy /usr/bin/cmake --build /root/lidar_system/build/servo_control -- -j4 -l4
[53.815s] Invoking command in '/root/lidar_system/build/servo_control': CMAKE_PREFIX_PATH=/opt/ros/foxy /usr/bin/cmake --install /root/lidar_system/build/servo_control
[53.854s] -- Install configuration: ""
[53.855s] -- Up-to-date: /root/lidar_system/install/servo_control/lib/servo_control/dynamic_tf_broadcaster
[53.856s] -- Up-to-date: /root/lidar_system/install/servo_control/lib/servo_control/lidar_pointcloud_node
[53.857s] -- Installing: /root/lidar_system/install/servo_control/lib/servo_control/scan_sequence_node
[53.877s] -- Set runtime path of "/root/lidar_system/install/servo_control/lib/servo_control/scan_sequence_node" to ""
[53.879s] -- Up-to-date: /root/lidar_system/install/servo_control/lib/servo_control/target_tracker_node
[53.880s] -- Up-to-date: /root/lidar_system/install/servo_control/lib/servo_control/mavros_tf_node
[53.883s] -- Up-to-date: /root/lidar_system/install/servo_control/share/servo_control/environment/pythonpath.sh
[53.883s] -- Up-to-date: /root/lidar_system/install/servo_control/share/servo_control/environment/pythonpath.dsv
[53.884s] -- Up-to-date: /root/lidar_system/install/servo_control/lib/python3.8/site-packages/servo_control
[53.884s] -- Up-to-date: /root/lidar_system/install/servo_control/lib/python3.8/site-packages/servo_control/__init__.py
[54.013s] Listing '/root/lidar_system/install/servo_control/lib/python3.8/site-packages/servo_control'...
[54.035s] -- Up-to-date: /root/lidar_system/install/servo_control/lib/servo_control/servo_motor_node.py
[54.036s] -- Up-to-date: /root/lidar_system/install/servo_control/lib/servo_control/lidar_bbox_open3d.py
[54.036s] -- Up-to-date: /root/lidar_system/install/servo_control/share/ament_index/resource_index/package_run_dependencies/servo_control
[54.036s] -- Up-to-date: /root/lidar_system/install/servo_control/share/ament_index/resource_index/parent_prefix_path/servo_control
[54.037s] -- Up-to-date: /root/lidar_system/install/servo_control/share/servo_control/environment/ament_prefix_path.sh
[54.038s] -- Up-to-date: /root/lidar_system/install/servo_control/share/servo_control/environment/ament_prefix_path.dsv
[54.038s] -- Up-to-date: /root/lidar_system/install/servo_control/share/servo_control/environment/path.sh
[54.039s] -- Up-to-date: /root/lidar_system/install/servo_control/share/servo_control/environment/path.dsv
[54.039s] -- Up-to-date: /root/lidar_system/install/servo_control/share/servo_control/local_setup.bash
[54.040s] -- Up-to-date: /root/lidar_system/install/servo_control/share/servo_control/local_setup.sh
[54.041s] -- Up-to-date: /root/lidar_system/install/servo_control/share/servo_control/local_setup.zsh
[54.041s] -- Up-to-date: /root/lidar_system/install/servo_control/share/servo_control/local_setup.dsv
[54.041s] -- Installing: /root/lidar_system/install/servo_control/share/servo_control/package.dsv
[54.042s] -- Up-to-date: /root/lidar_system/install/servo_control/share/ament_index/resource_index/packages/servo_control
[54.042s] -- Up-to-date: /root/lidar_system/install/servo_control/share/servo_control/cmake/servo_controlConfig.cmake
[54.043s] -- Up-to-date: /root/lidar_system/install/servo_control/share/servo_control/cmake/servo_controlConfig-version.cmake
[54.045s] -- Up-to-date: /root/lidar_system/install/servo_control/share/servo_control/package.xml
[54.058s] Invoked command in '/root/lidar_system/build/servo_control' returned '0': CMAKE_PREFIX_PATH=/opt/ros/foxy /usr/bin/cmake --install /root/lidar_system/build/servo_control
