[0.000000] (-) TimerEvent: {}
[0.000695] (rplidar_ros) JobQueued: {'identifier': 'rplidar_ros', 'dependencies': OrderedDict()}
[0.001596] (servo_control) JobQueued: {'identifier': 'servo_control', 'dependencies': OrderedDict()}
[0.002790] (rplidar_ros) JobStarted: {'identifier': 'rplidar_ros'}
[0.073495] (servo_control) JobStarted: {'identifier': 'servo_control'}
[0.099046] (-) TimerEvent: {}
[0.118955] (rplidar_ros) JobProgress: {'identifier': 'rplidar_ros', 'progress': 'cmake'}
[0.124782] (rplidar_ros) JobProgress: {'identifier': 'rplidar_ros', 'progress': 'build'}
[0.132762] (rplidar_ros) Command: {'cmd': ['/usr/bin/cmake', '--build', '/root/lidar_system/build/rplidar_ros', '--', '-j4', '-l4'], 'cwd': '/root/lidar_system/build/rplidar_ros', 'env': OrderedDict([('HOSTNAME', 'ubuntu-desktop'), ('SHLVL', '1'), ('LD_LIBRARY_PATH', '/opt/ros/foxy/opt/yaml_cpp_vendor/lib:/opt/ros/foxy/opt/rviz_ogre_vendor/lib:/opt/ros/foxy/lib/aarch64-linux-gnu:/opt/ros/foxy/lib'), ('HOME', '/root'), ('OLDPWD', '/'), ('ROS_PYTHON_VERSION', '3'), ('ROS_DISTRO', 'foxy'), ('_', '/usr/bin/colcon'), ('ROS_VERSION', '2'), ('ROS_LOCALHOST_ONLY', '0'), ('QT_X11_NO_MITSHM', '1'), ('PATH', '/opt/ros/foxy/bin:/usr/local/sbin:/usr/local/bin:/usr/sbin:/usr/bin:/sbin:/bin'), ('FASTRTPS_DEFAULT_PROFILES_FILE', '/fastdds.xml'), ('DISPLAY', ':0'), ('LANG', 'C.UTF-8'), ('RMW_IMPLEMENTATION', 'rmw_fastrtps_cpp'), ('ROS_DOMAIN_ID', '0'), ('AMENT_PREFIX_PATH', '/opt/ros/foxy'), ('PWD', '/root/lidar_system/build/rplidar_ros'), ('LC_ALL', 'C.UTF-8'), ('PYTHONPATH', '/opt/ros/foxy/lib/python3.8/site-packages'), ('COLCON', '1'), ('CMAKE_PREFIX_PATH', '/opt/ros/foxy')]), 'shell': False}
[0.147963] (servo_control) JobProgress: {'identifier': 'servo_control', 'progress': 'cmake'}
[0.170843] (servo_control) JobProgress: {'identifier': 'servo_control', 'progress': 'build'}
[0.172684] (servo_control) Command: {'cmd': ['/usr/bin/cmake', '--build', '/root/lidar_system/build/servo_control', '--', '-j4', '-l4'], 'cwd': '/root/lidar_system/build/servo_control', 'env': OrderedDict([('HOSTNAME', 'ubuntu-desktop'), ('SHLVL', '1'), ('LD_LIBRARY_PATH', '/opt/ros/foxy/opt/yaml_cpp_vendor/lib:/opt/ros/foxy/opt/rviz_ogre_vendor/lib:/opt/ros/foxy/lib/aarch64-linux-gnu:/opt/ros/foxy/lib'), ('HOME', '/root'), ('OLDPWD', '/'), ('ROS_PYTHON_VERSION', '3'), ('ROS_DISTRO', 'foxy'), ('_', '/usr/bin/colcon'), ('ROS_VERSION', '2'), ('ROS_LOCALHOST_ONLY', '0'), ('QT_X11_NO_MITSHM', '1'), ('PATH', '/opt/ros/foxy/bin:/usr/local/sbin:/usr/local/bin:/usr/sbin:/usr/bin:/sbin:/bin'), ('FASTRTPS_DEFAULT_PROFILES_FILE', '/fastdds.xml'), ('DISPLAY', ':0'), ('LANG', 'C.UTF-8'), ('RMW_IMPLEMENTATION', 'rmw_fastrtps_cpp'), ('ROS_DOMAIN_ID', '0'), ('AMENT_PREFIX_PATH', '/opt/ros/foxy'), ('PWD', '/root/lidar_system/build/servo_control'), ('LC_ALL', 'C.UTF-8'), ('PYTHONPATH', '/opt/ros/foxy/lib/python3.8/site-packages'), ('COLCON', '1'), ('CMAKE_PREFIX_PATH', '/opt/ros/foxy')]), 'shell': False}
[0.199314] (-) TimerEvent: {}
[0.299729] (-) TimerEvent: {}
[0.400337] (-) TimerEvent: {}
[0.500761] (-) TimerEvent: {}
[0.601146] (-) TimerEvent: {}
[0.690518] (servo_control) StdoutLine: {'line': b'Scanning dependencies of target target_tracker_node\n'}
[0.701388] (-) TimerEvent: {}
[0.708120] (rplidar_ros) StdoutLine: {'line': b'[  5%] Built target rplidar_client\n'}
[0.772084] (servo_control) StdoutLine: {'line': b'[ 20%] Built target dynamic_tf_broadcaster\n'}
[0.808362] (-) TimerEvent: {}
[0.835393] (servo_control) StdoutLine: {'line': b'[ 30%] Building CXX object CMakeFiles/target_tracker_node.dir/src/target_tracker_node.cpp.o\n'}
[0.859016] (rplidar_ros) StdoutLine: {'line': b'[ 52%] Built target rplidar_composition\n'}
[0.908578] (-) TimerEvent: {}
[0.979396] (servo_control) StdoutLine: {'line': b'[ 50%] Built target mavros_tf_node\n'}
[1.008778] (-) TimerEvent: {}
[1.058286] (rplidar_ros) StdoutLine: {'line': b'[100%] Built target rplidar_node\n'}
[1.096093] (servo_control) StdoutLine: {'line': b'[ 70%] Built target lidar_pointcloud_node\n'}
[1.113963] (-) TimerEvent: {}
[1.120164] (rplidar_ros) CommandEnded: {'returncode': 0}
[1.175483] (servo_control) StdoutLine: {'line': b'Scanning dependencies of target scan_sequence_node\n'}
[1.214181] (-) TimerEvent: {}
[1.298377] (servo_control) StdoutLine: {'line': b'[ 80%] Building CXX object CMakeFiles/scan_sequence_node.dir/src/scan_sequence_node.cpp.o\n'}
[1.314629] (-) TimerEvent: {}
[1.416336] (-) TimerEvent: {}
[1.516770] (-) TimerEvent: {}
[1.613496] (rplidar_ros) JobProgress: {'identifier': 'rplidar_ros', 'progress': 'install'}
[1.617014] (-) TimerEvent: {}
[1.660212] (rplidar_ros) Command: {'cmd': ['/usr/bin/cmake', '--install', '/root/lidar_system/build/rplidar_ros'], 'cwd': '/root/lidar_system/build/rplidar_ros', 'env': OrderedDict([('HOSTNAME', 'ubuntu-desktop'), ('SHLVL', '1'), ('LD_LIBRARY_PATH', '/opt/ros/foxy/opt/yaml_cpp_vendor/lib:/opt/ros/foxy/opt/rviz_ogre_vendor/lib:/opt/ros/foxy/lib/aarch64-linux-gnu:/opt/ros/foxy/lib'), ('HOME', '/root'), ('OLDPWD', '/'), ('ROS_PYTHON_VERSION', '3'), ('ROS_DISTRO', 'foxy'), ('_', '/usr/bin/colcon'), ('ROS_VERSION', '2'), ('ROS_LOCALHOST_ONLY', '0'), ('QT_X11_NO_MITSHM', '1'), ('PATH', '/opt/ros/foxy/bin:/usr/local/sbin:/usr/local/bin:/usr/sbin:/usr/bin:/sbin:/bin'), ('FASTRTPS_DEFAULT_PROFILES_FILE', '/fastdds.xml'), ('DISPLAY', ':0'), ('LANG', 'C.UTF-8'), ('RMW_IMPLEMENTATION', 'rmw_fastrtps_cpp'), ('ROS_DOMAIN_ID', '0'), ('AMENT_PREFIX_PATH', '/opt/ros/foxy'), ('PWD', '/root/lidar_system/build/rplidar_ros'), ('LC_ALL', 'C.UTF-8'), ('PYTHONPATH', '/opt/ros/foxy/lib/python3.8/site-packages'), ('COLCON', '1'), ('CMAKE_PREFIX_PATH', '/opt/ros/foxy')]), 'shell': False}
[1.717230] (-) TimerEvent: {}
[1.732864] (rplidar_ros) StdoutLine: {'line': b'-- Install configuration: ""\n'}
[1.734242] (rplidar_ros) StdoutLine: {'line': b'-- Up-to-date: /root/lidar_system/install/rplidar_ros/share/rplidar_ros/launch\n'}
[1.735607] (rplidar_ros) StdoutLine: {'line': b'-- Up-to-date: /root/lidar_system/install/rplidar_ros/share/rplidar_ros/launch/rplidar_a3_launch.py\n'}
[1.736909] (rplidar_ros) StdoutLine: {'line': b'-- Up-to-date: /root/lidar_system/install/rplidar_ros/share/rplidar_ros/launch/view_rplidar_a2m8_launch.py\n'}
[1.737450] (rplidar_ros) StdoutLine: {'line': b'-- Up-to-date: /root/lidar_system/install/rplidar_ros/share/rplidar_ros/launch/view_rplidar_a2m7_launch.py\n'}
[1.738920] (rplidar_ros) StdoutLine: {'line': b'-- Up-to-date: /root/lidar_system/install/rplidar_ros/share/rplidar_ros/launch/rplidar_s2_launch.py\n'}
[1.740044] (rplidar_ros) StdoutLine: {'line': b'-- Up-to-date: /root/lidar_system/install/rplidar_ros/share/rplidar_ros/launch/rplidar_s1_tcp_launch.py\n'}
[1.751843] (rplidar_ros) StdoutLine: {'line': b'-- Up-to-date: /root/lidar_system/install/rplidar_ros/share/rplidar_ros/launch/view_rplidar_a1_launch.py\n'}
[1.752782] (rplidar_ros) StdoutLine: {'line': b'-- Up-to-date: /root/lidar_system/install/rplidar_ros/share/rplidar_ros/launch/rplidar_t1_launch.py\n'}
[1.753207] (rplidar_ros) StdoutLine: {'line': b'-- Up-to-date: /root/lidar_system/install/rplidar_ros/share/rplidar_ros/launch/system_launch.py\n'}
[1.753595] (rplidar_ros) StdoutLine: {'line': b'-- Up-to-date: /root/lidar_system/install/rplidar_ros/share/rplidar_ros/launch/rplidar_a1_launch.py\n'}
[1.753954] (rplidar_ros) StdoutLine: {'line': b'-- Up-to-date: /root/lidar_system/install/rplidar_ros/share/rplidar_ros/launch/view_rplidar_s1_launch.py\n'}
[1.754303] (rplidar_ros) StdoutLine: {'line': b'-- Up-to-date: /root/lidar_system/install/rplidar_ros/share/rplidar_ros/launch/view_rplidar_s2_launch.py\n'}
[1.754627] (rplidar_ros) StdoutLine: {'line': b'-- Up-to-date: /root/lidar_system/install/rplidar_ros/share/rplidar_ros/launch/view_rplidar_s2e_launch.py\n'}
[1.754967] (rplidar_ros) StdoutLine: {'line': b'-- Up-to-date: /root/lidar_system/install/rplidar_ros/share/rplidar_ros/launch/view_rplidar_a2m12_launch.py\n'}
[1.755304] (rplidar_ros) StdoutLine: {'line': b'-- Up-to-date: /root/lidar_system/install/rplidar_ros/share/rplidar_ros/launch/rplidar_a2m7_launch.py\n'}
[1.755633] (rplidar_ros) StdoutLine: {'line': b'-- Up-to-date: /root/lidar_system/install/rplidar_ros/share/rplidar_ros/launch/rplidar_s2e_launch.py\n'}
[1.755998] (rplidar_ros) StdoutLine: {'line': b'-- Up-to-date: /root/lidar_system/install/rplidar_ros/share/rplidar_ros/launch/view_rplidar_s1_tcp_launch.py\n'}
[1.757634] (rplidar_ros) StdoutLine: {'line': b'-- Up-to-date: /root/lidar_system/install/rplidar_ros/share/rplidar_ros/launch/rplidar_a2m12_launch.py\n'}
[1.758071] (rplidar_ros) StdoutLine: {'line': b'-- Up-to-date: /root/lidar_system/install/rplidar_ros/share/rplidar_ros/launch/rplidar_s1_launch.py\n'}
[1.759780] (rplidar_ros) StdoutLine: {'line': b'-- Up-to-date: /root/lidar_system/install/rplidar_ros/share/rplidar_ros/launch/__pycache__\n'}
[1.761000] (rplidar_ros) StdoutLine: {'line': b'-- Installing: /root/lidar_system/install/rplidar_ros/share/rplidar_ros/launch/__pycache__/system_launch.cpython-38.pyc\n'}
[1.761432] (rplidar_ros) StdoutLine: {'line': b'-- Up-to-date: /root/lidar_system/install/rplidar_ros/share/rplidar_ros/launch/rplidar_s3_launch.py\n'}
[1.761799] (rplidar_ros) StdoutLine: {'line': b'-- Up-to-date: /root/lidar_system/install/rplidar_ros/share/rplidar_ros/launch/rplidar_a2m8_launch.py\n'}
[1.762163] (rplidar_ros) StdoutLine: {'line': b'-- Up-to-date: /root/lidar_system/install/rplidar_ros/share/rplidar_ros/launch/view_rplidar_t1_launch.py\n'}
[1.762510] (rplidar_ros) StdoutLine: {'line': b'-- Up-to-date: /root/lidar_system/install/rplidar_ros/share/rplidar_ros/launch/view_rplidar_a3_launch.py\n'}
[1.762854] (rplidar_ros) StdoutLine: {'line': b'-- Up-to-date: /root/lidar_system/install/rplidar_ros/share/rplidar_ros/launch/rplidar_c1_launch.py\n'}
[1.763201] (rplidar_ros) StdoutLine: {'line': b'-- Up-to-date: /root/lidar_system/install/rplidar_ros/share/rplidar_ros/launch/view_rplidar_s3_launch.py\n'}
[1.763563] (rplidar_ros) StdoutLine: {'line': b'-- Up-to-date: /root/lidar_system/install/rplidar_ros/share/rplidar_ros/launch/view_rplidar_c1_launch.py\n'}
[1.763901] (rplidar_ros) StdoutLine: {'line': b'-- Up-to-date: /root/lidar_system/install/rplidar_ros/share/rplidar_ros/rviz\n'}
[1.764334] (rplidar_ros) StdoutLine: {'line': b'-- Up-to-date: /root/lidar_system/install/rplidar_ros/share/rplidar_ros/rviz/rplidar_ros.rviz\n'}
[1.764763] (rplidar_ros) StdoutLine: {'line': b'-- Up-to-date: /root/lidar_system/install/rplidar_ros/lib/rplidar_ros/rplidar_node\n'}
[1.765124] (rplidar_ros) StdoutLine: {'line': b'-- Up-to-date: /root/lidar_system/install/rplidar_ros/lib/rplidar_ros/rplidar_composition\n'}
[1.765517] (rplidar_ros) StdoutLine: {'line': b'-- Up-to-date: /root/lidar_system/install/rplidar_ros/lib/rplidar_ros/rplidar_client\n'}
[1.765963] (rplidar_ros) StdoutLine: {'line': b'-- Up-to-date: /root/lidar_system/install/rplidar_ros/share/ament_index/resource_index/package_run_dependencies/rplidar_ros\n'}
[1.766422] (rplidar_ros) StdoutLine: {'line': b'-- Up-to-date: /root/lidar_system/install/rplidar_ros/share/ament_index/resource_index/parent_prefix_path/rplidar_ros\n'}
[1.768098] (rplidar_ros) StdoutLine: {'line': b'-- Up-to-date: /root/lidar_system/install/rplidar_ros/share/rplidar_ros/environment/ament_prefix_path.sh\n'}
[1.768839] (rplidar_ros) StdoutLine: {'line': b'-- Up-to-date: /root/lidar_system/install/rplidar_ros/share/rplidar_ros/environment/ament_prefix_path.dsv\n'}
[1.770724] (rplidar_ros) StdoutLine: {'line': b'-- Up-to-date: /root/lidar_system/install/rplidar_ros/share/rplidar_ros/environment/path.sh\n'}
[1.771180] (rplidar_ros) StdoutLine: {'line': b'-- Up-to-date: /root/lidar_system/install/rplidar_ros/share/rplidar_ros/environment/path.dsv\n'}
[1.771583] (rplidar_ros) StdoutLine: {'line': b'-- Up-to-date: /root/lidar_system/install/rplidar_ros/share/rplidar_ros/local_setup.bash\n'}
[1.772035] (rplidar_ros) StdoutLine: {'line': b'-- Up-to-date: /root/lidar_system/install/rplidar_ros/share/rplidar_ros/local_setup.sh\n'}
[1.772523] (rplidar_ros) StdoutLine: {'line': b'-- Up-to-date: /root/lidar_system/install/rplidar_ros/share/rplidar_ros/local_setup.zsh\n'}
[1.772948] (rplidar_ros) StdoutLine: {'line': b'-- Up-to-date: /root/lidar_system/install/rplidar_ros/share/rplidar_ros/local_setup.dsv\n'}
[1.773409] (rplidar_ros) StdoutLine: {'line': b'-- Installing: /root/lidar_system/install/rplidar_ros/share/rplidar_ros/package.dsv\n'}
[1.773921] (rplidar_ros) StdoutLine: {'line': b'-- Up-to-date: /root/lidar_system/install/rplidar_ros/share/ament_index/resource_index/packages/rplidar_ros\n'}
[1.791617] (rplidar_ros) StdoutLine: {'line': b'-- Up-to-date: /root/lidar_system/install/rplidar_ros/share/rplidar_ros/cmake/ament_cmake_export_dependencies-extras.cmake\n'}
[1.792117] (rplidar_ros) StdoutLine: {'line': b'-- Up-to-date: /root/lidar_system/install/rplidar_ros/share/rplidar_ros/cmake/ament_cmake_export_include_directories-extras.cmake\n'}
[1.792629] (rplidar_ros) StdoutLine: {'line': b'-- Up-to-date: /root/lidar_system/install/rplidar_ros/share/rplidar_ros/cmake/rplidar_rosConfig.cmake\n'}
[1.793076] (rplidar_ros) StdoutLine: {'line': b'-- Up-to-date: /root/lidar_system/install/rplidar_ros/share/rplidar_ros/cmake/rplidar_rosConfig-version.cmake\n'}
[1.793458] (rplidar_ros) StdoutLine: {'line': b'-- Up-to-date: /root/lidar_system/install/rplidar_ros/share/rplidar_ros/package.xml\n'}
[1.793806] (rplidar_ros) CommandEnded: {'returncode': 0}
[1.818835] (-) TimerEvent: {}
[1.919363] (-) TimerEvent: {}
[2.019929] (-) TimerEvent: {}
[2.120354] (-) TimerEvent: {}
[2.220783] (-) TimerEvent: {}
[2.321236] (-) TimerEvent: {}
[2.432491] (-) TimerEvent: {}
[2.536637] (-) TimerEvent: {}
[2.646516] (-) TimerEvent: {}
[2.716395] (rplidar_ros) JobEnded: {'identifier': 'rplidar_ros', 'rc': 0}
[2.750674] (-) TimerEvent: {}
[2.852338] (-) TimerEvent: {}
[2.952721] (-) TimerEvent: {}
[3.054992] (-) TimerEvent: {}
[3.155606] (-) TimerEvent: {}
[3.256028] (-) TimerEvent: {}
[3.356586] (-) TimerEvent: {}
[3.458221] (-) TimerEvent: {}
[3.558761] (-) TimerEvent: {}
[3.659358] (-) TimerEvent: {}
[3.760398] (-) TimerEvent: {}
[3.860826] (-) TimerEvent: {}
[3.961308] (-) TimerEvent: {}
[4.061810] (-) TimerEvent: {}
[4.164125] (-) TimerEvent: {}
[4.264555] (-) TimerEvent: {}
[4.368386] (-) TimerEvent: {}
[4.468882] (-) TimerEvent: {}
[4.571675] (-) TimerEvent: {}
[4.672091] (-) TimerEvent: {}
[4.773131] (-) TimerEvent: {}
[4.873542] (-) TimerEvent: {}
[4.974695] (-) TimerEvent: {}
[5.080301] (-) TimerEvent: {}
[5.180912] (-) TimerEvent: {}
[5.281566] (-) TimerEvent: {}
[5.388212] (-) TimerEvent: {}
[5.488712] (-) TimerEvent: {}
[5.589301] (-) TimerEvent: {}
[5.689856] (-) TimerEvent: {}
[5.790692] (-) TimerEvent: {}
[5.891436] (-) TimerEvent: {}
[5.991991] (-) TimerEvent: {}
[6.092471] (-) TimerEvent: {}
[6.193244] (-) TimerEvent: {}
[6.293646] (-) TimerEvent: {}
[6.394043] (-) TimerEvent: {}
[6.494630] (-) TimerEvent: {}
[6.595305] (-) TimerEvent: {}
[6.695697] (-) TimerEvent: {}
[6.796315] (-) TimerEvent: {}
[6.896708] (-) TimerEvent: {}
[6.997142] (-) TimerEvent: {}
[7.098960] (-) TimerEvent: {}
[7.200672] (-) TimerEvent: {}
[7.301497] (-) TimerEvent: {}
[7.402654] (-) TimerEvent: {}
[7.505042] (-) TimerEvent: {}
[7.605595] (-) TimerEvent: {}
[7.705968] (-) TimerEvent: {}
[7.807665] (-) TimerEvent: {}
[7.908070] (-) TimerEvent: {}
[8.009528] (-) TimerEvent: {}
[8.111339] (-) TimerEvent: {}
[8.211743] (-) TimerEvent: {}
[8.312320] (-) TimerEvent: {}
[8.412705] (-) TimerEvent: {}
[8.513117] (-) TimerEvent: {}
[8.613511] (-) TimerEvent: {}
[8.713952] (-) TimerEvent: {}
[8.814466] (-) TimerEvent: {}
[8.915069] (-) TimerEvent: {}
[9.016400] (-) TimerEvent: {}
[9.117076] (-) TimerEvent: {}
[9.217912] (-) TimerEvent: {}
[9.318719] (-) TimerEvent: {}
[9.419350] (-) TimerEvent: {}
[9.520055] (-) TimerEvent: {}
[9.620519] (-) TimerEvent: {}
[9.652458] (servo_control) StderrLine: {'line': b'/root/lidar_system/servo_control/src/scan_sequence_node.cpp: In constructor \xe2\x80\x98ScanSequenceNode::ScanSequenceNode()\xe2\x80\x99:\n'}
[9.657039] (servo_control) StderrLine: {'line': b'/root/lidar_system/servo_control/src/scan_sequence_node.cpp:724:16: warning: \xe2\x80\x98ScanSequenceNode::tilt_settle_start_\xe2\x80\x99 will be initialized after [-Wreorder]\n'}
[9.657636] (servo_control) StderrLine: {'line': b'  724 |   rclcpp::Time tilt_settle_start_;\n'}
[9.658162] (servo_control) StderrLine: {'line': b'      |                ^~~~~~~~~~~~~~~~~~\n'}
[9.658965] (servo_control) StderrLine: {'line': b'/root/lidar_system/servo_control/src/scan_sequence_node.cpp:700:16: warning:   \xe2\x80\x98rclcpp::Time ScanSequenceNode::last_target_time_\xe2\x80\x99 [-Wreorder]\n'}
[9.659569] (servo_control) StderrLine: {'line': b'  700 |   rclcpp::Time last_target_time_;\n'}
[9.660059] (servo_control) StderrLine: {'line': b'      |                ^~~~~~~~~~~~~~~~~\n'}
[9.660694] (servo_control) StderrLine: {'line': b'/root/lidar_system/servo_control/src/scan_sequence_node.cpp:14:3: warning:   when initialized here [-Wreorder]\n'}
[9.661195] (servo_control) StderrLine: {'line': b'   14 |   ScanSequenceNode()\n'}
[9.661661] (servo_control) StderrLine: {'line': b'      |   ^~~~~~~~~~~~~~~~\n'}
[9.721533] (-) TimerEvent: {}
[9.821931] (-) TimerEvent: {}
[9.922356] (-) TimerEvent: {}
[9.958167] (servo_control) StderrLine: {'line': b'/root/lidar_system/servo_control/src/target_tracker_node.cpp: In constructor \xe2\x80\x98ScanSequenceNode::ScanSequenceNode()\xe2\x80\x99:\n'}
[9.958977] (servo_control) StderrLine: {'line': b'/root/lidar_system/servo_control/src/target_tracker_node.cpp:724:16: warning: \xe2\x80\x98ScanSequenceNode::tilt_settle_start_\xe2\x80\x99 will be initialized after [-Wreorder]\n'}
[9.959536] (servo_control) StderrLine: {'line': b'  724 |   rclcpp::Time tilt_settle_start_;\n'}
[9.964940] (servo_control) StderrLine: {'line': b'      |                ^~~~~~~~~~~~~~~~~~\n'}
[9.965406] (servo_control) StderrLine: {'line': b'/root/lidar_system/servo_control/src/target_tracker_node.cpp:700:16: warning:   \xe2\x80\x98rclcpp::Time ScanSequenceNode::last_target_time_\xe2\x80\x99 [-Wreorder]\n'}
[9.965815] (servo_control) StderrLine: {'line': b'  700 |   rclcpp::Time last_target_time_;\n'}
[9.966286] (servo_control) StderrLine: {'line': b'      |                ^~~~~~~~~~~~~~~~~\n'}
[9.966721] (servo_control) StderrLine: {'line': b'/root/lidar_system/servo_control/src/target_tracker_node.cpp:14:3: warning:   when initialized here [-Wreorder]\n'}
[9.967112] (servo_control) StderrLine: {'line': b'   14 |   ScanSequenceNode()\n'}
[9.967492] (servo_control) StderrLine: {'line': b'      |   ^~~~~~~~~~~~~~~~\n'}
[10.022539] (-) TimerEvent: {}
[10.123646] (-) TimerEvent: {}
[10.224063] (-) TimerEvent: {}
[10.324986] (-) TimerEvent: {}
[10.425408] (-) TimerEvent: {}
[10.525798] (-) TimerEvent: {}
[10.626178] (-) TimerEvent: {}
[10.726635] (-) TimerEvent: {}
[10.827022] (-) TimerEvent: {}
[10.927463] (-) TimerEvent: {}
[11.027953] (-) TimerEvent: {}
[11.128361] (-) TimerEvent: {}
[11.229094] (-) TimerEvent: {}
[11.329485] (-) TimerEvent: {}
[11.430630] (-) TimerEvent: {}
[11.531446] (-) TimerEvent: {}
[11.631836] (-) TimerEvent: {}
[11.732387] (-) TimerEvent: {}
[11.833729] (-) TimerEvent: {}
[11.934103] (-) TimerEvent: {}
[12.034520] (-) TimerEvent: {}
[12.134912] (-) TimerEvent: {}
[12.235403] (-) TimerEvent: {}
[12.335789] (-) TimerEvent: {}
[12.436532] (-) TimerEvent: {}
[12.540334] (-) TimerEvent: {}
[12.640717] (-) TimerEvent: {}
[12.741168] (-) TimerEvent: {}
[12.841807] (-) TimerEvent: {}
[12.943268] (-) TimerEvent: {}
[13.043666] (-) TimerEvent: {}
[13.144272] (-) TimerEvent: {}
[13.244774] (-) TimerEvent: {}
[13.345386] (-) TimerEvent: {}
[13.452353] (-) TimerEvent: {}
[13.552811] (-) TimerEvent: {}
[13.655365] (-) TimerEvent: {}
[13.755955] (-) TimerEvent: {}
[13.857039] (-) TimerEvent: {}
[13.957799] (-) TimerEvent: {}
[14.059181] (-) TimerEvent: {}
[14.159605] (-) TimerEvent: {}
[14.260065] (-) TimerEvent: {}
[14.360851] (-) TimerEvent: {}
[14.461462] (-) TimerEvent: {}
[14.561856] (-) TimerEvent: {}
[14.663424] (-) TimerEvent: {}
[14.769036] (-) TimerEvent: {}
[14.869430] (-) TimerEvent: {}
[14.971844] (-) TimerEvent: {}
[15.072407] (-) TimerEvent: {}
[15.173229] (-) TimerEvent: {}
[15.273766] (-) TimerEvent: {}
[15.375976] (-) TimerEvent: {}
[15.476381] (-) TimerEvent: {}
[15.582164] (-) TimerEvent: {}
[15.682556] (-) TimerEvent: {}
[15.782955] (-) TimerEvent: {}
[15.883391] (-) TimerEvent: {}
[15.984668] (-) TimerEvent: {}
[16.085174] (-) TimerEvent: {}
[16.185577] (-) TimerEvent: {}
[16.285959] (-) TimerEvent: {}
[16.392334] (-) TimerEvent: {}
[16.493752] (-) TimerEvent: {}
[16.594189] (-) TimerEvent: {}
[16.696354] (-) TimerEvent: {}
[16.798723] (-) TimerEvent: {}
[16.899153] (-) TimerEvent: {}
[16.999550] (-) TimerEvent: {}
[17.099968] (-) TimerEvent: {}
[17.200375] (-) TimerEvent: {}
[17.300874] (-) TimerEvent: {}
[17.405125] (-) TimerEvent: {}
[17.505755] (-) TimerEvent: {}
[17.606147] (-) TimerEvent: {}
[17.708314] (-) TimerEvent: {}
[17.809496] (-) TimerEvent: {}
[17.909889] (-) TimerEvent: {}
[18.010594] (-) TimerEvent: {}
[18.111092] (-) TimerEvent: {}
[18.211626] (-) TimerEvent: {}
[18.312070] (-) TimerEvent: {}
[18.417532] (-) TimerEvent: {}
[18.517946] (-) TimerEvent: {}
[18.618409] (-) TimerEvent: {}
[18.720022] (-) TimerEvent: {}
[18.822335] (-) TimerEvent: {}
[18.922751] (-) TimerEvent: {}
[19.023433] (-) TimerEvent: {}
[19.123871] (-) TimerEvent: {}
[19.224307] (-) TimerEvent: {}
[19.325847] (-) TimerEvent: {}
[19.426414] (-) TimerEvent: {}
[19.526809] (-) TimerEvent: {}
[19.627298] (-) TimerEvent: {}
[19.727939] (-) TimerEvent: {}
[19.829201] (-) TimerEvent: {}
[19.930129] (-) TimerEvent: {}
[20.030604] (-) TimerEvent: {}
[20.131006] (-) TimerEvent: {}
[20.231390] (-) TimerEvent: {}
[20.331906] (-) TimerEvent: {}
[20.432523] (-) TimerEvent: {}
[20.533219] (-) TimerEvent: {}
[20.633642] (-) TimerEvent: {}
[20.734040] (-) TimerEvent: {}
[20.834441] (-) TimerEvent: {}
[20.936341] (-) TimerEvent: {}
[21.036883] (-) TimerEvent: {}
[21.137864] (-) TimerEvent: {}
[21.238332] (-) TimerEvent: {}
[21.338781] (-) TimerEvent: {}
[21.440288] (-) TimerEvent: {}
[21.540718] (-) TimerEvent: {}
[21.641169] (-) TimerEvent: {}
[21.741551] (-) TimerEvent: {}
[21.841931] (-) TimerEvent: {}
[21.944353] (-) TimerEvent: {}
[22.044807] (-) TimerEvent: {}
[22.145199] (-) TimerEvent: {}
[22.249600] (-) TimerEvent: {}
[22.349991] (-) TimerEvent: {}
[22.454553] (-) TimerEvent: {}
[22.555503] (-) TimerEvent: {}
[22.655884] (-) TimerEvent: {}
[22.756338] (-) TimerEvent: {}
[22.857011] (-) TimerEvent: {}
[22.958849] (-) TimerEvent: {}
[23.060331] (-) TimerEvent: {}
[23.160760] (-) TimerEvent: {}
[23.261175] (-) TimerEvent: {}
[23.364698] (-) TimerEvent: {}
[23.465086] (-) TimerEvent: {}
[23.566872] (-) TimerEvent: {}
[23.667281] (-) TimerEvent: {}
[23.768448] (-) TimerEvent: {}
[23.869063] (-) TimerEvent: {}
[23.969517] (-) TimerEvent: {}
[24.069922] (-) TimerEvent: {}
[24.175361] (-) TimerEvent: {}
[24.275738] (-) TimerEvent: {}
[24.376170] (-) TimerEvent: {}
[24.476620] (-) TimerEvent: {}
[24.577011] (-) TimerEvent: {}
[24.677387] (-) TimerEvent: {}
[24.777804] (-) TimerEvent: {}
[24.879315] (-) TimerEvent: {}
[24.979732] (-) TimerEvent: {}
[25.081618] (-) TimerEvent: {}
[25.182075] (-) TimerEvent: {}
[25.282635] (-) TimerEvent: {}
[25.383302] (-) TimerEvent: {}
[25.484345] (-) TimerEvent: {}
[25.584786] (-) TimerEvent: {}
[25.685591] (-) TimerEvent: {}
[25.786009] (-) TimerEvent: {}
[25.886398] (-) TimerEvent: {}
[25.988587] (-) TimerEvent: {}
[26.089199] (-) TimerEvent: {}
[26.189614] (-) TimerEvent: {}
[26.290016] (-) TimerEvent: {}
[26.390453] (-) TimerEvent: {}
[26.495621] (-) TimerEvent: {}
[26.596358] (-) TimerEvent: {}
[26.696920] (-) TimerEvent: {}
[26.797471] (-) TimerEvent: {}
[26.897857] (-) TimerEvent: {}
[26.999172] (-) TimerEvent: {}
[27.099734] (-) TimerEvent: {}
[27.200861] (-) TimerEvent: {}
[27.301244] (-) TimerEvent: {}
[27.401653] (-) TimerEvent: {}
[27.503994] (-) TimerEvent: {}
[27.604439] (-) TimerEvent: {}
[27.704855] (-) TimerEvent: {}
[27.805258] (-) TimerEvent: {}
[27.906147] (-) TimerEvent: {}
[28.006562] (-) TimerEvent: {}
[28.107879] (-) TimerEvent: {}
[28.208323] (-) TimerEvent: {}
[28.308702] (-) TimerEvent: {}
[28.409091] (-) TimerEvent: {}
[28.509462] (-) TimerEvent: {}
[28.611562] (-) TimerEvent: {}
[28.711965] (-) TimerEvent: {}
[28.812549] (-) TimerEvent: {}
[28.913335] (-) TimerEvent: {}
[29.013749] (-) TimerEvent: {}
[29.114279] (-) TimerEvent: {}
[29.214722] (-) TimerEvent: {}
[29.315639] (-) TimerEvent: {}
[29.416032] (-) TimerEvent: {}
[29.516625] (-) TimerEvent: {}
[29.618781] (-) TimerEvent: {}
[29.719213] (-) TimerEvent: {}
[29.819681] (-) TimerEvent: {}
[29.920086] (-) TimerEvent: {}
[30.020516] (-) TimerEvent: {}
[30.121010] (-) TimerEvent: {}
[30.221489] (-) TimerEvent: {}
[30.321898] (-) TimerEvent: {}
[30.422371] (-) TimerEvent: {}
[30.522808] (-) TimerEvent: {}
[30.623338] (-) TimerEvent: {}
[30.723778] (-) TimerEvent: {}
[30.824173] (-) TimerEvent: {}
[30.924683] (-) TimerEvent: {}
[31.025070] (-) TimerEvent: {}
[31.125485] (-) TimerEvent: {}
[31.226535] (-) TimerEvent: {}
[31.326946] (-) TimerEvent: {}
[31.427353] (-) TimerEvent: {}
[31.527992] (-) TimerEvent: {}
[31.628421] (-) TimerEvent: {}
[31.728934] (-) TimerEvent: {}
[31.829537] (-) TimerEvent: {}
[31.929921] (-) TimerEvent: {}
[32.036040] (-) TimerEvent: {}
[32.136698] (-) TimerEvent: {}
[32.237188] (-) TimerEvent: {}
[32.337587] (-) TimerEvent: {}
[32.437986] (-) TimerEvent: {}
[32.538383] (-) TimerEvent: {}
[32.639265] (-) TimerEvent: {}
[32.742373] (-) TimerEvent: {}
[32.842827] (-) TimerEvent: {}
[32.943213] (-) TimerEvent: {}
[33.043923] (-) TimerEvent: {}
[33.144967] (-) TimerEvent: {}
[33.250332] (-) TimerEvent: {}
[33.350738] (-) TimerEvent: {}
[33.453002] (-) TimerEvent: {}
[33.554242] (-) TimerEvent: {}
[33.655362] (-) TimerEvent: {}
[33.755752] (-) TimerEvent: {}
[33.857105] (-) TimerEvent: {}
[33.957509] (-) TimerEvent: {}
[34.058334] (-) TimerEvent: {}
[34.159277] (-) TimerEvent: {}
[34.261203] (-) TimerEvent: {}
[34.362193] (-) TimerEvent: {}
[34.467513] (-) TimerEvent: {}
[34.568036] (-) TimerEvent: {}
[34.668499] (-) TimerEvent: {}
[34.768945] (-) TimerEvent: {}
[34.869374] (-) TimerEvent: {}
[34.969798] (-) TimerEvent: {}
[35.072010] (-) TimerEvent: {}
[35.172642] (-) TimerEvent: {}
[35.276330] (-) TimerEvent: {}
[35.378392] (-) TimerEvent: {}
[35.478872] (-) TimerEvent: {}
[35.579269] (-) TimerEvent: {}
[35.679708] (-) TimerEvent: {}
[35.780234] (-) TimerEvent: {}
[35.880918] (-) TimerEvent: {}
[35.981316] (-) TimerEvent: {}
[36.082013] (-) TimerEvent: {}
[36.182415] (-) TimerEvent: {}
[36.283177] (-) TimerEvent: {}
[36.383697] (-) TimerEvent: {}
[36.484297] (-) TimerEvent: {}
[36.584679] (-) TimerEvent: {}
[36.686244] (-) TimerEvent: {}
[36.786746] (-) TimerEvent: {}
[36.887185] (-) TimerEvent: {}
[36.988702] (-) TimerEvent: {}
[37.089299] (-) TimerEvent: {}
[37.189698] (-) TimerEvent: {}
[37.290087] (-) TimerEvent: {}
[37.390502] (-) TimerEvent: {}
[37.490922] (-) TimerEvent: {}
[37.591393] (-) TimerEvent: {}
[37.691844] (-) TimerEvent: {}
[37.792299] (-) TimerEvent: {}
[37.892726] (-) TimerEvent: {}
[37.993160] (-) TimerEvent: {}
[38.093623] (-) TimerEvent: {}
[38.194061] (-) TimerEvent: {}
[38.294471] (-) TimerEvent: {}
[38.395931] (-) TimerEvent: {}
[38.496343] (-) TimerEvent: {}
[38.597591] (-) TimerEvent: {}
[38.700848] (-) TimerEvent: {}
[38.801267] (-) TimerEvent: {}
[38.902738] (-) TimerEvent: {}
[39.003138] (-) TimerEvent: {}
[39.103541] (-) TimerEvent: {}
[39.204010] (-) TimerEvent: {}
[39.305931] (-) TimerEvent: {}
[39.406461] (-) TimerEvent: {}
[39.506954] (-) TimerEvent: {}
[39.608356] (-) TimerEvent: {}
[39.708919] (-) TimerEvent: {}
[39.809509] (-) TimerEvent: {}
[39.912357] (-) TimerEvent: {}
[40.012839] (-) TimerEvent: {}
[40.114798] (-) TimerEvent: {}
[40.215632] (-) TimerEvent: {}
[40.316361] (-) TimerEvent: {}
[40.416766] (-) TimerEvent: {}
[40.517160] (-) TimerEvent: {}
[40.617598] (-) TimerEvent: {}
[40.718009] (-) TimerEvent: {}
[40.818456] (-) TimerEvent: {}
[40.919626] (-) TimerEvent: {}
[41.020471] (-) TimerEvent: {}
[41.121249] (-) TimerEvent: {}
[41.221826] (-) TimerEvent: {}
[41.322433] (-) TimerEvent: {}
[41.422873] (-) TimerEvent: {}
[41.523279] (-) TimerEvent: {}
[41.623681] (-) TimerEvent: {}
[41.724080] (-) TimerEvent: {}
[41.824866] (-) TimerEvent: {}
[41.925563] (-) TimerEvent: {}
[42.028327] (-) TimerEvent: {}
[42.128722] (-) TimerEvent: {}
[42.231252] (-) TimerEvent: {}
[42.332322] (-) TimerEvent: {}
[42.432695] (-) TimerEvent: {}
[42.533114] (-) TimerEvent: {}
[42.633484] (-) TimerEvent: {}
[42.733873] (-) TimerEvent: {}
[42.834278] (-) TimerEvent: {}
[42.934675] (-) TimerEvent: {}
[43.035115] (-) TimerEvent: {}
[43.135564] (-) TimerEvent: {}
[43.235974] (-) TimerEvent: {}
[43.336424] (-) TimerEvent: {}
[43.436824] (-) TimerEvent: {}
[43.537421] (-) TimerEvent: {}
[43.638227] (-) TimerEvent: {}
[43.738862] (-) TimerEvent: {}
[43.839394] (-) TimerEvent: {}
[43.939791] (-) TimerEvent: {}
[44.040307] (-) TimerEvent: {}
[44.144352] (-) TimerEvent: {}
[44.245823] (-) TimerEvent: {}
[44.346306] (-) TimerEvent: {}
[44.446866] (-) TimerEvent: {}
[44.547312] (-) TimerEvent: {}
[44.648206] (-) TimerEvent: {}
[44.748702] (-) TimerEvent: {}
[44.852419] (-) TimerEvent: {}
[44.952955] (-) TimerEvent: {}
[45.053429] (-) TimerEvent: {}
[45.153820] (-) TimerEvent: {}
[45.254218] (-) TimerEvent: {}
[45.354643] (-) TimerEvent: {}
[45.455042] (-) TimerEvent: {}
[45.555485] (-) TimerEvent: {}
[45.655882] (-) TimerEvent: {}
[45.756414] (-) TimerEvent: {}
[45.856845] (-) TimerEvent: {}
[45.957261] (-) TimerEvent: {}
[46.057710] (-) TimerEvent: {}
[46.159228] (-) TimerEvent: {}
[46.259846] (-) TimerEvent: {}
[46.360410] (-) TimerEvent: {}
[46.461136] (-) TimerEvent: {}
[46.561571] (-) TimerEvent: {}
[46.661983] (-) TimerEvent: {}
[46.762620] (-) TimerEvent: {}
[46.863767] (-) TimerEvent: {}
[46.964417] (-) TimerEvent: {}
[47.066419] (-) TimerEvent: {}
[47.166978] (-) TimerEvent: {}
[47.268220] (-) TimerEvent: {}
[47.368626] (-) TimerEvent: {}
[47.470751] (-) TimerEvent: {}
[47.583639] (-) TimerEvent: {}
[47.684370] (-) TimerEvent: {}
[47.784785] (-) TimerEvent: {}
[47.888345] (-) TimerEvent: {}
[47.990442] (-) TimerEvent: {}
[48.090846] (-) TimerEvent: {}
[48.196333] (-) TimerEvent: {}
[48.296707] (-) TimerEvent: {}
[48.397201] (-) TimerEvent: {}
[48.498054] (-) TimerEvent: {}
[48.598459] (-) TimerEvent: {}
[48.699471] (-) TimerEvent: {}
[48.800356] (-) TimerEvent: {}
[48.900783] (-) TimerEvent: {}
[49.001152] (-) TimerEvent: {}
[49.101569] (-) TimerEvent: {}
[49.202288] (-) TimerEvent: {}
[49.302904] (-) TimerEvent: {}
[49.403580] (-) TimerEvent: {}
[49.504335] (-) TimerEvent: {}
[49.604711] (-) TimerEvent: {}
[49.705092] (-) TimerEvent: {}
[49.805584] (-) TimerEvent: {}
[49.906031] (-) TimerEvent: {}
[50.006462] (-) TimerEvent: {}
[50.106924] (-) TimerEvent: {}
[50.207441] (-) TimerEvent: {}
[50.308654] (-) TimerEvent: {}
[50.409293] (-) TimerEvent: {}
[50.509732] (-) TimerEvent: {}
[50.610293] (-) TimerEvent: {}
[50.710729] (-) TimerEvent: {}
[50.811556] (-) TimerEvent: {}
[50.912350] (-) TimerEvent: {}
[51.012745] (-) TimerEvent: {}
[51.113163] (-) TimerEvent: {}
[51.213560] (-) TimerEvent: {}
[51.313974] (-) TimerEvent: {}
[51.415271] (-) TimerEvent: {}
[51.515701] (-) TimerEvent: {}
[51.616114] (-) TimerEvent: {}
[51.716827] (-) TimerEvent: {}
[51.820169] (-) TimerEvent: {}
[51.921072] (-) TimerEvent: {}
[52.022208] (-) TimerEvent: {}
[52.122860] (-) TimerEvent: {}
[52.223282] (-) TimerEvent: {}
[52.323706] (-) TimerEvent: {}
[52.424101] (-) TimerEvent: {}
[52.524708] (-) TimerEvent: {}
[52.625129] (-) TimerEvent: {}
[52.725551] (-) TimerEvent: {}
[52.828367] (-) TimerEvent: {}
[52.928753] (-) TimerEvent: {}
[53.032331] (-) TimerEvent: {}
[53.132895] (-) TimerEvent: {}
[53.234102] (-) TimerEvent: {}
[53.334513] (-) TimerEvent: {}
[53.434939] (-) TimerEvent: {}
[53.535346] (-) TimerEvent: {}
[53.635765] (-) TimerEvent: {}
[53.736375] (-) TimerEvent: {}
[53.836764] (-) TimerEvent: {}
[53.937183] (-) TimerEvent: {}
[54.037599] (-) TimerEvent: {}
[54.138171] (-) TimerEvent: {}
[54.238837] (-) TimerEvent: {}
[54.339452] (-) TimerEvent: {}
[54.440172] (-) TimerEvent: {}
[54.540645] (-) TimerEvent: {}
[54.641034] (-) TimerEvent: {}
[54.741682] (-) TimerEvent: {}
[54.844342] (-) TimerEvent: {}
[54.944719] (-) TimerEvent: {}
[55.045179] (-) TimerEvent: {}
[55.145816] (-) TimerEvent: {}
[55.248268] (-) TimerEvent: {}
[55.348808] (-) TimerEvent: {}
[55.449213] (-) TimerEvent: {}
[55.550739] (-) TimerEvent: {}
[55.652334] (-) TimerEvent: {}
[55.752736] (-) TimerEvent: {}
[55.853182] (-) TimerEvent: {}
[55.953584] (-) TimerEvent: {}
[56.058738] (-) TimerEvent: {}
[56.159149] (-) TimerEvent: {}
[56.260050] (-) TimerEvent: {}
[56.360467] (-) TimerEvent: {}
[56.460940] (-) TimerEvent: {}
[56.561353] (-) TimerEvent: {}
[56.661763] (-) TimerEvent: {}
[56.762212] (-) TimerEvent: {}
[56.862631] (-) TimerEvent: {}
[56.962996] (-) TimerEvent: {}
[57.063376] (-) TimerEvent: {}
[57.163742] (-) TimerEvent: {}
[57.264130] (-) TimerEvent: {}
[57.364528] (-) TimerEvent: {}
[57.464922] (-) TimerEvent: {}
[57.565304] (-) TimerEvent: {}
[57.665729] (-) TimerEvent: {}
[57.766213] (-) TimerEvent: {}
[57.866622] (-) TimerEvent: {}
[57.967030] (-) TimerEvent: {}
[58.273161] (-) TimerEvent: {}
[58.373555] (-) TimerEvent: {}
[58.473961] (-) TimerEvent: {}
[58.574358] (-) TimerEvent: {}
[58.674809] (-) TimerEvent: {}
[58.775200] (-) TimerEvent: {}
[58.875665] (-) TimerEvent: {}
[58.976075] (-) TimerEvent: {}
[59.076570] (-) TimerEvent: {}
[59.176954] (-) TimerEvent: {}
[59.277396] (-) TimerEvent: {}
[59.377806] (-) TimerEvent: {}
[59.478180] (-) TimerEvent: {}
[59.578561] (-) TimerEvent: {}
[59.679000] (-) TimerEvent: {}
[59.779412] (-) TimerEvent: {}
[59.879911] (-) TimerEvent: {}
[59.980423] (-) TimerEvent: {}
[60.080916] (-) TimerEvent: {}
[60.181357] (-) TimerEvent: {}
[60.285228] (-) TimerEvent: {}
[60.385703] (-) TimerEvent: {}
[60.486181] (-) TimerEvent: {}
[60.586575] (-) TimerEvent: {}
[60.687058] (-) TimerEvent: {}
[60.787810] (-) TimerEvent: {}
[60.888419] (-) TimerEvent: {}
[60.989013] (-) TimerEvent: {}
[61.089388] (-) TimerEvent: {}
[61.189807] (-) TimerEvent: {}
[61.292332] (-) TimerEvent: {}
[61.392850] (-) TimerEvent: {}
[61.493838] (-) TimerEvent: {}
[61.596329] (-) TimerEvent: {}
[61.697474] (-) TimerEvent: {}
[61.800332] (-) TimerEvent: {}
[61.901033] (-) TimerEvent: {}
[62.001659] (-) TimerEvent: {}
[62.102077] (-) TimerEvent: {}
[62.202491] (-) TimerEvent: {}
[62.303368] (-) TimerEvent: {}
[62.404531] (-) TimerEvent: {}
[62.505113] (-) TimerEvent: {}
[62.605654] (-) TimerEvent: {}
[62.706331] (-) TimerEvent: {}
[62.806734] (-) TimerEvent: {}
[62.907177] (-) TimerEvent: {}
[63.007630] (-) TimerEvent: {}
[63.108091] (-) TimerEvent: {}
[63.209835] (-) TimerEvent: {}
[63.310736] (-) TimerEvent: {}
[63.411119] (-) TimerEvent: {}
[63.511614] (-) TimerEvent: {}
[63.612011] (-) TimerEvent: {}
[63.712498] (-) TimerEvent: {}
[63.812889] (-) TimerEvent: {}
[63.856559] (servo_control) StdoutLine: {'line': b'[100%] Linking CXX executable target_tracker_node\n'}
[63.860020] (servo_control) StdoutLine: {'line': b'[100%] Linking CXX executable scan_sequence_node\n'}
[63.913085] (-) TimerEvent: {}
[64.013505] (-) TimerEvent: {}
[64.119067] (-) TimerEvent: {}
[64.219469] (-) TimerEvent: {}
[64.321015] (-) TimerEvent: {}
[64.424469] (-) TimerEvent: {}
[64.525023] (-) TimerEvent: {}
[64.625493] (-) TimerEvent: {}
[64.725942] (-) TimerEvent: {}
[64.826390] (-) TimerEvent: {}
[64.926862] (-) TimerEvent: {}
[65.027303] (-) TimerEvent: {}
[65.127756] (-) TimerEvent: {}
[65.229775] (-) TimerEvent: {}
[65.332319] (-) TimerEvent: {}
[65.434072] (-) TimerEvent: {}
[65.535612] (-) TimerEvent: {}
[65.636684] (-) TimerEvent: {}
[65.737232] (-) TimerEvent: {}
[65.837660] (-) TimerEvent: {}
[65.938139] (-) TimerEvent: {}
[66.038546] (-) TimerEvent: {}
[66.139008] (-) TimerEvent: {}
[66.239426] (-) TimerEvent: {}
[66.339790] (-) TimerEvent: {}
[66.440327] (-) TimerEvent: {}
[66.541477] (-) TimerEvent: {}
[66.568312] (servo_control) StdoutLine: {'line': b'[100%] Built target scan_sequence_node\n'}
[66.592560] (servo_control) StdoutLine: {'line': b'[100%] Built target target_tracker_node\n'}
[66.641704] (-) TimerEvent: {}
[66.659047] (servo_control) CommandEnded: {'returncode': 0}
[66.742009] (-) TimerEvent: {}
[66.833839] (servo_control) JobProgress: {'identifier': 'servo_control', 'progress': 'install'}
[66.835487] (servo_control) Command: {'cmd': ['/usr/bin/cmake', '--install', '/root/lidar_system/build/servo_control'], 'cwd': '/root/lidar_system/build/servo_control', 'env': OrderedDict([('HOSTNAME', 'ubuntu-desktop'), ('SHLVL', '1'), ('LD_LIBRARY_PATH', '/opt/ros/foxy/opt/yaml_cpp_vendor/lib:/opt/ros/foxy/opt/rviz_ogre_vendor/lib:/opt/ros/foxy/lib/aarch64-linux-gnu:/opt/ros/foxy/lib'), ('HOME', '/root'), ('OLDPWD', '/'), ('ROS_PYTHON_VERSION', '3'), ('ROS_DISTRO', 'foxy'), ('_', '/usr/bin/colcon'), ('ROS_VERSION', '2'), ('ROS_LOCALHOST_ONLY', '0'), ('QT_X11_NO_MITSHM', '1'), ('PATH', '/opt/ros/foxy/bin:/usr/local/sbin:/usr/local/bin:/usr/sbin:/usr/bin:/sbin:/bin'), ('FASTRTPS_DEFAULT_PROFILES_FILE', '/fastdds.xml'), ('DISPLAY', ':0'), ('LANG', 'C.UTF-8'), ('RMW_IMPLEMENTATION', 'rmw_fastrtps_cpp'), ('ROS_DOMAIN_ID', '0'), ('AMENT_PREFIX_PATH', '/opt/ros/foxy'), ('PWD', '/root/lidar_system/build/servo_control'), ('LC_ALL', 'C.UTF-8'), ('PYTHONPATH', '/opt/ros/foxy/lib/python3.8/site-packages'), ('COLCON', '1'), ('CMAKE_PREFIX_PATH', '/opt/ros/foxy')]), 'shell': False}
[66.843167] (-) TimerEvent: {}
[66.881291] (servo_control) StdoutLine: {'line': b'-- Install configuration: ""\n'}
[66.900011] (servo_control) StdoutLine: {'line': b'-- Up-to-date: /root/lidar_system/install/servo_control/lib/servo_control/dynamic_tf_broadcaster\n'}
[66.909251] (servo_control) StdoutLine: {'line': b'-- Up-to-date: /root/lidar_system/install/servo_control/lib/servo_control/lidar_pointcloud_node\n'}
[66.919616] (servo_control) StdoutLine: {'line': b'-- Installing: /root/lidar_system/install/servo_control/lib/servo_control/scan_sequence_node\n'}
[66.942831] (servo_control) StdoutLine: {'line': b'-- Set runtime path of "/root/lidar_system/install/servo_control/lib/servo_control/scan_sequence_node" to ""\n'}
[66.943437] (-) TimerEvent: {}
[66.947022] (servo_control) StdoutLine: {'line': b'-- Installing: /root/lidar_system/install/servo_control/lib/servo_control/target_tracker_node\n'}
[66.970329] (servo_control) StdoutLine: {'line': b'-- Set runtime path of "/root/lidar_system/install/servo_control/lib/servo_control/target_tracker_node" to ""\n'}
[66.978053] (servo_control) StdoutLine: {'line': b'-- Up-to-date: /root/lidar_system/install/servo_control/lib/servo_control/mavros_tf_node\n'}
[66.980329] (servo_control) StdoutLine: {'line': b'-- Up-to-date: /root/lidar_system/install/servo_control/share/servo_control/environment/pythonpath.sh\n'}
[66.990126] (servo_control) StdoutLine: {'line': b'-- Up-to-date: /root/lidar_system/install/servo_control/share/servo_control/environment/pythonpath.dsv\n'}
[66.995047] (servo_control) StdoutLine: {'line': b'-- Up-to-date: /root/lidar_system/install/servo_control/lib/python3.8/site-packages/servo_control\n'}
[67.002592] (servo_control) StdoutLine: {'line': b'-- Up-to-date: /root/lidar_system/install/servo_control/lib/python3.8/site-packages/servo_control/__init__.py\n'}
[67.043683] (-) TimerEvent: {}
[67.144741] (-) TimerEvent: {}
[67.245138] (-) TimerEvent: {}
[67.282359] (servo_control) StdoutLine: {'line': b"Listing '/root/lidar_system/install/servo_control/lib/python3.8/site-packages/servo_control'...\n"}
[67.309945] (servo_control) StdoutLine: {'line': b'-- Up-to-date: /root/lidar_system/install/servo_control/lib/servo_control/servo_motor_node.py\n'}
[67.310528] (servo_control) StdoutLine: {'line': b'-- Up-to-date: /root/lidar_system/install/servo_control/lib/servo_control/lidar_bbox_open3d.py\n'}
[67.313699] (servo_control) StdoutLine: {'line': b'-- Up-to-date: /root/lidar_system/install/servo_control/share/ament_index/resource_index/package_run_dependencies/servo_control\n'}
[67.314524] (servo_control) StdoutLine: {'line': b'-- Up-to-date: /root/lidar_system/install/servo_control/share/ament_index/resource_index/parent_prefix_path/servo_control\n'}
[67.315629] (servo_control) StdoutLine: {'line': b'-- Up-to-date: /root/lidar_system/install/servo_control/share/servo_control/environment/ament_prefix_path.sh\n'}
[67.316088] (servo_control) StdoutLine: {'line': b'-- Up-to-date: /root/lidar_system/install/servo_control/share/servo_control/environment/ament_prefix_path.dsv\n'}
[67.316541] (servo_control) StdoutLine: {'line': b'-- Up-to-date: /root/lidar_system/install/servo_control/share/servo_control/environment/path.sh\n'}
[67.316992] (servo_control) StdoutLine: {'line': b'-- Up-to-date: /root/lidar_system/install/servo_control/share/servo_control/environment/path.dsv\n'}
[67.317470] (servo_control) StdoutLine: {'line': b'-- Up-to-date: /root/lidar_system/install/servo_control/share/servo_control/local_setup.bash\n'}
[67.318549] (servo_control) StdoutLine: {'line': b'-- Up-to-date: /root/lidar_system/install/servo_control/share/servo_control/local_setup.sh\n'}
[67.319153] (servo_control) StdoutLine: {'line': b'-- Up-to-date: /root/lidar_system/install/servo_control/share/servo_control/local_setup.zsh\n'}
[67.319649] (servo_control) StdoutLine: {'line': b'-- Up-to-date: /root/lidar_system/install/servo_control/share/servo_control/local_setup.dsv\n'}
[67.320606] (servo_control) StdoutLine: {'line': b'-- Installing: /root/lidar_system/install/servo_control/share/servo_control/package.dsv\n'}
[67.323088] (servo_control) StdoutLine: {'line': b'-- Up-to-date: /root/lidar_system/install/servo_control/share/ament_index/resource_index/packages/servo_control\n'}
[67.324761] (servo_control) StdoutLine: {'line': b'-- Up-to-date: /root/lidar_system/install/servo_control/share/servo_control/cmake/servo_controlConfig.cmake\n'}
[67.325343] (servo_control) StdoutLine: {'line': b'-- Up-to-date: /root/lidar_system/install/servo_control/share/servo_control/cmake/servo_controlConfig-version.cmake\n'}
[67.325781] (servo_control) StdoutLine: {'line': b'-- Up-to-date: /root/lidar_system/install/servo_control/share/servo_control/package.xml\n'}
[67.338530] (servo_control) CommandEnded: {'returncode': 0}
[67.356943] (-) TimerEvent: {}
[67.458158] (-) TimerEvent: {}
[67.558780] (-) TimerEvent: {}
[67.664291] (-) TimerEvent: {}
[67.701191] (servo_control) JobEnded: {'identifier': 'servo_control', 'rc': 0}
[67.705406] (-) EventReactorShutdown: {}
