[0.122s] Invoking command in '/root/lidar_system/build/servo_control': CMAKE_PREFIX_PATH=/opt/ros/foxy /usr/bin/cmake --build /root/lidar_system/build/servo_control -- -j4 -l4
[0.598s] [ 20%] Built target dynamic_tf_broadcaster
[0.824s] [ 40%] Built target mavros_tf_node
[1.060s] [ 60%] Built target scan_sequence_node
[1.338s] [ 80%] Built target lidar_pointcloud_node
[1.623s] [100%] Built target target_tracker_node
[1.631s] Invoked command in '/root/lidar_system/build/servo_control' returned '0': CMAKE_PREFIX_PATH=/opt/ros/foxy /usr/bin/cmake --build /root/lidar_system/build/servo_control -- -j4 -l4
[1.915s] Invoking command in '/root/lidar_system/build/servo_control': CMAKE_PREFIX_PATH=/opt/ros/foxy /usr/bin/cmake --install /root/lidar_system/build/servo_control
[1.984s] -- Install configuration: ""
[1.989s] -- Up-to-date: /root/lidar_system/install/servo_control/lib/servo_control/dynamic_tf_broadcaster
[1.991s] -- Up-to-date: /root/lidar_system/install/servo_control/lib/servo_control/lidar_pointcloud_node
[1.998s] -- Up-to-date: /root/lidar_system/install/servo_control/lib/servo_control/scan_sequence_node
[2.002s] -- Up-to-date: /root/lidar_system/install/servo_control/lib/servo_control/target_tracker_node
[2.007s] -- Up-to-date: /root/lidar_system/install/servo_control/lib/servo_control/mavros_tf_node
[2.009s] -- Up-to-date: /root/lidar_system/install/servo_control/share/servo_control/environment/pythonpath.sh
[2.009s] -- Up-to-date: /root/lidar_system/install/servo_control/share/servo_control/environment/pythonpath.dsv
[2.010s] -- Up-to-date: /root/lidar_system/install/servo_control/lib/python3.8/site-packages/servo_control
[2.010s] -- Up-to-date: /root/lidar_system/install/servo_control/lib/python3.8/site-packages/servo_control/__init__.py
[2.203s] Listing '/root/lidar_system/install/servo_control/lib/python3.8/site-packages/servo_control'...
[2.250s] -- Up-to-date: /root/lidar_system/install/servo_control/lib/servo_control/servo_motor_node.py
[2.254s] -- Installing: /root/lidar_system/install/servo_control/lib/servo_control/lidar_bbox_open3d.py
[2.254s] -- Up-to-date: /root/lidar_system/install/servo_control/share/ament_index/resource_index/package_run_dependencies/servo_control
[2.255s] -- Up-to-date: /root/lidar_system/install/servo_control/share/ament_index/resource_index/parent_prefix_path/servo_control
[2.258s] -- Up-to-date: /root/lidar_system/install/servo_control/share/servo_control/environment/ament_prefix_path.sh
[2.259s] -- Up-to-date: /root/lidar_system/install/servo_control/share/servo_control/environment/ament_prefix_path.dsv
[2.259s] -- Up-to-date: /root/lidar_system/install/servo_control/share/servo_control/environment/path.sh
[2.259s] -- Up-to-date: /root/lidar_system/install/servo_control/share/servo_control/environment/path.dsv
[2.260s] -- Up-to-date: /root/lidar_system/install/servo_control/share/servo_control/local_setup.bash
[2.260s] -- Up-to-date: /root/lidar_system/install/servo_control/share/servo_control/local_setup.sh
[2.261s] -- Up-to-date: /root/lidar_system/install/servo_control/share/servo_control/local_setup.zsh
[2.278s] -- Up-to-date: /root/lidar_system/install/servo_control/share/servo_control/local_setup.dsv
[2.279s] -- Installing: /root/lidar_system/install/servo_control/share/servo_control/package.dsv
[2.280s] -- Up-to-date: /root/lidar_system/install/servo_control/share/ament_index/resource_index/packages/servo_control
[2.280s] -- Up-to-date: /root/lidar_system/install/servo_control/share/servo_control/cmake/servo_controlConfig.cmake
[2.281s] -- Up-to-date: /root/lidar_system/install/servo_control/share/servo_control/cmake/servo_controlConfig-version.cmake
[2.281s] -- Up-to-date: /root/lidar_system/install/servo_control/share/servo_control/package.xml
[2.282s] Invoked command in '/root/lidar_system/build/servo_control' returned '0': CMAKE_PREFIX_PATH=/opt/ros/foxy /usr/bin/cmake --install /root/lidar_system/build/servo_control
