[0.000000] (-) TimerEvent: {}
[0.003011] (rplidar_ros) JobQueued: {'identifier': 'rplidar_ros', 'dependencies': OrderedDict()}
[0.003378] (servo_control) JobQueued: {'identifier': 'servo_control', 'dependencies': OrderedDict()}
[0.011410] (rplidar_ros) JobStarted: {'identifier': 'rplidar_ros'}
[0.079762] (servo_control) JobStarted: {'identifier': 'servo_control'}
[0.100335] (-) TimerEvent: {}
[0.126628] (rplidar_ros) JobProgress: {'identifier': 'rplidar_ros', 'progress': 'cmake'}
[0.130357] (rplidar_ros) JobProgress: {'identifier': 'rplidar_ros', 'progress': 'build'}
[0.134171] (rplidar_ros) Command: {'cmd': ['/usr/bin/cmake', '--build', '/root/lidar_system/build/rplidar_ros', '--', '-j4', '-l4'], 'cwd': '/root/lidar_system/build/rplidar_ros', 'env': OrderedDict([('HOSTNAME', 'ubuntu-desktop'), ('SHLVL', '1'), ('LD_LIBRARY_PATH', '/opt/ros/foxy/opt/yaml_cpp_vendor/lib:/opt/ros/foxy/opt/rviz_ogre_vendor/lib:/opt/ros/foxy/lib/aarch64-linux-gnu:/opt/ros/foxy/lib'), ('HOME', '/root'), ('OLDPWD', '/'), ('ROS_PYTHON_VERSION', '3'), ('ROS_DISTRO', 'foxy'), ('_', '/usr/bin/colcon'), ('ROS_VERSION', '2'), ('ROS_LOCALHOST_ONLY', '0'), ('QT_X11_NO_MITSHM', '1'), ('PATH', '/opt/ros/foxy/bin:/usr/local/sbin:/usr/local/bin:/usr/sbin:/usr/bin:/sbin:/bin'), ('FASTRTPS_DEFAULT_PROFILES_FILE', '/fastdds.xml'), ('DISPLAY', ':0'), ('LANG', 'C.UTF-8'), ('RMW_IMPLEMENTATION', 'rmw_fastrtps_cpp'), ('ROS_DOMAIN_ID', '0'), ('AMENT_PREFIX_PATH', '/opt/ros/foxy'), ('PWD', '/root/lidar_system/build/rplidar_ros'), ('LC_ALL', 'C.UTF-8'), ('PYTHONPATH', '/opt/ros/foxy/lib/python3.8/site-packages'), ('COLCON', '1'), ('CMAKE_PREFIX_PATH', '/opt/ros/foxy')]), 'shell': False}
[0.148047] (servo_control) JobProgress: {'identifier': 'servo_control', 'progress': 'cmake'}
[0.154516] (servo_control) JobProgress: {'identifier': 'servo_control', 'progress': 'build'}
[0.156345] (servo_control) Command: {'cmd': ['/usr/bin/cmake', '--build', '/root/lidar_system/build/servo_control', '--', '-j4', '-l4'], 'cwd': '/root/lidar_system/build/servo_control', 'env': OrderedDict([('HOSTNAME', 'ubuntu-desktop'), ('SHLVL', '1'), ('LD_LIBRARY_PATH', '/opt/ros/foxy/opt/yaml_cpp_vendor/lib:/opt/ros/foxy/opt/rviz_ogre_vendor/lib:/opt/ros/foxy/lib/aarch64-linux-gnu:/opt/ros/foxy/lib'), ('HOME', '/root'), ('OLDPWD', '/'), ('ROS_PYTHON_VERSION', '3'), ('ROS_DISTRO', 'foxy'), ('_', '/usr/bin/colcon'), ('ROS_VERSION', '2'), ('ROS_LOCALHOST_ONLY', '0'), ('QT_X11_NO_MITSHM', '1'), ('PATH', '/opt/ros/foxy/bin:/usr/local/sbin:/usr/local/bin:/usr/sbin:/usr/bin:/sbin:/bin'), ('FASTRTPS_DEFAULT_PROFILES_FILE', '/fastdds.xml'), ('DISPLAY', ':0'), ('LANG', 'C.UTF-8'), ('RMW_IMPLEMENTATION', 'rmw_fastrtps_cpp'), ('ROS_DOMAIN_ID', '0'), ('AMENT_PREFIX_PATH', '/opt/ros/foxy'), ('PWD', '/root/lidar_system/build/servo_control'), ('LC_ALL', 'C.UTF-8'), ('PYTHONPATH', '/opt/ros/foxy/lib/python3.8/site-packages'), ('COLCON', '1'), ('CMAKE_PREFIX_PATH', '/opt/ros/foxy')]), 'shell': False}
[0.200608] (-) TimerEvent: {}
[0.301119] (-) TimerEvent: {}
[0.401488] (-) TimerEvent: {}
[0.426771] (servo_control) StdoutLine: {'line': b'Scanning dependencies of target scan_sequence_node\n'}
[0.478864] (rplidar_ros) StdoutLine: {'line': b'[  5%] Built target rplidar_client\n'}
[0.502009] (-) TimerEvent: {}
[0.542751] (servo_control) StdoutLine: {'line': b'[ 16%] Building CXX object CMakeFiles/scan_sequence_node.dir/src/scan_sequence_node.cpp.o\n'}
[0.602164] (-) TimerEvent: {}
[0.695435] (rplidar_ros) StdoutLine: {'line': b'[ 52%] Built target rplidar_node\n'}
[0.702456] (-) TimerEvent: {}
[0.802846] (-) TimerEvent: {}
[0.860598] (rplidar_ros) StdoutLine: {'line': b'[100%] Built target rplidar_composition\n'}
[0.905162] (-) TimerEvent: {}
[0.907272] (rplidar_ros) CommandEnded: {'returncode': 0}
[1.005410] (-) TimerEvent: {}
[1.105936] (-) TimerEvent: {}
[1.171020] (rplidar_ros) JobProgress: {'identifier': 'rplidar_ros', 'progress': 'install'}
[1.206216] (-) TimerEvent: {}
[1.216821] (rplidar_ros) Command: {'cmd': ['/usr/bin/cmake', '--install', '/root/lidar_system/build/rplidar_ros'], 'cwd': '/root/lidar_system/build/rplidar_ros', 'env': OrderedDict([('HOSTNAME', 'ubuntu-desktop'), ('SHLVL', '1'), ('LD_LIBRARY_PATH', '/opt/ros/foxy/opt/yaml_cpp_vendor/lib:/opt/ros/foxy/opt/rviz_ogre_vendor/lib:/opt/ros/foxy/lib/aarch64-linux-gnu:/opt/ros/foxy/lib'), ('HOME', '/root'), ('OLDPWD', '/'), ('ROS_PYTHON_VERSION', '3'), ('ROS_DISTRO', 'foxy'), ('_', '/usr/bin/colcon'), ('ROS_VERSION', '2'), ('ROS_LOCALHOST_ONLY', '0'), ('QT_X11_NO_MITSHM', '1'), ('PATH', '/opt/ros/foxy/bin:/usr/local/sbin:/usr/local/bin:/usr/sbin:/usr/bin:/sbin:/bin'), ('FASTRTPS_DEFAULT_PROFILES_FILE', '/fastdds.xml'), ('DISPLAY', ':0'), ('LANG', 'C.UTF-8'), ('RMW_IMPLEMENTATION', 'rmw_fastrtps_cpp'), ('ROS_DOMAIN_ID', '0'), ('AMENT_PREFIX_PATH', '/opt/ros/foxy'), ('PWD', '/root/lidar_system/build/rplidar_ros'), ('LC_ALL', 'C.UTF-8'), ('PYTHONPATH', '/opt/ros/foxy/lib/python3.8/site-packages'), ('COLCON', '1'), ('CMAKE_PREFIX_PATH', '/opt/ros/foxy')]), 'shell': False}
[1.263151] (rplidar_ros) StdoutLine: {'line': b'-- Install configuration: ""\n'}
[1.264057] (rplidar_ros) StdoutLine: {'line': b'-- Up-to-date: /root/lidar_system/install/rplidar_ros/share/rplidar_ros/launch\n'}
[1.264498] (rplidar_ros) StdoutLine: {'line': b'-- Up-to-date: /root/lidar_system/install/rplidar_ros/share/rplidar_ros/launch/rplidar_a3_launch.py\n'}
[1.264910] (rplidar_ros) StdoutLine: {'line': b'-- Up-to-date: /root/lidar_system/install/rplidar_ros/share/rplidar_ros/launch/view_rplidar_a2m8_launch.py\n'}
[1.265328] (rplidar_ros) StdoutLine: {'line': b'-- Up-to-date: /root/lidar_system/install/rplidar_ros/share/rplidar_ros/launch/view_rplidar_a2m7_launch.py\n'}
[1.265710] (rplidar_ros) StdoutLine: {'line': b'-- Up-to-date: /root/lidar_system/install/rplidar_ros/share/rplidar_ros/launch/rplidar_s2_launch.py\n'}
[1.266188] (rplidar_ros) StdoutLine: {'line': b'-- Up-to-date: /root/lidar_system/install/rplidar_ros/share/rplidar_ros/launch/rplidar_s1_tcp_launch.py\n'}
[1.266590] (rplidar_ros) StdoutLine: {'line': b'-- Up-to-date: /root/lidar_system/install/rplidar_ros/share/rplidar_ros/launch/view_rplidar_a1_launch.py\n'}
[1.267132] (rplidar_ros) StdoutLine: {'line': b'-- Up-to-date: /root/lidar_system/install/rplidar_ros/share/rplidar_ros/launch/rplidar_t1_launch.py\n'}
[1.268394] (rplidar_ros) StdoutLine: {'line': b'-- Up-to-date: /root/lidar_system/install/rplidar_ros/share/rplidar_ros/launch/system_launch.py\n'}
[1.269004] (rplidar_ros) StdoutLine: {'line': b'-- Up-to-date: /root/lidar_system/install/rplidar_ros/share/rplidar_ros/launch/rplidar_a1_launch.py\n'}
[1.269430] (rplidar_ros) StdoutLine: {'line': b'-- Up-to-date: /root/lidar_system/install/rplidar_ros/share/rplidar_ros/launch/view_rplidar_s1_launch.py\n'}
[1.269885] (rplidar_ros) StdoutLine: {'line': b'-- Up-to-date: /root/lidar_system/install/rplidar_ros/share/rplidar_ros/launch/view_rplidar_s2_launch.py\n'}
[1.270312] (rplidar_ros) StdoutLine: {'line': b'-- Up-to-date: /root/lidar_system/install/rplidar_ros/share/rplidar_ros/launch/view_rplidar_s2e_launch.py\n'}
[1.271905] (rplidar_ros) StdoutLine: {'line': b'-- Up-to-date: /root/lidar_system/install/rplidar_ros/share/rplidar_ros/launch/view_rplidar_a2m12_launch.py\n'}
[1.272521] (rplidar_ros) StdoutLine: {'line': b'-- Up-to-date: /root/lidar_system/install/rplidar_ros/share/rplidar_ros/launch/rplidar_a2m7_launch.py\n'}
[1.272976] (rplidar_ros) StdoutLine: {'line': b'-- Up-to-date: /root/lidar_system/install/rplidar_ros/share/rplidar_ros/launch/rplidar_s2e_launch.py\n'}
[1.273877] (rplidar_ros) StdoutLine: {'line': b'-- Up-to-date: /root/lidar_system/install/rplidar_ros/share/rplidar_ros/launch/view_rplidar_s1_tcp_launch.py\n'}
[1.274411] (rplidar_ros) StdoutLine: {'line': b'-- Up-to-date: /root/lidar_system/install/rplidar_ros/share/rplidar_ros/launch/rplidar_a2m12_launch.py\n'}
[1.274854] (rplidar_ros) StdoutLine: {'line': b'-- Up-to-date: /root/lidar_system/install/rplidar_ros/share/rplidar_ros/launch/rplidar_s1_launch.py\n'}
[1.277485] (rplidar_ros) StdoutLine: {'line': b'-- Up-to-date: /root/lidar_system/install/rplidar_ros/share/rplidar_ros/launch/__pycache__\n'}
[1.278016] (rplidar_ros) StdoutLine: {'line': b'-- Installing: /root/lidar_system/install/rplidar_ros/share/rplidar_ros/launch/__pycache__/system_launch.cpython-38.pyc\n'}
[1.279235] (rplidar_ros) StdoutLine: {'line': b'-- Up-to-date: /root/lidar_system/install/rplidar_ros/share/rplidar_ros/launch/rplidar_s3_launch.py\n'}
[1.280663] (rplidar_ros) StdoutLine: {'line': b'-- Up-to-date: /root/lidar_system/install/rplidar_ros/share/rplidar_ros/launch/rplidar_a2m8_launch.py\n'}
[1.281147] (rplidar_ros) StdoutLine: {'line': b'-- Up-to-date: /root/lidar_system/install/rplidar_ros/share/rplidar_ros/launch/view_rplidar_t1_launch.py\n'}
[1.282510] (rplidar_ros) StdoutLine: {'line': b'-- Up-to-date: /root/lidar_system/install/rplidar_ros/share/rplidar_ros/launch/view_rplidar_a3_launch.py\n'}
[1.283006] (rplidar_ros) StdoutLine: {'line': b'-- Up-to-date: /root/lidar_system/install/rplidar_ros/share/rplidar_ros/launch/rplidar_c1_launch.py\n'}
[1.283464] (rplidar_ros) StdoutLine: {'line': b'-- Up-to-date: /root/lidar_system/install/rplidar_ros/share/rplidar_ros/launch/view_rplidar_s3_launch.py\n'}
[1.283888] (rplidar_ros) StdoutLine: {'line': b'-- Up-to-date: /root/lidar_system/install/rplidar_ros/share/rplidar_ros/launch/view_rplidar_c1_launch.py\n'}
[1.284287] (rplidar_ros) StdoutLine: {'line': b'-- Up-to-date: /root/lidar_system/install/rplidar_ros/share/rplidar_ros/rviz\n'}
[1.287043] (rplidar_ros) StdoutLine: {'line': b'-- Up-to-date: /root/lidar_system/install/rplidar_ros/share/rplidar_ros/rviz/rplidar_ros.rviz\n'}
[1.288190] (rplidar_ros) StdoutLine: {'line': b'-- Up-to-date: /root/lidar_system/install/rplidar_ros/lib/rplidar_ros/rplidar_node\n'}
[1.289309] (rplidar_ros) StdoutLine: {'line': b'-- Up-to-date: /root/lidar_system/install/rplidar_ros/lib/rplidar_ros/rplidar_composition\n'}
[1.292108] (rplidar_ros) StdoutLine: {'line': b'-- Up-to-date: /root/lidar_system/install/rplidar_ros/lib/rplidar_ros/rplidar_client\n'}
[1.302481] (rplidar_ros) StdoutLine: {'line': b'-- Up-to-date: /root/lidar_system/install/rplidar_ros/share/ament_index/resource_index/package_run_dependencies/rplidar_ros\n'}
[1.303008] (rplidar_ros) StdoutLine: {'line': b'-- Up-to-date: /root/lidar_system/install/rplidar_ros/share/ament_index/resource_index/parent_prefix_path/rplidar_ros\n'}
[1.303413] (rplidar_ros) StdoutLine: {'line': b'-- Up-to-date: /root/lidar_system/install/rplidar_ros/share/rplidar_ros/environment/ament_prefix_path.sh\n'}
[1.303877] (rplidar_ros) StdoutLine: {'line': b'-- Up-to-date: /root/lidar_system/install/rplidar_ros/share/rplidar_ros/environment/ament_prefix_path.dsv\n'}
[1.304287] (rplidar_ros) StdoutLine: {'line': b'-- Up-to-date: /root/lidar_system/install/rplidar_ros/share/rplidar_ros/environment/path.sh\n'}
[1.304661] (rplidar_ros) StdoutLine: {'line': b'-- Up-to-date: /root/lidar_system/install/rplidar_ros/share/rplidar_ros/environment/path.dsv\n'}
[1.305003] (rplidar_ros) StdoutLine: {'line': b'-- Up-to-date: /root/lidar_system/install/rplidar_ros/share/rplidar_ros/local_setup.bash\n'}
[1.305375] (rplidar_ros) StdoutLine: {'line': b'-- Up-to-date: /root/lidar_system/install/rplidar_ros/share/rplidar_ros/local_setup.sh\n'}
[1.305706] (rplidar_ros) StdoutLine: {'line': b'-- Up-to-date: /root/lidar_system/install/rplidar_ros/share/rplidar_ros/local_setup.zsh\n'}
[1.306127] (rplidar_ros) StdoutLine: {'line': b'-- Up-to-date: /root/lidar_system/install/rplidar_ros/share/rplidar_ros/local_setup.dsv\n'}
[1.306458] (-) TimerEvent: {}
[1.306550] (rplidar_ros) StdoutLine: {'line': b'-- Installing: /root/lidar_system/install/rplidar_ros/share/rplidar_ros/package.dsv\n'}
[1.306876] (rplidar_ros) StdoutLine: {'line': b'-- Up-to-date: /root/lidar_system/install/rplidar_ros/share/ament_index/resource_index/packages/rplidar_ros\n'}
[1.307203] (rplidar_ros) StdoutLine: {'line': b'-- Up-to-date: /root/lidar_system/install/rplidar_ros/share/rplidar_ros/cmake/ament_cmake_export_dependencies-extras.cmake\n'}
[1.307525] (rplidar_ros) StdoutLine: {'line': b'-- Up-to-date: /root/lidar_system/install/rplidar_ros/share/rplidar_ros/cmake/ament_cmake_export_include_directories-extras.cmake\n'}
[1.307889] (rplidar_ros) StdoutLine: {'line': b'-- Up-to-date: /root/lidar_system/install/rplidar_ros/share/rplidar_ros/cmake/rplidar_rosConfig.cmake\n'}
[1.308234] (rplidar_ros) StdoutLine: {'line': b'-- Up-to-date: /root/lidar_system/install/rplidar_ros/share/rplidar_ros/cmake/rplidar_rosConfig-version.cmake\n'}
[1.308565] (rplidar_ros) StdoutLine: {'line': b'-- Up-to-date: /root/lidar_system/install/rplidar_ros/share/rplidar_ros/package.xml\n'}
[1.308889] (rplidar_ros) CommandEnded: {'returncode': 0}
[1.407485] (-) TimerEvent: {}
[1.507950] (-) TimerEvent: {}
[1.610293] (-) TimerEvent: {}
[1.682236] (rplidar_ros) JobEnded: {'identifier': 'rplidar_ros', 'rc': 0}
[1.710458] (-) TimerEvent: {}
[1.810802] (-) TimerEvent: {}
[1.911131] (-) TimerEvent: {}
[2.011469] (-) TimerEvent: {}
[2.111818] (-) TimerEvent: {}
[2.212148] (-) TimerEvent: {}
[2.312614] (-) TimerEvent: {}
[2.413084] (-) TimerEvent: {}
[2.513475] (-) TimerEvent: {}
[2.613873] (-) TimerEvent: {}
[2.714200] (-) TimerEvent: {}
[2.814525] (-) TimerEvent: {}
[2.914910] (-) TimerEvent: {}
[3.015257] (-) TimerEvent: {}
[3.115601] (-) TimerEvent: {}
[3.215958] (-) TimerEvent: {}
[3.316325] (-) TimerEvent: {}
[3.416705] (-) TimerEvent: {}
[3.517483] (-) TimerEvent: {}
[3.617933] (-) TimerEvent: {}
[3.718322] (-) TimerEvent: {}
[3.818698] (-) TimerEvent: {}
[3.919072] (-) TimerEvent: {}
[4.019463] (-) TimerEvent: {}
[4.119884] (-) TimerEvent: {}
[4.220312] (-) TimerEvent: {}
[4.323018] (-) TimerEvent: {}
[4.423386] (-) TimerEvent: {}
[4.523754] (-) TimerEvent: {}
[4.624579] (-) TimerEvent: {}
[4.724954] (-) TimerEvent: {}
[4.825418] (-) TimerEvent: {}
[4.925860] (-) TimerEvent: {}
[5.027143] (-) TimerEvent: {}
[5.128442] (-) TimerEvent: {}
[5.228820] (-) TimerEvent: {}
[5.329225] (-) TimerEvent: {}
[5.429609] (-) TimerEvent: {}
[5.530048] (-) TimerEvent: {}
[5.630444] (-) TimerEvent: {}
[5.730805] (-) TimerEvent: {}
[5.831156] (-) TimerEvent: {}
[5.931560] (-) TimerEvent: {}
[6.032161] (-) TimerEvent: {}
[6.132616] (-) TimerEvent: {}
[6.233075] (-) TimerEvent: {}
[6.333657] (-) TimerEvent: {}
[6.434134] (-) TimerEvent: {}
[6.534508] (-) TimerEvent: {}
[6.634864] (-) TimerEvent: {}
[6.735273] (-) TimerEvent: {}
[6.835777] (-) TimerEvent: {}
[6.936182] (-) TimerEvent: {}
[7.036546] (-) TimerEvent: {}
[7.136901] (-) TimerEvent: {}
[7.237250] (-) TimerEvent: {}
[7.337610] (-) TimerEvent: {}
[7.438014] (-) TimerEvent: {}
[7.538377] (-) TimerEvent: {}
[7.638953] (-) TimerEvent: {}
[7.739353] (-) TimerEvent: {}
[7.839703] (-) TimerEvent: {}
[7.940168] (-) TimerEvent: {}
[8.040546] (-) TimerEvent: {}
[8.140983] (-) TimerEvent: {}
[8.241368] (-) TimerEvent: {}
[8.341901] (-) TimerEvent: {}
[8.442662] (-) TimerEvent: {}
[8.543036] (-) TimerEvent: {}
[8.643407] (-) TimerEvent: {}
[8.743759] (-) TimerEvent: {}
[8.844172] (-) TimerEvent: {}
[8.944532] (-) TimerEvent: {}
[9.044953] (-) TimerEvent: {}
[9.145352] (-) TimerEvent: {}
[9.245775] (-) TimerEvent: {}
[9.346123] (-) TimerEvent: {}
[9.446531] (-) TimerEvent: {}
[9.546895] (-) TimerEvent: {}
[9.647291] (-) TimerEvent: {}
[9.747727] (-) TimerEvent: {}
[9.848098] (-) TimerEvent: {}
[9.948470] (-) TimerEvent: {}
[10.048827] (-) TimerEvent: {}
[10.149199] (-) TimerEvent: {}
[10.249590] (-) TimerEvent: {}
[10.350018] (-) TimerEvent: {}
[10.450448] (-) TimerEvent: {}
[10.550845] (-) TimerEvent: {}
[10.651200] (-) TimerEvent: {}
[10.751567] (-) TimerEvent: {}
[10.851939] (-) TimerEvent: {}
[10.952299] (-) TimerEvent: {}
[11.052684] (-) TimerEvent: {}
[11.153104] (-) TimerEvent: {}
[11.253477] (-) TimerEvent: {}
[11.353867] (-) TimerEvent: {}
[11.454223] (-) TimerEvent: {}
[11.554586] (-) TimerEvent: {}
[11.654957] (-) TimerEvent: {}
[11.755338] (-) TimerEvent: {}
[11.855722] (-) TimerEvent: {}
[11.956138] (-) TimerEvent: {}
[12.056500] (-) TimerEvent: {}
[12.156854] (-) TimerEvent: {}
[12.257208] (-) TimerEvent: {}
[12.357567] (-) TimerEvent: {}
[12.457991] (-) TimerEvent: {}
[12.558390] (-) TimerEvent: {}
[12.658838] (-) TimerEvent: {}
[12.759273] (-) TimerEvent: {}
[12.859639] (-) TimerEvent: {}
[12.960057] (-) TimerEvent: {}
[13.060488] (-) TimerEvent: {}
[13.160852] (-) TimerEvent: {}
[13.261265] (-) TimerEvent: {}
[13.361673] (-) TimerEvent: {}
[13.462060] (-) TimerEvent: {}
[13.562451] (-) TimerEvent: {}
[13.662789] (-) TimerEvent: {}
[13.763149] (-) TimerEvent: {}
[13.863655] (-) TimerEvent: {}
[13.964082] (-) TimerEvent: {}
[14.064484] (-) TimerEvent: {}
[14.164852] (-) TimerEvent: {}
[14.265203] (-) TimerEvent: {}
[14.365552] (-) TimerEvent: {}
[14.465968] (-) TimerEvent: {}
[14.566326] (-) TimerEvent: {}
[14.666697] (-) TimerEvent: {}
[14.767078] (-) TimerEvent: {}
[14.867464] (-) TimerEvent: {}
[14.967917] (-) TimerEvent: {}
[15.068313] (-) TimerEvent: {}
[15.169933] (-) TimerEvent: {}
[15.270300] (-) TimerEvent: {}
[15.370670] (-) TimerEvent: {}
[15.471470] (-) TimerEvent: {}
[15.571826] (-) TimerEvent: {}
[15.672195] (-) TimerEvent: {}
[15.772690] (-) TimerEvent: {}
[15.873003] (-) TimerEvent: {}
[15.973361] (-) TimerEvent: {}
[16.073912] (-) TimerEvent: {}
[16.174347] (-) TimerEvent: {}
[16.274864] (-) TimerEvent: {}
[16.375252] (-) TimerEvent: {}
[16.475632] (-) TimerEvent: {}
[16.576082] (-) TimerEvent: {}
[16.676475] (-) TimerEvent: {}
[16.703836] (servo_control) StdoutLine: {'line': b'[ 33%] Linking CXX executable scan_sequence_node\n'}
[16.776647] (-) TimerEvent: {}
[16.877653] (-) TimerEvent: {}
[16.978094] (-) TimerEvent: {}
[17.078520] (-) TimerEvent: {}
[17.178927] (-) TimerEvent: {}
[17.279302] (-) TimerEvent: {}
[17.379681] (-) TimerEvent: {}
[17.480034] (-) TimerEvent: {}
[17.483652] (servo_control) StdoutLine: {'line': b'[ 33%] Built target scan_sequence_node\n'}
[17.581016] (-) TimerEvent: {}
[17.650532] (servo_control) StdoutLine: {'line': b'[ 66%] Built target dynamic_tf_broadcaster\n'}
[17.681176] (-) TimerEvent: {}
[17.781564] (-) TimerEvent: {}
[17.853529] (servo_control) StdoutLine: {'line': b'[100%] Built target lidar_pointcloud_node\n'}
[17.881783] (-) TimerEvent: {}
[17.903675] (servo_control) CommandEnded: {'returncode': 0}
[17.981987] (-) TimerEvent: {}
[18.034132] (servo_control) JobProgress: {'identifier': 'servo_control', 'progress': 'install'}
[18.036001] (servo_control) Command: {'cmd': ['/usr/bin/cmake', '--install', '/root/lidar_system/build/servo_control'], 'cwd': '/root/lidar_system/build/servo_control', 'env': OrderedDict([('HOSTNAME', 'ubuntu-desktop'), ('SHLVL', '1'), ('LD_LIBRARY_PATH', '/opt/ros/foxy/opt/yaml_cpp_vendor/lib:/opt/ros/foxy/opt/rviz_ogre_vendor/lib:/opt/ros/foxy/lib/aarch64-linux-gnu:/opt/ros/foxy/lib'), ('HOME', '/root'), ('OLDPWD', '/'), ('ROS_PYTHON_VERSION', '3'), ('ROS_DISTRO', 'foxy'), ('_', '/usr/bin/colcon'), ('ROS_VERSION', '2'), ('ROS_LOCALHOST_ONLY', '0'), ('QT_X11_NO_MITSHM', '1'), ('PATH', '/opt/ros/foxy/bin:/usr/local/sbin:/usr/local/bin:/usr/sbin:/usr/bin:/sbin:/bin'), ('FASTRTPS_DEFAULT_PROFILES_FILE', '/fastdds.xml'), ('DISPLAY', ':0'), ('LANG', 'C.UTF-8'), ('RMW_IMPLEMENTATION', 'rmw_fastrtps_cpp'), ('ROS_DOMAIN_ID', '0'), ('AMENT_PREFIX_PATH', '/opt/ros/foxy'), ('PWD', '/root/lidar_system/build/servo_control'), ('LC_ALL', 'C.UTF-8'), ('PYTHONPATH', '/opt/ros/foxy/lib/python3.8/site-packages'), ('COLCON', '1'), ('CMAKE_PREFIX_PATH', '/opt/ros/foxy')]), 'shell': False}
[18.083278] (-) TimerEvent: {}
[18.085469] (servo_control) StdoutLine: {'line': b'-- Install configuration: ""\n'}
[18.087939] (servo_control) StdoutLine: {'line': b'-- Up-to-date: /root/lidar_system/install/servo_control/lib/servo_control/dynamic_tf_broadcaster\n'}
[18.089429] (servo_control) StdoutLine: {'line': b'-- Up-to-date: /root/lidar_system/install/servo_control/lib/servo_control/lidar_pointcloud_node\n'}
[18.091945] (servo_control) StdoutLine: {'line': b'-- Installing: /root/lidar_system/install/servo_control/lib/servo_control/scan_sequence_node\n'}
[18.098229] (servo_control) StdoutLine: {'line': b'-- Set runtime path of "/root/lidar_system/install/servo_control/lib/servo_control/scan_sequence_node" to ""\n'}
[18.101223] (servo_control) StdoutLine: {'line': b'-- Up-to-date: /root/lidar_system/install/servo_control/share/servo_control/environment/pythonpath.sh\n'}
[18.101963] (servo_control) StdoutLine: {'line': b'-- Up-to-date: /root/lidar_system/install/servo_control/share/servo_control/environment/pythonpath.dsv\n'}
[18.102428] (servo_control) StdoutLine: {'line': b'-- Up-to-date: /root/lidar_system/install/servo_control/lib/python3.8/site-packages/servo_control\n'}
[18.102832] (servo_control) StdoutLine: {'line': b'-- Up-to-date: /root/lidar_system/install/servo_control/lib/python3.8/site-packages/servo_control/__init__.py\n'}
[18.183412] (-) TimerEvent: {}
[18.262910] (servo_control) StdoutLine: {'line': b"Listing '/root/lidar_system/install/servo_control/lib/python3.8/site-packages/servo_control'...\n"}
[18.283691] (-) TimerEvent: {}
[18.287575] (servo_control) StdoutLine: {'line': b'-- Up-to-date: /root/lidar_system/install/servo_control/lib/servo_control/servo_motor_node.py\n'}
[18.288166] (servo_control) StdoutLine: {'line': b'-- Up-to-date: /root/lidar_system/install/servo_control/lib/servo_control/lidar_bbox_open3d.py\n'}
[18.289361] (servo_control) StdoutLine: {'line': b'-- Up-to-date: /root/lidar_system/install/servo_control/share/ament_index/resource_index/package_run_dependencies/servo_control\n'}
[18.291166] (servo_control) StdoutLine: {'line': b'-- Up-to-date: /root/lidar_system/install/servo_control/share/ament_index/resource_index/parent_prefix_path/servo_control\n'}
[18.291618] (servo_control) StdoutLine: {'line': b'-- Up-to-date: /root/lidar_system/install/servo_control/share/servo_control/environment/ament_prefix_path.sh\n'}
[18.293541] (servo_control) StdoutLine: {'line': b'-- Up-to-date: /root/lidar_system/install/servo_control/share/servo_control/environment/ament_prefix_path.dsv\n'}
[18.294731] (servo_control) StdoutLine: {'line': b'-- Up-to-date: /root/lidar_system/install/servo_control/share/servo_control/environment/path.sh\n'}
[18.295144] (servo_control) StdoutLine: {'line': b'-- Up-to-date: /root/lidar_system/install/servo_control/share/servo_control/environment/path.dsv\n'}
[18.295525] (servo_control) StdoutLine: {'line': b'-- Up-to-date: /root/lidar_system/install/servo_control/share/servo_control/local_setup.bash\n'}
[18.295887] (servo_control) StdoutLine: {'line': b'-- Up-to-date: /root/lidar_system/install/servo_control/share/servo_control/local_setup.sh\n'}
[18.296859] (servo_control) StdoutLine: {'line': b'-- Up-to-date: /root/lidar_system/install/servo_control/share/servo_control/local_setup.zsh\n'}
[18.297850] (servo_control) StdoutLine: {'line': b'-- Up-to-date: /root/lidar_system/install/servo_control/share/servo_control/local_setup.dsv\n'}
[18.311753] (servo_control) StdoutLine: {'line': b'-- Installing: /root/lidar_system/install/servo_control/share/servo_control/package.dsv\n'}
[18.331160] (servo_control) StdoutLine: {'line': b'-- Up-to-date: /root/lidar_system/install/servo_control/share/ament_index/resource_index/packages/servo_control\n'}
[18.333522] (servo_control) StdoutLine: {'line': b'-- Up-to-date: /root/lidar_system/install/servo_control/share/servo_control/cmake/servo_controlConfig.cmake\n'}
[18.334569] (servo_control) StdoutLine: {'line': b'-- Up-to-date: /root/lidar_system/install/servo_control/share/servo_control/cmake/servo_controlConfig-version.cmake\n'}
[18.335561] (servo_control) StdoutLine: {'line': b'-- Up-to-date: /root/lidar_system/install/servo_control/share/servo_control/package.xml\n'}
[18.336227] (servo_control) CommandEnded: {'returncode': 0}
[18.384828] (-) TimerEvent: {}
[18.486030] (-) TimerEvent: {}
[18.586485] (-) TimerEvent: {}
[18.592528] (servo_control) JobEnded: {'identifier': 'servo_control', 'rc': 0}
[18.595033] (-) EventReactorShutdown: {}
