[0.000000] (-) TimerEvent: {}
[0.001019] (rplidar_ros) JobQueued: {'identifier': 'rplidar_ros', 'dependencies': OrderedDict()}
[0.002096] (servo_control) JobQueued: {'identifier': 'servo_control', 'dependencies': OrderedDict()}
[0.002774] (rplidar_ros) JobStarted: {'identifier': 'rplidar_ros'}
[0.083101] (servo_control) JobStarted: {'identifier': 'servo_control'}
[0.102834] (-) TimerEvent: {}
[0.130989] (rplidar_ros) JobProgress: {'identifier': 'rplidar_ros', 'progress': 'cmake'}
[0.138114] (rplidar_ros) JobProgress: {'identifier': 'rplidar_ros', 'progress': 'build'}
[0.142156] (rplidar_ros) Command: {'cmd': ['/usr/bin/cmake', '--build', '/root/lidar_system/build/rplidar_ros', '--', '-j4', '-l4'], 'cwd': '/root/lidar_system/build/rplidar_ros', 'env': OrderedDict([('HOSTNAME', 'ubuntu-desktop'), ('SHLVL', '1'), ('LD_LIBRARY_PATH', '/opt/ros/foxy/opt/yaml_cpp_vendor/lib:/opt/ros/foxy/opt/rviz_ogre_vendor/lib:/opt/ros/foxy/lib/aarch64-linux-gnu:/opt/ros/foxy/lib'), ('HOME', '/root'), ('OLDPWD', '/'), ('ROS_PYTHON_VERSION', '3'), ('ROS_DISTRO', 'foxy'), ('_', '/usr/bin/colcon'), ('ROS_VERSION', '2'), ('ROS_LOCALHOST_ONLY', '0'), ('QT_X11_NO_MITSHM', '1'), ('PATH', '/opt/ros/foxy/bin:/usr/local/sbin:/usr/local/bin:/usr/sbin:/usr/bin:/sbin:/bin'), ('FASTRTPS_DEFAULT_PROFILES_FILE', '/fastdds.xml'), ('DISPLAY', ':0'), ('LANG', 'C.UTF-8'), ('RMW_IMPLEMENTATION', 'rmw_fastrtps_cpp'), ('ROS_DOMAIN_ID', '0'), ('AMENT_PREFIX_PATH', '/opt/ros/foxy'), ('PWD', '/root/lidar_system/build/rplidar_ros'), ('LC_ALL', 'C.UTF-8'), ('PYTHONPATH', '/opt/ros/foxy/lib/python3.8/site-packages'), ('COLCON', '1'), ('CMAKE_PREFIX_PATH', '/opt/ros/foxy')]), 'shell': False}
[0.164798] (servo_control) JobProgress: {'identifier': 'servo_control', 'progress': 'cmake'}
[0.178844] (servo_control) JobProgress: {'identifier': 'servo_control', 'progress': 'build'}
[0.179322] (servo_control) Command: {'cmd': ['/usr/bin/cmake', '--build', '/root/lidar_system/build/servo_control', '--', '-j4', '-l4'], 'cwd': '/root/lidar_system/build/servo_control', 'env': OrderedDict([('HOSTNAME', 'ubuntu-desktop'), ('SHLVL', '1'), ('LD_LIBRARY_PATH', '/opt/ros/foxy/opt/yaml_cpp_vendor/lib:/opt/ros/foxy/opt/rviz_ogre_vendor/lib:/opt/ros/foxy/lib/aarch64-linux-gnu:/opt/ros/foxy/lib'), ('HOME', '/root'), ('OLDPWD', '/'), ('ROS_PYTHON_VERSION', '3'), ('ROS_DISTRO', 'foxy'), ('_', '/usr/bin/colcon'), ('ROS_VERSION', '2'), ('ROS_LOCALHOST_ONLY', '0'), ('QT_X11_NO_MITSHM', '1'), ('PATH', '/opt/ros/foxy/bin:/usr/local/sbin:/usr/local/bin:/usr/sbin:/usr/bin:/sbin:/bin'), ('FASTRTPS_DEFAULT_PROFILES_FILE', '/fastdds.xml'), ('DISPLAY', ':0'), ('LANG', 'C.UTF-8'), ('RMW_IMPLEMENTATION', 'rmw_fastrtps_cpp'), ('ROS_DOMAIN_ID', '0'), ('AMENT_PREFIX_PATH', '/opt/ros/foxy'), ('PWD', '/root/lidar_system/build/servo_control'), ('LC_ALL', 'C.UTF-8'), ('PYTHONPATH', '/opt/ros/foxy/lib/python3.8/site-packages'), ('COLCON', '1'), ('CMAKE_PREFIX_PATH', '/opt/ros/foxy')]), 'shell': False}
[0.203899] (-) TimerEvent: {}
[0.304338] (-) TimerEvent: {}
[0.410934] (-) TimerEvent: {}
[0.511349] (-) TimerEvent: {}
[0.611741] (-) TimerEvent: {}
[0.712205] (-) TimerEvent: {}
[0.723901] (rplidar_ros) StdoutLine: {'line': b'[  5%] Built target rplidar_client\n'}
[0.734960] (servo_control) StdoutLine: {'line': b'[ 20%] Built target dynamic_tf_broadcaster\n'}
[0.812381] (-) TimerEvent: {}
[0.912792] (-) TimerEvent: {}
[0.928680] (rplidar_ros) StdoutLine: {'line': b'[ 52%] Built target rplidar_node\n'}
[0.950541] (servo_control) StdoutLine: {'line': b'[ 40%] Built target mavros_tf_node\n'}
[1.012976] (-) TimerEvent: {}
[1.102738] (servo_control) StdoutLine: {'line': b'[ 60%] Built target scan_sequence_node\n'}
[1.113169] (-) TimerEvent: {}
[1.120559] (rplidar_ros) StdoutLine: {'line': b'[100%] Built target rplidar_composition\n'}
[1.180172] (rplidar_ros) CommandEnded: {'returncode': 0}
[1.215622] (-) TimerEvent: {}
[1.316204] (-) TimerEvent: {}
[1.333482] (servo_control) StdoutLine: {'line': b'[ 80%] Built target lidar_pointcloud_node\n'}
[1.416437] (-) TimerEvent: {}
[1.442594] (rplidar_ros) JobProgress: {'identifier': 'rplidar_ros', 'progress': 'install'}
[1.489635] (rplidar_ros) Command: {'cmd': ['/usr/bin/cmake', '--install', '/root/lidar_system/build/rplidar_ros'], 'cwd': '/root/lidar_system/build/rplidar_ros', 'env': OrderedDict([('HOSTNAME', 'ubuntu-desktop'), ('SHLVL', '1'), ('LD_LIBRARY_PATH', '/opt/ros/foxy/opt/yaml_cpp_vendor/lib:/opt/ros/foxy/opt/rviz_ogre_vendor/lib:/opt/ros/foxy/lib/aarch64-linux-gnu:/opt/ros/foxy/lib'), ('HOME', '/root'), ('OLDPWD', '/'), ('ROS_PYTHON_VERSION', '3'), ('ROS_DISTRO', 'foxy'), ('_', '/usr/bin/colcon'), ('ROS_VERSION', '2'), ('ROS_LOCALHOST_ONLY', '0'), ('QT_X11_NO_MITSHM', '1'), ('PATH', '/opt/ros/foxy/bin:/usr/local/sbin:/usr/local/bin:/usr/sbin:/usr/bin:/sbin:/bin'), ('FASTRTPS_DEFAULT_PROFILES_FILE', '/fastdds.xml'), ('DISPLAY', ':0'), ('LANG', 'C.UTF-8'), ('RMW_IMPLEMENTATION', 'rmw_fastrtps_cpp'), ('ROS_DOMAIN_ID', '0'), ('AMENT_PREFIX_PATH', '/opt/ros/foxy'), ('PWD', '/root/lidar_system/build/rplidar_ros'), ('LC_ALL', 'C.UTF-8'), ('PYTHONPATH', '/opt/ros/foxy/lib/python3.8/site-packages'), ('COLCON', '1'), ('CMAKE_PREFIX_PATH', '/opt/ros/foxy')]), 'shell': False}
[1.504326] (servo_control) StdoutLine: {'line': b'Scanning dependencies of target target_tracker_node\n'}
[1.517049] (-) TimerEvent: {}
[1.546029] (rplidar_ros) StdoutLine: {'line': b'-- Install configuration: ""\n'}
[1.546739] (rplidar_ros) StdoutLine: {'line': b'-- Up-to-date: /root/lidar_system/install/rplidar_ros/share/rplidar_ros/launch\n'}
[1.547804] (rplidar_ros) StdoutLine: {'line': b'-- Up-to-date: /root/lidar_system/install/rplidar_ros/share/rplidar_ros/launch/rplidar_a3_launch.py\n'}
[1.549155] (rplidar_ros) StdoutLine: {'line': b'-- Up-to-date: /root/lidar_system/install/rplidar_ros/share/rplidar_ros/launch/view_rplidar_a2m8_launch.py\n'}
[1.550636] (rplidar_ros) StdoutLine: {'line': b'-- Up-to-date: /root/lidar_system/install/rplidar_ros/share/rplidar_ros/launch/view_rplidar_a2m7_launch.py\n'}
[1.552347] (rplidar_ros) StdoutLine: {'line': b'-- Up-to-date: /root/lidar_system/install/rplidar_ros/share/rplidar_ros/launch/rplidar_s2_launch.py\n'}
[1.552880] (rplidar_ros) StdoutLine: {'line': b'-- Up-to-date: /root/lidar_system/install/rplidar_ros/share/rplidar_ros/launch/rplidar_s1_tcp_launch.py\n'}
[1.553294] (rplidar_ros) StdoutLine: {'line': b'-- Up-to-date: /root/lidar_system/install/rplidar_ros/share/rplidar_ros/launch/view_rplidar_a1_launch.py\n'}
[1.553693] (rplidar_ros) StdoutLine: {'line': b'-- Up-to-date: /root/lidar_system/install/rplidar_ros/share/rplidar_ros/launch/rplidar_t1_launch.py\n'}
[1.554483] (rplidar_ros) StdoutLine: {'line': b'-- Up-to-date: /root/lidar_system/install/rplidar_ros/share/rplidar_ros/launch/system_launch.py\n'}
[1.554879] (rplidar_ros) StdoutLine: {'line': b'-- Up-to-date: /root/lidar_system/install/rplidar_ros/share/rplidar_ros/launch/rplidar_a1_launch.py\n'}
[1.555225] (rplidar_ros) StdoutLine: {'line': b'-- Up-to-date: /root/lidar_system/install/rplidar_ros/share/rplidar_ros/launch/view_rplidar_s1_launch.py\n'}
[1.556171] (rplidar_ros) StdoutLine: {'line': b'-- Up-to-date: /root/lidar_system/install/rplidar_ros/share/rplidar_ros/launch/view_rplidar_s2_launch.py\n'}
[1.557235] (rplidar_ros) StdoutLine: {'line': b'-- Up-to-date: /root/lidar_system/install/rplidar_ros/share/rplidar_ros/launch/view_rplidar_s2e_launch.py\n'}
[1.559720] (rplidar_ros) StdoutLine: {'line': b'-- Up-to-date: /root/lidar_system/install/rplidar_ros/share/rplidar_ros/launch/view_rplidar_a2m12_launch.py\n'}
[1.560837] (rplidar_ros) StdoutLine: {'line': b'-- Up-to-date: /root/lidar_system/install/rplidar_ros/share/rplidar_ros/launch/rplidar_a2m7_launch.py\n'}
[1.561266] (rplidar_ros) StdoutLine: {'line': b'-- Up-to-date: /root/lidar_system/install/rplidar_ros/share/rplidar_ros/launch/rplidar_s2e_launch.py\n'}
[1.565156] (rplidar_ros) StdoutLine: {'line': b'-- Up-to-date: /root/lidar_system/install/rplidar_ros/share/rplidar_ros/launch/view_rplidar_s1_tcp_launch.py\n'}
[1.565664] (rplidar_ros) StdoutLine: {'line': b'-- Up-to-date: /root/lidar_system/install/rplidar_ros/share/rplidar_ros/launch/rplidar_a2m12_launch.py\n'}
[1.566828] (rplidar_ros) StdoutLine: {'line': b'-- Up-to-date: /root/lidar_system/install/rplidar_ros/share/rplidar_ros/launch/rplidar_s1_launch.py\n'}
[1.567284] (rplidar_ros) StdoutLine: {'line': b'-- Up-to-date: /root/lidar_system/install/rplidar_ros/share/rplidar_ros/launch/__pycache__\n'}
[1.567740] (rplidar_ros) StdoutLine: {'line': b'-- Installing: /root/lidar_system/install/rplidar_ros/share/rplidar_ros/launch/__pycache__/system_launch.cpython-38.pyc\n'}
[1.568240] (rplidar_ros) StdoutLine: {'line': b'-- Up-to-date: /root/lidar_system/install/rplidar_ros/share/rplidar_ros/launch/rplidar_s3_launch.py\n'}
[1.568699] (rplidar_ros) StdoutLine: {'line': b'-- Up-to-date: /root/lidar_system/install/rplidar_ros/share/rplidar_ros/launch/rplidar_a2m8_launch.py\n'}
[1.569126] (rplidar_ros) StdoutLine: {'line': b'-- Up-to-date: /root/lidar_system/install/rplidar_ros/share/rplidar_ros/launch/view_rplidar_t1_launch.py\n'}
[1.569555] (rplidar_ros) StdoutLine: {'line': b'-- Up-to-date: /root/lidar_system/install/rplidar_ros/share/rplidar_ros/launch/view_rplidar_a3_launch.py\n'}
[1.569959] (rplidar_ros) StdoutLine: {'line': b'-- Up-to-date: /root/lidar_system/install/rplidar_ros/share/rplidar_ros/launch/rplidar_c1_launch.py\n'}
[1.570356] (rplidar_ros) StdoutLine: {'line': b'-- Up-to-date: /root/lidar_system/install/rplidar_ros/share/rplidar_ros/launch/view_rplidar_s3_launch.py\n'}
[1.570754] (rplidar_ros) StdoutLine: {'line': b'-- Up-to-date: /root/lidar_system/install/rplidar_ros/share/rplidar_ros/launch/view_rplidar_c1_launch.py\n'}
[1.571140] (rplidar_ros) StdoutLine: {'line': b'-- Up-to-date: /root/lidar_system/install/rplidar_ros/share/rplidar_ros/rviz\n'}
[1.575129] (rplidar_ros) StdoutLine: {'line': b'-- Up-to-date: /root/lidar_system/install/rplidar_ros/share/rplidar_ros/rviz/rplidar_ros.rviz\n'}
[1.575768] (rplidar_ros) StdoutLine: {'line': b'-- Up-to-date: /root/lidar_system/install/rplidar_ros/lib/rplidar_ros/rplidar_node\n'}
[1.579575] (rplidar_ros) StdoutLine: {'line': b'-- Up-to-date: /root/lidar_system/install/rplidar_ros/lib/rplidar_ros/rplidar_composition\n'}
[1.583798] (rplidar_ros) StdoutLine: {'line': b'-- Up-to-date: /root/lidar_system/install/rplidar_ros/lib/rplidar_ros/rplidar_client\n'}
[1.587701] (servo_control) StdoutLine: {'line': b'[ 90%] Building CXX object CMakeFiles/target_tracker_node.dir/src/target_tracker_node.cpp.o\n'}
[1.588954] (rplidar_ros) StdoutLine: {'line': b'-- Up-to-date: /root/lidar_system/install/rplidar_ros/share/ament_index/resource_index/package_run_dependencies/rplidar_ros\n'}
[1.589372] (rplidar_ros) StdoutLine: {'line': b'-- Up-to-date: /root/lidar_system/install/rplidar_ros/share/ament_index/resource_index/parent_prefix_path/rplidar_ros\n'}
[1.589719] (rplidar_ros) StdoutLine: {'line': b'-- Up-to-date: /root/lidar_system/install/rplidar_ros/share/rplidar_ros/environment/ament_prefix_path.sh\n'}
[1.590061] (rplidar_ros) StdoutLine: {'line': b'-- Up-to-date: /root/lidar_system/install/rplidar_ros/share/rplidar_ros/environment/ament_prefix_path.dsv\n'}
[1.590411] (rplidar_ros) StdoutLine: {'line': b'-- Up-to-date: /root/lidar_system/install/rplidar_ros/share/rplidar_ros/environment/path.sh\n'}
[1.590735] (rplidar_ros) StdoutLine: {'line': b'-- Up-to-date: /root/lidar_system/install/rplidar_ros/share/rplidar_ros/environment/path.dsv\n'}
[1.591053] (rplidar_ros) StdoutLine: {'line': b'-- Up-to-date: /root/lidar_system/install/rplidar_ros/share/rplidar_ros/local_setup.bash\n'}
[1.591429] (rplidar_ros) StdoutLine: {'line': b'-- Up-to-date: /root/lidar_system/install/rplidar_ros/share/rplidar_ros/local_setup.sh\n'}
[1.591767] (rplidar_ros) StdoutLine: {'line': b'-- Up-to-date: /root/lidar_system/install/rplidar_ros/share/rplidar_ros/local_setup.zsh\n'}
[1.592176] (rplidar_ros) StdoutLine: {'line': b'-- Up-to-date: /root/lidar_system/install/rplidar_ros/share/rplidar_ros/local_setup.dsv\n'}
[1.592536] (rplidar_ros) StdoutLine: {'line': b'-- Installing: /root/lidar_system/install/rplidar_ros/share/rplidar_ros/package.dsv\n'}
[1.595127] (rplidar_ros) StdoutLine: {'line': b'-- Up-to-date: /root/lidar_system/install/rplidar_ros/share/ament_index/resource_index/packages/rplidar_ros\n'}
[1.595754] (rplidar_ros) StdoutLine: {'line': b'-- Up-to-date: /root/lidar_system/install/rplidar_ros/share/rplidar_ros/cmake/ament_cmake_export_dependencies-extras.cmake\n'}
[1.596272] (rplidar_ros) StdoutLine: {'line': b'-- Up-to-date: /root/lidar_system/install/rplidar_ros/share/rplidar_ros/cmake/ament_cmake_export_include_directories-extras.cmake\n'}
[1.596794] (rplidar_ros) StdoutLine: {'line': b'-- Up-to-date: /root/lidar_system/install/rplidar_ros/share/rplidar_ros/cmake/rplidar_rosConfig.cmake\n'}
[1.597291] (rplidar_ros) StdoutLine: {'line': b'-- Up-to-date: /root/lidar_system/install/rplidar_ros/share/rplidar_ros/cmake/rplidar_rosConfig-version.cmake\n'}
[1.597784] (rplidar_ros) StdoutLine: {'line': b'-- Up-to-date: /root/lidar_system/install/rplidar_ros/share/rplidar_ros/package.xml\n'}
[1.601549] (rplidar_ros) CommandEnded: {'returncode': 0}
[1.617849] (-) TimerEvent: {}
[1.722034] (-) TimerEvent: {}
[1.822530] (-) TimerEvent: {}
[1.923005] (-) TimerEvent: {}
[2.023395] (-) TimerEvent: {}
[2.124505] (-) TimerEvent: {}
[2.131314] (rplidar_ros) JobEnded: {'identifier': 'rplidar_ros', 'rc': 0}
[2.224691] (-) TimerEvent: {}
[2.325081] (-) TimerEvent: {}
[2.425461] (-) TimerEvent: {}
[2.525826] (-) TimerEvent: {}
[2.626204] (-) TimerEvent: {}
[2.726584] (-) TimerEvent: {}
[2.826947] (-) TimerEvent: {}
[2.927321] (-) TimerEvent: {}
[3.027709] (-) TimerEvent: {}
[3.128166] (-) TimerEvent: {}
[3.228558] (-) TimerEvent: {}
[3.329041] (-) TimerEvent: {}
[3.429440] (-) TimerEvent: {}
[3.529820] (-) TimerEvent: {}
[3.630239] (-) TimerEvent: {}
[3.730622] (-) TimerEvent: {}
[3.831016] (-) TimerEvent: {}
[3.931414] (-) TimerEvent: {}
[4.031831] (-) TimerEvent: {}
[4.132218] (-) TimerEvent: {}
[4.232607] (-) TimerEvent: {}
[4.332989] (-) TimerEvent: {}
[4.433382] (-) TimerEvent: {}
[4.533798] (-) TimerEvent: {}
[4.634291] (-) TimerEvent: {}
[4.734703] (-) TimerEvent: {}
[4.835079] (-) TimerEvent: {}
[4.935448] (-) TimerEvent: {}
[5.035818] (-) TimerEvent: {}
[5.136197] (-) TimerEvent: {}
[5.236595] (-) TimerEvent: {}
[5.336971] (-) TimerEvent: {}
[5.437363] (-) TimerEvent: {}
[5.537766] (-) TimerEvent: {}
[5.638171] (-) TimerEvent: {}
[5.738561] (-) TimerEvent: {}
[5.839005] (-) TimerEvent: {}
[5.939380] (-) TimerEvent: {}
[6.039779] (-) TimerEvent: {}
[6.140214] (-) TimerEvent: {}
[6.240728] (-) TimerEvent: {}
[6.341170] (-) TimerEvent: {}
[6.441568] (-) TimerEvent: {}
[6.541936] (-) TimerEvent: {}
[6.642292] (-) TimerEvent: {}
[6.742648] (-) TimerEvent: {}
[6.843019] (-) TimerEvent: {}
[6.943411] (-) TimerEvent: {}
[7.043758] (-) TimerEvent: {}
[7.144171] (-) TimerEvent: {}
[7.244526] (-) TimerEvent: {}
[7.344885] (-) TimerEvent: {}
[7.445244] (-) TimerEvent: {}
[7.545598] (-) TimerEvent: {}
[7.646025] (-) TimerEvent: {}
[7.746383] (-) TimerEvent: {}
[7.846744] (-) TimerEvent: {}
[7.947163] (-) TimerEvent: {}
[8.047546] (-) TimerEvent: {}
[8.147949] (-) TimerEvent: {}
[8.248370] (-) TimerEvent: {}
[8.348748] (-) TimerEvent: {}
[8.449126] (-) TimerEvent: {}
[8.549488] (-) TimerEvent: {}
[8.649859] (-) TimerEvent: {}
[8.750242] (-) TimerEvent: {}
[8.850614] (-) TimerEvent: {}
[8.884081] (servo_control) StderrLine: {'line': b'/root/lidar_system/servo_control/src/target_tracker_node.cpp: In constructor \xe2\x80\x98TargetTrackerNode::TargetTrackerNode()\xe2\x80\x99:\n'}
[8.884764] (servo_control) StderrLine: {'line': b'/root/lidar_system/servo_control/src/target_tracker_node.cpp:290:7: warning: \xe2\x80\x98TargetTrackerNode::scan_count_\xe2\x80\x99 will be initialized after [-Wreorder]\n'}
[8.885143] (servo_control) StderrLine: {'line': b'  290 |   int scan_count_;\n'}
[8.885476] (servo_control) StderrLine: {'line': b'      |       ^~~~~~~~~~~\n'}
[8.885882] (servo_control) StderrLine: {'line': b'/root/lidar_system/servo_control/src/target_tracker_node.cpp:289:8: warning:   \xe2\x80\x98bool TargetTrackerNode::capture_next_\xe2\x80\x99 [-Wreorder]\n'}
[8.886259] (servo_control) StderrLine: {'line': b'  289 |   bool capture_next_;\n'}
[8.886626] (servo_control) StderrLine: {'line': b'      |        ^~~~~~~~~~~~~\n'}
[8.886974] (servo_control) StderrLine: {'line': b'/root/lidar_system/servo_control/src/target_tracker_node.cpp:14:3: warning:   when initialized here [-Wreorder]\n'}
[8.887324] (servo_control) StderrLine: {'line': b'   14 |   TargetTrackerNode()\n'}
[8.887656] (servo_control) StderrLine: {'line': b'      |   ^~~~~~~~~~~~~~~~~\n'}
[8.888007] (servo_control) StderrLine: {'line': b'/root/lidar_system/servo_control/src/target_tracker_node.cpp:289:8: warning: \xe2\x80\x98TargetTrackerNode::capture_next_\xe2\x80\x99 will be initialized after [-Wreorder]\n'}
[8.888470] (servo_control) StderrLine: {'line': b'  289 |   bool capture_next_;\n'}
[8.888844] (servo_control) StderrLine: {'line': b'      |        ^~~~~~~~~~~~~\n'}
[8.889182] (servo_control) StderrLine: {'line': b'/root/lidar_system/servo_control/src/target_tracker_node.cpp:288:8: warning:   \xe2\x80\x98bool TargetTrackerNode::bg_valid_\xe2\x80\x99 [-Wreorder]\n'}
[8.889531] (servo_control) StderrLine: {'line': b'  288 |   bool bg_valid_;\n'}
[8.889870] (servo_control) StderrLine: {'line': b'      |        ^~~~~~~~~\n'}
[8.890207] (servo_control) StderrLine: {'line': b'/root/lidar_system/servo_control/src/target_tracker_node.cpp:14:3: warning:   when initialized here [-Wreorder]\n'}
[8.890548] (servo_control) StderrLine: {'line': b'   14 |   TargetTrackerNode()\n'}
[8.890875] (servo_control) StderrLine: {'line': b'      |   ^~~~~~~~~~~~~~~~~\n'}
[8.950783] (-) TimerEvent: {}
[9.051199] (-) TimerEvent: {}
[9.151551] (-) TimerEvent: {}
[9.251911] (-) TimerEvent: {}
[9.352356] (-) TimerEvent: {}
[9.452788] (-) TimerEvent: {}
[9.553154] (-) TimerEvent: {}
[9.653511] (-) TimerEvent: {}
[9.753871] (-) TimerEvent: {}
[9.854236] (-) TimerEvent: {}
[9.954606] (-) TimerEvent: {}
[10.055036] (-) TimerEvent: {}
[10.155419] (-) TimerEvent: {}
[10.255857] (-) TimerEvent: {}
[10.356296] (-) TimerEvent: {}
[10.456649] (-) TimerEvent: {}
[10.557017] (-) TimerEvent: {}
[10.658720] (-) TimerEvent: {}
[10.759145] (-) TimerEvent: {}
[10.859550] (-) TimerEvent: {}
[10.959955] (-) TimerEvent: {}
[11.060391] (-) TimerEvent: {}
[11.160755] (-) TimerEvent: {}
[11.261142] (-) TimerEvent: {}
[11.361528] (-) TimerEvent: {}
[11.461887] (-) TimerEvent: {}
[11.562284] (-) TimerEvent: {}
[11.662714] (-) TimerEvent: {}
[11.763124] (-) TimerEvent: {}
[11.863485] (-) TimerEvent: {}
[11.963915] (-) TimerEvent: {}
[12.064392] (-) TimerEvent: {}
[12.164778] (-) TimerEvent: {}
[12.265239] (-) TimerEvent: {}
[12.365597] (-) TimerEvent: {}
[12.465969] (-) TimerEvent: {}
[12.566341] (-) TimerEvent: {}
[12.666701] (-) TimerEvent: {}
[12.767132] (-) TimerEvent: {}
[12.867565] (-) TimerEvent: {}
[12.967993] (-) TimerEvent: {}
[13.068463] (-) TimerEvent: {}
[13.168873] (-) TimerEvent: {}
[13.269289] (-) TimerEvent: {}
[13.369700] (-) TimerEvent: {}
[13.470057] (-) TimerEvent: {}
[13.570410] (-) TimerEvent: {}
[13.670824] (-) TimerEvent: {}
[13.771232] (-) TimerEvent: {}
[13.871598] (-) TimerEvent: {}
[13.972074] (-) TimerEvent: {}
[14.072432] (-) TimerEvent: {}
[14.172846] (-) TimerEvent: {}
[14.273199] (-) TimerEvent: {}
[14.373619] (-) TimerEvent: {}
[14.474027] (-) TimerEvent: {}
[14.574453] (-) TimerEvent: {}
[14.674871] (-) TimerEvent: {}
[14.775289] (-) TimerEvent: {}
[14.875704] (-) TimerEvent: {}
[14.976150] (-) TimerEvent: {}
[15.076496] (-) TimerEvent: {}
[15.176853] (-) TimerEvent: {}
[15.277197] (-) TimerEvent: {}
[15.377598] (-) TimerEvent: {}
[15.478006] (-) TimerEvent: {}
[15.578360] (-) TimerEvent: {}
[15.678787] (-) TimerEvent: {}
[15.779214] (-) TimerEvent: {}
[15.879676] (-) TimerEvent: {}
[15.980148] (-) TimerEvent: {}
[16.080504] (-) TimerEvent: {}
[16.180863] (-) TimerEvent: {}
[16.281331] (-) TimerEvent: {}
[16.381750] (-) TimerEvent: {}
[16.482161] (-) TimerEvent: {}
[16.582582] (-) TimerEvent: {}
[16.683001] (-) TimerEvent: {}
[16.783423] (-) TimerEvent: {}
[16.883891] (-) TimerEvent: {}
[16.984380] (-) TimerEvent: {}
[17.084807] (-) TimerEvent: {}
[17.185234] (-) TimerEvent: {}
[17.285656] (-) TimerEvent: {}
[17.386108] (-) TimerEvent: {}
[17.486537] (-) TimerEvent: {}
[17.586974] (-) TimerEvent: {}
[17.687446] (-) TimerEvent: {}
[17.787869] (-) TimerEvent: {}
[17.888283] (-) TimerEvent: {}
[17.988632] (-) TimerEvent: {}
[18.088988] (-) TimerEvent: {}
[18.189346] (-) TimerEvent: {}
[18.289829] (-) TimerEvent: {}
[18.390252] (-) TimerEvent: {}
[18.490686] (-) TimerEvent: {}
[18.591113] (-) TimerEvent: {}
[18.691586] (-) TimerEvent: {}
[18.791956] (-) TimerEvent: {}
[18.892397] (-) TimerEvent: {}
[18.992809] (-) TimerEvent: {}
[19.093232] (-) TimerEvent: {}
[19.193655] (-) TimerEvent: {}
[19.294004] (-) TimerEvent: {}
[19.394369] (-) TimerEvent: {}
[19.494782] (-) TimerEvent: {}
[19.595197] (-) TimerEvent: {}
[19.695653] (-) TimerEvent: {}
[19.796052] (-) TimerEvent: {}
[19.896423] (-) TimerEvent: {}
[19.996789] (-) TimerEvent: {}
[20.097158] (-) TimerEvent: {}
[20.197537] (-) TimerEvent: {}
[20.297909] (-) TimerEvent: {}
[20.398331] (-) TimerEvent: {}
[20.499577] (-) TimerEvent: {}
[20.600077] (-) TimerEvent: {}
[20.700496] (-) TimerEvent: {}
[20.800865] (-) TimerEvent: {}
[20.901229] (-) TimerEvent: {}
[21.001634] (-) TimerEvent: {}
[21.102068] (-) TimerEvent: {}
[21.202516] (-) TimerEvent: {}
[21.302878] (-) TimerEvent: {}
[21.403294] (-) TimerEvent: {}
[21.503732] (-) TimerEvent: {}
[21.604162] (-) TimerEvent: {}
[21.704658] (-) TimerEvent: {}
[21.805011] (-) TimerEvent: {}
[21.905438] (-) TimerEvent: {}
[22.005796] (-) TimerEvent: {}
[22.106265] (-) TimerEvent: {}
[22.206630] (-) TimerEvent: {}
[22.307007] (-) TimerEvent: {}
[22.407375] (-) TimerEvent: {}
[22.507857] (-) TimerEvent: {}
[22.608262] (-) TimerEvent: {}
[22.708703] (-) TimerEvent: {}
[22.809128] (-) TimerEvent: {}
[22.909572] (-) TimerEvent: {}
[23.009932] (-) TimerEvent: {}
[23.110358] (-) TimerEvent: {}
[23.210711] (-) TimerEvent: {}
[23.311127] (-) TimerEvent: {}
[23.411491] (-) TimerEvent: {}
[23.511899] (-) TimerEvent: {}
[23.612317] (-) TimerEvent: {}
[23.712740] (-) TimerEvent: {}
[23.813148] (-) TimerEvent: {}
[23.913629] (-) TimerEvent: {}
[24.014030] (-) TimerEvent: {}
[24.114443] (-) TimerEvent: {}
[24.214823] (-) TimerEvent: {}
[24.315208] (-) TimerEvent: {}
[24.415602] (-) TimerEvent: {}
[24.516000] (-) TimerEvent: {}
[24.616433] (-) TimerEvent: {}
[24.716828] (-) TimerEvent: {}
[24.817262] (-) TimerEvent: {}
[24.917630] (-) TimerEvent: {}
[25.018023] (-) TimerEvent: {}
[25.118405] (-) TimerEvent: {}
[25.218893] (-) TimerEvent: {}
[25.319356] (-) TimerEvent: {}
[25.419751] (-) TimerEvent: {}
[25.520175] (-) TimerEvent: {}
[25.620618] (-) TimerEvent: {}
[25.720993] (-) TimerEvent: {}
[25.821393] (-) TimerEvent: {}
[25.921829] (-) TimerEvent: {}
[26.022318] (-) TimerEvent: {}
[26.122729] (-) TimerEvent: {}
[26.223114] (-) TimerEvent: {}
[26.323511] (-) TimerEvent: {}
[26.423910] (-) TimerEvent: {}
[26.524334] (-) TimerEvent: {}
[26.624701] (-) TimerEvent: {}
[26.725089] (-) TimerEvent: {}
[26.825484] (-) TimerEvent: {}
[26.925874] (-) TimerEvent: {}
[27.026252] (-) TimerEvent: {}
[27.126680] (-) TimerEvent: {}
[27.227073] (-) TimerEvent: {}
[27.327453] (-) TimerEvent: {}
[27.427843] (-) TimerEvent: {}
[27.528239] (-) TimerEvent: {}
[27.628629] (-) TimerEvent: {}
[27.729031] (-) TimerEvent: {}
[27.829422] (-) TimerEvent: {}
[27.929814] (-) TimerEvent: {}
[28.030185] (-) TimerEvent: {}
[28.130572] (-) TimerEvent: {}
[28.230969] (-) TimerEvent: {}
[28.331342] (-) TimerEvent: {}
[28.431737] (-) TimerEvent: {}
[28.532176] (-) TimerEvent: {}
[28.632539] (-) TimerEvent: {}
[28.732905] (-) TimerEvent: {}
[28.833280] (-) TimerEvent: {}
[28.933659] (-) TimerEvent: {}
[29.034101] (-) TimerEvent: {}
[29.134483] (-) TimerEvent: {}
[29.234873] (-) TimerEvent: {}
[29.335314] (-) TimerEvent: {}
[29.435761] (-) TimerEvent: {}
[29.536242] (-) TimerEvent: {}
[29.636623] (-) TimerEvent: {}
[29.737063] (-) TimerEvent: {}
[29.837442] (-) TimerEvent: {}
[29.937825] (-) TimerEvent: {}
[30.038283] (-) TimerEvent: {}
[30.138714] (-) TimerEvent: {}
[30.239085] (-) TimerEvent: {}
[30.339458] (-) TimerEvent: {}
[30.439901] (-) TimerEvent: {}
[30.540350] (-) TimerEvent: {}
[30.640777] (-) TimerEvent: {}
[30.741213] (-) TimerEvent: {}
[30.841621] (-) TimerEvent: {}
[30.941985] (-) TimerEvent: {}
[31.042423] (-) TimerEvent: {}
[31.142843] (-) TimerEvent: {}
[31.243192] (-) TimerEvent: {}
[31.343622] (-) TimerEvent: {}
[31.444104] (-) TimerEvent: {}
[31.544500] (-) TimerEvent: {}
[31.644863] (-) TimerEvent: {}
[31.745297] (-) TimerEvent: {}
[31.845699] (-) TimerEvent: {}
[31.946063] (-) TimerEvent: {}
[32.046483] (-) TimerEvent: {}
[32.147365] (-) TimerEvent: {}
[32.247723] (-) TimerEvent: {}
[32.348111] (-) TimerEvent: {}
[32.448517] (-) TimerEvent: {}
[32.548934] (-) TimerEvent: {}
[32.649351] (-) TimerEvent: {}
[32.749797] (-) TimerEvent: {}
[32.850224] (-) TimerEvent: {}
[32.950590] (-) TimerEvent: {}
[33.051011] (-) TimerEvent: {}
[33.151432] (-) TimerEvent: {}
[33.251795] (-) TimerEvent: {}
[33.352161] (-) TimerEvent: {}
[33.452578] (-) TimerEvent: {}
[33.553016] (-) TimerEvent: {}
[33.653441] (-) TimerEvent: {}
[33.753847] (-) TimerEvent: {}
[33.854265] (-) TimerEvent: {}
[33.954699] (-) TimerEvent: {}
[34.055155] (-) TimerEvent: {}
[34.155613] (-) TimerEvent: {}
[34.256146] (-) TimerEvent: {}
[34.356527] (-) TimerEvent: {}
[34.456966] (-) TimerEvent: {}
[34.557383] (-) TimerEvent: {}
[34.657796] (-) TimerEvent: {}
[34.719464] (servo_control) StdoutLine: {'line': b'[100%] Linking CXX executable target_tracker_node\n'}
[34.757965] (-) TimerEvent: {}
[34.858402] (-) TimerEvent: {}
[34.958764] (-) TimerEvent: {}
[35.059211] (-) TimerEvent: {}
[35.159587] (-) TimerEvent: {}
[35.260069] (-) TimerEvent: {}
[35.360455] (-) TimerEvent: {}
[35.460877] (-) TimerEvent: {}
[35.561282] (-) TimerEvent: {}
[35.661649] (-) TimerEvent: {}
[35.762020] (-) TimerEvent: {}
[35.862397] (-) TimerEvent: {}
[35.962824] (-) TimerEvent: {}
[36.112549] (-) TimerEvent: {}
[36.212923] (-) TimerEvent: {}
[36.313309] (-) TimerEvent: {}
[36.349293] (servo_control) StdoutLine: {'line': b'[100%] Built target target_tracker_node\n'}
[36.413489] (-) TimerEvent: {}
[36.513867] (-) TimerEvent: {}
[36.543751] (servo_control) CommandEnded: {'returncode': 0}
[36.614470] (-) TimerEvent: {}
[36.698900] (servo_control) JobProgress: {'identifier': 'servo_control', 'progress': 'install'}
[36.699539] (servo_control) Command: {'cmd': ['/usr/bin/cmake', '--install', '/root/lidar_system/build/servo_control'], 'cwd': '/root/lidar_system/build/servo_control', 'env': OrderedDict([('HOSTNAME', 'ubuntu-desktop'), ('SHLVL', '1'), ('LD_LIBRARY_PATH', '/opt/ros/foxy/opt/yaml_cpp_vendor/lib:/opt/ros/foxy/opt/rviz_ogre_vendor/lib:/opt/ros/foxy/lib/aarch64-linux-gnu:/opt/ros/foxy/lib'), ('HOME', '/root'), ('OLDPWD', '/'), ('ROS_PYTHON_VERSION', '3'), ('ROS_DISTRO', 'foxy'), ('_', '/usr/bin/colcon'), ('ROS_VERSION', '2'), ('ROS_LOCALHOST_ONLY', '0'), ('QT_X11_NO_MITSHM', '1'), ('PATH', '/opt/ros/foxy/bin:/usr/local/sbin:/usr/local/bin:/usr/sbin:/usr/bin:/sbin:/bin'), ('FASTRTPS_DEFAULT_PROFILES_FILE', '/fastdds.xml'), ('DISPLAY', ':0'), ('LANG', 'C.UTF-8'), ('RMW_IMPLEMENTATION', 'rmw_fastrtps_cpp'), ('ROS_DOMAIN_ID', '0'), ('AMENT_PREFIX_PATH', '/opt/ros/foxy'), ('PWD', '/root/lidar_system/build/servo_control'), ('LC_ALL', 'C.UTF-8'), ('PYTHONPATH', '/opt/ros/foxy/lib/python3.8/site-packages'), ('COLCON', '1'), ('CMAKE_PREFIX_PATH', '/opt/ros/foxy')]), 'shell': False}
[36.714731] (-) TimerEvent: {}
[36.741985] (servo_control) StdoutLine: {'line': b'-- Install configuration: ""\n'}
[36.744148] (servo_control) StdoutLine: {'line': b'-- Up-to-date: /root/lidar_system/install/servo_control/lib/servo_control/dynamic_tf_broadcaster\n'}
[36.746422] (servo_control) StdoutLine: {'line': b'-- Up-to-date: /root/lidar_system/install/servo_control/lib/servo_control/lidar_pointcloud_node\n'}
[36.748956] (servo_control) StdoutLine: {'line': b'-- Up-to-date: /root/lidar_system/install/servo_control/lib/servo_control/scan_sequence_node\n'}
[36.750010] (servo_control) StdoutLine: {'line': b'-- Installing: /root/lidar_system/install/servo_control/lib/servo_control/target_tracker_node\n'}
[36.767666] (servo_control) StdoutLine: {'line': b'-- Set runtime path of "/root/lidar_system/install/servo_control/lib/servo_control/target_tracker_node" to ""\n'}
[36.768490] (servo_control) StdoutLine: {'line': b'-- Up-to-date: /root/lidar_system/install/servo_control/lib/servo_control/mavros_tf_node\n'}
[36.769255] (servo_control) StdoutLine: {'line': b'-- Up-to-date: /root/lidar_system/install/servo_control/share/servo_control/environment/pythonpath.sh\n'}
[36.769941] (servo_control) StdoutLine: {'line': b'-- Up-to-date: /root/lidar_system/install/servo_control/share/servo_control/environment/pythonpath.dsv\n'}
[36.770450] (servo_control) StdoutLine: {'line': b'-- Up-to-date: /root/lidar_system/install/servo_control/lib/python3.8/site-packages/servo_control\n'}
[36.770960] (servo_control) StdoutLine: {'line': b'-- Up-to-date: /root/lidar_system/install/servo_control/lib/python3.8/site-packages/servo_control/__init__.py\n'}
[36.814914] (-) TimerEvent: {}
[36.915602] (-) TimerEvent: {}
[36.919414] (servo_control) StdoutLine: {'line': b"Listing '/root/lidar_system/install/servo_control/lib/python3.8/site-packages/servo_control'...\n"}
[36.942398] (servo_control) StdoutLine: {'line': b'-- Up-to-date: /root/lidar_system/install/servo_control/lib/servo_control/servo_motor_node.py\n'}
[36.943161] (servo_control) StdoutLine: {'line': b'-- Up-to-date: /root/lidar_system/install/servo_control/lib/servo_control/lidar_bbox_open3d.py\n'}
[36.943790] (servo_control) StdoutLine: {'line': b'-- Up-to-date: /root/lidar_system/install/servo_control/share/ament_index/resource_index/package_run_dependencies/servo_control\n'}
[36.947292] (servo_control) StdoutLine: {'line': b'-- Up-to-date: /root/lidar_system/install/servo_control/share/ament_index/resource_index/parent_prefix_path/servo_control\n'}
[36.948088] (servo_control) StdoutLine: {'line': b'-- Up-to-date: /root/lidar_system/install/servo_control/share/servo_control/environment/ament_prefix_path.sh\n'}
[36.948620] (servo_control) StdoutLine: {'line': b'-- Up-to-date: /root/lidar_system/install/servo_control/share/servo_control/environment/ament_prefix_path.dsv\n'}
[36.949133] (servo_control) StdoutLine: {'line': b'-- Up-to-date: /root/lidar_system/install/servo_control/share/servo_control/environment/path.sh\n'}
[36.949610] (servo_control) StdoutLine: {'line': b'-- Up-to-date: /root/lidar_system/install/servo_control/share/servo_control/environment/path.dsv\n'}
[36.950079] (servo_control) StdoutLine: {'line': b'-- Up-to-date: /root/lidar_system/install/servo_control/share/servo_control/local_setup.bash\n'}
[36.950548] (servo_control) StdoutLine: {'line': b'-- Up-to-date: /root/lidar_system/install/servo_control/share/servo_control/local_setup.sh\n'}
[36.951029] (servo_control) StdoutLine: {'line': b'-- Up-to-date: /root/lidar_system/install/servo_control/share/servo_control/local_setup.zsh\n'}
[36.951623] (servo_control) StdoutLine: {'line': b'-- Up-to-date: /root/lidar_system/install/servo_control/share/servo_control/local_setup.dsv\n'}
[36.952313] (servo_control) StdoutLine: {'line': b'-- Installing: /root/lidar_system/install/servo_control/share/servo_control/package.dsv\n'}
[36.954655] (servo_control) StdoutLine: {'line': b'-- Up-to-date: /root/lidar_system/install/servo_control/share/ament_index/resource_index/packages/servo_control\n'}
[36.968327] (servo_control) StdoutLine: {'line': b'-- Up-to-date: /root/lidar_system/install/servo_control/share/servo_control/cmake/servo_controlConfig.cmake\n'}
[36.968855] (servo_control) StdoutLine: {'line': b'-- Up-to-date: /root/lidar_system/install/servo_control/share/servo_control/cmake/servo_controlConfig-version.cmake\n'}
[36.969278] (servo_control) StdoutLine: {'line': b'-- Up-to-date: /root/lidar_system/install/servo_control/share/servo_control/package.xml\n'}
[36.969687] (servo_control) CommandEnded: {'returncode': 0}
[37.020954] (-) TimerEvent: {}
[37.123151] (-) TimerEvent: {}
[37.225279] (-) TimerEvent: {}
[37.268386] (servo_control) JobEnded: {'identifier': 'servo_control', 'rc': 0}
[37.273126] (-) EventReactorShutdown: {}
