[0.103s] Invoking command in '/root/lidar_system/build/servo_control': CMAKE_PREFIX_PATH=/opt/ros/foxy /usr/bin/cmake --build /root/lidar_system/build/servo_control -- -j4 -l4
[0.505s] -- Found ament_cmake: 0.9.12 (/opt/ros/foxy/share/ament_cmake/cmake)
[0.644s] -- Using PYTHON_EXECUTABLE: /usr/bin/python3
[1.677s] -- Found rclcpp: 2.4.3 (/opt/ros/foxy/share/rclcpp/cmake)
[1.895s] -- Using all available rosidl_typesupport_c: rosidl_typesupport_fastrtps_c;rosidl_typesupport_introspection_c
[1.913s] -- Found rosidl_adapter: 1.3.1 (/opt/ros/foxy/share/rosidl_adapter/cmake)
[2.887s] -- Using all available rosidl_typesupport_cpp: rosidl_typesupport_fastrtps_cpp;rosidl_typesupport_introspection_cpp
[3.162s] -- Found rmw_implementation_cmake: 1.0.4 (/opt/ros/foxy/share/rmw_implementation_cmake/cmake)
[3.172s] -- Using RMW implementation 'rmw_fastrtps_cpp' as default
[3.971s] -- Found geometry_msgs: 2.0.5 (/opt/ros/foxy/share/geometry_msgs/cmake)
[4.153s] -- Found sensor_msgs: 2.0.5 (/opt/ros/foxy/share/sensor_msgs/cmake)
[4.527s] -- Found tf2_ros: 0.13.14 (/opt/ros/foxy/share/tf2_ros/cmake)
[6.273s] -- Found laser_geometry: 2.2.0 (/opt/ros/foxy/share/laser_geometry/cmake)
[6.303s] -- Found tf2_sensor_msgs: 0.13.14 (/opt/ros/foxy/share/tf2_sensor_msgs/cmake)
[6.390s] -- Found visualization_msgs: 2.0.5 (/opt/ros/foxy/share/visualization_msgs/cmake)
[6.783s] -- Found octomap_msgs: 2.0.0 (/opt/ros/foxy/share/octomap_msgs/cmake)
[7.123s] -- Found rosidl_default_generators: 1.0.1 (/opt/ros/foxy/share/rosidl_default_generators/cmake)
[7.186s] CMake Error at /opt/ros/foxy/share/rosidl_cmake/cmake/rosidl_generate_interfaces.cmake:93 (message):
[7.186s]   rosidl_generate_interfaces() the passed file 'srv/GetLocalDimensions.srv'
[7.187s]   doesn't exist relative to the CMAKE_CURRENT_SOURCE_DIR
[7.187s]   '/root/lidar_system/servo_control'
[7.187s] Call Stack (most recent call first):
[7.188s]   CMakeLists.txt:40 (rosidl_generate_interfaces)
[7.188s] 
[7.188s] 
[7.200s] -- Configuring incomplete, errors occurred!
[7.200s] See also "/root/lidar_system/build/servo_control/CMakeFiles/CMakeOutput.log".
[7.201s] See also "/root/lidar_system/build/servo_control/CMakeFiles/CMakeError.log".
[7.232s] make: *** [Makefile:442: cmake_check_build_system] Error 1
[7.239s] Invoked command in '/root/lidar_system/build/servo_control' returned '2': CMAKE_PREFIX_PATH=/opt/ros/foxy /usr/bin/cmake --build /root/lidar_system/build/servo_control -- -j4 -l4
