[0.118s] Invoking command in '/root/lidar_system/build/servo_control': CMAKE_PREFIX_PATH=/opt/ros/foxy /usr/bin/cmake --build /root/lidar_system/build/servo_control -- -j4 -l4
[2.062s] [ 33%] Built target scan_sequence_node
[2.082s] [ 66%] Built target lidar_pointcloud_node
[2.093s] [100%] Built target dynamic_tf_broadcaster
[2.164s] Invoked command in '/root/lidar_system/build/servo_control' returned '0': CMAKE_PREFIX_PATH=/opt/ros/foxy /usr/bin/cmake --build /root/lidar_system/build/servo_control -- -j4 -l4
[2.343s] Invoking command in '/root/lidar_system/build/servo_control': CMAKE_PREFIX_PATH=/opt/ros/foxy /usr/bin/cmake --install /root/lidar_system/build/servo_control
[2.390s] -- Install configuration: ""
[2.398s] -- Up-to-date: /root/lidar_system/install/servo_control/lib/servo_control/dynamic_tf_broadcaster
[2.428s] -- Up-to-date: /root/lidar_system/install/servo_control/lib/servo_control/lidar_pointcloud_node
[2.434s] -- Up-to-date: /root/lidar_system/install/servo_control/lib/servo_control/scan_sequence_node
[2.435s] -- Up-to-date: /root/lidar_system/install/servo_control/share/servo_control/environment/pythonpath.sh
[2.438s] -- Up-to-date: /root/lidar_system/install/servo_control/share/servo_control/environment/pythonpath.dsv
[2.445s] -- Up-to-date: /root/lidar_system/install/servo_control/lib/python3.8/site-packages/servo_control
[2.445s] -- Up-to-date: /root/lidar_system/install/servo_control/lib/python3.8/site-packages/servo_control/__init__.py
[2.672s] Listing '/root/lidar_system/install/servo_control/lib/python3.8/site-packages/servo_control'...
[2.687s] -- Up-to-date: /root/lidar_system/install/servo_control/lib/servo_control/servo_motor_node.py
[2.698s] -- Up-to-date: /root/lidar_system/install/servo_control/share/ament_index/resource_index/package_run_dependencies/servo_control
[2.713s] -- Up-to-date: /root/lidar_system/install/servo_control/share/ament_index/resource_index/parent_prefix_path/servo_control
[2.714s] -- Up-to-date: /root/lidar_system/install/servo_control/share/servo_control/environment/ament_prefix_path.sh
[2.714s] -- Up-to-date: /root/lidar_system/install/servo_control/share/servo_control/environment/ament_prefix_path.dsv
[2.715s] -- Up-to-date: /root/lidar_system/install/servo_control/share/servo_control/environment/path.sh
[2.716s] -- Up-to-date: /root/lidar_system/install/servo_control/share/servo_control/environment/path.dsv
[2.716s] -- Up-to-date: /root/lidar_system/install/servo_control/share/servo_control/local_setup.bash
[2.716s] -- Up-to-date: /root/lidar_system/install/servo_control/share/servo_control/local_setup.sh
[2.717s] -- Up-to-date: /root/lidar_system/install/servo_control/share/servo_control/local_setup.zsh
[2.717s] -- Up-to-date: /root/lidar_system/install/servo_control/share/servo_control/local_setup.dsv
[2.718s] -- Installing: /root/lidar_system/install/servo_control/share/servo_control/package.dsv
[2.805s] -- Up-to-date: /root/lidar_system/install/servo_control/share/ament_index/resource_index/packages/servo_control
[2.806s] -- Up-to-date: /root/lidar_system/install/servo_control/share/servo_control/cmake/servo_controlConfig.cmake
[2.806s] -- Up-to-date: /root/lidar_system/install/servo_control/share/servo_control/cmake/servo_controlConfig-version.cmake
[2.807s] -- Up-to-date: /root/lidar_system/install/servo_control/share/servo_control/package.xml
[2.816s] Invoked command in '/root/lidar_system/build/servo_control' returned '0': CMAKE_PREFIX_PATH=/opt/ros/foxy /usr/bin/cmake --install /root/lidar_system/build/servo_control
