[0.084s] Invoking command in '/root/lidar_system/build/servo_control': CMAKE_PREFIX_PATH=/opt/ros/foxy /usr/bin/cmake --build /root/lidar_system/build/servo_control -- -j4 -l4
[0.591s] [ 20%] Built target target_tracker_node
[0.603s] [ 40%] Built target lidar_pointcloud_node
[0.606s] [ 60%] Built target dynamic_tf_broadcaster
[0.723s] Scanning dependencies of target scan_sequence_node
[0.746s] [ 80%] Built target mavros_tf_node
[0.783s] [ 90%] Building CXX object CMakeFiles/scan_sequence_node.dir/src/scan_sequence_node.cpp.o
[34.492s] [100%] Linking CXX executable scan_sequence_node
[36.214s] [100%] Built target scan_sequence_node
[36.251s] Invoked command in '/root/lidar_system/build/servo_control' returned '0': CMAKE_PREFIX_PATH=/opt/ros/foxy /usr/bin/cmake --build /root/lidar_system/build/servo_control -- -j4 -l4
[36.379s] Invoking command in '/root/lidar_system/build/servo_control': CMAKE_PREFIX_PATH=/opt/ros/foxy /usr/bin/cmake --install /root/lidar_system/build/servo_control
[36.416s] -- Install configuration: ""
[36.418s] -- Up-to-date: /root/lidar_system/install/servo_control/lib/servo_control/dynamic_tf_broadcaster
[36.421s] -- Up-to-date: /root/lidar_system/install/servo_control/lib/servo_control/lidar_pointcloud_node
[36.425s] -- Installing: /root/lidar_system/install/servo_control/lib/servo_control/scan_sequence_node
[36.440s] -- Set runtime path of "/root/lidar_system/install/servo_control/lib/servo_control/scan_sequence_node" to ""
[36.443s] -- Up-to-date: /root/lidar_system/install/servo_control/lib/servo_control/target_tracker_node
[36.448s] -- Up-to-date: /root/lidar_system/install/servo_control/lib/servo_control/mavros_tf_node
[36.450s] -- Up-to-date: /root/lidar_system/install/servo_control/share/servo_control/environment/pythonpath.sh
[36.451s] -- Up-to-date: /root/lidar_system/install/servo_control/share/servo_control/environment/pythonpath.dsv
[36.451s] -- Up-to-date: /root/lidar_system/install/servo_control/lib/python3.8/site-packages/servo_control
[36.452s] -- Up-to-date: /root/lidar_system/install/servo_control/lib/python3.8/site-packages/servo_control/__init__.py
[36.599s] Listing '/root/lidar_system/install/servo_control/lib/python3.8/site-packages/servo_control'...
[36.618s] -- Up-to-date: /root/lidar_system/install/servo_control/lib/servo_control/servo_motor_node.py
[36.619s] -- Up-to-date: /root/lidar_system/install/servo_control/share/ament_index/resource_index/package_run_dependencies/servo_control
[36.619s] -- Up-to-date: /root/lidar_system/install/servo_control/share/ament_index/resource_index/parent_prefix_path/servo_control
[36.621s] -- Up-to-date: /root/lidar_system/install/servo_control/share/servo_control/environment/ament_prefix_path.sh
[36.621s] -- Up-to-date: /root/lidar_system/install/servo_control/share/servo_control/environment/ament_prefix_path.dsv
[36.621s] -- Up-to-date: /root/lidar_system/install/servo_control/share/servo_control/environment/path.sh
[36.622s] -- Up-to-date: /root/lidar_system/install/servo_control/share/servo_control/environment/path.dsv
[36.622s] -- Up-to-date: /root/lidar_system/install/servo_control/share/servo_control/local_setup.bash
[36.622s] -- Up-to-date: /root/lidar_system/install/servo_control/share/servo_control/local_setup.sh
[36.623s] -- Up-to-date: /root/lidar_system/install/servo_control/share/servo_control/local_setup.zsh
[36.623s] -- Up-to-date: /root/lidar_system/install/servo_control/share/servo_control/local_setup.dsv
[36.624s] -- Installing: /root/lidar_system/install/servo_control/share/servo_control/package.dsv
[36.625s] -- Up-to-date: /root/lidar_system/install/servo_control/share/ament_index/resource_index/packages/servo_control
[36.625s] -- Up-to-date: /root/lidar_system/install/servo_control/share/servo_control/cmake/servo_controlConfig.cmake
[36.625s] -- Up-to-date: /root/lidar_system/install/servo_control/share/servo_control/cmake/servo_controlConfig-version.cmake
[36.626s] -- Up-to-date: /root/lidar_system/install/servo_control/share/servo_control/package.xml
[36.640s] Invoked command in '/root/lidar_system/build/servo_control' returned '0': CMAKE_PREFIX_PATH=/opt/ros/foxy /usr/bin/cmake --install /root/lidar_system/build/servo_control
