[0.095s] Invoking command in '/root/lidar_system/build/servo_control': CMAKE_PREFIX_PATH=/opt/ros/foxy /usr/bin/cmake --build /root/lidar_system/build/servo_control -- -j4 -l4
[0.367s] [  2%] Built target servo_control__cpp
[0.415s] [  8%] Built target servo_control__rosidl_generator_c
[0.601s] [ 13%] Built target target_tracker_node
[0.623s] [ 17%] Built target dynamic_tf_broadcaster
[0.631s] [ 22%] Built target scan_sequence_node
[0.707s] [ 26%] Built target lidar_pointcloud_node
[0.781s] [ 33%] Built target servo_control__rosidl_typesupport_cpp
[0.802s] [ 37%] Built target mavros_tf_node
[0.846s] [ 44%] Built target servo_control__rosidl_typesupport_fastrtps_cpp
[0.874s] [ 51%] Built target servo_control__rosidl_typesupport_introspection_c
[0.923s] [ 64%] Built target servo_control__rosidl_typesupport_introspection_cpp
[0.924s] [ 60%] Built target servo_control__rosidl_typesupport_c
[1.015s] [ 71%] Built target servo_control__rosidl_typesupport_fastrtps_c
[1.111s] [ 71%] Built target servo_control
[1.331s] [ 73%] Built target servo_control__py
[1.331s] Scanning dependencies of target px4_takeoff_manager_node
[1.332s] [ 77%] Built target local_dimensions_node
[1.339s] [ 80%] Building CXX object CMakeFiles/px4_takeoff_manager_node.dir/src/px4_takeoff_manager_node.cpp.o
[1.355s] [ 84%] Built target servo_control__python
[1.498s] [ 88%] Built target servo_control__rosidl_typesupport_introspection_c__pyext
[1.528s] [ 93%] Built target servo_control__rosidl_typesupport_fastrtps_c__pyext
[1.543s] [ 97%] Built target servo_control__rosidl_typesupport_c__pyext
[32.976s] [100%] Linking CXX executable px4_takeoff_manager_node
[34.663s] [100%] Built target px4_takeoff_manager_node
[34.708s] Invoked command in '/root/lidar_system/build/servo_control' returned '0': CMAKE_PREFIX_PATH=/opt/ros/foxy /usr/bin/cmake --build /root/lidar_system/build/servo_control -- -j4 -l4
[34.899s] Invoking command in '/root/lidar_system/build/servo_control': CMAKE_PREFIX_PATH=/opt/ros/foxy /usr/bin/cmake --install /root/lidar_system/build/servo_control
[34.932s] -- Install configuration: ""
[34.933s] -- Up-to-date: /root/lidar_system/install/servo_control/share/ament_index/resource_index/rosidl_interfaces/servo_control
[34.933s] -- Up-to-date: /root/lidar_system/install/servo_control/include/servo_control
[34.934s] -- Up-to-date: /root/lidar_system/install/servo_control/include/servo_control/msg
[34.934s] -- Up-to-date: /root/lidar_system/install/servo_control/include/servo_control/msg/rosidl_generator_c__visibility_control.h
[34.935s] -- Up-to-date: /root/lidar_system/install/servo_control/include/servo_control/srv
[34.936s] -- Up-to-date: /root/lidar_system/install/servo_control/include/servo_control/srv/get_local_dimensions.h
[34.936s] -- Up-to-date: /root/lidar_system/install/servo_control/include/servo_control/srv/detail
[34.937s] -- Up-to-date: /root/lidar_system/install/servo_control/include/servo_control/srv/detail/get_local_dimensions__struct.h
[34.938s] -- Up-to-date: /root/lidar_system/install/servo_control/include/servo_control/srv/detail/get_local_dimensions__type_support.h
[34.938s] -- Up-to-date: /root/lidar_system/install/servo_control/include/servo_control/srv/detail/get_local_dimensions__functions.h
[34.939s] -- Up-to-date: /root/lidar_system/install/servo_control/include/servo_control/srv/detail/get_local_dimensions__functions.c
[34.940s] -- Up-to-date: /root/lidar_system/install/servo_control/share/servo_control/environment/library_path.sh
[34.940s] -- Up-to-date: /root/lidar_system/install/servo_control/share/servo_control/environment/library_path.dsv
[34.940s] -- Up-to-date: /root/lidar_system/install/servo_control/lib/libservo_control__rosidl_generator_c.so
[34.941s] -- Up-to-date: /root/lidar_system/install/servo_control/include/servo_control
[34.942s] -- Up-to-date: /root/lidar_system/install/servo_control/include/servo_control/msg
[34.942s] -- Up-to-date: /root/lidar_system/install/servo_control/include/servo_control/msg/rosidl_typesupport_fastrtps_c__visibility_control.h
[34.943s] -- Up-to-date: /root/lidar_system/install/servo_control/include/servo_control/srv
[34.944s] -- Up-to-date: /root/lidar_system/install/servo_control/include/servo_control/srv/detail
[34.944s] -- Up-to-date: /root/lidar_system/install/servo_control/include/servo_control/srv/detail/get_local_dimensions__rosidl_typesupport_fastrtps_c.h
[34.945s] -- Up-to-date: /root/lidar_system/install/servo_control/lib/libservo_control__rosidl_typesupport_fastrtps_c.so
[34.945s] -- Up-to-date: /root/lidar_system/install/servo_control/include/servo_control
[34.945s] -- Up-to-date: /root/lidar_system/install/servo_control/include/servo_control/msg
[34.946s] -- Up-to-date: /root/lidar_system/install/servo_control/include/servo_control/msg/rosidl_typesupport_fastrtps_cpp__visibility_control.h
[34.946s] -- Up-to-date: /root/lidar_system/install/servo_control/include/servo_control/srv
[34.946s] -- Up-to-date: /root/lidar_system/install/servo_control/include/servo_control/srv/detail
[34.947s] -- Up-to-date: /root/lidar_system/install/servo_control/include/servo_control/srv/detail/get_local_dimensions__rosidl_typesupport_fastrtps_cpp.hpp
[34.947s] -- Up-to-date: /root/lidar_system/install/servo_control/include/servo_control/srv/detail/dds_fastrtps
[34.949s] -- Up-to-date: /root/lidar_system/install/servo_control/lib/libservo_control__rosidl_typesupport_fastrtps_cpp.so
[34.950s] -- Up-to-date: /root/lidar_system/install/servo_control/include/servo_control
[34.950s] -- Up-to-date: /root/lidar_system/install/servo_control/include/servo_control/msg
[34.951s] -- Up-to-date: /root/lidar_system/install/servo_control/include/servo_control/msg/rosidl_typesupport_introspection_c__visibility_control.h
[34.951s] -- Up-to-date: /root/lidar_system/install/servo_control/include/servo_control/srv
[34.952s] -- Up-to-date: /root/lidar_system/install/servo_control/include/servo_control/srv/detail
[34.952s] -- Up-to-date: /root/lidar_system/install/servo_control/include/servo_control/srv/detail/get_local_dimensions__rosidl_typesupport_introspection_c.h
[34.952s] -- Up-to-date: /root/lidar_system/install/servo_control/include/servo_control/srv/detail/get_local_dimensions__type_support.c
[34.953s] -- Up-to-date: /root/lidar_system/install/servo_control/lib/libservo_control__rosidl_typesupport_introspection_c.so
[34.953s] -- Up-to-date: /root/lidar_system/install/servo_control/lib/libservo_control__rosidl_typesupport_c.so
[34.953s] -- Up-to-date: /root/lidar_system/install/servo_control/include/servo_control
[34.954s] -- Up-to-date: /root/lidar_system/install/servo_control/include/servo_control/msg
[34.955s] -- Up-to-date: /root/lidar_system/install/servo_control/include/servo_control/msg/rosidl_generator_cpp__visibility_control.hpp
[34.955s] -- Up-to-date: /root/lidar_system/install/servo_control/include/servo_control/srv
[34.955s] -- Up-to-date: /root/lidar_system/install/servo_control/include/servo_control/srv/detail
[34.956s] -- Up-to-date: /root/lidar_system/install/servo_control/include/servo_control/srv/detail/get_local_dimensions__traits.hpp
[34.956s] -- Up-to-date: /root/lidar_system/install/servo_control/include/servo_control/srv/detail/get_local_dimensions__struct.hpp
[34.956s] -- Up-to-date: /root/lidar_system/install/servo_control/include/servo_control/srv/detail/get_local_dimensions__type_support.hpp
[34.957s] -- Up-to-date: /root/lidar_system/install/servo_control/include/servo_control/srv/detail/get_local_dimensions__builder.hpp
[34.957s] -- Up-to-date: /root/lidar_system/install/servo_control/include/servo_control/srv/get_local_dimensions.hpp
[34.958s] -- Up-to-date: /root/lidar_system/install/servo_control/include/servo_control
[34.958s] -- Up-to-date: /root/lidar_system/install/servo_control/include/servo_control/srv
[34.959s] -- Up-to-date: /root/lidar_system/install/servo_control/include/servo_control/srv/detail
[34.959s] -- Up-to-date: /root/lidar_system/install/servo_control/include/servo_control/srv/detail/get_local_dimensions__type_support.cpp
[34.959s] -- Up-to-date: /root/lidar_system/install/servo_control/include/servo_control/srv/detail/get_local_dimensions__rosidl_typesupport_introspection_cpp.hpp
[34.960s] -- Up-to-date: /root/lidar_system/install/servo_control/lib/libservo_control__rosidl_typesupport_introspection_cpp.so
[34.960s] -- Up-to-date: /root/lidar_system/install/servo_control/lib/libservo_control__rosidl_typesupport_cpp.so
[34.960s] -- Up-to-date: /root/lidar_system/install/servo_control/share/servo_control/environment/pythonpath.sh
[34.961s] -- Up-to-date: /root/lidar_system/install/servo_control/share/servo_control/environment/pythonpath.dsv
[34.961s] -- Installing: /root/lidar_system/install/servo_control/lib/python3.8/site-packages/servo_control/__init__.py
[35.076s] Compiling '/root/lidar_system/install/servo_control/lib/python3.8/site-packages/servo_control/__init__.py'...
[35.096s] -- Up-to-date: /root/lidar_system/install/servo_control/lib/python3.8/site-packages/servo_control/srv
[35.096s] -- Up-to-date: /root/lidar_system/install/servo_control/lib/python3.8/site-packages/servo_control/srv/_get_local_dimensions_s.c
[35.097s] -- Up-to-date: /root/lidar_system/install/servo_control/lib/python3.8/site-packages/servo_control/srv/__init__.py
[35.097s] -- Up-to-date: /root/lidar_system/install/servo_control/lib/python3.8/site-packages/servo_control/srv/_get_local_dimensions.py
[35.098s] -- Up-to-date: /root/lidar_system/install/servo_control/lib/python3.8/site-packages/servo_control/servo_control_s__rosidl_typesupport_fastrtps_c.cpython-38-aarch64-linux-gnu.so
[35.101s] -- Up-to-date: /root/lidar_system/install/servo_control/lib/python3.8/site-packages/servo_control/servo_control_s__rosidl_typesupport_introspection_c.cpython-38-aarch64-linux-gnu.so
[35.103s] -- Up-to-date: /root/lidar_system/install/servo_control/lib/python3.8/site-packages/servo_control/servo_control_s__rosidl_typesupport_c.cpython-38-aarch64-linux-gnu.so
[35.106s] -- Up-to-date: /root/lidar_system/install/servo_control/lib/libservo_control__python.so
[35.106s] -- Up-to-date: /root/lidar_system/install/servo_control/share/servo_control/srv/GetLocalDimensions.idl
[35.107s] -- Up-to-date: /root/lidar_system/install/servo_control/share/servo_control/srv/GetLocalDimensions.srv
[35.108s] -- Up-to-date: /root/lidar_system/install/servo_control/share/servo_control/srv/GetLocalDimensions_Request.msg
[35.108s] -- Up-to-date: /root/lidar_system/install/servo_control/share/servo_control/srv/GetLocalDimensions_Response.msg
[35.108s] -- Up-to-date: /root/lidar_system/install/servo_control/lib/servo_control/dynamic_tf_broadcaster
[35.109s] -- Up-to-date: /root/lidar_system/install/servo_control/lib/servo_control/lidar_pointcloud_node
[35.111s] -- Up-to-date: /root/lidar_system/install/servo_control/lib/servo_control/scan_sequence_node
[35.112s] -- Up-to-date: /root/lidar_system/install/servo_control/lib/servo_control/target_tracker_node
[35.115s] -- Up-to-date: /root/lidar_system/install/servo_control/lib/servo_control/mavros_tf_node
[35.116s] -- Up-to-date: /root/lidar_system/install/servo_control/lib/servo_control/local_dimensions_node
[35.120s] -- Installing: /root/lidar_system/install/servo_control/lib/servo_control/px4_takeoff_manager_node
[35.133s] -- Set runtime path of "/root/lidar_system/install/servo_control/lib/servo_control/px4_takeoff_manager_node" to ""
[35.134s] -- Up-to-date: /root/lidar_system/install/servo_control/lib/python3.8/site-packages/servo_control
[35.134s] -- Installing: /root/lidar_system/install/servo_control/lib/python3.8/site-packages/servo_control/__init__.py
[35.255s] Listing '/root/lidar_system/install/servo_control/lib/python3.8/site-packages/servo_control'...
[35.255s] Compiling '/root/lidar_system/install/servo_control/lib/python3.8/site-packages/servo_control/__init__.py'...
[35.256s] Listing '/root/lidar_system/install/servo_control/lib/python3.8/site-packages/servo_control/srv'...
[35.276s] -- Up-to-date: /root/lidar_system/install/servo_control/lib/servo_control/servo_motor_node.py
[35.276s] -- Up-to-date: /root/lidar_system/install/servo_control/lib/servo_control/lidar_bbox_open3d.py
[35.277s] -- Up-to-date: /root/lidar_system/install/servo_control/share/ament_index/resource_index/package_run_dependencies/servo_control
[35.278s] -- Up-to-date: /root/lidar_system/install/servo_control/share/ament_index/resource_index/parent_prefix_path/servo_control
[35.279s] -- Up-to-date: /root/lidar_system/install/servo_control/share/servo_control/environment/ament_prefix_path.sh
[35.280s] -- Up-to-date: /root/lidar_system/install/servo_control/share/servo_control/environment/ament_prefix_path.dsv
[35.280s] -- Up-to-date: /root/lidar_system/install/servo_control/share/servo_control/environment/path.sh
[35.280s] -- Up-to-date: /root/lidar_system/install/servo_control/share/servo_control/environment/path.dsv
[35.281s] -- Up-to-date: /root/lidar_system/install/servo_control/share/servo_control/local_setup.bash
[35.281s] -- Up-to-date: /root/lidar_system/install/servo_control/share/servo_control/local_setup.sh
[35.282s] -- Up-to-date: /root/lidar_system/install/servo_control/share/servo_control/local_setup.zsh
[35.282s] -- Up-to-date: /root/lidar_system/install/servo_control/share/servo_control/local_setup.dsv
[35.283s] -- Installing: /root/lidar_system/install/servo_control/share/servo_control/package.dsv
[35.283s] -- Up-to-date: /root/lidar_system/install/servo_control/share/ament_index/resource_index/packages/servo_control
[35.283s] -- Up-to-date: /root/lidar_system/install/servo_control/share/servo_control/cmake/servo_control__rosidl_generator_cExport.cmake
[35.284s] -- Up-to-date: /root/lidar_system/install/servo_control/share/servo_control/cmake/servo_control__rosidl_generator_cExport-noconfig.cmake
[35.285s] -- Up-to-date: /root/lidar_system/install/servo_control/share/servo_control/cmake/servo_control__rosidl_typesupport_introspection_cExport.cmake
[35.285s] -- Up-to-date: /root/lidar_system/install/servo_control/share/servo_control/cmake/servo_control__rosidl_typesupport_introspection_cExport-noconfig.cmake
[35.286s] -- Up-to-date: /root/lidar_system/install/servo_control/share/servo_control/cmake/servo_control__rosidl_typesupport_cExport.cmake
[35.286s] -- Up-to-date: /root/lidar_system/install/servo_control/share/servo_control/cmake/servo_control__rosidl_typesupport_cExport-noconfig.cmake
[35.287s] -- Up-to-date: /root/lidar_system/install/servo_control/share/servo_control/cmake/servo_control__rosidl_generator_cppExport.cmake
[35.288s] -- Up-to-date: /root/lidar_system/install/servo_control/share/servo_control/cmake/servo_control__rosidl_typesupport_introspection_cppExport.cmake
[35.289s] -- Up-to-date: /root/lidar_system/install/servo_control/share/servo_control/cmake/servo_control__rosidl_typesupport_introspection_cppExport-noconfig.cmake
[35.290s] -- Up-to-date: /root/lidar_system/install/servo_control/share/servo_control/cmake/servo_control__rosidl_typesupport_cppExport.cmake
[35.291s] -- Up-to-date: /root/lidar_system/install/servo_control/share/servo_control/cmake/servo_control__rosidl_typesupport_cppExport-noconfig.cmake
[35.292s] -- Up-to-date: /root/lidar_system/install/servo_control/share/servo_control/cmake/rosidl_cmake-extras.cmake
[35.293s] -- Up-to-date: /root/lidar_system/install/servo_control/share/servo_control/cmake/ament_cmake_export_dependencies-extras.cmake
[35.293s] -- Up-to-date: /root/lidar_system/install/servo_control/share/servo_control/cmake/ament_cmake_export_libraries-extras.cmake
[35.293s] -- Up-to-date: /root/lidar_system/install/servo_control/share/servo_control/cmake/ament_cmake_export_targets-extras.cmake
[35.294s] -- Up-to-date: /root/lidar_system/install/servo_control/share/servo_control/cmake/ament_cmake_export_include_directories-extras.cmake
[35.294s] -- Up-to-date: /root/lidar_system/install/servo_control/share/servo_control/cmake/rosidl_cmake_export_typesupport_libraries-extras.cmake
[35.294s] -- Up-to-date: /root/lidar_system/install/servo_control/share/servo_control/cmake/rosidl_cmake_export_typesupport_targets-extras.cmake
[35.295s] -- Up-to-date: /root/lidar_system/install/servo_control/share/servo_control/cmake/servo_controlConfig.cmake
[35.295s] -- Up-to-date: /root/lidar_system/install/servo_control/share/servo_control/cmake/servo_controlConfig-version.cmake
[35.295s] -- Up-to-date: /root/lidar_system/install/servo_control/share/servo_control/package.xml
[35.305s] Invoked command in '/root/lidar_system/build/servo_control' returned '0': CMAKE_PREFIX_PATH=/opt/ros/foxy /usr/bin/cmake --install /root/lidar_system/build/servo_control
