[0.108s] Invoking command in '/root/lidar_system/build/servo_control': CMAKE_PREFIX_PATH=/opt/ros/foxy /usr/bin/cmake --build /root/lidar_system/build/servo_control -- -j4 -l4
[1.037s] [  2%] Built target servo_control__cpp
[1.059s] [  8%] Built target servo_control__rosidl_generator_c
[1.333s] [ 12%] Built target dynamic_tf_broadcaster
[1.341s] [ 17%] Built target octomap_planner_node
[1.438s] [ 21%] Built target target_tracker_node
[1.538s] [ 25%] Built target lidar_pointcloud_node
[1.611s] [ 29%] Built target scan_sequence_node
[1.648s] [ 36%] Built target servo_control__rosidl_typesupport_cpp
[1.683s] [ 40%] Built target mavros_tf_node
[1.782s] [ 46%] Built target servo_control__rosidl_typesupport_fastrtps_cpp
[1.842s] [ 53%] Built target servo_control__rosidl_typesupport_c
[1.849s] [ 59%] Built target servo_control__rosidl_typesupport_introspection_cpp
[1.864s] [ 65%] Built target servo_control__rosidl_typesupport_introspection_c
[2.014s] [ 72%] Built target servo_control__rosidl_typesupport_fastrtps_c
[2.253s] [ 72%] Built target servo_control
[2.259s] [ 74%] Built target servo_control__py
[2.360s] [ 78%] Built target local_dimensions_node
[2.394s] [ 82%] Built target px4_takeoff_manager_node
[2.459s] [ 87%] Built target servo_control__python
[2.693s] [ 91%] Built target servo_control__rosidl_typesupport_fastrtps_c__pyext
[2.694s] [ 95%] Built target servo_control__rosidl_typesupport_c__pyext
[2.694s] [100%] Built target servo_control__rosidl_typesupport_introspection_c__pyext
[2.724s] Invoked command in '/root/lidar_system/build/servo_control' returned '0': CMAKE_PREFIX_PATH=/opt/ros/foxy /usr/bin/cmake --build /root/lidar_system/build/servo_control -- -j4 -l4
[2.978s] Invoking command in '/root/lidar_system/build/servo_control': CMAKE_PREFIX_PATH=/opt/ros/foxy /usr/bin/cmake --install /root/lidar_system/build/servo_control
[3.016s] -- Install configuration: ""
[3.019s] -- Up-to-date: /root/lidar_system/install/servo_control/share/ament_index/resource_index/rosidl_interfaces/servo_control
[3.020s] -- Up-to-date: /root/lidar_system/install/servo_control/include/servo_control
[3.021s] -- Up-to-date: /root/lidar_system/install/servo_control/include/servo_control/msg
[3.022s] -- Up-to-date: /root/lidar_system/install/servo_control/include/servo_control/msg/rosidl_generator_c__visibility_control.h
[3.022s] -- Up-to-date: /root/lidar_system/install/servo_control/include/servo_control/srv
[3.023s] -- Up-to-date: /root/lidar_system/install/servo_control/include/servo_control/srv/get_local_dimensions.h
[3.024s] -- Up-to-date: /root/lidar_system/install/servo_control/include/servo_control/srv/detail
[3.024s] -- Up-to-date: /root/lidar_system/install/servo_control/include/servo_control/srv/detail/get_local_dimensions__struct.h
[3.024s] -- Up-to-date: /root/lidar_system/install/servo_control/include/servo_control/srv/detail/get_local_dimensions__type_support.h
[3.025s] -- Up-to-date: /root/lidar_system/install/servo_control/include/servo_control/srv/detail/get_local_dimensions__functions.h
[3.025s] -- Up-to-date: /root/lidar_system/install/servo_control/include/servo_control/srv/detail/get_local_dimensions__functions.c
[3.026s] -- Up-to-date: /root/lidar_system/install/servo_control/share/servo_control/environment/library_path.sh
[3.026s] -- Up-to-date: /root/lidar_system/install/servo_control/share/servo_control/environment/library_path.dsv
[3.027s] -- Up-to-date: /root/lidar_system/install/servo_control/lib/libservo_control__rosidl_generator_c.so
[3.028s] -- Up-to-date: /root/lidar_system/install/servo_control/include/servo_control
[3.028s] -- Up-to-date: /root/lidar_system/install/servo_control/include/servo_control/msg
[3.028s] -- Up-to-date: /root/lidar_system/install/servo_control/include/servo_control/msg/rosidl_typesupport_fastrtps_c__visibility_control.h
[3.029s] -- Up-to-date: /root/lidar_system/install/servo_control/include/servo_control/srv
[3.030s] -- Up-to-date: /root/lidar_system/install/servo_control/include/servo_control/srv/detail
[3.031s] -- Up-to-date: /root/lidar_system/install/servo_control/include/servo_control/srv/detail/get_local_dimensions__rosidl_typesupport_fastrtps_c.h
[3.031s] -- Up-to-date: /root/lidar_system/install/servo_control/lib/libservo_control__rosidl_typesupport_fastrtps_c.so
[3.031s] -- Up-to-date: /root/lidar_system/install/servo_control/include/servo_control
[3.032s] -- Up-to-date: /root/lidar_system/install/servo_control/include/servo_control/msg
[3.032s] -- Up-to-date: /root/lidar_system/install/servo_control/include/servo_control/msg/rosidl_typesupport_fastrtps_cpp__visibility_control.h
[3.033s] -- Up-to-date: /root/lidar_system/install/servo_control/include/servo_control/srv
[3.034s] -- Up-to-date: /root/lidar_system/install/servo_control/include/servo_control/srv/detail
[3.035s] -- Up-to-date: /root/lidar_system/install/servo_control/include/servo_control/srv/detail/get_local_dimensions__rosidl_typesupport_fastrtps_cpp.hpp
[3.035s] -- Up-to-date: /root/lidar_system/install/servo_control/include/servo_control/srv/detail/dds_fastrtps
[3.036s] -- Up-to-date: /root/lidar_system/install/servo_control/lib/libservo_control__rosidl_typesupport_fastrtps_cpp.so
[3.036s] -- Up-to-date: /root/lidar_system/install/servo_control/include/servo_control
[3.036s] -- Up-to-date: /root/lidar_system/install/servo_control/include/servo_control/msg
[3.037s] -- Up-to-date: /root/lidar_system/install/servo_control/include/servo_control/msg/rosidl_typesupport_introspection_c__visibility_control.h
[3.037s] -- Up-to-date: /root/lidar_system/install/servo_control/include/servo_control/srv
[3.038s] -- Up-to-date: /root/lidar_system/install/servo_control/include/servo_control/srv/detail
[3.038s] -- Up-to-date: /root/lidar_system/install/servo_control/include/servo_control/srv/detail/get_local_dimensions__rosidl_typesupport_introspection_c.h
[3.039s] -- Up-to-date: /root/lidar_system/install/servo_control/include/servo_control/srv/detail/get_local_dimensions__type_support.c
[3.040s] -- Up-to-date: /root/lidar_system/install/servo_control/lib/libservo_control__rosidl_typesupport_introspection_c.so
[3.041s] -- Up-to-date: /root/lidar_system/install/servo_control/lib/libservo_control__rosidl_typesupport_c.so
[3.041s] -- Up-to-date: /root/lidar_system/install/servo_control/include/servo_control
[3.041s] -- Up-to-date: /root/lidar_system/install/servo_control/include/servo_control/msg
[3.042s] -- Up-to-date: /root/lidar_system/install/servo_control/include/servo_control/msg/rosidl_generator_cpp__visibility_control.hpp
[3.042s] -- Up-to-date: /root/lidar_system/install/servo_control/include/servo_control/srv
[3.043s] -- Up-to-date: /root/lidar_system/install/servo_control/include/servo_control/srv/detail
[3.044s] -- Up-to-date: /root/lidar_system/install/servo_control/include/servo_control/srv/detail/get_local_dimensions__traits.hpp
[3.045s] -- Up-to-date: /root/lidar_system/install/servo_control/include/servo_control/srv/detail/get_local_dimensions__struct.hpp
[3.046s] -- Up-to-date: /root/lidar_system/install/servo_control/include/servo_control/srv/detail/get_local_dimensions__type_support.hpp
[3.047s] -- Up-to-date: /root/lidar_system/install/servo_control/include/servo_control/srv/detail/get_local_dimensions__builder.hpp
[3.047s] -- Up-to-date: /root/lidar_system/install/servo_control/include/servo_control/srv/get_local_dimensions.hpp
[3.048s] -- Up-to-date: /root/lidar_system/install/servo_control/include/servo_control
[3.049s] -- Up-to-date: /root/lidar_system/install/servo_control/include/servo_control/srv
[3.049s] -- Up-to-date: /root/lidar_system/install/servo_control/include/servo_control/srv/detail
[3.050s] -- Up-to-date: /root/lidar_system/install/servo_control/include/servo_control/srv/detail/get_local_dimensions__type_support.cpp
[3.050s] -- Up-to-date: /root/lidar_system/install/servo_control/include/servo_control/srv/detail/get_local_dimensions__rosidl_typesupport_introspection_cpp.hpp
[3.051s] -- Up-to-date: /root/lidar_system/install/servo_control/lib/libservo_control__rosidl_typesupport_introspection_cpp.so
[3.051s] -- Up-to-date: /root/lidar_system/install/servo_control/lib/libservo_control__rosidl_typesupport_cpp.so
[3.051s] -- Up-to-date: /root/lidar_system/install/servo_control/share/servo_control/environment/pythonpath.sh
[3.052s] -- Up-to-date: /root/lidar_system/install/servo_control/share/servo_control/environment/pythonpath.dsv
[3.053s] -- Installing: /root/lidar_system/install/servo_control/lib/python3.8/site-packages/servo_control/__init__.py
[3.208s] Compiling '/root/lidar_system/install/servo_control/lib/python3.8/site-packages/servo_control/__init__.py'...
[3.234s] -- Up-to-date: /root/lidar_system/install/servo_control/lib/python3.8/site-packages/servo_control/srv
[3.237s] -- Up-to-date: /root/lidar_system/install/servo_control/lib/python3.8/site-packages/servo_control/srv/_get_local_dimensions_s.c
[3.237s] -- Up-to-date: /root/lidar_system/install/servo_control/lib/python3.8/site-packages/servo_control/srv/__init__.py
[3.238s] -- Up-to-date: /root/lidar_system/install/servo_control/lib/python3.8/site-packages/servo_control/srv/_get_local_dimensions.py
[3.241s] -- Up-to-date: /root/lidar_system/install/servo_control/lib/python3.8/site-packages/servo_control/servo_control_s__rosidl_typesupport_fastrtps_c.cpython-38-aarch64-linux-gnu.so
[3.243s] -- Up-to-date: /root/lidar_system/install/servo_control/lib/python3.8/site-packages/servo_control/servo_control_s__rosidl_typesupport_introspection_c.cpython-38-aarch64-linux-gnu.so
[3.255s] -- Up-to-date: /root/lidar_system/install/servo_control/lib/python3.8/site-packages/servo_control/servo_control_s__rosidl_typesupport_c.cpython-38-aarch64-linux-gnu.so
[3.261s] -- Up-to-date: /root/lidar_system/install/servo_control/lib/libservo_control__python.so
[3.264s] -- Up-to-date: /root/lidar_system/install/servo_control/share/servo_control/srv/GetLocalDimensions.idl
[3.266s] -- Up-to-date: /root/lidar_system/install/servo_control/share/servo_control/srv/GetLocalDimensions.srv
[3.268s] -- Up-to-date: /root/lidar_system/install/servo_control/share/servo_control/srv/GetLocalDimensions_Request.msg
[3.277s] -- Up-to-date: /root/lidar_system/install/servo_control/share/servo_control/srv/GetLocalDimensions_Response.msg
[3.284s] -- Up-to-date: /root/lidar_system/install/servo_control/lib/servo_control/dynamic_tf_broadcaster
[3.290s] -- Up-to-date: /root/lidar_system/install/servo_control/lib/servo_control/lidar_pointcloud_node
[3.293s] -- Up-to-date: /root/lidar_system/install/servo_control/lib/servo_control/scan_sequence_node
[3.298s] -- Up-to-date: /root/lidar_system/install/servo_control/lib/servo_control/target_tracker_node
[3.300s] -- Up-to-date: /root/lidar_system/install/servo_control/lib/servo_control/mavros_tf_node
[3.309s] -- Up-to-date: /root/lidar_system/install/servo_control/lib/servo_control/local_dimensions_node
[3.312s] -- Up-to-date: /root/lidar_system/install/servo_control/lib/servo_control/px4_takeoff_manager_node
[3.316s] -- Up-to-date: /root/lidar_system/install/servo_control/lib/servo_control/octomap_planner_node
[3.317s] -- Up-to-date: /root/lidar_system/install/servo_control/lib/python3.8/site-packages/servo_control
[3.329s] -- Installing: /root/lidar_system/install/servo_control/lib/python3.8/site-packages/servo_control/__init__.py
[3.495s] Listing '/root/lidar_system/install/servo_control/lib/python3.8/site-packages/servo_control'...
[3.495s] Compiling '/root/lidar_system/install/servo_control/lib/python3.8/site-packages/servo_control/__init__.py'...
[3.496s] Listing '/root/lidar_system/install/servo_control/lib/python3.8/site-packages/servo_control/srv'...
[3.527s] -- Up-to-date: /root/lidar_system/install/servo_control/lib/servo_control/servo_motor_node.py
[3.528s] -- Up-to-date: /root/lidar_system/install/servo_control/lib/servo_control/lidar_bbox_open3d.py
[3.531s] -- Up-to-date: /root/lidar_system/install/servo_control/share/ament_index/resource_index/package_run_dependencies/servo_control
[3.531s] -- Up-to-date: /root/lidar_system/install/servo_control/share/ament_index/resource_index/parent_prefix_path/servo_control
[3.532s] -- Up-to-date: /root/lidar_system/install/servo_control/share/servo_control/environment/ament_prefix_path.sh
[3.532s] -- Up-to-date: /root/lidar_system/install/servo_control/share/servo_control/environment/ament_prefix_path.dsv
[3.532s] -- Up-to-date: /root/lidar_system/install/servo_control/share/servo_control/environment/path.sh
[3.533s] -- Up-to-date: /root/lidar_system/install/servo_control/share/servo_control/environment/path.dsv
[3.533s] -- Up-to-date: /root/lidar_system/install/servo_control/share/servo_control/local_setup.bash
[3.535s] -- Up-to-date: /root/lidar_system/install/servo_control/share/servo_control/local_setup.sh
[3.535s] -- Up-to-date: /root/lidar_system/install/servo_control/share/servo_control/local_setup.zsh
[3.536s] -- Up-to-date: /root/lidar_system/install/servo_control/share/servo_control/local_setup.dsv
[3.536s] -- Installing: /root/lidar_system/install/servo_control/share/servo_control/package.dsv
[3.536s] -- Up-to-date: /root/lidar_system/install/servo_control/share/ament_index/resource_index/packages/servo_control
[3.540s] -- Up-to-date: /root/lidar_system/install/servo_control/share/servo_control/cmake/servo_control__rosidl_generator_cExport.cmake
[3.540s] -- Up-to-date: /root/lidar_system/install/servo_control/share/servo_control/cmake/servo_control__rosidl_generator_cExport-noconfig.cmake
[3.542s] -- Up-to-date: /root/lidar_system/install/servo_control/share/servo_control/cmake/servo_control__rosidl_typesupport_introspection_cExport.cmake
[3.543s] -- Up-to-date: /root/lidar_system/install/servo_control/share/servo_control/cmake/servo_control__rosidl_typesupport_introspection_cExport-noconfig.cmake
[3.544s] -- Up-to-date: /root/lidar_system/install/servo_control/share/servo_control/cmake/servo_control__rosidl_typesupport_cExport.cmake
[3.545s] -- Up-to-date: /root/lidar_system/install/servo_control/share/servo_control/cmake/servo_control__rosidl_typesupport_cExport-noconfig.cmake
[3.546s] -- Up-to-date: /root/lidar_system/install/servo_control/share/servo_control/cmake/servo_control__rosidl_generator_cppExport.cmake
[3.548s] -- Up-to-date: /root/lidar_system/install/servo_control/share/servo_control/cmake/servo_control__rosidl_typesupport_introspection_cppExport.cmake
[3.549s] -- Up-to-date: /root/lidar_system/install/servo_control/share/servo_control/cmake/servo_control__rosidl_typesupport_introspection_cppExport-noconfig.cmake
[3.550s] -- Up-to-date: /root/lidar_system/install/servo_control/share/servo_control/cmake/servo_control__rosidl_typesupport_cppExport.cmake
[3.552s] -- Up-to-date: /root/lidar_system/install/servo_control/share/servo_control/cmake/servo_control__rosidl_typesupport_cppExport-noconfig.cmake
[3.554s] -- Up-to-date: /root/lidar_system/install/servo_control/share/servo_control/cmake/rosidl_cmake-extras.cmake
[3.556s] -- Up-to-date: /root/lidar_system/install/servo_control/share/servo_control/cmake/ament_cmake_export_dependencies-extras.cmake
[3.556s] -- Up-to-date: /root/lidar_system/install/servo_control/share/servo_control/cmake/ament_cmake_export_libraries-extras.cmake
[3.557s] -- Up-to-date: /root/lidar_system/install/servo_control/share/servo_control/cmake/ament_cmake_export_targets-extras.cmake
[3.557s] -- Up-to-date: /root/lidar_system/install/servo_control/share/servo_control/cmake/ament_cmake_export_include_directories-extras.cmake
[3.558s] -- Up-to-date: /root/lidar_system/install/servo_control/share/servo_control/cmake/rosidl_cmake_export_typesupport_libraries-extras.cmake
[3.558s] -- Up-to-date: /root/lidar_system/install/servo_control/share/servo_control/cmake/rosidl_cmake_export_typesupport_targets-extras.cmake
[3.559s] -- Up-to-date: /root/lidar_system/install/servo_control/share/servo_control/cmake/servo_controlConfig.cmake
[3.559s] -- Up-to-date: /root/lidar_system/install/servo_control/share/servo_control/cmake/servo_controlConfig-version.cmake
[3.560s] -- Up-to-date: /root/lidar_system/install/servo_control/share/servo_control/package.xml
[3.579s] Invoked command in '/root/lidar_system/build/servo_control' returned '0': CMAKE_PREFIX_PATH=/opt/ros/foxy /usr/bin/cmake --install /root/lidar_system/build/servo_control
