[0.107s] Invoking command in '/root/lidar_system/build/servo_control': CMAKE_PREFIX_PATH=/opt/ros/foxy /usr/bin/cmake --build /root/lidar_system/build/servo_control -- -j4 -l4
[0.666s] [ 20%] Built target target_tracker_node
[0.723s] [ 40%] Built target dynamic_tf_broadcaster
[0.747s] [ 60%] Built target lidar_pointcloud_node
[0.800s] [ 80%] Built target mavros_tf_node
[0.875s] Scanning dependencies of target scan_sequence_node
[1.039s] [ 90%] Building CXX object CMakeFiles/scan_sequence_node.dir/src/scan_sequence_node.cpp.o
[57.072s] [100%] Linking CXX executable scan_sequence_node
[59.255s] [100%] Built target scan_sequence_node
[59.310s] Invoked command in '/root/lidar_system/build/servo_control' returned '0': CMAKE_PREFIX_PATH=/opt/ros/foxy /usr/bin/cmake --build /root/lidar_system/build/servo_control -- -j4 -l4
[59.470s] Invoking command in '/root/lidar_system/build/servo_control': CMAKE_PREFIX_PATH=/opt/ros/foxy /usr/bin/cmake --install /root/lidar_system/build/servo_control
[59.516s] -- Install configuration: ""
[59.517s] -- Up-to-date: /root/lidar_system/install/servo_control/lib/servo_control/dynamic_tf_broadcaster
[59.517s] -- Up-to-date: /root/lidar_system/install/servo_control/lib/servo_control/lidar_pointcloud_node
[59.518s] -- Installing: /root/lidar_system/install/servo_control/lib/servo_control/scan_sequence_node
[59.543s] -- Set runtime path of "/root/lidar_system/install/servo_control/lib/servo_control/scan_sequence_node" to ""
[59.544s] -- Up-to-date: /root/lidar_system/install/servo_control/lib/servo_control/target_tracker_node
[59.546s] -- Up-to-date: /root/lidar_system/install/servo_control/lib/servo_control/mavros_tf_node
[59.548s] -- Up-to-date: /root/lidar_system/install/servo_control/share/servo_control/environment/pythonpath.sh
[59.549s] -- Up-to-date: /root/lidar_system/install/servo_control/share/servo_control/environment/pythonpath.dsv
[59.552s] -- Up-to-date: /root/lidar_system/install/servo_control/lib/python3.8/site-packages/servo_control
[59.558s] -- Up-to-date: /root/lidar_system/install/servo_control/lib/python3.8/site-packages/servo_control/__init__.py
[59.719s] Listing '/root/lidar_system/install/servo_control/lib/python3.8/site-packages/servo_control'...
[59.746s] -- Up-to-date: /root/lidar_system/install/servo_control/lib/servo_control/servo_motor_node.py
[59.746s] -- Up-to-date: /root/lidar_system/install/servo_control/lib/servo_control/lidar_bbox_open3d.py
[59.747s] CMake Error at cmake_install.cmake:161 (file):
[59.747s]   file INSTALL cannot find
[59.748s]   "/root/lidar_system/servo_control/scripts/profile_classifier_node.py": No
[59.748s]   such file or directory.
[59.749s] 
[59.749s] 
[59.752s] Invoked command in '/root/lidar_system/build/servo_control' returned '1': CMAKE_PREFIX_PATH=/opt/ros/foxy /usr/bin/cmake --install /root/lidar_system/build/servo_control
